******************************************************************************
               TMS320C6x Linker PC v8.5.0                      
******************************************************************************
>> Linked Tue Sep 30 18:16:26 2025

OUTPUT FILE NAME:   <empty_awr294x-evm_c66ss0_freertos_ti-c6000.out>
ENTRY POINT SYMBOL: "_c_int00"  address: 00811a60


MEMORY CONFIGURATION

         name            origin    length      used     unused   attr    fill
----------------------  --------  ---------  --------  --------  ----  --------
  DSS_L2                00800000   00060000  0002daa0  00032560  RWIX
  MAILBOX_HSM           44000000   000003ce  00000000  000003ce  RWIX
  MAILBOX_R5F           44000400   000003ce  00000000  000003ce  RWIX
  DSS_L3                88000000   00200000  00000000  00200000  RWIX
  USER_SHM_MEM          c02e8000   00004000  00000000  00004000  RWIX
  LOG_SHM_MEM           c02ec000   00004000  00000000  00004000  RWIX
  RTOS_NORTOS_IPC_SHM_M c5000200   00001d40  00000000  00001d40  RWIX


SEGMENT ALLOCATION MAP

run origin  load origin   length   init length attrs members
----------  ----------- ---------- ----------- ----- -------
00800000    00800000    000148c0   000148c0    r-x
  00800000    00800000    00000200   00000200    r-x .text:vectors
  00800200    00800200    000146c0   000146c0    r-x .text
008148c0    008148c0    00016620   00000000    rw-
  008148c0    008148c0    0000a620   00000000    rw- .far
  0081eee0    0081eee0    00008000   00000000    rw- .sysmem
  00826ee0    00826ee0    00004000   00000000    rw- .stack
0082aee0    0082aee0    000021d0   000021d0    r--
  0082aee0    0082aee0    000021d0   000021d0    r-- .const
0082d0b0    0082d0b0    00000658   00000658    rw-
  0082d0b0    0082d0b0    00000658   00000658    rw- .fardata
0082d708    0082d708    000001d0   000001d0    r--
  0082d708    0082d708    000001d0   000001d0    r-- .switch
0082d8d8    0082d8d8    00000120   00000000    rw-
  0082d8d8    0082d8d8    00000120   00000000    rw- .cio
0082d9f8    0082d9f8    00000008   00000008    r--
  0082d9f8    0082d9f8    00000008   00000008    r-- .rodata
0082da00    0082da00    00000018   00000018    rw-
  0082da00    0082da00    00000018   00000018    rw- .bss
0082da18    0082da18    00000088   00000088    rw-
  0082da18    0082da18    00000088   00000088    rw- .neardata


SECTION ALLOCATION MAP

 output                                  attributes/
section   page    origin      length       input sections
--------  ----  ----------  ----------   ----------------
.text:vectors 
*          0    00800000    00000200     
                  00800000    00000200     freertos.awr294x.c66.ti-c6000.debug.lib : port_hwi_vectors_freertos_asm.obj (.text:vectors)

.text      0    00800200    000146c0     
                  00800200    00000be0     freertos.awr294x.c66.ti-c6000.debug.lib : printf.obj (.text:_vsnprintf)
                  00800de0    00000a80     drivers.awr294x.c66.ti-c6000.debug.lib : soc_rcm.obj (.text:SOC_rcmGetClkSrcAndDivValue)
                  00801860    000005a0     freertos.awr294x.c66.ti-c6000.debug.lib : printf.obj (.text:_ftoa)
                  00801e00    00000580     rts6600_elf.lib : divd.c.obj (.text:__c6xabi_divd)
                  00802380    00000560     freertos.awr294x.c66.ti-c6000.debug.lib : printf.obj (.text:_etoa)
                  008028e0    00000500     drivers.awr294x.c66.ti-c6000.debug.lib : soc_rcm.obj (.text:SOC_rcmGetClkSrcAndDivReg)
                  00802de0    000004e0                                            : edma.obj (.text:EDMA_initialize)
                  008032c0    00000420                                            : edma.obj (.text:EDMA_open)
                  008036e0    000003c0                                            : uart_sci.obj (.text:UART_open)
                  00803aa0    000003a0                                            : uart_sci.obj (.text:UART_controllerIsr)
                  00803e40    000003a0                                            : uart_sci_edma.obj (.text:UART_edmaChannelConfig)
                  008041e0    00000340                                            : edma.obj (.text:Alloc_resource)
                  00804520    00000340     freertos.awr294x.c66.ti-c6000.debug.lib : HwiP_c66.obj (.text:HwiP_construct)
                  00804860    00000300                                             : printf.obj (.text:_ntoa_format)
                  00804b60    00000300                                             : queue.obj (.text:xQueueSemaphoreTake)
                  00804e60    000002c0     drivers.awr294x.c66.ti-c6000.debug.lib : edma.obj (.text:EDMA_transferCompletionMasterIsrFxn)
                  00805120    000002c0     freertos.awr294x.c66.ti-c6000.debug.lib : TimerP_rti.obj (.text:TimerP_setup)
                  008053e0    000002c0     drivers.awr294x.c66.ti-c6000.debug.lib : uart_sci.obj (.text:UART_close)
                  008056a0    000002c0     rts6600_elf.lib : memory.c.obj (.text:aligned_alloc)
                  00805960    000002c0     freertos.awr294x.c66.ti-c6000.debug.lib : queue.obj (.text:xQueueGenericSend)
                  00805c20    000002a0                                             : ClockP_freertos_c66.obj (.text:ClockP_init)
                  00805ec0    000002a0                                             : timers.obj (.text:prvProcessReceivedCommands)
                  00806160    00000280     drivers.awr294x.c66.ti-c6000.debug.lib : soc.obj (.text:SOC_controlModuleUnlockMMR)
                  008063e0    00000280                                            : uart_sci.obj (.text:UART_configInstance)
                  00806660    00000280                                            : uart_sci_edma.obj (.text:UART_writeDma)
                  008068e0    00000280     freertos.awr294x.c66.ti-c6000.debug.lib : queue.obj (.text:xQueueReceive)
                  00806b60    00000260     drivers.awr294x.c66.ti-c6000.debug.lib : edma.obj (.text:EDMA_errorIsrFxn)
                  00806dc0    00000260     rts6600_elf.lib : memory.c.obj (.text:free)
                  00807020    00000240     drivers.awr294x.c66.ti-c6000.debug.lib : soc_rcm.obj (.text:SOC_rcmGetHSDIVClkOutMuxClkSrc)
                  00807260    00000240     rts6600_elf.lib : imath64.c.obj (.text:__c6xabi_divull)
                  008074a0    00000220     drivers.awr294x.c66.ti-c6000.debug.lib : uart_sci.obj (.text:UART_write)
                  008076c0    00000220     freertos.awr294x.c66.ti-c6000.debug.lib : tasks.obj (.text:prvInitialiseNewTask)
                  008078e0    00000220                                             : queue.obj (.text:xQueueGenericSendFromISR)
                  00807b00    00000200     drivers.awr294x.c66.ti-c6000.debug.lib : soc.obj (.text:SOC_controlModuleLockMMR)
                  00807d00    00000200     freertos.awr294x.c66.ti-c6000.debug.lib : port_hwi_disp_always.obj (.text:_Hwi_dispatchAlways)
                  00807f00    000001e0                                             : Context_c66.obj (.text:Context_save)
                  008080e0    000001e0                                             : tasks.obj (.text:vTaskPriorityDisinheritAfterTimeout)
                  008082c0    000001e0                                             : queue.obj (.text:xQueueGiveFromISR)
                  008084a0    000001c0                                             : HwiP_c66.obj (.text:HwiP_destruct)
                  00808660    000001c0     rts6600_elf.lib : fputc.c.obj (.text:fputc)
                  00808820    000001c0     freertos.awr294x.c66.ti-c6000.debug.lib : queue.obj (.text:xQueueReceiveFromISR)
                  008089e0    000001c0                                             : tasks.obj (.text:xTaskIncrementTick)
                  00808ba0    000001c0                                             : tasks.obj (.text:xTaskResumeAll)
                  00808d60    000001a0     rts6600_elf.lib : hostrename.c.obj (.text:HOSTrename)
                  00808f00    000001a0     freertos.awr294x.c66.ti-c6000.debug.lib : HwiP_c66.obj (.text:HwiP_init)
                  008090a0    000001a0     drivers.awr294x.c66.ti-c6000.debug.lib : soc_rcm.obj (.text:SOC_rcmGetDpllHSDivOutFreq)
                  00809240    000001a0     rts6600_elf.lib : setvbuf.c.obj (.text:setvbuf)
                  008093e0    000001a0     freertos.awr294x.c66.ti-c6000.debug.lib : tasks.obj (.text:vTaskSwitchContext)
                  00809580    000001a0                                             : queue.obj (.text:xQueueGenericCreateStatic)
                  00809720    00000180     drivers.awr294x.c66.ti-c6000.debug.lib : edma.obj (.text:EDMA_clearCcErrors)
                  008098a0    00000180     freertos.awr294x.c66.ti-c6000.debug.lib : HwiP_c66_handlers_freertos.obj (.text:HwiP_assignIntrHandlers)
                  00809a20    00000180                                             : HwiP_c66.obj (.text:HwiP_intcEcmDispatcher)
                  00809ba0    00000180     drivers.awr294x.c66.ti-c6000.debug.lib : soc_rcm.obj (.text:SOC_rcmGetApllHSDivOutFreq)
                  00809d20    00000180                                            : uart_sci.obj (.text:UART_writeInterrupt)
                  00809ea0    00000180     freertos.awr294x.c66.ti-c6000.debug.lib : HwiP_c66_asm.obj (.text)
                  0080a020    00000180     rts6600_elf.lib : memory.c.obj (.text:split)
                  0080a1a0    00000180     freertos.awr294x.c66.ti-c6000.debug.lib : tasks.obj (.text:xTaskPriorityDisinherit)
                  0080a320    00000180                                             : tasks.obj (.text:xTaskPriorityInherit)
                  0080a4a0    00000160                                             : Context_c66.obj (.text:Context_restore)
                  0080a600    00000160                                             : Context_c66.obj (.text:Context_triggerSleep)
                  0080a760    00000160     drivers.awr294x.c66.ti-c6000.debug.lib : edma.obj (.text:EDMA_freeDmaChannel)
                  0080a8c0    00000160                                            : edma.obj (.text:EDMA_freeParam)
                  0080aa20    00000160                                            : edma.obj (.text:EDMA_freeTcc)
                  0080ab80    00000160                                            : edma.obj (.text:EDMA_registerIntr)
                  0080ace0    00000160     freertos.awr294x.c66.ti-c6000.debug.lib : HwiP_c66.obj (.text:HwiP_intcDispatcherCore)
                  0080ae40    00000160                                             : HwiP_c66_handlers_freertos.obj (.text:HwiP_intcNmiDispatcher)
                  0080afa0    00000160     drivers.awr294x.c66.ti-c6000.debug.lib : soc_rcm.obj (.text:SOC_rcmADPLLJGetFOut)
                  0080b100    00000160                                            : uart_sci.obj (.text:UART_writePolling)
                  0080b260    00000160     freertos.awr294x.c66.ti-c6000.debug.lib : printf.obj (.text:_ntoa_long_long)
                  0080b3c0    00000160                                             : tasks.obj (.text:vTaskDelete)
                  0080b520    00000160                                             : tasks.obj (.text:xTaskCreateStatic)
                  0080b680    00000140     drivers.awr294x.c66.ti-c6000.debug.lib : edma.obj (.text:EDMA_close)
                  0080b7c0    00000140                                            : edma.obj (.text:EDMA_enableChInShadowRegRegion)
                  0080b900    00000140                                            : soc_rcm.obj (.text:SOC_rcmGetCoreFout)
                  0080ba40    00000140                                            : soc_rcm.obj (.text:SOC_rcmGetDSSFout)
                  0080bb80    00000140                                            : soc_rcm.obj (.text:SOC_rcmGetPerFout)
                  0080bcc0    00000140                                            : uart_sci.obj (.text:UART_flushTxFifo)
                  0080be00    00000140                                            : uart_sci.obj (.text:UART_init)
                  0080bf40    00000140     freertos.awr294x.c66.ti-c6000.debug.lib : printf.obj (.text:_ntoa_long)
                  0080c080    00000140                                             : queue.obj (.text:prvCopyDataToQueue)
                  0080c1c0    00000140                                             : timers.obj (.text:prvSwitchTimerLists)
                  0080c300    00000140                                             : queue.obj (.text:xQueueGenericReset)
                  0080c440    00000140                                             : tasks.obj (.text:xTaskCheckForTimeOut)
                  0080c580    00000120     drivers.awr294x.c66.ti-c6000.debug.lib : edma.obj (.text:EDMA_ccPaRAMEntry_init)
                  0080c6a0    00000120                                            : edma.obj (.text:EDMA_configureChannelRegion)
                  0080c7c0    00000120                                            : edma.obj (.text:EDMA_mapChToEvtQ)
                  0080c8e0    00000120                                            : soc_rcm.obj (.text:SOC_rcmGetCoreHSDivOut)
                  0080ca00    00000120                                            : soc_rcm.obj (.text:SOC_rcmGetPerHSDivOut)
                  0080cb20    00000120                                            : soc.obj (.text:SOC_virtToPhy)
                  0080cc40    00000120                                            : uart_sci_edma.obj (.text:UART_rxEdmaIsrFxn)
                  0080cd60    00000120                                            : uart_sci_edma.obj (.text:UART_txEdmaIsrFxn)
                  0080ce80    00000120     freertos.awr294x.c66.ti-c6000.debug.lib : printf.obj (.text:_out_rev)
                  0080cfa0    00000120     rts6600_elf.lib : getdevice.c.obj (.text:getdevice)
                  0080d0c0    00000120     freertos.awr294x.c66.ti-c6000.debug.lib : tasks.obj (.text:prvAddNewTaskToReadyList)
                  0080d1e0    00000120                                             : queue.obj (.text:prvUnlockQueue)
                  0080d300    00000120                                             : tasks.obj (.text:vTaskStartScheduler)
                  0080d420    00000120                                             : tasks.obj (.text:xTaskRemoveFromEventList)
                  0080d540    00000100                                             : ClockP_freertos.obj (.text:ClockP_getTimeUsec)
                  0080d640    00000100     ti_drivers_open_close.obj (.text:Drivers_uartOpen)
                  0080d740    00000100     freertos.awr294x.c66.ti-c6000.debug.lib : HwiP_c66.obj (.text:HwiP_intcMapEventVector)
                  0080d840    00000100     ti_power_clock_config.obj (.text:Module_clockSetFrequency)
                  0080d940    00000100     drivers.awr294x.c66.ti-c6000.debug.lib : soc_rcm.obj (.text:SOC_rcmGetFreqLeafNode)
                  0080da40    00000100     freertos.awr294x.c66.ti-c6000.debug.lib : SemaphoreP_freertos.obj (.text:SemaphoreP_constructBinary)
                  0080db40    00000100     drivers.awr294x.c66.ti-c6000.debug.lib : uart_sci.obj (.text:UART_writeCancelNoCB)
                  0080dc40    00000100     rts6600_elf.lib : fclose.c.obj (.text:__TI_closefile)
                  0080dd40    00000100                     : fseek.c.obj (.text:fseeko)
                  0080de40    00000100     freertos.awr294x.c66.ti-c6000.debug.lib : tasks.obj (.text:prvAddCurrentTaskToDelayedList)
                  0080df40    000000e0     ti_drivers_open_close.obj (.text:Drivers_edmaOpen)
                  0080e020    000000e0     ti_drivers_config.obj (.text:Drivers_uartInit)
                  0080e100    000000e0     drivers.awr294x.c66.ti-c6000.debug.lib : edma.obj (.text:EDMA_enableTccInShadowRegRegion)
                  0080e1e0    000000e0                                            : edma.obj (.text:EDMA_init)
                  0080e2c0    000000e0     rts6600_elf.lib : hostlseek.c.obj (.text:HOSTlseek)
                  0080e3a0    000000e0                     : hostopen.c.obj (.text:HOSTopen)
                  0080e480    000000e0     drivers.awr294x.c66.ti-c6000.debug.lib : soc_rcm.obj (.text:SOC_rcmGetDSSHSDivOut)
                  0080e560    000000e0                                            : soc_rcm.obj (.text:SOC_rcmGetXTALFrequency)
                  0080e640    000000e0                                            : soc_rcm.obj (.text:SOC_rcmSetPeripheralClock)
                  0080e720    000000e0     rts6600_elf.lib : _io_perm.c.obj (.text:__TI_wrt_ok)
                  0080e800    000000e0                     : divi.asm.obj (.text:__divi)
                  0080e8e0    000000e0                     : close.c.obj (.text:close)
                  0080e9c0    000000e0                     : exit.c.obj (.text:exit)
                  0080eaa0    000000e0                     : memset.c.obj (.text:memset)
                  0080eb80    000000e0     freertos.awr294x.c66.ti-c6000.debug.lib : tasks.obj (.text:prvInitialiseTaskLists)
                  0080ec60    000000e0                                             : timers.obj (.text:prvProcessExpiredTimer)
                  0080ed40    000000e0                                             : timers.obj (.text:xTimerCreateTimerTask)
                  0080ee20    000000e0                                             : timers.obj (.text:xTimerGenericCommand)
                  0080ef00    000000c0     drivers.awr294x.c66.ti-c6000.debug.lib : edma.obj (.text:EDMA_clrMissEvtRegion)
                  0080efc0    000000c0                                            : edma.obj (.text:EDMA_getTcErrorInfo)
                  0080f080    000000c0     rts6600_elf.lib : hostread.c.obj (.text:HOSTread)
                  0080f140    000000c0                     : hostunlink.c.obj (.text:HOSTunlink)
                  0080f200    000000c0                     : hostwrite.c.obj (.text:HOSTwrite)
                  0080f2c0    000000c0     ti_power_clock_config.obj (.text:Module_clockEnable)
                  0080f380    000000c0     freertos.awr294x.c66.ti-c6000.debug.lib : SemaphoreP_freertos.obj (.text:SemaphoreP_pend)
                  0080f440    000000c0                                             : DebugP_log.obj (.text:_DebugP_assert)
                  0080f500    000000c0                                             : DebugP_freertos.obj (.text:_DebugP_logZone)
                  0080f5c0    000000c0     rts6600_elf.lib : autoinit.c.obj (.text:__TI_auto_init_nobinit_nopinit:__TI_auto_init_nobinit_nopinit)
                  0080f680    000000c0                     : divu.asm.obj (.text:__divu)
                  0080f740    000000c0                     : remi.asm.obj (.text:__remi)
                  0080f800    000000c0     freertos.awr294x.c66.ti-c6000.debug.lib : power.obj (.text)
                  0080f8c0    000000c0     main.obj (.text:main)
                  0080f980    000000c0     freertos.awr294x.c66.ti-c6000.debug.lib : timers.obj (.text:prvProcessTimerOrBlockTask)
                  0080fa40    000000c0     rts6600_elf.lib : tls.c.obj (.text:tls:init:__TI_tls_init)
                  0080fb00    000000c0     freertos.awr294x.c66.ti-c6000.debug.lib : list.obj (.text:vListInsert)
                  0080fbc0    000000a0                                             : CacheP_c66.obj (.text:CacheP_init)
                  0080fc60    000000a0     drivers.awr294x.c66.ti-c6000.debug.lib : edma.obj (.text:EDMA_allocDmaChannel)
                  0080fd00    000000a0                                            : edma.obj (.text:EDMA_allocParam)
                  0080fda0    000000a0                                            : edma.obj (.text:EDMA_allocTcc)
                  0080fe40    000000a0                                            : edma.obj (.text:EDMA_clearTcErrors)
                  0080fee0    000000a0                                            : edma.obj (.text:EDMA_enableTransferRegion)
                  0080ff80    000000a0                                            : edma.obj (.text:EDMA_readIntrStatusRegion)
                  00810020    000000a0     rts6600_elf.lib : hostclose.c.obj (.text:HOSTclose)
                  008100c0    000000a0     drivers.awr294x.c66.ti-c6000.debug.lib : pinmux.obj (.text:Pinmux_config)
                  00810160    000000a0                                            : soc_rcm.obj (.text:SOC_rcmGetFreq)
                  00810200    000000a0                                            : soc_rcm.obj (.text:SOC_rcmInsert16)
                  008102a0    000000a0     freertos.awr294x.c66.ti-c6000.debug.lib : SemaphoreP_freertos.obj (.text:SemaphoreP_constructMutex)
                  00810340    000000a0                                             : SemaphoreP_freertos.obj (.text:SemaphoreP_post)
                  008103e0    000000a0     drivers.awr294x.c66.ti-c6000.debug.lib : uart_sci.obj (.text:UART_Params_init)
                  00810480    000000a0                                            : uart_sci.obj (.text:UART_checkOpenParams)
                  00810520    000000a0                                            : uart_sci.obj (.text:UART_rxChar)
                  008105c0    000000a0                                            : uart_sci.obj (.text:UART_txChar)
                  00810660    000000a0     rts6600_elf.lib : fopen.c.obj (.text:__TI_cleanup)
                  00810700    000000a0                     : fflush.c.obj (.text:__TI_doflush)
                  008107a0    000000a0                     : remu.asm.obj (.text:__remu)
                  00810840    000000a0                     : getdevice.c.obj (.text:finddevice)
                  008108e0    000000a0                     : memcpy64.asm.obj (.text:memcpy)
                  00810980    000000a0     freertos.awr294x.c66.ti-c6000.debug.lib : timers.obj (.text:prvCheckForValidListAndQueue)
                  00810a20    000000a0                                             : tasks.obj (.text:prvIdleTask)
                  00810ac0    000000a0                                             : timers.obj (.text:prvInsertTimerInActiveList)
                  00810b60    000000a0                                             : queue.obj (.text:vQueueUnregisterQueue)
                  00810c00    000000a0                                             : queue.obj (.text:vQueueWaitForMessageRestricted)
                  00810ca0    000000a0                                             : queue.obj (.text:xQueueGiveMutexRecursive)
                  00810d40    000000a0                                             : queue.obj (.text:xQueueTakeMutexRecursive)
                  00810de0    00000080                                             : CacheP_c66.obj (.text:CacheP_all)
                  00810e60    00000080                                             : CacheP_c66.obj (.text:CacheP_setMar)
                  00810ee0    00000080                                             : CacheP_c66.obj (.text:CacheP_setSize)
                  00810f60    00000080                                             : Context_c66.obj (.text:Context_sleepHook)
                  00810fe0    00000080     drivers.awr294x.c66.ti-c6000.debug.lib : edma.obj (.text:EDMA_clrEvtRegion)
                  00811060    00000080                                            : edma.obj (.text:EDMA_clrIntrRegion)
                  008110e0    00000080                                            : edma.obj (.text:EDMA_disableDmaEvtRegion)
                  00811160    00000080                                            : edma.obj (.text:EDMA_disableEvtIntrRegion)
                  008111e0    00000080                                            : edma.obj (.text:EDMA_enableDmaEvtRegion)
                  00811260    00000080                                            : edma.obj (.text:EDMA_enableEvtIntrRegion)
                  008112e0    00000080                                            : edma.obj (.text:EDMA_getBaseAddr)
                  00811360    00000080                                            : edma.obj (.text:EDMA_getCcErrorInfo)
                  008113e0    00000080                                            : edma.obj (.text:EDMA_getHandle)
                  00811460    00000080                                            : edma.obj (.text:EDMA_mapQdmaChToPaRAM)
                  008114e0    00000080                                            : edma.obj (.text:EDMA_setEvtRegion)
                  00811560    00000080                                            : edma.obj (.text:EDMA_setPaRAM)
                  008115e0    00000080                                            : soc_rcm.obj (.text:SOC_rcmExtract32)
                  00811660    00000080                                            : soc_rcm.obj (.text:SOC_rcmExtract8)
                  008116e0    00000080                                            : soc_rcm.obj (.text:SOC_rcmGetClkSrcFromClkSelVal)
                  00811760    00000080                                            : soc_rcm.obj (.text:SOC_rcmMake16)
                  008117e0    00000080     freertos.awr294x.c66.ti-c6000.debug.lib : port_tasksupport.obj (.text:_TaskSupport_swap__E)
                  00811860    00000080     rts6600_elf.lib : trgmsg.c.obj (.text:__TI_readmsg)
                  008118e0    00000080                     : fixdu.c.obj (.text:__c6xabi_fixdu)
                  00811960    00000080                     : llshift.c.obj (.text:__c6xabi_llshl)
                  008119e0    00000080     freertos.awr294x.c66.ti-c6000.debug.lib : printf.obj (.text:_atoi)
                  00811a60    00000080     rts6600_elf.lib : boot.c.obj (.text:_c_int00)
                  00811ae0    00000080                     : memory.c.obj (.text:free_list_insert)
                  00811b60    00000080                     : memory.c.obj (.text:free_list_remove)
                  00811be0    00000080     freertos.awr294x.c66.ti-c6000.debug.lib : tasks.obj (.text:prvCheckTasksWaitingTermination)
                  00811c60    00000080                                             : queue.obj (.text:prvCopyDataFromQueue)
                  00811ce0    00000080                                             : tasks.obj (.text:prvDeleteTCB)
                  00811d60    00000080                                             : tasks.obj (.text:prvGetExpectedIdleTime)
                  00811de0    00000080                                             : queue.obj (.text:prvInitialiseNewQueue)
                  00811e60    00000080     rts6600_elf.lib : unlink.c.obj (.text:unlink)
                  00811ee0    00000080     freertos.awr294x.c66.ti-c6000.debug.lib : list.obj (.text:uxListRemove)
                  00811f60    00000080                                             : list.obj (.text:vListInsertEnd)
                  00811fe0    00000080                                             : port.obj (.text:vPortAssertIfInISR)
                  00812060    00000080                                             : port.obj (.text:vPortYield)
                  008120e0    00000080                                             : queue.obj (.text:vQueueAddToRegistry)
                  00812160    00000080                                             : queue.obj (.text:vQueueDelete)
                  008121e0    00000080                                             : tasks.obj (.text:vTaskPlaceOnEventList)
                  00812260    00000080                                             : tasks.obj (.text:vTaskPlaceOnEventListRestricted)
                  008122e0    00000060                                             : CacheP_c66.obj (.text:CacheP_wbAll)
                  00812340    00000060                                             : CacheP_c66.obj (.text:CacheP_wbInvAll)
                  008123a0    00000060                                             : ClockP_freertos.obj (.text:ClockP_timerTickIsr)
                  00812400    00000060                                             : DebugP_uartLogWriter.obj (.text:DebugP_uartLogWriterPutChar)
                  00812460    00000060     ti_dpl_config.obj (.text:Dpl_init)
                  008124c0    00000060     ti_drivers_open_close.obj (.text:Drivers_edmaClose)
                  00812520    00000060     ti_drivers_open_close.obj (.text:Drivers_uartClose)
                  00812580    00000060     drivers.awr294x.c66.ti-c6000.debug.lib : edma.obj (.text:EDMA_qdmaClrMissEvtRegion)
                  008125e0    00000060                                            : edma.obj (.text:HW_WR_FIELD32_RAW)
                  00812640    00000060     freertos.awr294x.c66.ti-c6000.debug.lib : HwiP_c66.obj (.text:HwiP_Params_init)
                  008126a0    00000060                                             : port_hwi.obj (.text:HwiP_inISR)
                  00812700    00000060                                             : port_hwi.obj (.text:Hwi_dispatchC__I)
                  00812760    00000060     drivers.awr294x.c66.ti-c6000.debug.lib : soc_rcm.obj (.text:SOC_rcmGetModuleClkDivVal)
                  008127c0    00000060                                            : soc_rcm.obj (.text:SOC_rcmGetPeripheralClock)
                  00812820    00000060                                            : soc_rcm.obj (.text:SOC_rcmIsPadDisableRequired)
                  00812880    00000060     freertos.awr294x.c66.ti-c6000.debug.lib : TimerP_rti.obj (.text:TimerP_Params_init)
                  008128e0    00000060                                             : TimerP_rti.obj (.text:TimerP_getCount)
                  00812940    00000060                                             : DebugP_uartLogWriter.obj (.text:UART_Transaction_init)
                  008129a0    00000060     drivers.awr294x.c66.ti-c6000.debug.lib : uart_sci.obj (.text:UART_checkTransaction)
                  00812a00    00000060                                            : uart_sci.obj (.text:UART_getHandle)
                  00812a60    00000060     freertos.awr294x.c66.ti-c6000.debug.lib : port_hwi_switch.obj (.text:_Hwi_switchAndDispatch__I)
                  00812ac0    00000060     rts6600_elf.lib : frcmpyd_div.c.obj (.text:__TI_frcmpyd_div)
                  00812b20    00000060                     : trgmsg.c.obj (.text:__TI_writemsg)
                  00812b80    00000060                     : llshift.c.obj (.text:__c6xabi_llshru)
                  00812be0    00000060                     : imath64.c.obj (.text:__c6xabi_remull)
                  00812c40    00000060     freertos.awr294x.c66.ti-c6000.debug.lib : printf.obj (.text:_is_digit)
                  00812ca0    00000060                                             : printf.obj (.text:_strnlen_s)
                  00812d00    00000060     rts6600_elf.lib : imath64.c.obj (.text:_subcull)
                  00812d60    00000060                     : lseek.c.obj (.text:lseek)
                  00812dc0    00000060     freertos.awr294x.c66.ti-c6000.debug.lib : timers.obj (.text:prvGetNextExpireTime)
                  00812e20    00000060                                             : queue.obj (.text:prvIsQueueFull)
                  00812e80    00000060                                             : timers.obj (.text:prvSampleTimeNow)
                  00812ee0    00000060                                             : port.obj (.text:pxPortInitialiseStack)
                  00812f40    00000060                                             : port.obj (.text:vApplicationGetIdleTaskMemory)
                  00812fa0    00000060                                             : port.obj (.text:vApplicationGetTimerTaskMemory)
                  00813000    00000060                                             : port.obj (.text:vApplicationStackOverflowHook)
                  00813060    00000060                                             : tasks.obj (.text:vTaskEnterCritical)
                  008130c0    00000060                                             : tasks.obj (.text:vTaskExitCritical)
                  00813120    00000060     rts6600_elf.lib : write.c.obj (.text:write)
                  00813180    00000040     freertos.awr294x.c66.ti-c6000.debug.lib : ClockP_freertos.obj (.text:ClockP_usecToTicks)
                  008131c0    00000040                                             : DebugP_log.obj (.text:DebugP_logZoneEnable)
                  00813200    00000040     drivers.awr294x.c66.ti-c6000.debug.lib : edma.obj (.text:EDMA_channelToParamMap)
                  00813240    00000040                                            : edma.obj (.text:EDMA_clrCCErr)
                  00813280    00000040                                            : edma.obj (.text:EDMA_disableQdmaEvtRegion)
                  008132c0    00000040                                            : edma.obj (.text:EDMA_enableQdmaEvtRegion)
                  00813300    00000040                                            : edma.obj (.text:EDMA_errIntrHighStatusGet)
                  00813340    00000040                                            : edma.obj (.text:EDMA_getCCErrStatus)
                  00813380    00000040                                            : edma.obj (.text:EDMA_getEnabledIntrHighRegion)
                  008133c0    00000040                                            : edma.obj (.text:EDMA_getEnabledIntrRegion)
                  00813400    00000040                                            : edma.obj (.text:EDMA_getErrIntrStatus)
                  00813440    00000040                                            : edma.obj (.text:EDMA_getIntrStatusRegion)
                  00813480    00000040                                            : edma.obj (.text:EDMA_getRegionId)
                  008134c0    00000040                                            : edma.obj (.text:EDMA_intrStatusHighGetRegion)
                  00813500    00000040                                            : edma.obj (.text:EDMA_qdmaGetErrIntrStatus)
                  00813540    00000040                                            : edma.obj (.text:EDMA_validateIntrObject)
                  00813580    00000040     freertos.awr294x.c66.ti-c6000.debug.lib : HwiP_c66_handlers_freertos.obj (.text:HwiP_intcReservedDispatcher)
                  008135c0    00000040                                             : port_hwi.obj (.text:Hwi_Module_startup)
                  00813600    00000040                                             : port_hwi.obj (.text:Hwi_getIsrStackAddress)
                  00813640    00000040     ti_pinmux_config.obj (.text:Pinmux_init)
                  00813680    00000040     drivers.awr294x.c66.ti-c6000.debug.lib : soc_rcm.obj (.text:SOC_rcmGetFixedRootClkFout)
                  008136c0    00000040                                            : soc_rcm.obj (.text:SOC_rcmGetHSDivClkSrc)
                  00813700    00000040                                            : soc_rcm.obj (.text:SOC_rcmGetModuleClkDivFromRegVal)
                  00813740    00000040                                            : soc_rcm.obj (.text:SOC_rcmGetPeripheralClockFrequency)
                  00813780    00000040     freertos.awr294x.c66.ti-c6000.debug.lib : SemaphoreP_freertos.obj (.text:SemaphoreP_destruct)
                  008137c0    00000040                                             : port.obj (.text:Task_Func)
                  00813800    00000040                                             : TimerP_rti.obj (.text:TimerP_clearOverflowInt)
                  00813840    00000040                                             : TimerP_rti.obj (.text:TimerP_getReloadCount)
                  00813880    00000040                                             : TimerP_rti.obj (.text:TimerP_start)
                  008138c0    00000040                                             : TimerP_rti.obj (.text:TimerP_stop)
                  00813900    00000040     drivers.awr294x.c66.ti-c6000.debug.lib : uart_sci.obj (.text:UART_txIntrEnable)
                  00813940    00000040     freertos.awr294x.c66.ti-c6000.debug.lib : DebugP_log.obj (.text:_DebugP_assertNoLog)
                  00813980    00000040                                             : port_tasksupport.obj (.text:_TaskSupport_buildTaskStack)
                  008139c0    00000040     rts6600_elf.lib : strasg.asm.obj (.text:__strasgi_64plus)
                  00813a00    00000040                     : args_main.c.obj (.text:_args_main)
                  00813a40    00000040     freertos.awr294x.c66.ti-c6000.debug.lib : printf.obj (.text:_out_char)
                  00813a80    00000040     empty.obj (.text:empty_main)
                  00813ac0    00000040     freertos.awr294x.c66.ti-c6000.debug.lib : queue.obj (.text:prvGetDisinheritPriorityAfterTimeout)
                  00813b00    00000040                                             : queue.obj (.text:prvInitialiseMutex)
                  00813b40    00000040                                             : queue.obj (.text:prvIsQueueEmpty)
                  00813b80    00000040                                             : tasks.obj (.text:prvResetNextTaskUnblockTime)
                  00813bc0    00000040                                             : timers.obj (.text:prvTimerTask)
                  00813c00    00000040     ti_dpl_config.obj (.text:putchar_)
                  00813c40    00000040     freertos.awr294x.c66.ti-c6000.debug.lib : tasks.obj (.text:pvTaskIncrementMutexHeldCount)
                  00813c80    00000040                                             : list.obj (.text:vListInitialise)
                  00813cc0    00000040                                             : heap_3.obj (.text:vPortFree)
                  00813d00    00000040                                             : port.obj (.text:vPortTimerTickHandler)
                  00813d40    00000040                                             : port.obj (.text:vPortYeildFromISR)
                  00813d80    00000040                                             : port.obj (.text:vPortYieldAsyncFromISR)
                  00813dc0    00000040                                             : tasks.obj (.text:vTaskInternalSetTimeOutState)
                  00813e00    00000040                                             : printf.obj (.text:vprintf_)
                  00813e40    00000040                                             : port.obj (.text:xPortInIsrContext)
                  00813e80    00000040                                             : port.obj (.text:xPortStartScheduler)
                  00813ec0    00000040                                             : queue.obj (.text:xQueueCreateMutexStatic)
                  00813f00    00000040                                             : tasks.obj (.text:xTaskGetSchedulerState)
                  00813f40    00000020                                             : AddrTranslateP_null.obj (.text:AddrTranslateP_getLocalAddr)
                  00813f60    00000020     ti_board_open_close.obj (.text:Board_driversClose)
                  00813f80    00000020     ti_board_open_close.obj (.text:Board_driversOpen)
                  00813fa0    00000020     ti_board_config.obj (.text:Board_init)
                  00813fc0    00000020     drivers.awr294x.c66.ti-c6000.debug.lib : soc_rcm.obj (.text:CSL_DSSRCM_getBaseAddress)
                  00813fe0    00000020                                            : soc_rcm.obj (.text:CSL_RCM_getBaseAddress)
                  00814000    00000020                                            : pinmux.obj (.text:CSL_REG32_WR_RAW)
                  00814020    00000020                                            : soc.obj (.text:CSL_REG32_WR_RAW)
                  00814040    00000020                                            : soc_rcm.obj (.text:CSL_TopCtrl_getBaseAddress)
                  00814060    00000020                                            : soc_rcm.obj (.text:CSL_TopCtrl_readXtalFreqScale)
                  00814080    00000020                                            : soc_rcm.obj (.text:CSL_TopRCM_getBaseAddress)
                  008140a0    00000020     freertos.awr294x.c66.ti-c6000.debug.lib : ClockP_freertos.obj (.text:ClockP_getTicks)
                  008140c0    00000020                                             : ClockP_freertos_c66.obj (.text:ClockP_getTimerCount)
                  008140e0    00000020                                             : ClockP_freertos_c66.obj (.text:ClockP_timerClearOverflowInt)
                  00814100    00000020                                             : DebugP_uartLogWriter.obj (.text:DebugP_uartSetDrvIndex)
                  00814120    00000020     ti_drivers_open_close.obj (.text:Drivers_close)
                  00814140    00000020     ti_drivers_open_close.obj (.text:Drivers_open)
                  00814160    00000020     drivers.awr294x.c66.ti-c6000.debug.lib : edma.obj (.text:EDMA_isInterruptEnabled)
                  00814180    00000020                                            : edma.obj (.text:HW_RD_REG32_RAW)
                  008141a0    00000020                                            : edma.obj (.text:HW_WR_REG32_RAW)
                  008141c0    00000020     freertos.awr294x.c66.ti-c6000.debug.lib : HwiP_c66.obj (.text:HwiP_disable)
                  008141e0    00000020                                             : HwiP_c66.obj (.text:HwiP_enable)
                  00814200    00000020                                             : HwiP_c66_handlers_freertos.obj (.text:HwiP_intcEcm0Dispatcher)
                  00814220    00000020                                             : HwiP_c66_handlers_freertos.obj (.text:HwiP_intcEcm1Dispatcher)
                  00814240    00000020                                             : HwiP_c66_handlers_freertos.obj (.text:HwiP_intcEcm2Dispatcher)
                  00814260    00000020                                             : HwiP_c66_handlers_freertos.obj (.text:HwiP_intcEcm3Dispatcher)
                  00814280    00000020                                             : HwiP_c66_handlers_freertos.obj (.text:HwiP_intcdm10Dispatcher)
                  008142a0    00000020                                             : HwiP_c66_handlers_freertos.obj (.text:HwiP_intcdm11Dispatcher)
                  008142c0    00000020                                             : HwiP_c66_handlers_freertos.obj (.text:HwiP_intcdm4Dispatcher)
                  008142e0    00000020                                             : HwiP_c66_handlers_freertos.obj (.text:HwiP_intcdm5Dispatcher)
                  00814300    00000020                                             : HwiP_c66_handlers_freertos.obj (.text:HwiP_intcdm6Dispatcher)
                  00814320    00000020                                             : HwiP_c66_handlers_freertos.obj (.text:HwiP_intcdm7Dispatcher)
                  00814340    00000020                                             : HwiP_c66_handlers_freertos.obj (.text:HwiP_intcdm8Dispatcher)
                  00814360    00000020                                             : HwiP_c66_handlers_freertos.obj (.text:HwiP_intcdm9Dispatcher)
                  00814380    00000020                                             : HwiP_c66.obj (.text:HwiP_restore)
                  008143a0    00000020                                             : port_hwi.obj (.text:Hwi_dispatchCore__I)
                  008143c0    00000020                                             : port_hwi.obj (.text:Hwi_switchFromBootStack)
                  008143e0    00000020     ti_power_clock_config.obj (.text:PowerClock_init)
                  00814400    00000020     drivers.awr294x.c66.ti-c6000.debug.lib : soc.obj (.text:SOC_moduleClockEnable)
                  00814420    00000020                                            : soc.obj (.text:SOC_moduleSetClockFrequency)
                  00814440    00000020     ti_drivers_config.obj (.text:System_init)
                  00814460    00000020     freertos.awr294x.c66.ti-c6000.debug.lib : TaskP_freertos.obj (.text:TaskP_yield)
                  00814480    00000020                                             : port.obj (.text:Task_enter)
                  008144a0    00000020                                             : port.obj (.text:Task_exit)
                  008144c0    00000020     drivers.awr294x.c66.ti-c6000.debug.lib : uart_sci_edma.obj (.text:UART_disableTxDma)
                  008144e0    00000020                                            : uart_sci_edma.obj (.text:UART_enableTxDma)
                  00814500    00000020                                            : uart_sci.obj (.text:UART_isRxIntrEnabled)
                  00814520    00000020                                            : uart_sci.obj (.text:UART_isTxIntrEnabled)
                  00814540    00000020                                            : uart_sci.obj (.text:UART_isTxRdy)
                  00814560    00000020                                            : uart_sci.obj (.text:UART_rxIntrDisable)
                  00814580    00000020                                            : uart_sci.obj (.text:UART_txIntrDisable)
                  008145a0    00000020     freertos.awr294x.c66.ti-c6000.debug.lib : port_tasksupport.obj (.text:_TaskSupport_glue)
                  008145c0    00000020     rts6600_elf.lib : push.asm.obj (.text:__pop_rts)
                  008145e0    00000020                     : push.asm.obj (.text:__push_rts)
                  00814600    00000020                     : _lock.c.obj (.text:_nop)
                  00814620    00000020     freertos.awr294x.c66.ti-c6000.debug.lib : printf.obj (.text:_out_null)
                  00814640    00000020     rts6600_elf.lib : startup.c.obj (.text:_system_post_cinit)
                  00814660    00000020                     : pre_init.c.obj (.text:_system_pre_init)
                  00814680    00000020                     : exit.c.obj (.text:abort)
                  008146a0    00000020     freertos.awr294x.c66.ti-c6000.debug.lib : port_hwi_vectors_freertos_asm.obj (.text)
                  008146c0    00000020     main.obj (.text:freertos_main)
                  008146e0    00000020     rts6600_elf.lib : memory.c.obj (.text:malloc)
                  00814700    00000020     freertos.awr294x.c66.ti-c6000.debug.lib : port.obj (.text:prvTaskExitError)
                  00814720    00000020     rts6600_elf.lib : fputc.c.obj (.text:putchar)
                  00814740    00000020     freertos.awr294x.c66.ti-c6000.debug.lib : port.obj (.text:uiPortGetRunTimeCounterValue)
                  00814760    00000020                                             : list.obj (.text:vListInitialiseItem)
                  00814780    00000020                                             : port.obj (.text:vPortConfigTimerForRunTimeStats)
                  008147a0    00000020                                             : port.obj (.text:vPortEnterCritical)
                  008147c0    00000020                                             : port.obj (.text:vPortExitCritical)
                  008147e0    00000020                                             : port.obj (.text:vPortRestoreTaskContext)
                  00814800    00000020                                             : port.obj (.text:vPortSuppressTicksAndSleep)
                  00814820    00000020                                             : port.obj (.text:vPortValidateInterruptPriority)
                  00814840    00000020                                             : tasks.obj (.text:vTaskMissedYield)
                  00814860    00000020                                             : tasks.obj (.text:vTaskSuspendAll)
                  00814880    00000020                                             : tasks.obj (.text:xTaskGetCurrentTaskHandle)
                  008148a0    00000020                                             : tasks.obj (.text:xTaskGetTickCount)

.const     0    0082aee0    000021d0     
                  0082aee0    00000568     freertos.awr294x.c66.ti-c6000.debug.lib : tasks.obj (.const:.string)
                  0082b448    0000053c                                             : queue.obj (.const:.string)
                  0082b984    00000344     drivers.awr294x.c66.ti-c6000.debug.lib : soc_rcm.obj (.const:.string)
                  0082bcc8    000001a4                                            : soc_rcm.obj (.const:gSocRcmClkSrcInfoMap)
                  0082be6c    00000004     --HOLE-- [fill = 0]
                  0082be70    00000188                                            : soc_rcm.obj (.const:gSocRcmADPLLJConfigTbl)
                  0082bff8    00000150     freertos.awr294x.c66.ti-c6000.debug.lib : timers.obj (.const:.string)
                  0082c148    00000104                                             : ClockP_freertos_c66.obj (.const:.string)
                  0082c24c    000000c0                                             : TimerP_rti.obj (.const:.string)
                  0082c30c    000000a8     drivers.awr294x.c66.ti-c6000.debug.lib : uart_sci.obj (.const:.string)
                  0082c3b4    000000a8     freertos.awr294x.c66.ti-c6000.debug.lib : port.obj (.const:.string)
                  0082c45c    00000094     drivers.awr294x.c66.ti-c6000.debug.lib : edma.obj (.const:.string)
                  0082c4f0    00000088     freertos.awr294x.c66.ti-c6000.debug.lib : SemaphoreP_freertos.obj (.const:.string)
                  0082c578    0000006c     ti_drivers_open_close.obj (.const:.string)
                  0082c5e4    00000004     --HOLE-- [fill = 0]
                  0082c5e8    00000050     freertos.awr294x.c66.ti-c6000.debug.lib : printf.obj (.const:pow10$1)
                  0082c638    00000040     drivers.awr294x.c66.ti-c6000.debug.lib : uart_sci_edma.obj (.const:.string)
                  0082c678    00000034     main.obj (.const:.string)
                  0082c6ac    00000004     --HOLE-- [fill = 0]
                  0082c6b0    00000034     drivers.awr294x.c66.ti-c6000.debug.lib : soc_rcm.obj (.const:gSocRcmPeripheralClkSrcInfoMap)
                  0082c6e4    00000030     freertos.awr294x.c66.ti-c6000.debug.lib : DebugP_log.obj (.const:.string)
                  0082c714    00000004     --HOLE-- [fill = 0]
                  0082c718    0000002c     drivers.awr294x.c66.ti-c6000.debug.lib : soc_rcm.obj (.const:gSocRcmHsDivMuxClkSrcInfoMap)
                  0082c744    00000004     --HOLE-- [fill = 0]
                  0082c748    00000028                                            : soc_rcm.obj (.const:gSocRcmFixedClocksTbl)
                  0082c770    00000024                                            : edma.obj (.const:.string:$P$T18$19)
                  0082c794    00000004     --HOLE-- [fill = 0]
                  0082c798    00000024     freertos.awr294x.c66.ti-c6000.debug.lib : tasks.obj (.const:.string:$P$T28$29)
                  0082c7bc    00000004     --HOLE-- [fill = 0]
                  0082c7c0    00000020                                             : tasks.obj (.const:.string:$P$T19$20)
                  0082c7e0    0000001f     drivers.awr294x.c66.ti-c6000.debug.lib : soc_rcm.obj (.const:.string:$P$T1$2)
                  0082c7ff    00000001     --HOLE-- [fill = 0]
                  0082c800    0000001e     freertos.awr294x.c66.ti-c6000.debug.lib : port.obj (.const:.string:$P$T0$1)
                  0082c81e    00000002     --HOLE-- [fill = 0]
                  0082c820    0000001c     drivers.awr294x.c66.ti-c6000.debug.lib : soc_rcm.obj (.const:.string:$P$T6$7)
                  0082c83c    0000001c     empty.obj (.const:.string)
                  0082c858    0000001b     freertos.awr294x.c66.ti-c6000.debug.lib : SemaphoreP_freertos.obj (.const:.string:$P$T0$1)
                  0082c873    00000005     --HOLE-- [fill = 0]
                  0082c878    0000001b                                             : timers.obj (.const:.string:$P$T11$13)
                  0082c893    00000005     --HOLE-- [fill = 0]
                  0082c898    0000001b     drivers.awr294x.c66.ti-c6000.debug.lib : soc_rcm.obj (.const:.string:$P$T21$22)
                  0082c8b3    00000005     --HOLE-- [fill = 0]
                  0082c8b8    0000001a     freertos.awr294x.c66.ti-c6000.debug.lib : queue.obj (.const:.string:$P$T1$2)
                  0082c8d2    00000006     --HOLE-- [fill = 0]
                  0082c8d8    0000001a     drivers.awr294x.c66.ti-c6000.debug.lib : soc_rcm.obj (.const:.string:$P$T12$13)
                  0082c8f2    00000006     --HOLE-- [fill = 0]
                  0082c8f8    0000001a     freertos.awr294x.c66.ti-c6000.debug.lib : SemaphoreP_freertos.obj (.const:.string:$P$T2$3)
                  0082c912    00000006     --HOLE-- [fill = 0]
                  0082c918    0000001a     drivers.awr294x.c66.ti-c6000.debug.lib : soc_rcm.obj (.const:gSocRcmCpswClkSrcValMap)
                  0082c932    00000006     --HOLE-- [fill = 0]
                  0082c938    0000001a                                            : soc_rcm.obj (.const:gSocRcmCptsClkSrcValMap)
                  0082c952    00000006     --HOLE-- [fill = 0]
                  0082c958    0000001a                                            : soc_rcm.obj (.const:gSocRcmCsiRxClkSrcValMap)
                  0082c972    00000006     --HOLE-- [fill = 0]
                  0082c978    0000001a                                            : soc_rcm.obj (.const:gSocRcmDssHwaClkSrcValMap)
                  0082c992    00000006     --HOLE-- [fill = 0]
                  0082c998    0000001a                                            : soc_rcm.obj (.const:gSocRcmDssRtiClkSrcValMap)
                  0082c9b2    00000006     --HOLE-- [fill = 0]
                  0082c9b8    0000001a                                            : soc_rcm.obj (.const:gSocRcmDssSciClkSrcValMap)
                  0082c9d2    00000006     --HOLE-- [fill = 0]
                  0082c9d8    0000001a                                            : soc_rcm.obj (.const:gSocRcmI2CClkSrcValMap)
                  0082c9f2    00000006     --HOLE-- [fill = 0]
                  0082c9f8    0000001a                                            : soc_rcm.obj (.const:gSocRcmMcanClkSrcValMap)
                  0082ca12    00000006     --HOLE-- [fill = 0]
                  0082ca18    0000001a                                            : soc_rcm.obj (.const:gSocRcmQspiClkSrcValMap)
                  0082ca32    00000006     --HOLE-- [fill = 0]
                  0082ca38    0000001a                                            : soc_rcm.obj (.const:gSocRcmRtiClkSrcValMap)
                  0082ca52    00000006     --HOLE-- [fill = 0]
                  0082ca58    0000001a                                            : soc_rcm.obj (.const:gSocRcmSciClkSrcValMap)
                  0082ca72    00000006     --HOLE-- [fill = 0]
                  0082ca78    0000001a                                            : soc_rcm.obj (.const:gSocRcmSpiClkSrcValMap)
                  0082ca92    00000006     --HOLE-- [fill = 0]
                  0082ca98    00000019     freertos.awr294x.c66.ti-c6000.debug.lib : tasks.obj (.const:.string:$P$T20$21)
                  0082cab1    00000007     --HOLE-- [fill = 0]
                  0082cab8    00000019                                             : queue.obj (.const:.string:$P$T3$4)
                  0082cad1    00000007     --HOLE-- [fill = 0]
                  0082cad8    00000019                                             : queue.obj (.const:.string:$P$T4$5)
                  0082caf1    00000007     --HOLE-- [fill = 0]
                  0082caf8    00000019                                             : queue.obj (.const:.string:$P$T8$9)
                  0082cb11    00000007     --HOLE-- [fill = 0]
                  0082cb18    00000018                                             : tasks.obj (.const:.string:$P$T27$28)
                  0082cb30    00000018     drivers.awr294x.c66.ti-c6000.debug.lib : soc_rcm.obj (.const:.string:$P$T7$8)
                  0082cb48    00000017     freertos.awr294x.c66.ti-c6000.debug.lib : timers.obj (.const:.string:$P$T10$11)
                  0082cb5f    00000001     --HOLE-- [fill = 0]
                  0082cb60    00000017     drivers.awr294x.c66.ti-c6000.debug.lib : soc_rcm.obj (.const:.string:$P$T18$19)
                  0082cb77    00000001     --HOLE-- [fill = 0]
                  0082cb78    00000017                                            : soc_rcm.obj (.const:.string:$P$T5$6)
                  0082cb8f    00000001     --HOLE-- [fill = 0]
                  0082cb90    00000016     freertos.awr294x.c66.ti-c6000.debug.lib : timers.obj (.const:.string:$P$T0$1)
                  0082cba6    00000002     --HOLE-- [fill = 0]
                  0082cba8    00000016     drivers.awr294x.c66.ti-c6000.debug.lib : soc_rcm.obj (.const:.string:$P$T16$17)
                  0082cbbe    00000002     --HOLE-- [fill = 0]
                  0082cbc0    00000016     freertos.awr294x.c66.ti-c6000.debug.lib : tasks.obj (.const:.string:$P$T17$18)
                  0082cbd6    00000002     --HOLE-- [fill = 0]
                  0082cbd8    00000016     drivers.awr294x.c66.ti-c6000.debug.lib : soc_rcm.obj (.const:.string:$P$T20$21)
                  0082cbee    00000002     --HOLE-- [fill = 0]
                  0082cbf0    00000016                                            : soc_rcm.obj (.const:gSocRcmPllCoreOut2HSDivClkSrcValMap)
                  0082cc06    00000002     --HOLE-- [fill = 0]
                  0082cc08    00000016                                            : soc_rcm.obj (.const:gSocRcmPllDspOut1HSDivClkSrcValMap)
                  0082cc1e    00000002     --HOLE-- [fill = 0]
                  0082cc20    00000016                                            : soc_rcm.obj (.const:gSocRcmPllDspOut2HSDivClkSrcValMap)
                  0082cc36    00000002     --HOLE-- [fill = 0]
                  0082cc38    00000016                                            : soc_rcm.obj (.const:gSocRcmPllPerOut1HSDivClkSrcValMap)
                  0082cc4e    00000002     --HOLE-- [fill = 0]
                  0082cc50    00000015     freertos.awr294x.c66.ti-c6000.debug.lib : tasks.obj (.const:.string:$P$T1$2)
                  0082cc65    00000003     --HOLE-- [fill = 0]
                  0082cc68    00000015                                             : queue.obj (.const:.string:$P$T13$14)
                  0082cc7d    00000003     --HOLE-- [fill = 0]
                  0082cc80    00000015                                             : tasks.obj (.const:.string:$P$T23$24)
                  0082cc95    00000003     --HOLE-- [fill = 0]
                  0082cc98    00000015                                             : timers.obj (.const:.string:$P$T3$4)
                  0082ccad    00000003     --HOLE-- [fill = 0]
                  0082ccb0    00000015     drivers.awr294x.c66.ti-c6000.debug.lib : edma.obj (.const:.string:$P$T8$9)
                  0082ccc5    00000003     --HOLE-- [fill = 0]
                  0082ccc8    00000015                                            : uart_sci.obj (.const:.string:$P$T9$10)
                  0082ccdd    00000003     --HOLE-- [fill = 0]
                  0082cce0    00000014     freertos.awr294x.c66.ti-c6000.debug.lib : queue.obj (.const:.string:$P$T11$12)
                  0082ccf4    00000004     --HOLE-- [fill = 0]
                  0082ccf8    00000014     drivers.awr294x.c66.ti-c6000.debug.lib : uart_sci.obj (.const:.string:$P$T12$13)
                  0082cd0c    00000004     --HOLE-- [fill = 0]
                  0082cd10    00000014     freertos.awr294x.c66.ti-c6000.debug.lib : timers.obj (.const:.string:$P$T12$14)
                  0082cd24    00000004     --HOLE-- [fill = 0]
                  0082cd28    00000014     drivers.awr294x.c66.ti-c6000.debug.lib : edma.obj (.const:.string:$P$T14$15)
                  0082cd3c    00000004     --HOLE-- [fill = 0]
                  0082cd40    00000014                                            : uart_sci.obj (.const:.string:$P$T15$16)
                  0082cd54    00000004     --HOLE-- [fill = 0]
                  0082cd58    00000014     freertos.awr294x.c66.ti-c6000.debug.lib : tasks.obj (.const:.string:$P$T9$10)
                  0082cd6c    00000014                                             : printf.obj (.const:.string)
                  0082cd80    00000013                                             : queue.obj (.const:.string:$P$T0$1)
                  0082cd93    00000005     --HOLE-- [fill = 0]
                  0082cd98    00000013                                             : port.obj (.const:.string:$P$T1$2)
                  0082cdab    00000005     --HOLE-- [fill = 0]
                  0082cdb0    00000013                                             : tasks.obj (.const:.string:$P$T15$16)
                  0082cdc3    00000005     --HOLE-- [fill = 0]
                  0082cdc8    00000013                                             : tasks.obj (.const:.string:$P$T16$17)
                  0082cddb    00000005     --HOLE-- [fill = 0]
                  0082cde0    00000013     drivers.awr294x.c66.ti-c6000.debug.lib : soc_rcm.obj (.const:.string:$P$T17$18)
                  0082cdf3    00000005     --HOLE-- [fill = 0]
                  0082cdf8    00000013                                            : uart_sci.obj (.const:.string:$P$T8$9)
                  0082ce0b    00000005     --HOLE-- [fill = 0]
                  0082ce10    00000012                                            : uart_sci_edma.obj (.const:.string:$P$T0$1)
                  0082ce22    00000006     --HOLE-- [fill = 0]
                  0082ce28    00000012     freertos.awr294x.c66.ti-c6000.debug.lib : tasks.obj (.const:.string:$P$T0$1)
                  0082ce3a    00000006     --HOLE-- [fill = 0]
                  0082ce40    00000012     drivers.awr294x.c66.ti-c6000.debug.lib : uart_sci_edma.obj (.const:.string:$P$T1$2)
                  0082ce52    00000006     --HOLE-- [fill = 0]
                  0082ce58    00000012                                            : uart_sci.obj (.const:.string:$P$T11$12)
                  0082ce6a    00000006     --HOLE-- [fill = 0]
                  0082ce70    00000012                                            : soc_rcm.obj (.const:.string:$P$T15$16)
                  0082ce82    00000006     --HOLE-- [fill = 0]
                  0082ce88    00000012                                            : soc_rcm.obj (.const:.string:$P$T19$20)
                  0082ce9a    00000006     --HOLE-- [fill = 0]
                  0082cea0    00000012                                            : edma.obj (.const:.string:$P$T3$4)
                  0082ceb2    00000006     --HOLE-- [fill = 0]
                  0082ceb8    00000012     freertos.awr294x.c66.ti-c6000.debug.lib : queue.obj (.const:.string:$P$T7$8)
                  0082ceca    00000006     --HOLE-- [fill = 0]
                  0082ced0    00000012                                             : queue.obj (.const:.string:$P$T9$10)
                  0082cee2    00000006     --HOLE-- [fill = 0]
                  0082cee8    00000011     ti_drivers_open_close.obj (.const:.string:$P$T0$1)
                  0082cef9    00000007     --HOLE-- [fill = 0]
                  0082cf00    00000011     ti_drivers_open_close.obj (.const:.string:$P$T1$2)
                  0082cf11    00000007     --HOLE-- [fill = 0]
                  0082cf18    00000011     drivers.awr294x.c66.ti-c6000.debug.lib : edma.obj (.const:.string:$P$T19$20)
                  0082cf29    00000007     --HOLE-- [fill = 0]
                  0082cf30    00000011                                            : edma.obj (.const:.string:$P$T7$8)
                  0082cf41    00000007     --HOLE-- [fill = 0]
                  0082cf48    00000011                                            : uart_sci.obj (.const:.string:$P$T7$8)
                  0082cf59    00000007     --HOLE-- [fill = 0]
                  0082cf60    00000010                                            : edma.obj (.const:.string:$P$T11$12)
                  0082cf70    00000010                                            : soc_rcm.obj (.const:gSocRcmXTALInfo)
                  0082cf80    0000000f     freertos.awr294x.c66.ti-c6000.debug.lib : tasks.obj (.const:.string:$P$T10$11)
                  0082cf8f    00000001     --HOLE-- [fill = 0]
                  0082cf90    0000000f     drivers.awr294x.c66.ti-c6000.debug.lib : edma.obj (.const:.string:$P$T17$18)
                  0082cf9f    00000001     --HOLE-- [fill = 0]
                  0082cfa0    0000000e                                            : edma.obj (.const:.string:$P$T10$11)
                  0082cfae    00000002     --HOLE-- [fill = 0]
                  0082cfb0    0000000e     freertos.awr294x.c66.ti-c6000.debug.lib : queue.obj (.const:.string:$P$T10$11)
                  0082cfbe    00000002     --HOLE-- [fill = 0]
                  0082cfc0    0000000d                                             : TimerP_rti.obj (.const:.string:$P$T0$1)
                  0082cfcd    00000003     --HOLE-- [fill = 0]
                  0082cfd0    0000000d     drivers.awr294x.c66.ti-c6000.debug.lib : edma.obj (.const:.string:$P$T16$17)
                  0082cfdd    00000003     --HOLE-- [fill = 0]
                  0082cfe0    0000000d     freertos.awr294x.c66.ti-c6000.debug.lib : queue.obj (.const:.string:$P$T18$19)
                  0082cfed    00000003     --HOLE-- [fill = 0]
                  0082cff0    0000000d                                             : tasks.obj (.const:.string:$P$T26$27)
                  0082cffd    00000003     --HOLE-- [fill = 0]
                  0082d000    0000000c                                             : ClockP_freertos_c66.obj (.const:.string:$P$T0$1)
                  0082d00c    00000004     --HOLE-- [fill = 0]
                  0082d010    0000000c                                             : tasks.obj (.const:.string:$P$T2$3)
                  0082d01c    00000004     --HOLE-- [fill = 0]
                  0082d020    0000000c                                             : tasks.obj (.const:.string:$P$T24$25)
                  0082d02c    00000004     --HOLE-- [fill = 0]
                  0082d030    0000000b     drivers.awr294x.c66.ti-c6000.debug.lib : edma.obj (.const:.string:$P$T2$3)
                  0082d03b    00000005     --HOLE-- [fill = 0]
                  0082d040    0000000b                                            : uart_sci.obj (.const:.string:$P$T2$3)
                  0082d04b    00000005     --HOLE-- [fill = 0]
                  0082d050    0000000b                                            : uart_sci.obj (.const:.string:$P$T3$4)
                  0082d05b    00000005     --HOLE-- [fill = 0]
                  0082d060    0000000a                                            : edma.obj (.const:.string:$P$T0$1)
                  0082d06a    00000006     --HOLE-- [fill = 0]
                  0082d070    0000000a                                            : uart_sci.obj (.const:.string:$P$T0$1)
                  0082d07a    00000006     --HOLE-- [fill = 0]
                  0082d080    0000000a                                            : edma.obj (.const:.string:$P$T1$2)
                  0082d08a    00000006     --HOLE-- [fill = 0]
                  0082d090    0000000a                                            : uart_sci.obj (.const:.string:$P$T1$2)
                  0082d09a    00000006     --HOLE-- [fill = 0]
                  0082d0a0    00000008                                            : soc_rcm.obj (.const:gSocRcmXTALFreqTbl)
                  0082d0a8    00000005     main.obj (.const:.string:$P$T0$1)
                  0082d0ad    00000003     --HOLE-- [fill = 0]

.cinit     0    00800000    00000000     UNINITIALIZED

.far       0    008148c0    0000a620     UNINITIALIZED
                  008148c0    00004000     (.common:gMainTaskStack)
                  008188c0    00004000     (.common:uxHwiStack)
                  0081c8c0    00001000     freertos.awr294x.c66.ti-c6000.debug.lib : port.obj (.far:uxIdleTaskStack)
                  0081d8c0    0000040c     (.common:gHwiCtrl)
                  0081dccc    00000004     rts6600_elf.lib : memory.c.obj (.far)
                  0081dcd0    00000400     freertos.awr294x.c66.ti-c6000.debug.lib : port.obj (.far:uxTimerTaskStack)
                  0081e0d0    000002b4     ti_drivers_config.obj (.far:gUartObjects)
                  0081e384    00000004     --HOLE--
                  0081e388    00000280     freertos.awr294x.c66.ti-c6000.debug.lib : tasks.obj (.far:pxReadyTasksLists)
                  0081e608    000001e4     ti_drivers_config.obj (.far:gEdmaObjects)
                  0081e7ec    00000004     --HOLE--
                  0081e7f0    00000140     (.common:__TI_tmpnams)
                  0081e930    00000100     (.common:xQueueRegistry)
                  0081ea30    00000100     freertos.awr294x.c66.ti-c6000.debug.lib : timers.obj (.far:ucStaticTimerQueueStorage$16)
                  0081eb30    00000098                                             : DebugP_freertos.obj (.far:gDebugLogLockObj)
                  0081ebc8    0000008c     (.common:gMainTaskObj)
                  0081ec54    0000008c                                             : port.obj (.far:xIdleTaskTCB)
                  0081ece0    0000008c                                             : port.obj (.far:xTimerTaskTCB)
                  0081ed6c    00000050                                             : timers.obj (.far:xStaticTimerQueue$15)
                  0081edbc    00000044     (.common:gHwiIntcIntrTable)
                  0081ee00    00000038     (.common:gClockCtrl)
                  0081ee38    00000014                                             : timers.obj (.far:xActiveTimerList1)
                  0081ee4c    00000014                                             : timers.obj (.far:xActiveTimerList2)
                  0081ee60    00000014                                             : tasks.obj (.far:xDelayedTaskList1)
                  0081ee74    00000014                                             : tasks.obj (.far:xDelayedTaskList2)
                  0081ee88    00000014                                             : tasks.obj (.far:xPendingReadyList)
                  0081ee9c    00000014                                             : tasks.obj (.far:xSuspendedTaskList)
                  0081eeb0    00000014                                             : tasks.obj (.far:xTasksWaitingTermination)
                  0081eec4    00000004     --HOLE--
                  0081eec8    00000008     (.common:parmbuf)
                  0081eed0    00000004     (.common:gEdmaHandle)
                  0081eed4    00000004     --HOLE--
                  0081eed8    00000004     (.common:gUartHandle)
                  0081eedc    00000004     --HOLE--

.sysmem    0    0081eee0    00008000     UNINITIALIZED
                  0081eee0    00000010     rts6600_elf.lib : memory.c.obj (.sysmem)
                  0081eef0    00007ff0     --HOLE--

.stack     0    00826ee0    00004000     UNINITIALIZED
                  00826ee0    00000008     rts6600_elf.lib : boot.c.obj (.stack)
                  00826ee8    00003ff8     --HOLE--

.fardata   0    0082d0b0    00000658     
                  0082d0b0    000001e0     rts6600_elf.lib : defs.c.obj (.fardata:_ftable)
                  0082d290    000000a0                     : host_device.c.obj (.fardata:_stream)
                  0082d330    0000009c     drivers.awr294x.c66.ti-c6000.debug.lib : uart_sci.obj (.fardata:gUartDrvObj)
                  0082d3cc    00000004     rts6600_elf.lib : _lock.c.obj (.fardata:_lock)
                  0082d3d0    00000090     ti_pinmux_config.obj (.fardata:gPinMuxMainDomainCfg)
                  0082d460    00000084     freertos.awr294x.c66.ti-c6000.debug.lib : Context_c66.obj (.fardata:contextSave)
                  0082d4e4    00000004     rts6600_elf.lib : _lock.c.obj (.fardata:_unlock)
                  0082d4e8    00000080     ti_drivers_config.obj (.fardata:gEdmaAttrs)
                  0082d568    00000078     rts6600_elf.lib : host_device.c.obj (.fardata:_device)
                  0082d5e0    00000038     ti_pinmux_config.obj (.fardata:gPinMuxMainDomainCfg1)
                  0082d618    00000038     ti_drivers_open_close.obj (.fardata:gUartParams)
                  0082d650    0000001c     freertos.awr294x.c66.ti-c6000.debug.lib : port_hwi.obj (.fardata:Hwi_Module__state__V)
                  0082d66c    00000004     rts6600_elf.lib : defs.c.obj (.fardata)
                  0082d670    00000018     ti_dpl_config.obj (.fardata:gCacheMarRegion)
                  0082d688    00000018     ti_dpl_config.obj (.fardata:gClockConfig)
                  0082d6a0    00000018     ti_power_clock_config.obj (.fardata:gSocModulesClockFrequency)
                  0082d6b8    0000000c     ti_dpl_config.obj (.fardata:gCacheSize)
                  0082d6c4    0000000c     rts6600_elf.lib : exit.c.obj (.fardata)
                  0082d6d0    00000008     freertos.awr294x.c66.ti-c6000.debug.lib : HwiP_c66.obj (.fardata:gDirectMap)
                  0082d6d8    00000008     ti_drivers_config.obj (.fardata:gEdmaConfig)
                  0082d6e0    00000008     ti_drivers_open_close.obj (.fardata:gEdmaParams)
                  0082d6e8    00000008     ti_power_clock_config.obj (.fardata:gSocModules)
                  0082d6f0    00000008     ti_drivers_config.obj (.fardata:gUartAttrs)
                  0082d6f8    00000008     ti_drivers_config.obj (.fardata:gUartConfig)
                  0082d700    00000004     rts6600_elf.lib : memory.c.obj (.fardata)
                  0082d704    00000004     --HOLE-- [fill = 0]

.switch    0    0082d708    000001d0     
                  0082d708    00000084     freertos.awr294x.c66.ti-c6000.debug.lib : printf.obj (.switch:_vsnprintf)
                  0082d78c    00000050     drivers.awr294x.c66.ti-c6000.debug.lib : soc_rcm.obj (.switch:SOC_rcmGetClkSrcAndDivReg)
                  0082d7dc    00000050                                            : soc_rcm.obj (.switch:SOC_rcmGetClkSrcAndDivValue)
                  0082d82c    00000028     freertos.awr294x.c66.ti-c6000.debug.lib : timers.obj (.switch:prvProcessReceivedCommands)
                  0082d854    00000014     drivers.awr294x.c66.ti-c6000.debug.lib : soc_rcm.obj (.switch:SOC_rcmGetApllHSDivOutFreq)
                  0082d868    00000014                                            : soc_rcm.obj (.switch:SOC_rcmGetCoreHSDivOut)
                  0082d87c    00000014                                            : soc_rcm.obj (.switch:SOC_rcmGetDSSHSDivOut)
                  0082d890    00000014                                            : soc_rcm.obj (.switch:SOC_rcmGetFreqLeafNode)
                  0082d8a4    00000014                                            : soc_rcm.obj (.switch:SOC_rcmGetPerHSDivOut)
                  0082d8b8    00000010                                            : edma.obj (.switch:Alloc_resource)
                  0082d8c8    00000010                                            : soc_rcm.obj (.switch:SOC_rcmGetHSDIVClkOutMuxClkSrc)

.cio       0    0082d8d8    00000120     UNINITIALIZED
                  0082d8d8    00000120     rts6600_elf.lib : trgmsg.c.obj (.cio)

.rodata    0    0082d9f8    00000008     
                  0082d9f8    00000004     freertos.awr294x.c66.ti-c6000.debug.lib : tasks.obj (.rodata)
                  0082d9fc    00000004     --HOLE-- [fill = 0]

.bss       0    0082da00    00000018     
                  0082da00    00000008     freertos.awr294x.c66.ti-c6000.debug.lib : tasks.obj (.bss) [fill = 0]
                  0082da08    00000008                                             : timers.obj (.bss) [fill = 0]
                  0082da10    00000004     (.common:gMainTask)
                  0082da14    00000004     --HOLE-- [fill = 0]

.neardata 
*          0    0082da18    00000088     
                  0082da18    00000040     freertos.awr294x.c66.ti-c6000.debug.lib : tasks.obj (.neardata)
                  0082da58    00000018                                             : port.obj (.neardata)
                  0082da70    0000000c                                             : timers.obj (.neardata)
                  0082da7c    00000008                                             : DebugP_uartLogWriter.obj (.neardata)
                  0082da84    00000008                                             : HwiP_c66.obj (.neardata)
                  0082da8c    00000008     ti_drivers_config.obj (.neardata)
                  0082da94    00000004     freertos.awr294x.c66.ti-c6000.debug.lib : DebugP_freertos.obj (.neardata)
                  0082da98    00000004                                             : DebugP_log.obj (.neardata)
                  0082da9c    00000004     ti_dpl_config.obj (.neardata)

.init_array 
*          0    00800000    00000000     UNINITIALIZED

MODULE SUMMARY

       Module                              code    ro data   rw data
       ------                              ----    -------   -------
    .\
       main.obj                            224     57        16528  
       empty.obj                           64      28        0      
    +--+-----------------------------------+-------+---------+---------+
       Total:                              288     85        16528  
                                                                    
    .\syscfg\
       ti_drivers_config.obj               256     0         1336   
       ti_drivers_open_close.obj           736     142       72     
       ti_power_clock_config.obj           480     0         32     
       ti_pinmux_config.obj                64      0         200    
       ti_dpl_config.obj                   160     0         64     
       ti_board_open_close.obj             64      0         0      
       ti_board_config.obj                 32      0         0      
    +--+-----------------------------------+-------+---------+---------+
       Total:                              1792    142       1704   
                                                                    
    C:/ti/mmwave_mcuplus_sdk_04_07_01_04/mcu_plus_sdk_awr294x_10_01_00_04/source/drivers/lib/drivers.awr294x.c66.ti-c6000.debug.lib
       edma.obj                            12256   382       0      
       soc_rcm.obj                         9696    2765      0      
       uart_sci.obj                        6464    325       156    
       uart_sci_edma.obj                   2208    100       0      
       soc.obj                             1536    0         0      
       pinmux.obj                          192     0         0      
    +--+-----------------------------------+-------+---------+---------+
       Total:                              32352   3572      156    
                                                                    
    C:/ti/mmwave_mcuplus_sdk_04_07_01_04/mcu_plus_sdk_awr294x_10_01_00_04/source/kernel/freertos/lib/freertos.awr294x.c66.ti-c6000.debug.lib
       port_hwi.obj                        384     0         16412  
       tasks.obj                           6848    1697      812    
[...]
00811e60  remove                             
00809240  setvbuf                            
00814740  uiPortGetRunTimeCounterValue       
0082da58  ulCriticalNesting                  
0082da64  ulPortInterruptNesting             
0082da68  ulPortSchedularRunning             
0082da5c  ulPortTaskHasFPUContext            
0082da60  ulPortYieldRequired                
00811e60  unlink                             
008188c0  uxHwiStack                         
00811ee0  uxListRemove                       
0082da6c  uxPortIncorrectYieldCount          
0082d9f8  uxTopUsedPriority                  
00812f40  vApplicationGetIdleTaskMemory      
00812fa0  vApplicationGetTimerTaskMemory     
00813000  vApplicationStackOverflowHook      
00813c80  vListInitialise                    
00814760  vListInitialiseItem                
0080fb00  vListInsert                        
00811f60  vListInsertEnd                     
00811fe0  vPortAssertIfInISR                 
00814780  vPortConfigTimerForRunTimeStats    
008147a0  vPortEnterCritical                 
008147c0  vPortExitCritical                  
00813cc0  vPortFree                          
008147e0  vPortRestoreTaskContext            
00814800  vPortSuppressTicksAndSleep         
00813d00  vPortTimerTickHandler              
00814820  vPortValidateInterruptPriority     
00813d40  vPortYeildFromISR                  
00812060  vPortYield                         
00813d80  vPortYieldAsyncFromISR             
008120e0  vQueueAddToRegistry                
00812160  vQueueDelete                       
00810b60  vQueueUnregisterQueue              
00810c00  vQueueWaitForMessageRestricted     
0080b3c0  vTaskDelete                        
00813060  vTaskEnterCritical                 
008130c0  vTaskExitCritical                  
00813dc0  vTaskInternalSetTimeOutState       
00814840  vTaskMissedYield                   
008121e0  vTaskPlaceOnEventList              
00812260  vTaskPlaceOnEventListRestricted    
008080e0  vTaskPriorityDisinheritAfterTimeout
0080d300  vTaskStartScheduler                
00814860  vTaskSuspendAll                    
008093e0  vTaskSwitchContext                 
00813e00  vprintf_                           
00813120  write                              
00813e40  xPortInIsrContext                  
00813e80  xPortStartScheduler                
00813ec0  xQueueCreateMutexStatic            
00809580  xQueueGenericCreateStatic          
0080c300  xQueueGenericReset                 
00805960  xQueueGenericSend                  
008078e0  xQueueGenericSendFromISR           
008082c0  xQueueGiveFromISR                  
00810ca0  xQueueGiveMutexRecursive           
008068e0  xQueueReceive                      
00808820  xQueueReceiveFromISR               
0081e930  xQueueRegistry                     
00804b60  xQueueSemaphoreTake                
00810d40  xQueueTakeMutexRecursive           
0080c440  xTaskCheckForTimeOut               
0080b520  xTaskCreateStatic                  
00814880  xTaskGetCurrentTaskHandle          
00813f00  xTaskGetSchedulerState             
008148a0  xTaskGetTickCount                  
008089e0  xTaskIncrementTick                 
0080a1a0  xTaskPriorityDisinherit            
0080a320  xTaskPriorityInherit               
0080d420  xTaskRemoveFromEventList           
00808ba0  xTaskResumeAll                     
0080ed40  xTimerCreateTimerTask              
0080ee20  xTimerGenericCommand               


GLOBAL SYMBOLS: SORTED BY Symbol Address 

address   name                               
-------   ----                               
00004000  __TI_STACK_SIZE                    
00008000  __TI_SYSMEM_SIZE                   
00800000  _vectors                           
00801e00  __c6xabi_divd                      
008032c0  EDMA_open                          
008036e0  UART_open                          
00803e40  UART_edmaChannelConfig             
00804520  HwiP_construct                     
00804b60  xQueueSemaphoreTake                
00805120  TimerP_setup                       
008053e0  UART_close                         
008056a0  aligned_alloc                      
008056a0  memalign                           
00805960  xQueueGenericSend                  
00805c20  ClockP_init                        
00806160  SOC_controlModuleUnlockMMR         
00806660  UART_writeDma                      
008068e0  xQueueReceive                      
00806dc0  free                               
00807260  __c6xabi_divull                    
008074a0  UART_write                         
008078e0  xQueueGenericSendFromISR           
00807b00  SOC_controlModuleLockMMR           
00807d00  Hwi_dispatchAlways                 
00807f00  Context_save                       
008080e0  vTaskPriorityDisinheritAfterTimeout
008082c0  xQueueGiveFromISR                  
008084a0  HwiP_destruct                      
00808660  fputc                              
00808660  putc                               
00808820  xQueueReceiveFromISR               
008089e0  xTaskIncrementTick                 
00808ba0  xTaskResumeAll                     
00808d60  HOSTrename                         
00808f00  HwiP_init                          
00809240  setvbuf                            
008093e0  vTaskSwitchContext                 
00809580  xQueueGenericCreateStatic          
008098a0  HwiP_assignIntrHandlers            
00809a20  HwiP_intcEcmDispatcher             
00809ea0  HwiP_Entry                         
00809ed4  HwiP_intcInterruptEnable           
00809ef4  HwiP_intcInterruptDisable          
00809f14  HwiP_intcInterruptClear            
00809f24  HwiP_intcInterruptSet              
00809f30  HwiP_intcInterruptRestore          
00809f48  HwiP_intcQueryInterruptStatus      
00809f60  HwiP_intcGlobalEnable              
00809f80  HwiP_intcGlobalDisable             
00809fa0  HwiP_intcGlobalRestore             
00809fb8  HwiP_intcGlobalNmiEnable           
00809fcc  HwiP_intcGlobalExcepEnable         
00809fe0  HwiP_intcGlobalExtExcepEnable      
00809ff4  HwiP_intcGlobalExcepClear          
0080a1a0  xTaskPriorityDisinherit            
0080a320  xTaskPriorityInherit               
0080a4a0  Context_restore                    
0080a600  Context_triggerSleep               
0080a760  EDMA_freeDmaChannel                
0080a8c0  EDMA_freeParam                     
0080aa20  EDMA_freeTcc                       
0080ab80  EDMA_registerIntr                  
0080ace0  HwiP_intcDispatcherCore            
0080ae40  HwiP_intcNmiDispatcher             
0080b3c0  vTaskDelete                        
0080b520  xTaskCreateStatic                  
0080b680  EDMA_close                         
0080b7c0  EDMA_enableChInShadowRegRegion     
0080bcc0  UART_flushTxFifo                   
0080be00  UART_init                          
0080c300  xQueueGenericReset                 
0080c440  xTaskCheckForTimeOut               
0080c580  EDMA_ccPaRAMEntry_init             
0080c6a0  EDMA_configureChannelRegion        
0080c7c0  EDMA_mapChToEvtQ                   
0080cb20  SOC_virtToPhy                      
0080cfa0  getdevice                          
0080d300  vTaskStartScheduler                
0080d420  xTaskRemoveFromEventList           
0080d540  ClockP_getTimeUsec                 
0080d640  Drivers_uartOpen                   
0080d840  Module_clockSetFrequency           
0080da40  SemaphoreP_constructBinary         
0080dc40  __TI_closefile                     
0080dd40  fseek                              
0080dd40  fseeko                             
0080df40  Drivers_edmaOpen                   
0080e020  Drivers_uartInit                   
0080e1e0  EDMA_init                          
0080e2c0  HOSTlseek                          
0080e3a0  HOSTopen                           
0080e640  SOC_rcmSetPeripheralClock          
0080e720  __TI_wrt_ok                        
0080e800  __c6xabi_divi                      
0080e800  __divi                             
0080e8e0  close                              
0080e9c0  exit                               
0080eaa0  memset                             
0080ed40  xTimerCreateTimerTask              
0080ee20  xTimerGenericCommand               
0080ef00  EDMA_clrMissEvtRegion              
0080f080  HOSTread                           
0080f140  HOSTunlink                         
0080f200  HOSTwrite                          
0080f2c0  Module_clockEnable                 
0080f380  SemaphoreP_pend                    
0080f440  _DebugP_assert                     
0080f500  _DebugP_logZone                    
0080f5c0  __TI_auto_init_nobinit_nopinit     
0080f680  __c6xabi_divu                      
0080f680  __divu                             
0080f740  __c6xabi_remi                      
0080f740  __remi                             
0080f800  Power_Down                         
0080f858  Power_Up                           
0080f8c0  main                               
0080fa40  __TI_tls_init                      
0080fb00  vListInsert                        
0080fbc0  CacheP_init                        
0080fc60  EDMA_allocDmaChannel               
0080fd00  EDMA_allocParam                    
0080fda0  EDMA_allocTcc                      
0080fee0  EDMA_enableTransferRegion          
0080ff80  EDMA_readIntrStatusRegion          
00810020  HOSTclose                          
008100c0  Pinmux_config                      
008102a0  SemaphoreP_constructMutex          
00810340  SemaphoreP_post                    
00810660  __TI_cleanup                       
00810700  __TI_doflush                       
008107a0  __c6xabi_remu                      
008107a0  __remu                             
00810840  finddevice                         
008108e0  memcpy                             
00810b60  vQueueUnregisterQueue              
00810c00  vQueueWaitForMessageRestricted     
00810ca0  xQueueGiveMutexRecursive           
00810d40  xQueueTakeMutexRecursive           
00810e60  CacheP_setMar                      
00810ee0  CacheP_setSize                     
00810f60  Context_sleepHook                  
00810fe0  EDMA_clrEvtRegion                  
00811060  EDMA_clrIntrRegion                 
008110e0  EDMA_disableDmaEvtRegion           
00811160  EDMA_disableEvtIntrRegion          
008111e0  EDMA_enableDmaEvtRegion            
00811260  EDMA_enableEvtIntrRegion           
008112e0  EDMA_getBaseAddr                   
008113e0  EDMA_getHandle                     
00811460  EDMA_mapQdmaChToPaRAM              
008114e0  EDMA_setEvtRegion                  
00811560  EDMA_setPaRAM                      
008117e0  TaskSupport_swap__E                
00811860  __TI_readmsg                       
008118e0  __c6xabi_fixdu                     
00811960  __c6xabi_llshl                     
00811a60  _c_int00                           
00811e60  remove                             
00811e60  unlink                             
00811ee0  uxListRemove                       
00811f60  vListInsertEnd                     
00811fe0  vPortAssertIfInISR                 
00812060  vPortYield                         
008120e0  vQueueAddToRegistry                
00812160  vQueueDelete                       
008121e0  vTaskPlaceOnEventList              
00812260  vTaskPlaceOnEventListRestricted    
008122e0  CacheP_wbAll                       
00812340  CacheP_wbInvAll                    
008123a0  ClockP_timerTickIsr                
00812400  DebugP_uartLogWriterPutChar        
00812460  Dpl_init                           
008124c0  Drivers_edmaClose                  
00812520  Drivers_uartClose                  
00812580  EDMA_qdmaClrMissEvtRegion          
00812640  HwiP_Params_init                   
008126a0  HwiP_inISR                         
00812700  Hwi_dispatchC__I                   
008127c0  SOC_rcmGetPeripheralClock          
00812820  SOC_rcmIsPadDisableRequired        
00812880  TimerP_Params_init                 
008128e0  TimerP_getCount                    
00812a00  UART_getHandle                     
00812a60  Hwi_switchAndDispatch__I           
00812ac0  __TI_frcmpyd_div                   
00812b20  __TI_writemsg                      
00812b78  C$$IO$$                            
00812b80  __c6xabi_llshru                    
00812be0  __c6xabi_remull                    
00812d00  _subcull                           
00812d60  lseek                              
00812ee0  pxPortInitialiseStack              
00812f40  vApplicationGetIdleTaskMemory      
00812fa0  vApplicationGetTimerTaskMemory     
00813000  vApplicationStackOverflowHook      
00813060  vTaskEnterCritical                 
008130c0  vTaskExitCritical                  
00813120  write                              
00813180  ClockP_usecToTicks                 
008131c0  DebugP_logZoneEnable               
00813200  EDMA_channelToParamMap             
00813240  EDMA_clrCCErr                      
00813280  EDMA_disableQdmaEvtRegion          
008132c0  EDMA_enableQdmaEvtRegion           
00813300  EDMA_errIntrHighStatusGet          
00813340  EDMA_getCCErrStatus                
00813380  EDMA_getEnabledIntrHighRegion      
008133c0  EDMA_getEnabledIntrRegion          
00813400  EDMA_getErrIntrStatus              
00813440  EDMA_getIntrStatusRegion           
00813480  EDMA_getRegionId                   
008134c0  EDMA_intrStatusHighGetRegion       
00813500  EDMA_qdmaGetErrIntrStatus          
008135c0  Hwi_Module_startup                 
00813600  Hwi_getIsrStackAddress             
00813640  Pinmux_init                        
00813780  SemaphoreP_destruct                
008137c0  Task_Func                          
00813800  TimerP_clearOverflowInt            
00813840  TimerP_getReloadCount              
00813880  TimerP_start                       
008138c0  TimerP_stop                        
00813940  _DebugP_assertNoLog                
00813980  TaskSupport_buildTaskStack         
008139c0  __c6xabi_strasgi_64plus            
008139c0  __strasgi_64plus                   
00813a00  _args_main                         
00813a80  empty_main                         
00813c00  putchar_                           
00813c40  pvTaskIncrementMutexHeldCount      
00813c80  vListInitialise                    
00813cc0  vPortFree                          
00813d00  vPortTimerTickHandler              
00813d40  vPortYeildFromISR                  
00813d80  vPortYieldAsyncFromISR             
00813dc0  vTaskInternalSetTimeOutState       
00813e00  vprintf_                           
00813e40  xPortInIsrContext                  
00813e80  xPortStartScheduler                
00813ec0  xQueueCreateMutexStatic            
00813f00  xTaskGetSchedulerState             
00813f40  AddrTranslateP_getLocalAddr        
00813f60  Board_driversClose                 
00813f80  Board_driversOpen                  
00813fa0  Board_init                         
008140a0  ClockP_getTicks                    
008140c0  ClockP_getTimerCount               
008140e0  ClockP_timerClearOverflowInt       
00814100  DebugP_uartSetDrvIndex             
00814120  Drivers_close                      
00814140  Drivers_open                       
00814160  EDMA_isInterruptEnabled            
008141c0  HwiP_disable                       
008141e0  HwiP_enable                        
00814380  HwiP_restore                       
008143a0  Hwi_dispatchCore__I                
008143c0  Hwi_switchFromBootStack            
008143e0  PowerClock_init                    
00814400  SOC_moduleClockEnable              
00814420  SOC_moduleSetClockFrequency        
00814440  System_init                        
00814460  TaskP_yield                        
00814480  Task_enter                         
008144a0  Task_exit                          
008145a0  TaskSupport_glue                   
008145c0  __c6xabi_pop_rts                   
008145c0  __pop_rts                          
008145e0  __c6xabi_push_rts                  
008145e0  __push_rts                         
00814600  _nop                               
00814640  _system_post_cinit                 
00814660  _system_pre_init                   
00814680  C$$EXIT                            
00814680  abort                              
008146a0  HwiP_intcIvpSet                    
008146c0  freertos_main                      
008146e0  malloc                             
00814720  putchar                            
00814740  uiPortGetRunTimeCounterValue       
00814760  vListInitialiseItem                
00814780  vPortConfigTimerForRunTimeStats    
008147a0  vPortEnterCritical                 
008147c0  vPortExitCritical                  
008147e0  vPortRestoreTaskContext            
00814800  vPortSuppressTicksAndSleep         
00814820  vPortValidateInterruptPriority     
00814840  vTaskMissedYield                   
00814860  vTaskSuspendAll                    
00814880  xTaskGetCurrentTaskHandle          
008148a0  xTaskGetTickCount                  
008148c0  gMainTaskStack                     
008188c0  uxHwiStack                         
0081d8c0  gHwiCtrl                           
0081e7f0  __TI_tmpnams                       
0081e930  xQueueRegistry                     
0081ebc8  gMainTaskObj                       
0081edbc  gHwiIntcIntrTable                  
0081ee00  gClockCtrl                         
0081eec8  parmbuf                            
0081eed0  gEdmaHandle                        
0081eed8  gUartHandle                        
0081eee0  _sys_memory                        
00826ee0  _stack                             
0082aee0  __TI_STACK_END                     
0082d0b0  _ftable                            
0082d290  _stream                            
0082d3cc  _lock                              
0082d460  contextSave                        
0082d4e4  _unlock                            
0082d568  _device                            
0082d618  gUartParams                        
0082d650  Hwi_Module__state__V               
0082d66c  __TI_ft_end                        
0082d670  gCacheMarRegion                    
0082d688  gClockConfig                       
0082d6a0  gSocModulesClockFrequency          
0082d6b8  gCacheSize                         
0082d6c4  __TI_cleanup_ptr                   
0082d6c8  __TI_dtors_ptr                     
0082d6cc  __TI_enable_exit_profile_output    
0082d6d0  gDirectMap                         
0082d6d8  gEdmaConfig                        
0082d6e0  gEdmaParams                        
0082d6e8  gSocModules                        
0082d6f8  gUartConfig                        
0082d8d8  __CIOBUF_                          
0082d9f8  __TI_STATIC_BASE                   
0082d9f8  uxTopUsedPriority                  
0082da10  gMainTask                          
0082da18  pxCurrentTCB                       
0082da20  FreeRTOS_errno                     
0082da58  ulCriticalNesting                  
0082da5c  ulPortTaskHasFPUContext            
0082da60  ulPortYieldRequired                
0082da64  ulPortInterruptNesting             
0082da68  ulPortSchedularRunning             
0082da6c  uxPortIncorrectYieldCount          
0082da7c  gDebugP_uartDrvIndex               
0082da84  gHwiRaisePrivilegeHook             
0082da88  gHwiRestorePrivilegeHook           
0082da8c  gUartConfigNum                     
0082da90  gEdmaConfigNum                     
0082da98  gDebugLogZone                      
0082da9c  gCacheMarRegionNum                 
ffffffff  __TI_pprof_out_hndl                
ffffffff  __TI_prof_data_size                
ffffffff  __TI_prof_data_start               
ffffffff  __binit__                          
ffffffff  __c_args__                         
ffffffff  binit                              
UNDEFED   __TI_CINIT_Base                    
UNDEFED   __TI_CINIT_Limit                   
UNDEFED   __TI_Handler_Table_Base            
UNDEFED   __TI_Handler_Table_Limit           
UNDEFED   __TI_TLS_INIT_Base                 
UNDEFED   __TI_TLS_INIT_Limit                

[356 symbols]
