******************************************************************************
               TMS320C6x Linker PC v8.5.0                      
******************************************************************************
>> Linked Mon Oct 20 13:19:53 2025

OUTPUT FILE NAME:   <empty_awr294x-evm_c66ss0_freertos_ti-c6000.out>
ENTRY POINT SYMBOL: "_c_int00"  address: 0081ce20


MEMORY CONFIGURATION

         name            origin    length      used     unused   attr    fill
----------------------  --------  ---------  --------  --------  ----  --------
  DSS_L2                00800000   00060000  0003b1b8  00024e48  RWIX
  MAILBOX_HSM           44000000   000003ce  00000000  000003ce  RWIX
  MAILBOX_R5F           44000400   000003ce  00000000  000003ce  RWIX
  DSS_L3                88000000   00200000  00000000  00200000  RWIX
  USER_SHM_MEM          c02e8000   00004000  00000000  00004000  RWIX
  LOG_SHM_MEM           c02ec000   00004000  00000000  00004000  RWIX
  RTOS_NORTOS_IPC_SHM_M c5000200   00001d40  000012c0  00000a80  RWIX


SEGMENT ALLOCATION MAP

run origin  load origin   length   init length attrs members
----------  ----------- ---------- ----------- ----- -------
00800000    00800000    000208c0   000208c0    r-x
  00800000    00800000    00000200   00000200    r-x .text:vectors
  00800200    00800200    000206c0   000206c0    r-x .text
008208c0    008208c0    00016f00   00000000    rw-
  008208c0    008208c0    0000af00   00000000    rw- .far
  0082b7c0    0082b7c0    00008000   00000000    rw- .sysmem
  008337c0    008337c0    00004000   00000000    rw- .stack
008377c0    008377c0    00002aa0   00002aa0    r--
  008377c0    008377c0    00002aa0   00002aa0    r-- .const
0083a260    0083a260    00000b18   00000b18    rw-
  0083a260    0083a260    00000b18   00000b18    rw- .fardata
0083ad78    0083ad78    00000268   00000268    r--
  0083ad78    0083ad78    00000268   00000268    r-- .switch
0083afe0    0083afe0    00000120   00000000    rw-
  0083afe0    0083afe0    00000120   00000000    rw- .cio
0083b100    0083b100    00000008   00000008    r--
  0083b100    0083b100    00000008   00000008    r-- .rodata
0083b108    0083b108    00000018   00000018    rw-
  0083b108    0083b108    00000018   00000018    rw- .bss
0083b120    0083b120    00000098   00000098    rw-
  0083b120    0083b120    00000098   00000098    rw- .neardata


SECTION ALLOCATION MAP

 output                                  attributes/
section   page    origin      length       input sections
--------  ----  ----------  ----------   ----------------
.text:vectors 
*          0    00800000    00000200     
                  00800000    00000200     freertos.awr294x.c66.ti-c6000.debug.lib : port_hwi_vectors_freertos_asm.obj (.text:vectors)

.text      0    00800200    000206c0     
                  00800200    00002160     rts6600_elf.lib : _scanfi.c.obj (.text:__TI_scanfi)
                  00802360    00002000                     : _printfi.c.obj (.text:__TI_printfi:__TI_printfi)
                  00804360    00000be0     freertos.awr294x.c66.ti-c6000.debug.lib : printf.obj (.text:_vsnprintf)
                  00804f40    00000a80     drivers.awr294x.c66.ti-c6000.debug.lib : soc_rcm.obj (.text:SOC_rcmGetClkSrcAndDivValue)
                  008059c0    000008e0     rts6600_elf.lib : strtod.c.obj (.text:strtod)
                  008062a0    00000820     drivers.awr294x.c66.ti-c6000.debug.lib : ipc_notify_v1.obj (.text:IpcNotify_init)
                  00806ac0    00000600     rts6600_elf.lib : _printfi.c.obj (.text:_pconv_a)
                  008070c0    000005a0     freertos.awr294x.c66.ti-c6000.debug.lib : printf.obj (.text:_ftoa)
                  00807660    00000580     rts6600_elf.lib : divd.c.obj (.text:__c6xabi_divd)
                  00807be0    00000560     freertos.awr294x.c66.ti-c6000.debug.lib : printf.obj (.text:_etoa)
                  00808140    00000500     drivers.awr294x.c66.ti-c6000.debug.lib : soc_rcm.obj (.text:SOC_rcmGetClkSrcAndDivReg)
                  00808640    000004e0                                            : edma.obj (.text:EDMA_initialize)
                  00808b20    000004c0     rts6600_elf.lib : _printfi.c.obj (.text:_pconv_g)
                  00808fe0    000004c0                     : strtoll.c.obj (.text:strtoll)
                  008094a0    00000440     drivers.awr294x.c66.ti-c6000.debug.lib : ipc_notify_v1.obj (.text:IpcNotify_isr)
                  008098e0    00000420                                            : edma.obj (.text:EDMA_open)
                  00809d00    00000420     rts6600_elf.lib : strtoull.c.obj (.text:strtoull)
                  0080a120    000003c0     drivers.awr294x.c66.ti-c6000.debug.lib : uart_sci.obj (.text:UART_open)
                  0080a4e0    000003c0     rts6600_elf.lib : _printfi.c.obj (.text:_pconv_e)
                  0080a8a0    000003a0     drivers.awr294x.c66.ti-c6000.debug.lib : uart_sci.obj (.text:UART_controllerIsr)
                  0080ac40    000003a0                                            : uart_sci_edma.obj (.text:UART_edmaChannelConfig)
                  0080afe0    000003a0     rts6600_elf.lib : strtol.c.obj (.text:strtol)
                  0080b380    00000340     drivers.awr294x.c66.ti-c6000.debug.lib : edma.obj (.text:Alloc_resource)
                  0080b6c0    00000340     freertos.awr294x.c66.ti-c6000.debug.lib : HwiP_c66.obj (.text:HwiP_construct)
                  0080ba00    00000320     rts6600_elf.lib : strtoul.c.obj (.text:strtoul)
                  0080bd20    00000300     freertos.awr294x.c66.ti-c6000.debug.lib : printf.obj (.text:_ntoa_format)
                  0080c020    00000300                                             : queue.obj (.text:xQueueSemaphoreTake)
                  0080c320    000002c0     drivers.awr294x.c66.ti-c6000.debug.lib : edma.obj (.text:EDMA_transferCompletionMasterIsrFxn)
                  0080c5e0    000002c0     freertos.awr294x.c66.ti-c6000.debug.lib : TimerP_rti.obj (.text:TimerP_setup)
                  0080c8a0    000002c0     drivers.awr294x.c66.ti-c6000.debug.lib : uart_sci.obj (.text:UART_close)
                  0080cb60    000002c0     rts6600_elf.lib : memory.c.obj (.text:aligned_alloc)
                  0080ce20    000002c0     freertos.awr294x.c66.ti-c6000.debug.lib : queue.obj (.text:xQueueGenericSend)
                  0080d0e0    000002a0                                             : ClockP_freertos_c66.obj (.text:ClockP_init)
                  0080d380    000002a0     drivers.awr294x.c66.ti-c6000.debug.lib : ipc_rpmsg.obj (.text:RPMessage_send)
                  0080d620    000002a0                                            : ipc_rpmsg_vring.obj (.text:RPMessage_vringResetInternal)
                  0080d8c0    000002a0     freertos.awr294x.c66.ti-c6000.debug.lib : timers.obj (.text:prvProcessReceivedCommands)
                  0080db60    00000280     drivers.awr294x.c66.ti-c6000.debug.lib : soc.obj (.text:SOC_controlModuleUnlockMMR)
                  0080dde0    00000280                                            : uart_sci.obj (.text:UART_configInstance)
                  0080e060    00000280                                            : uart_sci_edma.obj (.text:UART_writeDma)
                  0080e2e0    00000280     freertos.awr294x.c66.ti-c6000.debug.lib : queue.obj (.text:xQueueReceive)
                  0080e560    00000260     drivers.awr294x.c66.ti-c6000.debug.lib : edma.obj (.text:EDMA_errorIsrFxn)
                  0080e7c0    00000260                                            : ipc_rpmsg.obj (.text:RPMessage_init)
                  0080ea20    00000260     rts6600_elf.lib : _printfi.c.obj (.text:fcvt)
                  0080ec80    00000260                     : memory.c.obj (.text:free)
                  0080eee0    00000240     drivers.awr294x.c66.ti-c6000.debug.lib : ipc_rpmsg.obj (.text:RPMessage_recv)
                  0080f120    00000240                                            : soc_rcm.obj (.text:SOC_rcmGetHSDIVClkOutMuxClkSrc)
                  0080f360    00000240     rts6600_elf.lib : imath64.c.obj (.text:__c6xabi_divull)
                  0080f5a0    00000220     drivers.awr294x.c66.ti-c6000.debug.lib : uart_sci.obj (.text:UART_write)
                  0080f7c0    00000220     rts6600_elf.lib : _printfi.c.obj (.text:_pconv_f)
                  0080f9e0    00000220     freertos.awr294x.c66.ti-c6000.debug.lib : tasks.obj (.text:prvInitialiseNewTask)
                  0080fc00    00000220                                             : queue.obj (.text:xQueueGenericSendFromISR)
                  0080fe20    00000200     drivers.awr294x.c66.ti-c6000.debug.lib : ipc_rpmsg.obj (.text:RPMessage_recvHandler)
                  00810020    00000200                                            : soc.obj (.text:SOC_controlModuleLockMMR)
                  00810220    00000200     freertos.awr294x.c66.ti-c6000.debug.lib : port_hwi_disp_always.obj (.text:_Hwi_dispatchAlways)
                  00810420    000001e0                                             : Context_c66.obj (.text:Context_save)
                  00810600    000001e0                                             : tasks.obj (.text:vTaskPriorityDisinheritAfterTimeout)
                  008107e0    000001e0                                             : queue.obj (.text:xQueueGiveFromISR)
                  008109c0    000001c0                                             : HwiP_c66.obj (.text:HwiP_destruct)
                  00810b80    000001c0     drivers.awr294x.c66.ti-c6000.debug.lib : ipc_notify_v1_cfg.obj (.text:IpcNotify_trigInterrupt_ack)
                  00810d40    000001c0     rts6600_elf.lib : _printfi.c.obj (.text:__TI_printfi:_ltostr___TI_printfi)
                  00810f00    000001c0                     : imath40.c.obj (.text:__c6xabi_divul)
                  008110c0    000001c0                     : fputc.c.obj (.text:fputc)
                  00811280    000001c0                     : frexp.c.obj (.text:frexp)
                  00811440    000001c0     freertos.awr294x.c66.ti-c6000.debug.lib : queue.obj (.text:xQueueReceiveFromISR)
                  00811600    000001c0                                             : tasks.obj (.text:xTaskIncrementTick)
                  008117c0    000001c0                                             : tasks.obj (.text:xTaskResumeAll)
                  00811980    000001a0     rts6600_elf.lib : hostrename.c.obj (.text:HOSTrename)
                  00811b20    000001a0     freertos.awr294x.c66.ti-c6000.debug.lib : HwiP_c66.obj (.text:HwiP_init)
                  00811cc0    000001a0     drivers.awr294x.c66.ti-c6000.debug.lib : ipc_notify_v1.obj (.text:IpcNotify_sendMsg)
                  00811e60    000001a0                                            : ipc_notify_v1_cfg.obj (.text:IpcNotify_trigInterrupt)
                  00812000    000001a0                                            : ipc_rpmsg_vring.obj (.text:RPMessage_vringReset)
                  008121a0    000001a0                                            : soc_rcm.obj (.text:SOC_rcmGetDpllHSDivOutFreq)
                  00812340    000001a0     ti_drivers_config.obj (.text:System_init)
                  008124e0    000001a0     DSP.obj (.text:dsp_main)
                  00812680    000001a0     rts6600_elf.lib : setvbuf.c.obj (.text:setvbuf)
                  00812820    000001a0     freertos.awr294x.c66.ti-c6000.debug.lib : tasks.obj (.text:vTaskSwitchContext)
                  008129c0    000001a0                                             : queue.obj (.text:xQueueGenericCreateStatic)
                  00812b60    00000180     drivers.awr294x.c66.ti-c6000.debug.lib : edma.obj (.text:EDMA_clearCcErrors)
                  00812ce0    00000180     freertos.awr294x.c66.ti-c6000.debug.lib : HwiP_c66_handlers_freertos.obj (.text:HwiP_assignIntrHandlers)
                  00812e60    00000180                                             : HwiP_c66.obj (.text:HwiP_intcEcmDispatcher)
                  00812fe0    00000180     drivers.awr294x.c66.ti-c6000.debug.lib : soc_rcm.obj (.text:SOC_rcmGetApllHSDivOutFreq)
                  00813160    00000180                                            : uart_sci.obj (.text:UART_writeInterrupt)
                  008132e0    00000180     freertos.awr294x.c66.ti-c6000.debug.lib : HwiP_c66_asm.obj (.text)
                  00813460    00000180     rts6600_elf.lib : ldexp.c.obj (.text:ldexp)
                  008135e0    00000180                     : memory.c.obj (.text:split)
                  00813760    00000180     freertos.awr294x.c66.ti-c6000.debug.lib : tasks.obj (.text:xTaskPriorityDisinherit)
                  008138e0    00000180                                             : tasks.obj (.text:xTaskPriorityInherit)
                  00813a60    00000160                                             : Context_c66.obj (.text:Context_restore)
                  00813bc0    00000160                                             : Context_c66.obj (.text:Context_triggerSleep)
                  00813d20    00000160     drivers.awr294x.c66.ti-c6000.debug.lib : edma.obj (.text:EDMA_freeDmaChannel)
                  00813e80    00000160                                            : edma.obj (.text:EDMA_freeParam)
                  00813fe0    00000160                                            : edma.obj (.text:EDMA_freeTcc)
                  00814140    00000160                                            : edma.obj (.text:EDMA_registerIntr)
                  008142a0    00000160     freertos.awr294x.c66.ti-c6000.debug.lib : HwiP_c66.obj (.text:HwiP_intcDispatcherCore)
                  00814400    00000160                                             : HwiP_c66_handlers_freertos.obj (.text:HwiP_intcNmiDispatcher)
                  00814560    00000160     drivers.awr294x.c66.ti-c6000.debug.lib : ipc_rpmsg_vring.obj (.text:RPMessage_vringGetFullRxBuf)
                  008146c0    00000160                                            : ipc_rpmsg_vring.obj (.text:RPMessage_vringPutEmptyRxBuf)
                  00814820    00000160                                            : ipc_rpmsg_vring.obj (.text:RPMessage_vringPutFullTxBuf)
                  00814980    00000160                                            : soc_rcm.obj (.text:SOC_rcmADPLLJGetFOut)
                  00814ae0    00000160                                            : uart_sci.obj (.text:UART_writePolling)
                  00814c40    00000160     rts6600_elf.lib : sscanf.c.obj (.text:_chkmbc)
                  00814da0    00000160     freertos.awr294x.c66.ti-c6000.debug.lib : printf.obj (.text:_ntoa_long_long)
                  00814f00    00000160                                             : tasks.obj (.text:vTaskDelete)
                  00815060    00000160                                             : tasks.obj (.text:xTaskCreateStatic)
                  008151c0    00000140     drivers.awr294x.c66.ti-c6000.debug.lib : edma.obj (.text:EDMA_close)
                  00815300    00000140                                            : edma.obj (.text:EDMA_enableChInShadowRegRegion)
                  00815440    00000140                                            : ipc_rpmsg.obj (.text:RPMessage_coreInit)
                  00815580    00000140                                            : ipc_rpmsg_vring.obj (.text:RPMessage_vringGetEmptyTxBuf)
                  008156c0    00000140                                            : soc_rcm.obj (.text:SOC_rcmGetCoreFout)
                  00815800    00000140                                            : soc_rcm.obj (.text:SOC_rcmGetDSSFout)
                  00815940    00000140                                            : soc_rcm.obj (.text:SOC_rcmGetPerFout)
                  00815a80    00000140                                            : uart_sci.obj (.text:UART_flushTxFifo)
                  00815bc0    00000140                                            : uart_sci.obj (.text:UART_init)
                  00815d00    00000140     freertos.awr294x.c66.ti-c6000.debug.lib : printf.obj (.text:_ntoa_long)
                  00815e40    00000140     rts6600_elf.lib : _scanfi.c.obj (.text:_sproc_str)
                  00815f80    00000140                     : _scanfi.c.obj (.text:_sproc_wstr)
                  008160c0    00000140     freertos.awr294x.c66.ti-c6000.debug.lib : queue.obj (.text:prvCopyDataToQueue)
                  00816200    00000140                                             : timers.obj (.text:prvSwitchTimerLists)
                  00816340    00000140                                             : queue.obj (.text:xQueueGenericReset)
                  00816480    00000140                                             : tasks.obj (.text:xTaskCheckForTimeOut)
                  008165c0    00000120     drivers.awr294x.c66.ti-c6000.debug.lib : edma.obj (.text:EDMA_ccPaRAMEntry_init)
                  008166e0    00000120                                            : edma.obj (.text:EDMA_configureChannelRegion)
                  00816800    00000120                                            : edma.obj (.text:EDMA_mapChToEvtQ)
                  00816920    00000120                                            : ipc_notify_v1.obj (.text:IpcNotify_readAckCallback)
                  00816a40    00000120                                            : mailbox.obj (.text:Mailbox_init)
                  00816b60    00000120                                            : ipc_rpmsg.obj (.text:RPMessage_construct)
                  00816c80    00000120                                            : soc_rcm.obj (.text:SOC_rcmGetCoreHSDivOut)
                  00816da0    00000120                                            : soc_rcm.obj (.text:SOC_rcmGetPerHSDivOut)
                  00816ec0    00000120                                            : soc.obj (.text:SOC_virtToPhy)
                  00816fe0    00000120                                            : uart_sci_edma.obj (.text:UART_rxEdmaIsrFxn)
                  00817100    00000120                                            : uart_sci_edma.obj (.text:UART_txEdmaIsrFxn)
                  00817220    00000120     freertos.awr294x.c66.ti-c6000.debug.lib : printf.obj (.text:_out_rev)
                  00817340    00000120     rts6600_elf.lib : getdevice.c.obj (.text:getdevice)
                  00817460    00000120     freertos.awr294x.c66.ti-c6000.debug.lib : tasks.obj (.text:prvAddNewTaskToReadyList)
                  00817580    00000120                                             : queue.obj (.text:prvUnlockQueue)
                  008176a0    00000120                                             : tasks.obj (.text:vTaskStartScheduler)
                  008177c0    00000120                                             : tasks.obj (.text:xTaskRemoveFromEventList)
                  008178e0    00000100                                             : ClockP_freertos.obj (.text:ClockP_getTimeUsec)
                  008179e0    00000100     ti_drivers_open_close.obj (.text:Drivers_uartOpen)
                  00817ae0    00000100     freertos.awr294x.c66.ti-c6000.debug.lib : HwiP_c66.obj (.text:HwiP_intcMapEventVector)
                  00817be0    00000100     drivers.awr294x.c66.ti-c6000.debug.lib : ipc_notify_v1.obj (.text:IpcNotify_Params_init)
                  00817ce0    00000100     ti_power_clock_config.obj (.text:Module_clockSetFrequency)
                  00817de0    00000100     drivers.awr294x.c66.ti-c6000.debug.lib : ipc_rpmsg.obj (.text:RPMessage_Params_init)
                  00817ee0    00000100                                            : soc_rcm.obj (.text:SOC_rcmGetFreqLeafNode)
                  00817fe0    00000100     freertos.awr294x.c66.ti-c6000.debug.lib : SemaphoreP_freertos.obj (.text:SemaphoreP_constructBinary)
                  008180e0    00000100     drivers.awr294x.c66.ti-c6000.debug.lib : uart_sci.obj (.text:UART_writeCancelNoCB)
                  008181e0    00000100     rts6600_elf.lib : fclose.c.obj (.text:__TI_closefile)
                  008182e0    00000100                     : atoi.c.obj (.text:atoi)
                  008183e0    00000100                     : fseek.c.obj (.text:fseeko)
                  008184e0    00000100     freertos.awr294x.c66.ti-c6000.debug.lib : tasks.obj (.text:prvAddCurrentTaskToDelayedList)
                  008185e0    000000e0     ti_drivers_open_close.obj (.text:Drivers_edmaOpen)
                  008186c0    000000e0     ti_drivers_config.obj (.text:Drivers_uartInit)
                  008187a0    000000e0     drivers.awr294x.c66.ti-c6000.debug.lib : edma.obj (.text:EDMA_enableTccInShadowRegRegion)
                  00818880    000000e0                                            : edma.obj (.text:EDMA_init)
                  00818960    000000e0     rts6600_elf.lib : hostlseek.c.obj (.text:HOSTlseek)
                  00818a40    000000e0                     : hostopen.c.obj (.text:HOSTopen)
                  00818b20    000000e0     drivers.awr294x.c66.ti-c6000.debug.lib : ipc_notify_v1.obj (.text:IpcNotify_registerClient)
                  00818c00    000000e0                                            : soc_rcm.obj (.text:SOC_rcmGetDSSHSDivOut)
                  00818ce0    000000e0                                            : soc_rcm.obj (.text:SOC_rcmGetXTALFrequency)
                  00818dc0    000000e0                                            : soc_rcm.obj (.text:SOC_rcmSetPeripheralClock)
                  00818ea0    000000e0     rts6600_elf.lib : _ltoa.c.obj (.text:__TI_ltoa)
                  00818f80    000000e0                     : _io_perm.c.obj (.text:__TI_wrt_ok)
                  00819060    000000e0                     : divi.asm.obj (.text:__divi)
                  00819140    000000e0                     : close.c.obj (.text:close)
                  00819220    000000e0                     : exit.c.obj (.text:exit)
                  00819300    000000e0                     : memset.c.obj (.text:memset)
                  008193e0    000000e0     freertos.awr294x.c66.ti-c6000.debug.lib : tasks.obj (.text:prvInitialiseTaskLists)
                  008194c0    000000e0                                             : timers.obj (.text:prvProcessExpiredTimer)
                  008195a0    000000e0                                             : timers.obj (.text:xTimerCreateTimerTask)
                  00819680    000000e0                                             : timers.obj (.text:xTimerGenericCommand)
                  00819760    000000c0     drivers.awr294x.c66.ti-c6000.debug.lib : edma.obj (.text:EDMA_clrMissEvtRegion)
                  00819820    000000c0                                            : edma.obj (.text:EDMA_getTcErrorInfo)
                  008198e0    000000c0     rts6600_elf.lib : hostread.c.obj (.text:HOSTread)
                  008199a0    000000c0                     : hostunlink.c.obj (.text:HOSTunlink)
                  00819a60    000000c0                     : hostwrite.c.obj (.text:HOSTwrite)
                  00819b20    000000c0     drivers.awr294x.c66.ti-c6000.debug.lib : ipc_notify_v1.obj (.text:IpcNotify_mailboxWrite)
                  00819be0    000000c0     ti_power_clock_config.obj (.text:Module_clockEnable)
                  00819ca0    000000c0     drivers.awr294x.c66.ti-c6000.debug.lib : ipc_rpmsg.obj (.text:RPMessage_getEndPtMsg)
                  00819d60    000000c0                                            : ipc_rpmsg.obj (.text:RPMessage_notifyCallback)
                  00819e20    000000c0     freertos.awr294x.c66.ti-c6000.debug.lib : SemaphoreP_freertos.obj (.text:SemaphoreP_pend)
                  00819ee0    000000c0                                             : DebugP_log.obj (.text:_DebugP_assert)
                  00819fa0    000000c0                                             : DebugP_freertos.obj (.text:_DebugP_logZone)
                  0081a060    000000c0     rts6600_elf.lib : autoinit.c.obj (.text:__TI_auto_init_nobinit_nopinit:__TI_auto_init_nobinit_nopinit)
                  0081a120    000000c0                     : divu.asm.obj (.text:__divu)
                  0081a1e0    000000c0                     : remi.asm.obj (.text:__remi)
                  0081a2a0    000000c0                     : _printfi.c.obj (.text:_ecpy)
                  0081a360    000000c0     freertos.awr294x.c66.ti-c6000.debug.lib : power.obj (.text)
                  0081a420    000000c0     main.obj (.text:main)
                  0081a4e0    000000c0     freertos.awr294x.c66.ti-c6000.debug.lib : timers.obj (.text:prvProcessTimerOrBlockTask)
                  0081a5a0    000000c0     rts6600_elf.lib : tls.c.obj (.text:tls:init:__TI_tls_init)
                  0081a660    000000c0     freertos.awr294x.c66.ti-c6000.debug.lib : list.obj (.text:vListInsert)
                  0081a720    000000a0                                             : CacheP_c66.obj (.text:CacheP_init)
                  0081a7c0    000000a0     drivers.awr294x.c66.ti-c6000.debug.lib : edma.obj (.text:EDMA_allocDmaChannel)
                  0081a860    000000a0                                            : edma.obj (.text:EDMA_allocParam)
                  0081a900    000000a0                                            : edma.obj (.text:EDMA_allocTcc)
                  0081a9a0    000000a0                                            : edma.obj (.text:EDMA_clearTcErrors)
                  0081aa40    000000a0                                            : edma.obj (.text:EDMA_enableTransferRegion)
                  0081aae0    000000a0                                            : edma.obj (.text:EDMA_readIntrStatusRegion)
                  0081ab80    000000a0     rts6600_elf.lib : hostclose.c.obj (.text:HOSTclose)
                  0081ac20    000000a0     drivers.awr294x.c66.ti-c6000.debug.lib : ipc_notify_v1.obj (.text:IpcNotify_mailboxReadSwQ)
                  0081acc0    000000a0                                            : ipc_notify_v1.obj (.text:IpcNotify_makeMsg)
                  0081ad60    000000a0                                            : pinmux.obj (.text:Pinmux_config)
                  0081ae00    000000a0                                            : ipc_rpmsg_vring.obj (.text:RPMessage_vringIsFullRxBuf)
                  0081aea0    000000a0                                            : soc_rcm.obj (.text:SOC_rcmGetFreq)
                  0081af40    000000a0                                            : soc_rcm.obj (.text:SOC_rcmInsert16)
                  0081afe0    000000a0     freertos.awr294x.c66.ti-c6000.debug.lib : SemaphoreP_freertos.obj (.text:SemaphoreP_constructMutex)
                  0081b080    000000a0                                             : SemaphoreP_freertos.obj (.text:SemaphoreP_post)
                  0081b120    000000a0     drivers.awr294x.c66.ti-c6000.debug.lib : uart_sci.obj (.text:UART_Params_init)
                  0081b1c0    000000a0                                            : uart_sci.obj (.text:UART_checkOpenParams)
                  0081b260    000000a0                                            : uart_sci.obj (.text:UART_rxChar)
                  0081b300    000000a0                                            : uart_sci.obj (.text:UART_txChar)
                  0081b3a0    000000a0     rts6600_elf.lib : fopen.c.obj (.text:__TI_cleanup)
                  0081b440    000000a0                     : fflush.c.obj (.text:__TI_doflush)
                  0081b4e0    000000a0                     : remu.asm.obj (.text:__remu)
                  0081b580    000000a0                     : getdevice.c.obj (.text:finddevice)
                  0081b620    000000a0                     : memcpy64.asm.obj (.text:memcpy)
                  0081b6c0    000000a0     freertos.awr294x.c66.ti-c6000.debug.lib : timers.obj (.text:prvCheckForValidListAndQueue)
                  0081b760    000000a0                                             : tasks.obj (.text:prvIdleTask)
                  0081b800    000000a0                                             : timers.obj (.text:prvInsertTimerInActiveList)
                  0081b8a0    000000a0                                             : queue.obj (.text:vQueueUnregisterQueue)
                  0081b940    000000a0                                             : queue.obj (.text:vQueueWaitForMessageRestricted)
                  0081b9e0    000000a0                                             : queue.obj (.text:xQueueGiveMutexRecursive)
                  0081ba80    000000a0                                             : queue.obj (.text:xQueueTakeMutexRecursive)
                  0081bb20    00000080                                             : CacheP_c66.obj (.text:CacheP_all)
                  0081bba0    00000080                                             : CacheP_c66.obj (.text:CacheP_setMar)
                  0081bc20    00000080                                             : CacheP_c66.obj (.text:CacheP_setSize)
                  0081bca0    00000080                                             : Context_c66.obj (.text:Context_sleepHook)
                  0081bd20    00000080     drivers.awr294x.c66.ti-c6000.debug.lib : edma.obj (.text:EDMA_clrEvtRegion)
                  0081bda0    00000080                                            : edma.obj (.text:EDMA_clrIntrRegion)
                  0081be20    00000080                                            : edma.obj (.text:EDMA_disableDmaEvtRegion)
                  0081bea0    00000080                                            : edma.obj (.text:EDMA_disableEvtIntrRegion)
                  0081bf20    00000080                                            : edma.obj (.text:EDMA_enableDmaEvtRegion)
                  0081bfa0    00000080                                            : edma.obj (.text:EDMA_enableEvtIntrRegion)
                  0081c020    00000080                                            : edma.obj (.text:EDMA_getBaseAddr)
                  0081c0a0    00000080                                            : edma.obj (.text:EDMA_getCcErrorInfo)
                  0081c120    00000080                                            : edma.obj (.text:EDMA_getHandle)
                  0081c1a0    00000080                                            : edma.obj (.text:EDMA_mapQdmaChToPaRAM)
                  0081c220    00000080                                            : edma.obj (.text:EDMA_setEvtRegion)
                  0081c2a0    00000080                                            : edma.obj (.text:EDMA_setPaRAM)
                  0081c320    00000080                                            : ipc_notify_v1.obj (.text:IpcNotify_getMemoryToRead)
                  0081c3a0    00000080                                            : ipc_notify_v1.obj (.text:IpcNotify_getMemoryToWrite)
                  0081c420    00000080                                            : ipc_notify_v1.obj (.text:IpcNotify_getReadDoneAckMailbox)
                  0081c4a0    00000080                                            : ipc_notify_v1.obj (.text:IpcNotify_getWriteMailbox)
                  0081c520    00000080                                            : ipc_notify_v1.obj (.text:IpcNotify_mailboxWriteCustomIpcConfig)
                  0081c5a0    00000080                                            : ipc_notify_v1.obj (.text:IpcNotify_unregisterClient)
                  0081c620    00000080                                            : mailbox.obj (.text:Mailbox_readCallback)
                  0081c6a0    00000080                                            : ipc_rpmsg.obj (.text:RPMessage_allocEndPtMsg)
                  0081c720    00000080                                            : ipc_rpmsg.obj (.text:RPMessage_controlEndPtHandler)
                  0081c7a0    00000080                                            : ipc_rpmsg.obj (.text:RPMessage_freeEndPtMsg)
                  0081c820    00000080                                            : ipc_rpmsg.obj (.text:RPMessage_queueGet)
                  0081c8a0    00000080                                            : ipc_rpmsg_vring.obj (.text:RPMessage_vringCheckEmptyTxBuf)
                  0081c920    00000080                                            : ipc_rpmsg_vring.obj (.text:RPMessage_vringGetSize)
                  0081c9a0    00000080                                            : soc_rcm.obj (.text:SOC_rcmExtract32)
                  0081ca20    00000080                                            : soc_rcm.obj (.text:SOC_rcmExtract8)
                  0081caa0    00000080                                            : soc_rcm.obj (.text:SOC_rcmGetClkSrcFromClkSelVal)
                  0081cb20    00000080                                            : soc_rcm.obj (.text:SOC_rcmMake16)
                  0081cba0    00000080     freertos.awr294x.c66.ti-c6000.debug.lib : port_tasksupport.obj (.text:_TaskSupport_swap__E)
                  0081cc20    00000080     rts6600_elf.lib : trgmsg.c.obj (.text:__TI_readmsg)
                  0081cca0    00000080                     : fixdu.c.obj (.text:__c6xabi_fixdu)
                  0081cd20    00000080                     : llshift.c.obj (.text:__c6xabi_llshl)
                  0081cda0    00000080     freertos.awr294x.c66.ti-c6000.debug.lib : printf.obj (.text:_atoi)
                  0081ce20    00000080     rts6600_elf.lib : boot.c.obj (.text:_c_int00)
                  0081cea0    00000080                     : snprintf.c.obj (.text:_outs)
                  0081cf20    00000080                     : memory.c.obj (.text:free_list_insert)
                  0081cfa0    00000080                     : memory.c.obj (.text:free_list_remove)
                  0081d020    00000080     freertos.awr294x.c66.ti-c6000.debug.lib : tasks.obj (.text:prvCheckTasksWaitingTermination)
                  0081d0a0    00000080                                             : queue.obj (.text:prvCopyDataFromQueue)
                  0081d120    00000080                                             : tasks.obj (.text:prvDeleteTCB)
                  0081d1a0    00000080                                             : tasks.obj (.text:prvGetExpectedIdleTime)
                  0081d220    00000080                                             : queue.obj (.text:prvInitialiseNewQueue)
                  0081d2a0    00000080     rts6600_elf.lib : snprintf.c.obj (.text:snprintf)
                  0081d320    00000080                     : unlink.c.obj (.text:unlink)
                  0081d3a0    00000080     freertos.awr294x.c66.ti-c6000.debug.lib : list.obj (.text:uxListRemove)
                  0081d420    00000080                                             : list.obj (.text:vListInsertEnd)
                  0081d4a0    00000080                                             : port.obj (.text:vPortAssertIfInISR)
                  0081d520    00000080                                             : port.obj (.text:vPortYield)
                  0081d5a0    00000080                                             : queue.obj (.text:vQueueAddToRegistry)
                  0081d620    00000080                                             : queue.obj (.text:vQueueDelete)
                  0081d6a0    00000080                                             : tasks.obj (.text:vTaskPlaceOnEventList)
                  0081d720    00000080                                             : tasks.obj (.text:vTaskPlaceOnEventListRestricted)
                  0081d7a0    00000060                                             : CacheP_c66.obj (.text:CacheP_wbAll)
                  0081d800    00000060                                             : CacheP_c66.obj (.text:CacheP_wbInvAll)
                  0081d860    00000060                                             : ClockP_freertos.obj (.text:ClockP_timerTickIsr)
                  0081d8c0    00000060                                             : DebugP_uartLogWriter.obj (.text:DebugP_uartLogWriterPutChar)
                  0081d920    00000060     ti_dpl_config.obj (.text:Dpl_init)
                  0081d980    00000060     ti_drivers_open_close.obj (.text:Drivers_edmaClose)
                  0081d9e0    00000060     ti_drivers_open_close.obj (.text:Drivers_uartClose)
                  0081da40    00000060     drivers.awr294x.c66.ti-c6000.debug.lib : edma.obj (.text:EDMA_qdmaClrMissEvtRegion)
                  0081daa0    00000060                                            : edma.obj (.text:HW_WR_FIELD32_RAW)
                  0081db00    00000060     freertos.awr294x.c66.ti-c6000.debug.lib : HwiP_c66.obj (.text:HwiP_Params_init)
                  0081db60    00000060                                             : port_hwi.obj (.text:HwiP_inISR)
                  0081dbc0    00000060                                             : port_hwi.obj (.text:Hwi_dispatchC__I)
                  0081dc20    00000060     ti_drivers_config.obj (.text:IpcNotify_allocSwQueue)
                  0081dc80    00000060     drivers.awr294x.c66.ti-c6000.debug.lib : ipc_notify_v1.obj (.text:IpcNotify_getReadDoneMailbox)
                  0081dce0    00000060                                            : ipc_notify_v1.obj (.text:IpcNotify_getReadMailbox)
                  0081dd40    00000060                                            : ipc_notify_v1.obj (.text:IpcNotify_getReadSwQ)
                  0081dda0    00000060                                            : ipc_notify_v1.obj (.text:IpcNotify_mailboxIsPendingIntr)
                  0081de00    00000060                                            : ipc_notify_v1.obj (.text:IpcNotify_mailboxReadCustomIpcConfig)
                  0081de60    00000060                                            : ipc_notify_v1.obj (.text:IpcNotify_syncCallback)
                  0081dec0    00000060                                            : ipc_notify_v1.obj (.text:IpcNotify_syncCustomIpcConfig)
                  0081df20    00000060                                            : mailbox_cfg.obj (.text:Mailbox_getRemoteCoreObj)
                  0081df80    00000060                                            : ipc_rpmsg.obj (.text:RPMessage_controlEndPtInit)
                  0081dfe0    00000060                                            : ipc_rpmsg.obj (.text:RPMessage_isLinuxCore)
                  0081e040    00000060                                            : ipc_rpmsg.obj (.text:RPMessage_putEndPtMsg)
                  0081e0a0    00000060                                            : ipc_rpmsg.obj (.text:RPMessage_queuePut)
                  0081e100    00000060                                            : ipc_rpmsg_vring.obj (.text:RPMessage_vringGetRxBufAddr)
                  0081e160    00000060                                            : ipc_rpmsg_vring.obj (.text:RPMessage_vringGetTxBufAddr)
                  0081e1c0    00000060                                            : ipc_rpmsg_vring.obj (.text:RPMessage_vringGetTxBufLen)
                  0081e220    00000060                                            : soc_rcm.obj (.text:SOC_rcmGetModuleClkDivVal)
                  0081e280    00000060                                            : soc_rcm.obj (.text:SOC_rcmGetPeripheralClock)
                  0081e2e0    00000060                                            : soc_rcm.obj (.text:SOC_rcmIsPadDisableRequired)
                  0081e340    00000060     freertos.awr294x.c66.ti-c6000.debug.lib : TimerP_rti.obj (.text:TimerP_Params_init)
                  0081e3a0    00000060                                             : TimerP_rti.obj (.text:TimerP_getCount)
                  0081e400    00000060                                             : DebugP_uartLogWriter.obj (.text:UART_Transaction_init)
                  0081e460    00000060     drivers.awr294x.c66.ti-c6000.debug.lib : uart_sci.obj (.text:UART_checkTransaction)
                  0081e4c0    00000060                                            : uart_sci.obj (.text:UART_getHandle)
                  0081e520    00000060     freertos.awr294x.c66.ti-c6000.debug.lib : port_hwi_switch.obj (.text:_Hwi_switchAndDispatch__I)
                  0081e580    00000060     rts6600_elf.lib : frcmpyd_div.c.obj (.text:__TI_frcmpyd_div)
                  0081e5e0    00000060                     : trgmsg.c.obj (.text:__TI_writemsg)
                  0081e640    00000060                     : llshift.c.obj (.text:__c6xabi_llshru)
                  0081e6a0    00000060                     : imath64.c.obj (.text:__c6xabi_remull)
                  0081e700    00000060     freertos.awr294x.c66.ti-c6000.debug.lib : printf.obj (.text:_is_digit)
                  0081e760    00000060                                             : printf.obj (.text:_strnlen_s)
                  0081e7c0    00000060     rts6600_elf.lib : imath64.c.obj (.text:_subcull)
                  0081e820    00000060                     : lseek.c.obj (.text:lseek)
                  0081e880    00000060     freertos.awr294x.c66.ti-c6000.debug.lib : timers.obj (.text:prvGetNextExpireTime)
                  0081e8e0    00000060                                             : queue.obj (.text:prvIsQueueFull)
                  0081e940    00000060                                             : timers.obj (.text:prvSampleTimeNow)
                  0081e9a0    00000060                                             : port.obj (.text:pxPortInitialiseStack)
                  0081ea00    00000060     DSP.obj (.text:send_to_core)
                  0081ea60    00000060     rts6600_elf.lib : sscanf.c.obj (.text:sscanf)
                  0081eac0    00000060                     : _scanfi.c.obj (.text:strrchr)
                  0081eb20    00000060     freertos.awr294x.c66.ti-c6000.debug.lib : port.obj (.text:vApplicationGetIdleTaskMemory)
                  0081eb80    00000060                                             : port.obj (.text:vApplicationGetTimerTaskMemory)
                  0081ebe0    00000060                                             : port.obj (.text:vApplicationStackOverflowHook)
                  0081ec40    00000060                                             : tasks.obj (.text:vTaskEnterCritical)
                  0081eca0    00000060                                             : tasks.obj (.text:vTaskExitCritical)
                  0081ed00    00000060     rts6600_elf.lib : write.c.obj (.text:write)
                  0081ed60    00000040     freertos.awr294x.c66.ti-c6000.debug.lib : ClockP_freertos.obj (.text:ClockP_usecToTicks)
                  0081eda0    00000040                                             : DebugP_log.obj (.text:DebugP_logZoneEnable)
                  0081ede0    00000040     drivers.awr294x.c66.ti-c6000.debug.lib : edma.obj (.text:EDMA_channelToParamMap)
                  0081ee20    00000040                                            : edma.obj (.text:EDMA_clrCCErr)
                  0081ee60    00000040                                            : edma.obj (.text:EDMA_disableQdmaEvtRegion)
                  0081eea0    00000040                                            : edma.obj (.text:EDMA_enableQdmaEvtRegion)
                  0081eee0    00000040                                            : edma.obj (.text:EDMA_errIntrHighStatusGet)
                  0081ef20    00000040                                            : edma.obj (.text:EDMA_getCCErrStatus)
                  0081ef60    00000040                                            : edma.obj (.text:EDMA_getEnabledIntrHighRegion)
                  0081efa0    00000040                                            : edma.obj (.text:EDMA_getEnabledIntrRegion)
                  0081efe0    00000040                                            : edma.obj (.text:EDMA_getErrIntrStatus)
                  0081f020    00000040                                            : edma.obj (.text:EDMA_getIntrStatusRegion)
                  0081f060    00000040                                            : edma.obj (.text:EDMA_getRegionId)
                  0081f0a0    00000040                                            : edma.obj (.text:EDMA_intrStatusHighGetRegion)
                  0081f0e0    00000040                                            : edma.obj (.text:EDMA_qdmaGetErrIntrStatus)
                  0081f120    00000040                                            : edma.obj (.text:EDMA_validateIntrObject)
                  0081f160    00000040     freertos.awr294x.c66.ti-c6000.debug.lib : HwiP_c66_handlers_freertos.obj (.text:HwiP_intcReservedDispatcher)
                  0081f1a0    00000040                                             : port_hwi.obj (.text:Hwi_Module_startup)
                  0081f1e0    00000040                                             : port_hwi.obj (.text:Hwi_getIsrStackAddress)
                  0081f220    00000040     ti_drivers_config.obj (.text:IpcNotify_getConfig)
                  0081f260    00000040     drivers.awr294x.c66.ti-c6000.debug.lib : ipc_notify_v1.obj (.text:IpcNotify_isCoreEnabled)
                  0081f2a0    00000040                                            : ipc_notify_v1.obj (.text:IpcNotify_mailboxClearAllInt)
                  0081f2e0    00000040                                            : ipc_notify_v1.obj (.text:IpcNotify_mailboxClearPendingIntr)
                  0081f320    00000040                                            : ipc_notify_v1_cfg.obj (.text:IpcNotify_wait)
                  0081f360    00000040                                            : mailbox.obj (.text:Mailbox_isCoreEnabled)
                  0081f3a0    00000040     ti_pinmux_config.obj (.text:Pinmux_init)
                  0081f3e0    00000040     drivers.awr294x.c66.ti-c6000.debug.lib : ipc_rpmsg.obj (.text:RPMessage_CreateParams_init)
                  0081f420    00000040                                            : soc_rcm.obj (.text:SOC_rcmGetFixedRootClkFout)
                  0081f460    00000040                                            : soc_rcm.obj (.text:SOC_rcmGetHSDivClkSrc)
                  0081f4a0    00000040                                            : soc_rcm.obj (.text:SOC_rcmGetModuleClkDivFromRegVal)
                  0081f4e0    00000040                                            : soc_rcm.obj (.text:SOC_rcmGetPeripheralClockFrequency)
                  0081f520    00000040     freertos.awr294x.c66.ti-c6000.debug.lib : SemaphoreP_freertos.obj (.text:SemaphoreP_destruct)
                  0081f560    00000040                                             : port.obj (.text:Task_Func)
                  0081f5a0    00000040                                             : TimerP_rti.obj (.text:TimerP_clearOverflowInt)
                  0081f5e0    00000040                                             : TimerP_rti.obj (.text:TimerP_getReloadCount)
                  0081f620    00000040                                             : TimerP_rti.obj (.text:TimerP_start)
                  0081f660    00000040                                             : TimerP_rti.obj (.text:TimerP_stop)
                  0081f6a0    00000040     drivers.awr294x.c66.ti-c6000.debug.lib : uart_sci.obj (.text:UART_txIntrEnable)
                  0081f6e0    00000040     freertos.awr294x.c66.ti-c6000.debug.lib : DebugP_log.obj (.text:_DebugP_assertNoLog)
                  0081f720    00000040                                             : port_tasksupport.obj (.text:_TaskSupport_buildTaskStack)
                  0081f760    00000040     rts6600_elf.lib : isinf.c.obj (.text:__c6xabi_isinf)
                  0081f7a0    00000040                     : strasg.asm.obj (.text:__strasgi_64plus)
                  0081f7e0    00000040                     : args_main.c.obj (.text:_args_main)
                  0081f820    00000040     freertos.awr294x.c66.ti-c6000.debug.lib : printf.obj (.text:_out_char)
                  0081f860    00000040     rts6600_elf.lib : snprintf.c.obj (.text:_outc)
                  0081f8a0    00000040                     : memccpy.c.obj (.text:memccpy)
                  0081f8e0    00000040     freertos.awr294x.c66.ti-c6000.debug.lib : queue.obj (.text:prvGetDisinheritPriorityAfterTimeout)
                  0081f920    00000040                                             : queue.obj (.text:prvInitialiseMutex)
                  0081f960    00000040                                             : queue.obj (.text:prvIsQueueEmpty)
                  0081f9a0    00000040                                             : tasks.obj (.text:prvResetNextTaskUnblockTime)
                  0081f9e0    00000040                                             : timers.obj (.text:prvTimerTask)
                  0081fa20    00000040     ti_dpl_config.obj (.text:putchar_)
                  0081fa60    00000040     freertos.awr294x.c66.ti-c6000.debug.lib : tasks.obj (.text:pvTaskIncrementMutexHeldCount)
                  0081faa0    00000040     rts6600_elf.lib : strlen.c.obj (.text:strlen)
                  0081fae0    00000040     freertos.awr294x.c66.ti-c6000.debug.lib : list.obj (.text:vListInitialise)
                  0081fb20    00000040                                             : heap_3.obj (.text:vPortFree)
                  0081fb60    00000040                                             : port.obj (.text:vPortTimerTickHandler)
                  0081fba0    00000040                                             : port.obj (.text:vPortYeildFromISR)
                  0081fbe0    00000040                                             : port.obj (.text:vPortYieldAsyncFromISR)
                  0081fc20    00000040                                             : tasks.obj (.text:vTaskInternalSetTimeOutState)
                  0081fc60    00000040                                             : printf.obj (.text:vprintf_)
                  0081fca0    00000040     rts6600_elf.lib : wcslen.c.obj (.text:wcslen)
                  0081fce0    00000040     freertos.awr294x.c66.ti-c6000.debug.lib : port.obj (.text:xPortInIsrContext)
                  0081fd20    00000040                                             : port.obj (.text:xPortStartScheduler)
                  0081fd60    00000040                                             : queue.obj (.text:xQueueCreateMutexStatic)
                  0081fda0    00000040                                             : tasks.obj (.text:xTaskGetSchedulerState)
                  0081fde0    00000020                                             : AddrTranslateP_null.obj (.text:AddrTranslateP_getLocalAddr)
                  0081fe00    00000020     ti_board_open_close.obj (.text:Board_driversClose)
                  0081fe20    00000020     ti_board_open_close.obj (.text:Board_driversOpen)
                  0081fe40    00000020     ti_board_config.obj (.text:Board_init)
                  0081fe60    00000020     drivers.awr294x.c66.ti-c6000.debug.lib : soc_rcm.obj (.text:CSL_DSSRCM_getBaseAddress)
                  0081fe80    00000020                                            : soc_rcm.obj (.text:CSL_RCM_getBaseAddress)
                  0081fea0    00000020                                            : pinmux.obj (.text:CSL_REG32_WR_RAW)
                  0081fec0    00000020                                            : soc.obj (.text:CSL_REG32_WR_RAW)
                  0081fee0    00000020                                            : soc_rcm.obj (.text:CSL_TopCtrl_getBaseAddress)
                  0081ff00    00000020                                            : soc_rcm.obj (.text:CSL_TopCtrl_readXtalFreqScale)
                  0081ff20    00000020                                            : soc_rcm.obj (.text:CSL_TopRCM_getBaseAddress)
                  0081ff40    00000020     freertos.awr294x.c66.ti-c6000.debug.lib : ClockP_freertos.obj (.text:ClockP_getTicks)
                  0081ff60    00000020                                             : ClockP_freertos_c66.obj (.text:ClockP_getTimerCount)
                  0081ff80    00000020                                             : ClockP_freertos_c66.obj (.text:ClockP_timerClearOverflowInt)
                  0081ffa0    00000020                                             : DebugP_uartLogWriter.obj (.text:DebugP_uartSetDrvIndex)
                  0081ffc0    00000020     ti_drivers_open_close.obj (.text:Drivers_close)
                  0081ffe0    00000020     ti_drivers_open_close.obj (.text:Drivers_open)
                  00820000    00000020     drivers.awr294x.c66.ti-c6000.debug.lib : edma.obj (.text:EDMA_isInterruptEnabled)
                  00820020    00000020                                            : hwa.obj (.text:HWA_init)
                  00820040    00000020                                            : edma.obj (.text:HW_RD_REG32_RAW)
                  00820060    00000020                                            : edma.obj (.text:HW_WR_REG32_RAW)
                  00820080    00000020     freertos.awr294x.c66.ti-c6000.debug.lib : HwiP_c66.obj (.text:HwiP_disable)
                  008200a0    00000020                                             : HwiP_c66.obj (.text:HwiP_enable)
                  008200c0    00000020                                             : HwiP_c66_handlers_freertos.obj (.text:HwiP_intcEcm0Dispatcher)
                  008200e0    00000020                                             : HwiP_c66_handlers_freertos.obj (.text:HwiP_intcEcm1Dispatcher)
                  00820100    00000020                                             : HwiP_c66_handlers_freertos.obj (.text:HwiP_intcEcm2Dispatcher)
                  00820120    00000020                                             : HwiP_c66_handlers_freertos.obj (.text:HwiP_intcEcm3Dispatcher)
                  00820140    00000020                                             : HwiP_c66_handlers_freertos.obj (.text:HwiP_intcdm10Dispatcher)
                  00820160    00000020                                             : HwiP_c66_handlers_freertos.obj (.text:HwiP_intcdm11Dispatcher)
                  00820180    00000020                                             : HwiP_c66_handlers_freertos.obj (.text:HwiP_intcdm4Dispatcher)
                  008201a0    00000020                                             : HwiP_c66_handlers_freertos.obj (.text:HwiP_intcdm5Dispatcher)
                  008201c0    00000020                                             : HwiP_c66_handlers_freertos.obj (.text:HwiP_intcdm6Dispatcher)
                  008201e0    00000020                                             : HwiP_c66_handlers_freertos.obj (.text:HwiP_intcdm7Dispatcher)
                  00820200    00000020                                             : HwiP_c66_handlers_freertos.obj (.text:HwiP_intcdm8Dispatcher)
                  00820220    00000020                                             : HwiP_c66_handlers_freertos.obj (.text:HwiP_intcdm9Dispatcher)
                  00820240    00000020                                             : HwiP_c66.obj (.text:HwiP_restore)
                  00820260    00000020                                             : port_hwi.obj (.text:Hwi_dispatchCore__I)
                  00820280    00000020                                             : port_hwi.obj (.text:Hwi_switchFromBootStack)
                  008202a0    00000020     drivers.awr294x.c66.ti-c6000.debug.lib : ipc_notify_v1.obj (.text:IpcNotify_getSelfCoreId)
                  008202c0    00000020                                            : ipc_notify_v1.obj (.text:IpcNotify_isCustomIpcConfigEnabled)
                  008202e0    00000020                                            : ipc_notify_v1.obj (.text:IpcNotify_mailboxGetPendingIntr)
                  00820300    00000020                                            : ipc_notify_v1.obj (.text:IpcNotify_registerNonNotifyCallback)
                  00820320    00000020                                            : mailbox.obj (.text:Mailbox_Params_init)
                  00820340    00000020     ti_power_clock_config.obj (.text:PowerClock_init)
                  00820360    00000020     drivers.awr294x.c66.ti-c6000.debug.lib : ipc_rpmsg_vring.obj (.text:RPMessage_align)
                  00820380    00000020                                            : ipc_rpmsg.obj (.text:RPMessage_queueReset)
                  008203a0    00000020                                            : soc.obj (.text:SOC_moduleClockEnable)
                  008203c0    00000020                                            : soc.obj (.text:SOC_moduleSetClockFrequency)
                  008203e0    00000020     freertos.awr294x.c66.ti-c6000.debug.lib : TaskP_freertos.obj (.text:TaskP_yield)
                  00820400    00000020                                             : port.obj (.text:Task_enter)
                  00820420    00000020                                             : port.obj (.text:Task_exit)
                  00820440    00000020     drivers.awr294x.c66.ti-c6000.debug.lib : uart_sci_edma.obj (.text:UART_disableTxDma)
                  00820460    00000020                                            : uart_sci_edma.obj (.text:UART_enableTxDma)
                  00820480    00000020                                            : uart_sci.obj (.text:UART_isRxIntrEnabled)
                  008204a0    00000020                                            : uart_sci.obj (.text:UART_isTxIntrEnabled)
                  008204c0    00000020                                            : uart_sci.obj (.text:UART_isTxRdy)
                  008204e0    00000020                                            : uart_sci.obj (.text:UART_rxIntrDisable)
                  00820500    00000020                                            : uart_sci.obj (.text:UART_txIntrDisable)
                  00820520    00000020     freertos.awr294x.c66.ti-c6000.debug.lib : port_tasksupport.obj (.text:_TaskSupport_glue)
                  00820540    00000020     rts6600_elf.lib : errno.c.obj (.text:__c6xabi_errno_addr)
                  00820560    00000020                     : push.asm.obj (.text:__pop_rts)
                  00820580    00000020                     : push.asm.obj (.text:__push_rts)
                  008205a0    00000020                     : sscanf.c.obj (.text:_inpchar)
                  008205c0    00000020                     : _lock.c.obj (.text:_nop)
                  008205e0    00000020     freertos.awr294x.c66.ti-c6000.debug.lib : printf.obj (.text:_out_null)
                  00820600    00000020     rts6600_elf.lib : signbit.c.obj (.text:_signbit)
                  00820620    00000020                     : startup.c.obj (.text:_system_post_cinit)
                  00820640    00000020                     : pre_init.c.obj (.text:_system_pre_init)
                  00820660    00000020                     : sscanf.c.obj (.text:_uninpchar)
                  00820680    00000020                     : exit.c.obj (.text:abort)
                  008206a0    00000020     freertos.awr294x.c66.ti-c6000.debug.lib : port_hwi_vectors_freertos_asm.obj (.text)
                  008206c0    00000020     main.obj (.text:freertos_main)
                  008206e0    00000020     rts6600_elf.lib : memory.c.obj (.text:malloc)
                  00820700    00000020     freertos.awr294x.c66.ti-c6000.debug.lib : port.obj (.text:prvTaskExitError)
                  00820720    00000020     rts6600_elf.lib : fputc.c.obj (.text:putchar)
                  00820740    00000020     freertos.awr294x.c66.ti-c6000.debug.lib : port.obj (.text:uiPortGetRunTimeCounterValue)
                  00820760    00000020                                             : list.obj (.text:vListInitialiseItem)
                  00820780    00000020                                             : port.obj (.text:vPortConfigTimerForRunTimeStats)
                  008207a0    00000020                                             : port.obj (.text:vPortEnterCritical)
                  008207c0    00000020                                             : port.obj (.text:vPortExitCritical)
                  008207e0    00000020                                             : port.obj (.text:vPortRestoreTaskContext)
                  00820800    00000020                                             : port.obj (.text:vPortSuppressTicksAndSleep)
                  00820820    00000020                                             : port.obj (.text:vPortValidateInterruptPriority)
                  00820840    00000020                                             : tasks.obj (.text:vTaskMissedYield)
                  00820860    00000020                                             : tasks.obj (.text:vTaskSuspendAll)
                  00820880    00000020                                             : tasks.obj (.text:xTaskGetCurrentTaskHandle)
                  008208a0    00000020                                             : tasks.obj (.text:xTaskGetTickCount)

.const     0    008377c0    00002aa0     
                  008377c0    00000568     freertos.awr294x.c66.ti-c6000.debug.lib : tasks.obj (.const:.string)
                  00837d28    0000053c                                             : queue.obj (.const:.string)
                  00838264    00000374     drivers.awr294x.c66.ti-c6000.debug.lib : ipc_rpmsg.obj (.const:.string)
                  008385d8    00000344                                            : soc_rcm.obj (.const:.string)
                  0083891c    00000004     --HOLE-- [fill = 0]
                  00838920    000001a4                                            : soc_rcm.obj (.const:gSocRcmClkSrcInfoMap)
                  00838ac4    00000004     --HOLE-- [fill = 0]
                  00838ac8    00000188                                            : soc_rcm.obj (.const:gSocRcmADPLLJConfigTbl)
                  00838c50    00000150     freertos.awr294x.c66.ti-c6000.debug.lib : timers.obj (.const:.string)
                  00838da0    00000124     drivers.awr294x.c66.ti-c6000.debug.lib : ipc_notify_v1.obj (.const:.string)
                  00838ec4    00000104     freertos.awr294x.c66.ti-c6000.debug.lib : ClockP_freertos_c66.obj (.const:.string)
                  00838fc8    00000101     rts6600_elf.lib : ctype.c.obj (.const:.string:_ctypes_)
                  008390c9    00000003     --HOLE-- [fill = 0]
                  008390cc    000000c0     freertos.awr294x.c66.ti-c6000.debug.lib : TimerP_rti.obj (.const:.string)
                  0083918c    000000a8     drivers.awr294x.c66.ti-c6000.debug.lib : uart_sci.obj (.const:.string)
                  00839234    000000a8     freertos.awr294x.c66.ti-c6000.debug.lib : port.obj (.const:.string)
                  008392dc    00000094     drivers.awr294x.c66.ti-c6000.debug.lib : edma.obj (.const:.string)
                  00839370    00000088     freertos.awr294x.c66.ti-c6000.debug.lib : SemaphoreP_freertos.obj (.const:.string)
                  008393f8    00000080     rts6600_elf.lib : strtod.c.obj (.const:digits)
                  00839478    0000006c     ti_drivers_open_close.obj (.const:.string)
                  008394e4    00000058     DSP.obj (.const:.string)
                  0083953c    00000050     ti_drivers_config.obj (.const:.string)
                  0083958c    00000004     --HOLE-- [fill = 0]
                  00839590    00000050     freertos.awr294x.c66.ti-c6000.debug.lib : printf.obj (.const:pow10$1)
                  008395e0    00000048     rts6600_elf.lib : strtod.c.obj (.const:powerof10)
                  00839628    00000040     drivers.awr294x.c66.ti-c6000.debug.lib : uart_sci_edma.obj (.const:.string)
                  00839668    0000003c                                            : ipc_notify_v1_cfg.obj (.const:.string)
                  008396a4    0000003c                                            : ipc_rpmsg_vring.obj (.const:.string)
                  008396e0    00000034     main.obj (.const:.string)
                  00839714    00000004     --HOLE-- [fill = 0]
                  00839718    00000034     drivers.awr294x.c66.ti-c6000.debug.lib : soc_rcm.obj (.const:gSocRcmPeripheralClkSrcInfoMap)
                  0083974c    00000030                                            : mailbox.obj (.const:.string)
                  0083977c    00000030     freertos.awr294x.c66.ti-c6000.debug.lib : DebugP_log.obj (.const:.string)
                  008397ac    00000004     --HOLE-- [fill = 0]
                  008397b0    0000002c     drivers.awr294x.c66.ti-c6000.debug.lib : soc_rcm.obj (.const:gSocRcmHsDivMuxClkSrcInfoMap)
                  008397dc    00000004     --HOLE-- [fill = 0]
                  008397e0    00000028                                            : soc_rcm.obj (.const:gSocRcmFixedClocksTbl)
                  00839808    00000024                                            : edma.obj (.const:.string:$P$T18$19)
                  0083982c    00000004     --HOLE-- [fill = 0]
                  00839830    00000024     freertos.awr294x.c66.ti-c6000.debug.lib : tasks.obj (.const:.string:$P$T28$29)
                  00839854    00000024     rts6600_elf.lib : _printfi.c.obj (.const:.string)
                  00839878    00000020     freertos.awr294x.c66.ti-c6000.debug.lib : tasks.obj (.const:.string:$P$T19$20)
                  00839898    0000001f     drivers.awr294x.c66.ti-c6000.debug.lib : soc_rcm.obj (.const:.string:$P$T1$2)
                  008398b7    00000001     --HOLE-- [fill = 0]
                  008398b8    0000001e     freertos.awr294x.c66.ti-c6000.debug.lib : port.obj (.const:.string:$P$T0$1)
                  008398d6    00000002     --HOLE-- [fill = 0]
                  008398d8    0000001c     drivers.awr294x.c66.ti-c6000.debug.lib : ipc_notify_v1_cfg.obj (.const:.string:$P$T1$2)
                  008398f4    00000004     --HOLE-- [fill = 0]
                  008398f8    0000001c                                            : soc_rcm.obj (.const:.string:$P$T6$7)
                  00839914    00000004     --HOLE-- [fill = 0]
                  00839918    0000001b     freertos.awr294x.c66.ti-c6000.debug.lib : SemaphoreP_freertos.obj (.const:.string:$P$T0$1)
                  00839933    00000005     --HOLE-- [fill = 0]
                  00839938    0000001b                                             : timers.obj (.const:.string:$P$T11$13)
                  00839953    00000005     --HOLE-- [fill = 0]
                  00839958    0000001b     drivers.awr294x.c66.ti-c6000.debug.lib : soc_rcm.obj (.const:.string:$P$T21$22)
                  00839973    00000005     --HOLE-- [fill = 0]
                  00839978    0000001a     freertos.awr294x.c66.ti-c6000.debug.lib : queue.obj (.const:.string:$P$T1$2)
                  00839992    00000006     --HOLE-- [fill = 0]
                  00839998    0000001a     drivers.awr294x.c66.ti-c6000.debug.lib : soc_rcm.obj (.const:.string:$P$T12$13)
                  008399b2    00000006     --HOLE-- [fill = 0]
                  008399b8    0000001a     freertos.awr294x.c66.ti-c6000.debug.lib : SemaphoreP_freertos.obj (.const:.string:$P$T2$3)
                  008399d2    00000006     --HOLE-- [fill = 0]
                  008399d8    0000001a     drivers.awr294x.c66.ti-c6000.debug.lib : soc_rcm.obj (.const:gSocRcmCpswClkSrcValMap)
                  008399f2    00000006     --HOLE-- [fill = 0]
                  008399f8    0000001a                                            : soc_rcm.obj (.const:gSocRcmCptsClkSrcValMap)
                  00839a12    00000006     --HOLE-- [fill = 0]
                  00839a18    0000001a                                            : soc_rcm.obj (.const:gSocRcmCsiRxClkSrcValMap)
                  00839a32    00000006     --HOLE-- [fill = 0]
                  00839a38    0000001a                                            : soc_rcm.obj (.const:gSocRcmDssHwaClkSrcValMap)
                  00839a52    00000006     --HOLE-- [fill = 0]
                  00839a58    0000001a                                            : soc_rcm.obj (.const:gSocRcmDssRtiClkSrcValMap)
                  00839a72    00000006     --HOLE-- [fill = 0]
                  00839a78    0000001a                                            : soc_rcm.obj (.const:gSocRcmDssSciClkSrcValMap)
                  00839a92    00000006     --HOLE-- [fill = 0]
                  00839a98    0000001a                                            : soc_rcm.obj (.const:gSocRcmI2CClkSrcValMap)
                  00839ab2    00000006     --HOLE-- [fill = 0]
                  00839ab8    0000001a                                            : soc_rcm.obj (.const:gSocRcmMcanClkSrcValMap)
                  00839ad2    00000006     --HOLE-- [fill = 0]
                  00839ad8    0000001a                                            : soc_rcm.obj (.const:gSocRcmQspiClkSrcValMap)
                  00839af2    00000006     --HOLE-- [fill = 0]
                  00839af8    0000001a                                            : soc_rcm.obj (.const:gSocRcmRtiClkSrcValMap)
                  00839b12    00000006     --HOLE-- [fill = 0]
                  00839b18    0000001a                                            : soc_rcm.obj (.const:gSocRcmSciClkSrcValMap)
                  00839b32    00000006     --HOLE-- [fill = 0]
                  00839b38    0000001a                                            : soc_rcm.obj (.const:gSocRcmSpiClkSrcValMap)
                  00839b52    00000006     --HOLE-- [fill = 0]
                  00839b58    00000019                                            : ipc_notify_v1.obj (.const:.string:$P$T1$2)
                  00839b71    00000007     --HOLE-- [fill = 0]
                  00839b78    00000019     freertos.awr294x.c66.ti-c6000.debug.lib : tasks.obj (.const:.string:$P$T20$21)
                  00839b91    00000007     --HOLE-- [fill = 0]
                  00839b98    00000019                                             : queue.obj (.const:.string:$P$T3$4)
                  00839bb1    00000007     --HOLE-- [fill = 0]
                  00839bb8    00000019                                             : queue.obj (.const:.string:$P$T4$5)
                  00839bd1    00000007     --HOLE-- [fill = 0]
                  00839bd8    00000019                                             : queue.obj (.const:.string:$P$T8$9)
                  00839bf1    00000007     --HOLE-- [fill = 0]
                  00839bf8    00000018     drivers.awr294x.c66.ti-c6000.debug.lib : ipc_notify_v1_cfg.obj (.const:.string:$P$T0$1)
                  00839c10    00000018     freertos.awr294x.c66.ti-c6000.debug.lib : tasks.obj (.const:.string:$P$T27$28)
                  00839c28    00000018     drivers.awr294x.c66.ti-c6000.debug.lib : soc_rcm.obj (.const:.string:$P$T7$8)
                  00839c40    00000017     freertos.awr294x.c66.ti-c6000.debug.lib : timers.obj (.const:.string:$P$T10$11)
                  00839c57    00000001     --HOLE-- [fill = 0]
                  00839c58    00000017     drivers.awr294x.c66.ti-c6000.debug.lib : soc_rcm.obj (.const:.string:$P$T18$19)
                  00839c6f    00000001     --HOLE-- [fill = 0]
                  00839c70    00000017                                            : soc_rcm.obj (.const:.string:$P$T5$6)
                  00839c87    00000001     --HOLE-- [fill = 0]
                  00839c88    00000016     freertos.awr294x.c66.ti-c6000.debug.lib : timers.obj (.const:.string:$P$T0$1)
                  00839c9e    00000002     --HOLE-- [fill = 0]
                  00839ca0    00000016     drivers.awr294x.c66.ti-c6000.debug.lib : soc_rcm.obj (.const:.string:$P$T16$17)
                  00839cb6    00000002     --HOLE-- [fill = 0]
                  00839cb8    00000016     freertos.awr294x.c66.ti-c6000.debug.lib : tasks.obj (.const:.string:$P$T17$18)
                  00839cce    00000002     --HOLE-- [fill = 0]
                  00839cd0    00000016     drivers.awr294x.c66.ti-c6000.debug.lib : soc_rcm.obj (.const:.string:$P$T20$21)
                  00839ce6    00000002     --HOLE-- [fill = 0]
                  00839ce8    00000016                                            : soc_rcm.obj (.const:gSocRcmPllCoreOut2HSDivClkSrcValMap)
                  00839cfe    00000002     --HOLE-- [fill = 0]
                  00839d00    00000016                                            : soc_rcm.obj (.const:gSocRcmPllDspOut1HSDivClkSrcValMap)
                  00839d16    00000002     --HOLE-- [fill = 0]
                  00839d18    00000016                                            : soc_rcm.obj (.const:gSocRcmPllDspOut2HSDivClkSrcValMap)
                  00839d2e    00000002     --HOLE-- [fill = 0]
                  00839d30    00000016                                            : soc_rcm.obj (.const:gSocRcmPllPerOut1HSDivClkSrcValMap)
                  00839d46    00000002     --HOLE-- [fill = 0]
                  00839d48    00000015                                            : ipc_rpmsg_vring.obj (.const:.string:$P$T0$1)
                  00839d5d    00000003     --HOLE-- [fill = 0]
                  00839d60    00000015     freertos.awr294x.c66.ti-c6000.debug.lib : tasks.obj (.const:.string:$P$T1$2)
                  00839d75    00000003     --HOLE-- [fill = 0]
                  00839d78    00000015                                             : queue.obj (.const:.string:$P$T13$14)
                  00839d8d    00000003     --HOLE-- [fill = 0]
                  00839d90    00000015                                             : tasks.obj (.const:.string:$P$T23$24)
                  00839da5    00000003     --HOLE-- [fill = 0]
                  00839da8    00000015                                             : timers.obj (.const:.string:$P$T3$4)
                  00839dbd    00000003     --HOLE-- [fill = 0]
                  00839dc0    00000015     drivers.awr294x.c66.ti-c6000.debug.lib : edma.obj (.const:.string:$P$T8$9)
                  00839dd5    00000003     --HOLE-- [fill = 0]
                  00839dd8    00000015                                            : uart_sci.obj (.const:.string:$P$T9$10)
                  00839ded    00000003     --HOLE-- [fill = 0]
                  00839df0    00000014     freertos.awr294x.c66.ti-c6000.debug.lib : queue.obj (.const:.string:$P$T11$12)
                  00839e04    00000004     --HOLE-- [fill = 0]
                  00839e08    00000014     drivers.awr294x.c66.ti-c6000.debug.lib : uart_sci.obj (.const:.string:$P$T12$13)
                  00839e1c    00000004     --HOLE-- [fill = 0]
                  00839e20    00000014     freertos.awr294x.c66.ti-c6000.debug.lib : timers.obj (.const:.string:$P$T12$14)
                  00839e34    00000004     --HOLE-- [fill = 0]
                  00839e38    00000014     drivers.awr294x.c66.ti-c6000.debug.lib : edma.obj (.const:.string:$P$T14$15)
                  00839e4c    00000004     --HOLE-- [fill = 0]
                  00839e50    00000014                                            : uart_sci.obj (.const:.string:$P$T15$16)
                  00839e64    00000004     --HOLE-- [fill = 0]
                  00839e68    00000014                                            : ipc_rpmsg.obj (.const:.string:$P$T3$4)
                  00839e7c    00000004     --HOLE-- [fill = 0]
                  00839e80    00000014     freertos.awr294x.c66.ti-c6000.debug.lib : tasks.obj (.const:.string:$P$T9$10)
                  00839e94    00000014                                             : printf.obj (.const:.string)
                  00839ea8    00000013                                             : queue.obj (.const:.string:$P$T0$1)
                  00839ebb    00000005     --HOLE-- [fill = 0]
                  00839ec0    00000013                                             : port.obj (.const:.string:$P$T1$2)
                  00839ed3    00000005     --HOLE-- [fill = 0]
                  00839ed8    00000013                                             : tasks.obj (.const:.string:$P$T15$16)
                  00839eeb    00000005     --HOLE-- [fill = 0]
                  00839ef0    00000013                                             : tasks.obj (.const:.string:$P$T16$17)
                  00839f03    00000005     --HOLE-- [fill = 0]
                  00839f08    00000013     drivers.awr294x.c66.ti-c6000.debug.lib : soc_rcm.obj (.const:.string:$P$T17$18)
                  00839f1b    00000005     --HOLE-- [fill = 0]
                  00839f20    00000013                                            : uart_sci.obj (.const:.string:$P$T8$9)
                  00839f33    00000005     --HOLE-- [fill = 0]
                  00839f38    00000012                                            : ipc_notify_v1.obj (.const:.string:$P$T0$1)
                  00839f4a    00000006     --HOLE-- [fill = 0]
                  00839f50    00000012                                            : uart_sci_edma.obj (.const:.string:$P$T0$1)
                  00839f62    00000006     --HOLE-- [fill = 0]
                  00839f68    00000012     freertos.awr294x.c66.ti-c6000.debug.lib : tasks.obj (.const:.string:$P$T0$1)
                  00839f7a    00000006     --HOLE-- [fill = 0]
                  00839f80    00000012     drivers.awr294x.c66.ti-c6000.debug.lib : uart_sci_edma.obj (.const:.string:$P$T1$2)
                  00839f92    00000006     --HOLE-- [fill = 0]
                  00839f98    00000012                                            : uart_sci.obj (.const:.string:$P$T11$12)
                  00839faa    00000006     --HOLE-- [fill = 0]
                  00839fb0    00000012                                            : soc_rcm.obj (.const:.string:$P$T15$16)
                  00839fc2    00000006     --HOLE-- [fill = 0]
                  00839fc8    00000012                                            : soc_rcm.obj (.const:.string:$P$T19$20)
                  00839fda    00000006     --HOLE-- [fill = 0]
                  00839fe0    00000012                                            : edma.obj (.const:.string:$P$T3$4)
                  00839ff2    00000006     --HOLE-- [fill = 0]
                  00839ff8    00000012     freertos.awr294x.c66.ti-c6000.debug.lib : queue.obj (.const:.string:$P$T7$8)
                  0083a00a    00000006     --HOLE-- [fill = 0]
                  0083a010    00000012                                             : queue.obj (.const:.string:$P$T9$10)
                  0083a022    00000006     --HOLE-- [fill = 0]
                  0083a028    00000011     ti_drivers_open_close.obj (.const:.string:$P$T0$1)
                  0083a039    00000007     --HOLE-- [fill = 0]
                  0083a040    00000011     ti_drivers_open_close.obj (.const:.string:$P$T1$2)
                  0083a051    00000007     --HOLE-- [fill = 0]
                  0083a058    00000011     drivers.awr294x.c66.ti-c6000.debug.lib : edma.obj (.const:.string:$P$T19$20)
                  0083a069    00000007     --HOLE-- [fill = 0]
                  0083a070    00000011                                            : edma.obj (.const:.string:$P$T7$8)
                  0083a081    00000007     --HOLE-- [fill = 0]
                  0083a088    00000011                                            : uart_sci.obj (.const:.string:$P$T7$8)
                  0083a099    00000007     --HOLE-- [fill = 0]
                  0083a0a0    00000010                                            : edma.obj (.const:.string:$P$T11$12)
                  0083a0b0    00000010     rts6600_elf.lib : _scanfi.c.obj (.const:.string)
                  0083a0c0    00000010     drivers.awr294x.c66.ti-c6000.debug.lib : soc_rcm.obj (.const:gSocRcmXTALInfo)
[...]
00811980  HOSTrename                             
00811b20  HwiP_init                              
00811cc0  IpcNotify_sendMsg                      
00811e60  IpcNotify_trigInterrupt                
00812000  RPMessage_vringReset                   
00812340  System_init                            
008124e0  dsp_main                               
00812680  setvbuf                                
00812820  vTaskSwitchContext                     
008129c0  xQueueGenericCreateStatic              
00812ce0  HwiP_assignIntrHandlers                
00812e60  HwiP_intcEcmDispatcher                 
008132e0  HwiP_Entry                             
00813314  HwiP_intcInterruptEnable               
00813334  HwiP_intcInterruptDisable              
00813354  HwiP_intcInterruptClear                
00813364  HwiP_intcInterruptSet                  
00813370  HwiP_intcInterruptRestore              
00813388  HwiP_intcQueryInterruptStatus          
008133a0  HwiP_intcGlobalEnable                  
008133c0  HwiP_intcGlobalDisable                 
008133e0  HwiP_intcGlobalRestore                 
008133f8  HwiP_intcGlobalNmiEnable               
0081340c  HwiP_intcGlobalExcepEnable             
00813420  HwiP_intcGlobalExtExcepEnable          
00813434  HwiP_intcGlobalExcepClear              
00813460  ldexp                                  
00813460  ldexpl                                 
00813460  scalbn                                 
00813460  scalbnl                                
00813760  xTaskPriorityDisinherit                
008138e0  xTaskPriorityInherit                   
00813a60  Context_restore                        
00813bc0  Context_triggerSleep                   
00813d20  EDMA_freeDmaChannel                    
00813e80  EDMA_freeParam                         
00813fe0  EDMA_freeTcc                           
00814140  EDMA_registerIntr                      
008142a0  HwiP_intcDispatcherCore                
00814400  HwiP_intcNmiDispatcher                 
00814560  RPMessage_vringGetFullRxBuf            
008146c0  RPMessage_vringPutEmptyRxBuf           
00814820  RPMessage_vringPutFullTxBuf            
00814f00  vTaskDelete                            
00815060  xTaskCreateStatic                      
008151c0  EDMA_close                             
00815300  EDMA_enableChInShadowRegRegion         
00815440  RPMessage_coreInit                     
00815580  RPMessage_vringGetEmptyTxBuf           
00815a80  UART_flushTxFifo                       
00815bc0  UART_init                              
00816340  xQueueGenericReset                     
00816480  xTaskCheckForTimeOut                   
008165c0  EDMA_ccPaRAMEntry_init                 
008166e0  EDMA_configureChannelRegion            
00816800  EDMA_mapChToEvtQ                       
00816920  IpcNotify_readAckCallback              
00816a40  Mailbox_init                           
00816b60  RPMessage_construct                    
00816ec0  SOC_virtToPhy                          
00817340  getdevice                              
008176a0  vTaskStartScheduler                    
008177c0  xTaskRemoveFromEventList               
008178e0  ClockP_getTimeUsec                     
008179e0  Drivers_uartOpen                       
00817be0  IpcNotify_Params_init                  
00817ce0  Module_clockSetFrequency               
00817de0  RPMessage_Params_init                  
00817fe0  SemaphoreP_constructBinary             
008181e0  __TI_closefile                         
008182e0  atoi                                   
008183e0  fseek                                  
008183e0  fseeko                                 
008185e0  Drivers_edmaOpen                       
008186c0  Drivers_uartInit                       
00818880  EDMA_init                              
00818960  HOSTlseek                              
00818a40  HOSTopen                               
00818b20  IpcNotify_registerClient               
00818dc0  SOC_rcmSetPeripheralClock              
00818ea0  __TI_ltoa                              
00818f80  __TI_wrt_ok                            
00819060  __c6xabi_divi                          
00819060  __divi                                 
00819140  close                                  
00819220  exit                                   
00819300  memset                                 
008195a0  xTimerCreateTimerTask                  
00819680  xTimerGenericCommand                   
00819760  EDMA_clrMissEvtRegion                  
008198e0  HOSTread                               
008199a0  HOSTunlink                             
00819a60  HOSTwrite                              
00819be0  Module_clockEnable                     
00819ca0  RPMessage_getEndPtMsg                  
00819d60  RPMessage_notifyCallback               
00819e20  SemaphoreP_pend                        
00819ee0  _DebugP_assert                         
00819fa0  _DebugP_logZone                        
0081a060  __TI_auto_init_nobinit_nopinit         
0081a120  __c6xabi_divu                          
0081a120  __divu                                 
0081a1e0  __c6xabi_remi                          
0081a1e0  __remi                                 
0081a360  Power_Down                             
0081a3b8  Power_Up                               
0081a420  main                                   
0081a5a0  __TI_tls_init                          
0081a660  vListInsert                            
0081a720  CacheP_init                            
0081a7c0  EDMA_allocDmaChannel                   
0081a860  EDMA_allocParam                        
0081a900  EDMA_allocTcc                          
0081aa40  EDMA_enableTransferRegion              
0081aae0  EDMA_readIntrStatusRegion              
0081ab80  HOSTclose                              
0081ad60  Pinmux_config                          
0081ae00  RPMessage_vringIsFullRxBuf             
0081afe0  SemaphoreP_constructMutex              
0081b080  SemaphoreP_post                        
0081b3a0  __TI_cleanup                           
0081b440  __TI_doflush                           
0081b4e0  __c6xabi_remu                          
0081b4e0  __remu                                 
0081b580  finddevice                             
0081b620  memcpy                                 
0081b8a0  vQueueUnregisterQueue                  
0081b940  vQueueWaitForMessageRestricted         
0081b9e0  xQueueGiveMutexRecursive               
0081ba80  xQueueTakeMutexRecursive               
0081bba0  CacheP_setMar                          
0081bc20  CacheP_setSize                         
0081bca0  Context_sleepHook                      
0081bd20  EDMA_clrEvtRegion                      
0081bda0  EDMA_clrIntrRegion                     
0081be20  EDMA_disableDmaEvtRegion               
0081bea0  EDMA_disableEvtIntrRegion              
0081bf20  EDMA_enableDmaEvtRegion                
0081bfa0  EDMA_enableEvtIntrRegion               
0081c020  EDMA_getBaseAddr                       
0081c120  EDMA_getHandle                         
0081c1a0  EDMA_mapQdmaChToPaRAM                  
0081c220  EDMA_setEvtRegion                      
0081c2a0  EDMA_setPaRAM                          
0081c320  IpcNotify_getMemoryToRead              
0081c3a0  IpcNotify_getMemoryToWrite             
0081c5a0  IpcNotify_unregisterClient             
0081c620  Mailbox_readCallback                   
0081c6a0  RPMessage_allocEndPtMsg                
0081c720  RPMessage_controlEndPtHandler          
0081c7a0  RPMessage_freeEndPtMsg                 
0081c8a0  RPMessage_vringCheckEmptyTxBuf         
0081c920  RPMessage_vringGetSize                 
0081cba0  TaskSupport_swap__E                    
0081cc20  __TI_readmsg                           
0081cca0  __c6xabi_fixdu                         
0081cd20  __c6xabi_llshl                         
0081ce20  _c_int00                               
0081d2a0  snprintf                               
0081d320  remove                                 
0081d320  unlink                                 
0081d3a0  uxListRemove                           
0081d420  vListInsertEnd                         
0081d4a0  vPortAssertIfInISR                     
0081d520  vPortYield                             
0081d5a0  vQueueAddToRegistry                    
0081d620  vQueueDelete                           
0081d6a0  vTaskPlaceOnEventList                  
0081d720  vTaskPlaceOnEventListRestricted        
0081d7a0  CacheP_wbAll                           
0081d800  CacheP_wbInvAll                        
0081d860  ClockP_timerTickIsr                    
0081d8c0  DebugP_uartLogWriterPutChar            
0081d920  Dpl_init                               
0081d980  Drivers_edmaClose                      
0081d9e0  Drivers_uartClose                      
0081da40  EDMA_qdmaClrMissEvtRegion              
0081db00  HwiP_Params_init                       
0081db60  HwiP_inISR                             
0081dbc0  Hwi_dispatchC__I                       
0081dc20  IpcNotify_allocSwQueue                 
0081de60  IpcNotify_syncCallback                 
0081dec0  IpcNotify_syncCustomIpcConfig          
0081df20  Mailbox_getRemoteCoreObj               
0081df80  RPMessage_controlEndPtInit             
0081dfe0  RPMessage_isLinuxCore                  
0081e040  RPMessage_putEndPtMsg                  
0081e100  RPMessage_vringGetRxBufAddr            
0081e160  RPMessage_vringGetTxBufAddr            
0081e1c0  RPMessage_vringGetTxBufLen             
0081e280  SOC_rcmGetPeripheralClock              
0081e2e0  SOC_rcmIsPadDisableRequired            
0081e340  TimerP_Params_init                     
0081e3a0  TimerP_getCount                        
0081e4c0  UART_getHandle                         
0081e520  Hwi_switchAndDispatch__I               
0081e580  __TI_frcmpyd_div                       
0081e5e0  __TI_writemsg                          
0081e638  C$$IO$$                                
0081e640  __c6xabi_llshru                        
0081e6a0  __c6xabi_remull                        
0081e7c0  _subcull                               
0081e820  lseek                                  
0081e9a0  pxPortInitialiseStack                  
0081ea60  sscanf                                 
0081eb20  vApplicationGetIdleTaskMemory          
0081eb80  vApplicationGetTimerTaskMemory         
0081ebe0  vApplicationStackOverflowHook          
0081ec40  vTaskEnterCritical                     
0081eca0  vTaskExitCritical                      
0081ed00  write                                  
0081ed60  ClockP_usecToTicks                     
0081eda0  DebugP_logZoneEnable                   
0081ede0  EDMA_channelToParamMap                 
0081ee20  EDMA_clrCCErr                          
0081ee60  EDMA_disableQdmaEvtRegion              
0081eea0  EDMA_enableQdmaEvtRegion               
0081eee0  EDMA_errIntrHighStatusGet              
0081ef20  EDMA_getCCErrStatus                    
0081ef60  EDMA_getEnabledIntrHighRegion          
0081efa0  EDMA_getEnabledIntrRegion              
0081efe0  EDMA_getErrIntrStatus                  
0081f020  EDMA_getIntrStatusRegion               
0081f060  EDMA_getRegionId                       
0081f0a0  EDMA_intrStatusHighGetRegion           
0081f0e0  EDMA_qdmaGetErrIntrStatus              
0081f1a0  Hwi_Module_startup                     
0081f1e0  Hwi_getIsrStackAddress                 
0081f220  IpcNotify_getConfig                    
0081f260  IpcNotify_isCoreEnabled                
0081f320  IpcNotify_wait                         
0081f360  Mailbox_isCoreEnabled                  
0081f3a0  Pinmux_init                            
0081f3e0  RPMessage_CreateParams_init            
0081f520  SemaphoreP_destruct                    
0081f560  Task_Func                              
0081f5a0  TimerP_clearOverflowInt                
0081f5e0  TimerP_getReloadCount                  
0081f620  TimerP_start                           
0081f660  TimerP_stop                            
0081f6e0  _DebugP_assertNoLog                    
0081f720  TaskSupport_buildTaskStack             
0081f760  __c6xabi_isinf                         
0081f7a0  __c6xabi_strasgi_64plus                
0081f7a0  __strasgi_64plus                       
0081f7e0  _args_main                             
0081f8a0  memccpy                                
0081fa20  putchar_                               
0081fa60  pvTaskIncrementMutexHeldCount          
0081faa0  strlen                                 
0081fae0  vListInitialise                        
0081fb20  vPortFree                              
0081fb60  vPortTimerTickHandler                  
0081fba0  vPortYeildFromISR                      
0081fbe0  vPortYieldAsyncFromISR                 
0081fc20  vTaskInternalSetTimeOutState           
0081fc60  vprintf_                               
0081fca0  wcslen                                 
0081fce0  xPortInIsrContext                      
0081fd20  xPortStartScheduler                    
0081fd60  xQueueCreateMutexStatic                
0081fda0  xTaskGetSchedulerState                 
0081fde0  AddrTranslateP_getLocalAddr            
0081fe00  Board_driversClose                     
0081fe20  Board_driversOpen                      
0081fe40  Board_init                             
0081ff40  ClockP_getTicks                        
0081ff60  ClockP_getTimerCount                   
0081ff80  ClockP_timerClearOverflowInt           
0081ffa0  DebugP_uartSetDrvIndex                 
0081ffc0  Drivers_close                          
0081ffe0  Drivers_open                           
00820000  EDMA_isInterruptEnabled                
00820020  HWA_init                               
00820080  HwiP_disable                           
008200a0  HwiP_enable                            
00820240  HwiP_restore                           
00820260  Hwi_dispatchCore__I                    
00820280  Hwi_switchFromBootStack                
008202a0  IpcNotify_getSelfCoreId                
008202c0  IpcNotify_isCustomIpcConfigEnabled     
00820300  IpcNotify_registerNonNotifyCallback    
00820320  Mailbox_Params_init                    
00820340  PowerClock_init                        
008203a0  SOC_moduleClockEnable                  
008203c0  SOC_moduleSetClockFrequency            
008203e0  TaskP_yield                            
00820400  Task_enter                             
00820420  Task_exit                              
00820520  TaskSupport_glue                       
00820540  __c6xabi_errno_addr                    
00820560  __c6xabi_pop_rts                       
00820560  __pop_rts                              
00820580  __c6xabi_push_rts                      
00820580  __push_rts                             
008205c0  _nop                                   
00820600  _signbit                               
00820620  _system_post_cinit                     
00820640  _system_pre_init                       
00820680  C$$EXIT                                
00820680  abort                                  
008206a0  HwiP_intcIvpSet                        
008206c0  freertos_main                          
008206e0  malloc                                 
00820720  putchar                                
00820740  uiPortGetRunTimeCounterValue           
00820760  vListInitialiseItem                    
00820780  vPortConfigTimerForRunTimeStats        
008207a0  vPortEnterCritical                     
008207c0  vPortExitCritical                      
008207e0  vPortRestoreTaskContext                
00820800  vPortSuppressTicksAndSleep             
00820820  vPortValidateInterruptPriority         
00820840  vTaskMissedYield                       
00820860  vTaskSuspendAll                        
00820880  xTaskGetCurrentTaskHandle              
008208a0  xTaskGetTickCount                      
008208c0  gMainTaskStack                         
008248c0  uxHwiStack                             
008298c0  gIpcRpmsgCtrl                          
00829ff0  gHwiCtrl                               
0082af20  __TI_tmpnams                           
0082b060  xQueueRegistry                         
0082b478  gMainTaskObj                           
0082b66c  gHwiIntcIntrTable                      
0082b6b0  gClockCtrl                             
0082b6e8  gMailbox_ctrl                          
0082b790  parmbuf                                
0082b798  gEdmaHandle                            
0082b7a0  gUartHandle                            
0082b7c0  _sys_memory                            
008337c0  _stack                                 
008377c0  __TI_STACK_END                         
00838fc8  _ctypes_                               
0083a260  _ftable                                
0083a440  gIpcNotifyMailboxConfig                
0083a600  gIpcNotifyCtrl                         
0083a6fc  gMailboxRemoteCoreObj_c66ss0_to_rss_r4 
0083a7bc  gMailboxRemoteCoreObj_r5ss0_0_to_rss_r4
0083a87c  _lock                                  
0083a880  _stream                                
0083a9bc  _unlock                                
0083aa50  contextSave                            
0083aad4  __TI_ft_end                            
0083ab58  _device                                
0083abd0  gIpcNotifyInterruptConfig_c66ss0       
0083ac78  gUartParams                            
0083acb0  Hwi_Module__state__V                   
0083accc  __errno                                
0083accc  errno                                  
0083acd0  gCacheMarRegion                        
0083ace8  gClockConfig                           
0083ad00  gSocModulesClockFrequency              
0083ad18  gIpcNotifyCoreIntrBitPos               
0083ad28  gCacheSize                             
0083ad34  __TI_cleanup_ptr                       
0083ad38  __TI_dtors_ptr                         
0083ad3c  __TI_enable_exit_profile_output        
0083ad40  gDirectMap                             
0083ad48  gEdmaConfig                            
0083ad50  gEdmaParams                            
0083ad58  gSocModules                            
0083ad68  gUartConfig                            
0083afe0  __CIOBUF_                              
0083b100  __TI_STATIC_BASE                       
0083b100  uxTopUsedPriority                      
0083b118  gMainTask                              
0083b120  pxCurrentTCB                           
0083b128  FreeRTOS_errno                         
0083b160  ulCriticalNesting                      
0083b164  ulPortTaskHasFPUContext                
0083b168  ulPortYieldRequired                    
0083b16c  ulPortInterruptNesting                 
0083b170  ulPortSchedularRunning                 
0083b174  uxPortIncorrectYieldCount              
0083b178  gIpcNotifyInterruptConfigNum_r5fss0_0  
0083b17c  gIpcNotifyInterruptConfigNum_r5fss0_1  
0083b180  gIpcNotifyInterruptConfigNum_c66ss0    
0083b190  gEdmaConfigNum                         
0083b194  gHwaConfigNum                          
0083b198  gUartConfigNum                         
0083b19c  gDebugP_uartDrvIndex                   
0083b1a4  gHwiRaisePrivilegeHook                 
0083b1a8  gHwiRestorePrivilegeHook               
0083b1b0  gDebugLogZone                          
0083b1b4  gCacheMarRegionNum                     
c5000200  gIpcSharedMem                          
ffffffff  __TI_pprof_out_hndl                    
ffffffff  __TI_prof_data_size                    
ffffffff  __TI_prof_data_start                   
ffffffff  __binit__                              
ffffffff  __c_args__                             
ffffffff  binit                                  
UNDEFED   __TI_CINIT_Base                        
UNDEFED   __TI_CINIT_Limit                       
UNDEFED   __TI_Handler_Table_Base                
UNDEFED   __TI_Handler_Table_Limit               
UNDEFED   __TI_TLS_INIT_Base                     
UNDEFED   __TI_TLS_INIT_Limit                    

[451 symbols]
