******************************************************************************
               TMS320C6x Linker PC v8.5.0                      
******************************************************************************
>> Linked Wed Oct  1 13:20:19 2025

OUTPUT FILE NAME:   <empty_awr294x-evm_c66ss0_freertos_ti-c6000.out>
ENTRY POINT SYMBOL: "_c_int00"  address: 00811160


MEMORY CONFIGURATION

         name            origin    length      used     unused   attr    fill
----------------------  --------  ---------  --------  --------  ----  --------
  DSS_L2                00800000   00060000  0002e320  00031ce0  RWIX
  MAILBOX_HSM           44000000   000003ce  00000000  000003ce  RWIX
  MAILBOX_R5F           44000400   000003ce  00000000  000003ce  RWIX
  DSS_L3                88000000   00200000  00000000  00200000  RWIX
  USER_SHM_MEM          c02e8000   00004000  00000000  00004000  RWIX
  LOG_SHM_MEM           c02ec000   00004000  00000000  00004000  RWIX
  RTOS_NORTOS_IPC_SHM_M c5000200   00001d40  000012c0  00000a80  RWIX


SEGMENT ALLOCATION MAP

run origin  load origin   length   init length attrs members
----------  ----------- ---------- ----------- ----- -------
00800000    00800000    000141c0   000141c0    r-x
  00800000    00800000    00000200   00000200    r-x .text:vectors
  00800200    00800200    00013fc0   00013fc0    r-x .text
008141c0    008141c0    00016d60   00000000    rw-
  008141c0    008141c0    0000ad60   00000000    rw- .far
  0081ef20    0081ef20    00008000   00000000    rw- .sysmem
  00826f20    00826f20    00004000   00000000    rw- .stack
0082af20    0082af20    00002598   00002598    r--
  0082af20    0082af20    00002598   00002598    r-- .const
0082d4b8    0082d4b8    00000ad0   00000ad0    rw-
  0082d4b8    0082d4b8    00000ad0   00000ad0    rw- .fardata
0082df88    0082df88    000001c0   000001c0    r--
  0082df88    0082df88    000001c0   000001c0    r-- .switch
0082e148    0082e148    00000120   00000000    rw-
  0082e148    0082e148    00000120   00000000    rw- .cio
0082e268    0082e268    00000008   00000008    r--
  0082e268    0082e268    00000008   00000008    r-- .rodata
0082e270    0082e270    00000018   00000018    rw-
  0082e270    0082e270    00000018   00000018    rw- .bss
0082e288    0082e288    00000098   00000098    rw-
  0082e288    0082e288    00000098   00000098    rw- .neardata


SECTION ALLOCATION MAP

 output                                  attributes/
section   page    origin      length       input sections
--------  ----  ----------  ----------   ----------------
.text:vectors 
*          0    00800000    00000200     
                  00800000    00000200     freertos.awr294x.c66.ti-c6000.debug.lib : port_hwi_vectors_freertos_asm.obj (.text:vectors)

.text      0    00800200    00013fc0     
                  00800200    00000be0     freertos.awr294x.c66.ti-c6000.debug.lib : printf.obj (.text:_vsnprintf)
                  00800de0    00000a80     drivers.awr294x.c66.ti-c6000.debug.lib : soc_rcm.obj (.text:SOC_rcmGetClkSrcAndDivValue)
                  00801860    00000820                                            : ipc_notify_v1.obj (.text:IpcNotify_init)
                  00802080    000005a0     freertos.awr294x.c66.ti-c6000.debug.lib : printf.obj (.text:_ftoa)
                  00802620    00000580     rts6600_elf.lib : divd.c.obj (.text:__c6xabi_divd)
                  00802ba0    00000560     freertos.awr294x.c66.ti-c6000.debug.lib : printf.obj (.text:_etoa)
                  00803100    00000500     drivers.awr294x.c66.ti-c6000.debug.lib : soc_rcm.obj (.text:SOC_rcmGetClkSrcAndDivReg)
                  00803600    000004e0                                            : edma.obj (.text:EDMA_initialize)
                  00803ae0    00000440                                            : ipc_notify_v1.obj (.text:IpcNotify_isr)
                  00803f20    00000340     freertos.awr294x.c66.ti-c6000.debug.lib : HwiP_c66.obj (.text:HwiP_construct)
                  00804260    00000300                                             : printf.obj (.text:_ntoa_format)
                  00804560    00000300                                             : queue.obj (.text:xQueueSemaphoreTake)
                  00804860    000002c0                                             : TimerP_rti.obj (.text:TimerP_setup)
                  00804b20    000002c0     rts6600_elf.lib : memory.c.obj (.text:aligned_alloc)
                  00804de0    000002c0     freertos.awr294x.c66.ti-c6000.debug.lib : queue.obj (.text:xQueueGenericSend)
                  008050a0    000002a0                                             : ClockP_freertos_c66.obj (.text:ClockP_init)
                  00805340    000002a0     drivers.awr294x.c66.ti-c6000.debug.lib : ipc_rpmsg_vring.obj (.text:RPMessage_vringResetInternal)
                  008055e0    000002a0     freertos.awr294x.c66.ti-c6000.debug.lib : timers.obj (.text:prvProcessReceivedCommands)
                  00805880    00000280     drivers.awr294x.c66.ti-c6000.debug.lib : soc.obj (.text:SOC_controlModuleUnlockMMR)
                  00805b00    00000280                                            : uart_sci_edma.obj (.text:UART_writeDma)
                  00805d80    00000280     freertos.awr294x.c66.ti-c6000.debug.lib : queue.obj (.text:xQueueReceive)
                  00806000    00000260     drivers.awr294x.c66.ti-c6000.debug.lib : ipc_rpmsg.obj (.text:RPMessage_init)
                  00806260    00000260     rts6600_elf.lib : memory.c.obj (.text:free)
                  008064c0    00000240     drivers.awr294x.c66.ti-c6000.debug.lib : soc_rcm.obj (.text:SOC_rcmGetHSDIVClkOutMuxClkSrc)
                  00806700    00000240     rts6600_elf.lib : imath64.c.obj (.text:__c6xabi_divull)
                  00806940    00000220     drivers.awr294x.c66.ti-c6000.debug.lib : uart_sci.obj (.text:UART_write)
                  00806b60    00000220     freertos.awr294x.c66.ti-c6000.debug.lib : tasks.obj (.text:prvInitialiseNewTask)
                  00806d80    00000220                                             : queue.obj (.text:xQueueGenericSendFromISR)
                  00806fa0    00000200     drivers.awr294x.c66.ti-c6000.debug.lib : ipc_rpmsg.obj (.text:RPMessage_recvHandler)
                  008071a0    00000200                                            : soc.obj (.text:SOC_controlModuleLockMMR)
                  008073a0    00000200     freertos.awr294x.c66.ti-c6000.debug.lib : port_hwi_disp_always.obj (.text:_Hwi_dispatchAlways)
                  008075a0    000001e0                                             : Context_c66.obj (.text:Context_save)
                  00807780    000001e0                                             : tasks.obj (.text:vTaskPriorityDisinheritAfterTimeout)
                  00807960    000001e0                                             : queue.obj (.text:xQueueGiveFromISR)
                  00807b40    000001c0     drivers.awr294x.c66.ti-c6000.debug.lib : ipc_notify_v1_cfg.obj (.text:IpcNotify_trigInterrupt_ack)
                  00807d00    000001c0     rts6600_elf.lib : fputc.c.obj (.text:fputc)
                  00807ec0    000001c0     freertos.awr294x.c66.ti-c6000.debug.lib : queue.obj (.text:xQueueReceiveFromISR)
                  00808080    000001c0                                             : tasks.obj (.text:xTaskIncrementTick)
                  00808240    000001c0                                             : tasks.obj (.text:xTaskResumeAll)
                  00808400    000001a0     rts6600_elf.lib : hostrename.c.obj (.text:HOSTrename)
                  008085a0    000001a0     freertos.awr294x.c66.ti-c6000.debug.lib : HwiP_c66.obj (.text:HwiP_init)
                  00808740    000001a0     drivers.awr294x.c66.ti-c6000.debug.lib : ipc_notify_v1.obj (.text:IpcNotify_sendMsg)
                  008088e0    000001a0                                            : ipc_notify_v1_cfg.obj (.text:IpcNotify_trigInterrupt)
                  00808a80    000001a0                                            : ipc_rpmsg_vring.obj (.text:RPMessage_vringReset)
                  00808c20    000001a0                                            : soc_rcm.obj (.text:SOC_rcmGetDpllHSDivOutFreq)
                  00808dc0    000001a0     ti_drivers_config.obj (.text:System_init)
                  00808f60    000001a0     rts6600_elf.lib : setvbuf.c.obj (.text:setvbuf)
                  00809100    000001a0     freertos.awr294x.c66.ti-c6000.debug.lib : tasks.obj (.text:vTaskSwitchContext)
                  008092a0    000001a0                                             : queue.obj (.text:xQueueGenericCreateStatic)
                  00809440    00000180                                             : HwiP_c66_handlers_freertos.obj (.text:HwiP_assignIntrHandlers)
                  008095c0    00000180                                             : HwiP_c66.obj (.text:HwiP_intcEcmDispatcher)
                  00809740    00000180     drivers.awr294x.c66.ti-c6000.debug.lib : soc_rcm.obj (.text:SOC_rcmGetApllHSDivOutFreq)
                  008098c0    00000180                                            : uart_sci.obj (.text:UART_writeInterrupt)
                  00809a40    00000180     freertos.awr294x.c66.ti-c6000.debug.lib : HwiP_c66_asm.obj (.text)
                  00809bc0    00000180     rts6600_elf.lib : memory.c.obj (.text:split)
                  00809d40    00000180     freertos.awr294x.c66.ti-c6000.debug.lib : tasks.obj (.text:xTaskPriorityDisinherit)
                  00809ec0    00000180                                             : tasks.obj (.text:xTaskPriorityInherit)
                  0080a040    00000160                                             : Context_c66.obj (.text:Context_restore)
                  0080a1a0    00000160                                             : Context_c66.obj (.text:Context_triggerSleep)
                  0080a300    00000160                                             : HwiP_c66.obj (.text:HwiP_intcDispatcherCore)
                  0080a460    00000160                                             : HwiP_c66_handlers_freertos.obj (.text:HwiP_intcNmiDispatcher)
                  0080a5c0    00000160     drivers.awr294x.c66.ti-c6000.debug.lib : ipc_rpmsg_vring.obj (.text:RPMessage_vringGetFullRxBuf)
                  0080a720    00000160                                            : ipc_rpmsg_vring.obj (.text:RPMessage_vringPutEmptyRxBuf)
                  0080a880    00000160                                            : soc_rcm.obj (.text:SOC_rcmADPLLJGetFOut)
                  0080a9e0    00000160                                            : uart_sci.obj (.text:UART_writePolling)
                  0080ab40    00000160     freertos.awr294x.c66.ti-c6000.debug.lib : printf.obj (.text:_ntoa_long_long)
                  0080aca0    00000160                                             : tasks.obj (.text:vTaskDelete)
                  0080ae00    00000160                                             : tasks.obj (.text:xTaskCreateStatic)
                  0080af60    00000140     drivers.awr294x.c66.ti-c6000.debug.lib : ipc_rpmsg.obj (.text:RPMessage_coreInit)
                  0080b0a0    00000140                                            : soc_rcm.obj (.text:SOC_rcmGetCoreFout)
                  0080b1e0    00000140                                            : soc_rcm.obj (.text:SOC_rcmGetDSSFout)
                  0080b320    00000140                                            : soc_rcm.obj (.text:SOC_rcmGetPerFout)
                  0080b460    00000140                                            : uart_sci.obj (.text:UART_init)
                  0080b5a0    00000140     freertos.awr294x.c66.ti-c6000.debug.lib : printf.obj (.text:_ntoa_long)
                  0080b6e0    00000140                                             : queue.obj (.text:prvCopyDataToQueue)
                  0080b820    00000140                                             : timers.obj (.text:prvSwitchTimerLists)
                  0080b960    00000140                                             : queue.obj (.text:xQueueGenericReset)
                  0080baa0    00000140                                             : tasks.obj (.text:xTaskCheckForTimeOut)
                  0080bbe0    00000120     drivers.awr294x.c66.ti-c6000.debug.lib : edma.obj (.text:EDMA_ccPaRAMEntry_init)
                  0080bd00    00000120                                            : ipc_notify_v1.obj (.text:IpcNotify_readAckCallback)
                  0080be20    00000120                                            : mailbox.obj (.text:Mailbox_init)
                  0080bf40    00000120                                            : ipc_rpmsg.obj (.text:RPMessage_construct)
                  0080c060    00000120                                            : soc_rcm.obj (.text:SOC_rcmGetCoreHSDivOut)
                  0080c180    00000120                                            : soc_rcm.obj (.text:SOC_rcmGetPerHSDivOut)
                  0080c2a0    00000120                                            : soc.obj (.text:SOC_virtToPhy)
                  0080c3c0    00000120     freertos.awr294x.c66.ti-c6000.debug.lib : printf.obj (.text:_out_rev)
                  0080c4e0    00000120     rts6600_elf.lib : getdevice.c.obj (.text:getdevice)
                  0080c600    00000120     freertos.awr294x.c66.ti-c6000.debug.lib : tasks.obj (.text:prvAddNewTaskToReadyList)
                  0080c720    00000120                                             : queue.obj (.text:prvUnlockQueue)
                  0080c840    00000120                                             : tasks.obj (.text:vTaskStartScheduler)
                  0080c960    00000120                                             : tasks.obj (.text:xTaskRemoveFromEventList)
                  0080ca80    00000100                                             : ClockP_freertos.obj (.text:ClockP_getTimeUsec)
                  0080cb80    00000100                                             : HwiP_c66.obj (.text:HwiP_intcMapEventVector)
                  0080cc80    00000100     drivers.awr294x.c66.ti-c6000.debug.lib : ipc_notify_v1.obj (.text:IpcNotify_Params_init)
                  0080cd80    00000100     ti_power_clock_config.obj (.text:Module_clockSetFrequency)
                  0080ce80    00000100     drivers.awr294x.c66.ti-c6000.debug.lib : ipc_rpmsg.obj (.text:RPMessage_Params_init)
                  0080cf80    00000100                                            : soc_rcm.obj (.text:SOC_rcmGetFreqLeafNode)
                  0080d080    00000100     freertos.awr294x.c66.ti-c6000.debug.lib : SemaphoreP_freertos.obj (.text:SemaphoreP_constructBinary)
                  0080d180    00000100     drivers.awr294x.c66.ti-c6000.debug.lib : uart_sci.obj (.text:UART_writeCancelNoCB)
                  0080d280    00000100     rts6600_elf.lib : fclose.c.obj (.text:__TI_closefile)
                  0080d380    00000100                     : fseek.c.obj (.text:fseeko)
                  0080d480    00000100     freertos.awr294x.c66.ti-c6000.debug.lib : tasks.obj (.text:prvAddCurrentTaskToDelayedList)
                  0080d580    000000e0     ti_drivers_config.obj (.text:Drivers_uartInit)
                  0080d660    000000e0     drivers.awr294x.c66.ti-c6000.debug.lib : edma.obj (.text:EDMA_init)
                  0080d740    000000e0     rts6600_elf.lib : hostlseek.c.obj (.text:HOSTlseek)
                  0080d820    000000e0                     : hostopen.c.obj (.text:HOSTopen)
                  0080d900    000000e0     drivers.awr294x.c66.ti-c6000.debug.lib : ipc_notify_v1.obj (.text:IpcNotify_registerClient)
                  0080d9e0    000000e0                                            : soc_rcm.obj (.text:SOC_rcmGetDSSHSDivOut)
                  0080dac0    000000e0                                            : soc_rcm.obj (.text:SOC_rcmGetXTALFrequency)
                  0080dba0    000000e0                                            : soc_rcm.obj (.text:SOC_rcmSetPeripheralClock)
                  0080dc80    000000e0     rts6600_elf.lib : _io_perm.c.obj (.text:__TI_wrt_ok)
                  0080dd60    000000e0                     : divi.asm.obj (.text:__divi)
                  0080de40    000000e0                     : close.c.obj (.text:close)
                  0080df20    000000e0                     : exit.c.obj (.text:exit)
                  0080e000    000000e0                     : memset.c.obj (.text:memset)
                  0080e0e0    000000e0     freertos.awr294x.c66.ti-c6000.debug.lib : tasks.obj (.text:prvInitialiseTaskLists)
                  0080e1c0    000000e0                                             : timers.obj (.text:prvProcessExpiredTimer)
                  0080e2a0    000000e0                                             : timers.obj (.text:xTimerCreateTimerTask)
                  0080e380    000000e0                                             : timers.obj (.text:xTimerGenericCommand)
                  0080e460    000000c0     drivers.awr294x.c66.ti-c6000.debug.lib : edma.obj (.text:EDMA_clrMissEvtRegion)
                  0080e520    000000c0     rts6600_elf.lib : hostread.c.obj (.text:HOSTread)
                  0080e5e0    000000c0                     : hostunlink.c.obj (.text:HOSTunlink)
                  0080e6a0    000000c0                     : hostwrite.c.obj (.text:HOSTwrite)
                  0080e760    000000c0     drivers.awr294x.c66.ti-c6000.debug.lib : ipc_notify_v1.obj (.text:IpcNotify_mailboxWrite)
                  0080e820    000000c0     ti_power_clock_config.obj (.text:Module_clockEnable)
                  0080e8e0    000000c0     drivers.awr294x.c66.ti-c6000.debug.lib : ipc_rpmsg.obj (.text:RPMessage_notifyCallback)
                  0080e9a0    000000c0     freertos.awr294x.c66.ti-c6000.debug.lib : SemaphoreP_freertos.obj (.text:SemaphoreP_pend)
                  0080ea60    000000c0                                             : DebugP_log.obj (.text:_DebugP_assert)
                  0080eb20    000000c0                                             : DebugP_freertos.obj (.text:_DebugP_logZone)
                  0080ebe0    000000c0     rts6600_elf.lib : autoinit.c.obj (.text:__TI_auto_init_nobinit_nopinit:__TI_auto_init_nobinit_nopinit)
                  0080eca0    000000c0                     : divu.asm.obj (.text:__divu)
                  0080ed60    000000c0                     : remi.asm.obj (.text:__remi)
                  0080ee20    000000c0     freertos.awr294x.c66.ti-c6000.debug.lib : power.obj (.text)
                  0080eee0    000000c0     main.obj (.text:main)
                  0080efa0    000000c0     freertos.awr294x.c66.ti-c6000.debug.lib : timers.obj (.text:prvProcessTimerOrBlockTask)
                  0080f060    000000c0     rts6600_elf.lib : tls.c.obj (.text:tls:init:__TI_tls_init)
                  0080f120    000000c0     freertos.awr294x.c66.ti-c6000.debug.lib : list.obj (.text:vListInsert)
                  0080f1e0    000000a0                                             : CacheP_c66.obj (.text:CacheP_init)
                  0080f280    000000a0     drivers.awr294x.c66.ti-c6000.debug.lib : edma.obj (.text:EDMA_enableTransferRegion)
                  0080f320    000000a0                                            : edma.obj (.text:EDMA_readIntrStatusRegion)
                  0080f3c0    000000a0     rts6600_elf.lib : hostclose.c.obj (.text:HOSTclose)
                  0080f460    000000a0     drivers.awr294x.c66.ti-c6000.debug.lib : ipc_notify_v1.obj (.text:IpcNotify_mailboxReadSwQ)
                  0080f500    000000a0                                            : ipc_notify_v1.obj (.text:IpcNotify_makeMsg)
                  0080f5a0    000000a0                                            : pinmux.obj (.text:Pinmux_config)
                  0080f640    000000a0                                            : ipc_rpmsg_vring.obj (.text:RPMessage_vringIsFullRxBuf)
                  0080f6e0    000000a0                                            : soc_rcm.obj (.text:SOC_rcmGetFreq)
                  0080f780    000000a0                                            : soc_rcm.obj (.text:SOC_rcmInsert16)
                  0080f820    000000a0     freertos.awr294x.c66.ti-c6000.debug.lib : SemaphoreP_freertos.obj (.text:SemaphoreP_constructMutex)
                  0080f8c0    000000a0                                             : SemaphoreP_freertos.obj (.text:SemaphoreP_post)
                  0080f960    000000a0     drivers.awr294x.c66.ti-c6000.debug.lib : uart_sci.obj (.text:UART_txChar)
                  0080fa00    000000a0     rts6600_elf.lib : fopen.c.obj (.text:__TI_cleanup)
                  0080faa0    000000a0                     : fflush.c.obj (.text:__TI_doflush)
                  0080fb40    000000a0                     : remu.asm.obj (.text:__remu)
                  0080fbe0    000000a0                     : getdevice.c.obj (.text:finddevice)
                  0080fc80    000000a0                     : memcpy64.asm.obj (.text:memcpy)
                  0080fd20    000000a0     freertos.awr294x.c66.ti-c6000.debug.lib : timers.obj (.text:prvCheckForValidListAndQueue)
                  0080fdc0    000000a0                                             : tasks.obj (.text:prvIdleTask)
                  0080fe60    000000a0                                             : timers.obj (.text:prvInsertTimerInActiveList)
                  0080ff00    000000a0                                             : queue.obj (.text:vQueueWaitForMessageRestricted)
                  0080ffa0    000000a0                                             : queue.obj (.text:xQueueGiveMutexRecursive)
                  00810040    000000a0                                             : queue.obj (.text:xQueueTakeMutexRecursive)
                  008100e0    00000080                                             : CacheP_c66.obj (.text:CacheP_all)
                  00810160    00000080                                             : CacheP_c66.obj (.text:CacheP_setMar)
                  008101e0    00000080                                             : CacheP_c66.obj (.text:CacheP_setSize)
                  00810260    00000080                                             : Context_c66.obj (.text:Context_sleepHook)
                  008102e0    00000080     drivers.awr294x.c66.ti-c6000.debug.lib : edma.obj (.text:EDMA_clrEvtRegion)
                  00810360    00000080                                            : edma.obj (.text:EDMA_clrIntrRegion)
                  008103e0    00000080                                            : edma.obj (.text:EDMA_disableDmaEvtRegion)
                  00810460    00000080                                            : edma.obj (.text:EDMA_disableEvtIntrRegion)
                  008104e0    00000080                                            : edma.obj (.text:EDMA_enableDmaEvtRegion)
                  00810560    00000080                                            : edma.obj (.text:EDMA_setEvtRegion)
                  008105e0    00000080                                            : edma.obj (.text:EDMA_setPaRAM)
                  00810660    00000080                                            : ipc_notify_v1.obj (.text:IpcNotify_getMemoryToRead)
                  008106e0    00000080                                            : ipc_notify_v1.obj (.text:IpcNotify_getMemoryToWrite)
                  00810760    00000080                                            : ipc_notify_v1.obj (.text:IpcNotify_getReadDoneAckMailbox)
                  008107e0    00000080                                            : ipc_notify_v1.obj (.text:IpcNotify_getWriteMailbox)
                  00810860    00000080                                            : ipc_notify_v1.obj (.text:IpcNotify_mailboxWriteCustomIpcConfig)
                  008108e0    00000080                                            : ipc_notify_v1.obj (.text:IpcNotify_unregisterClient)
                  00810960    00000080                                            : mailbox.obj (.text:Mailbox_readCallback)
                  008109e0    00000080                                            : ipc_rpmsg.obj (.text:RPMessage_allocEndPtMsg)
                  00810a60    00000080                                            : ipc_rpmsg.obj (.text:RPMessage_controlEndPtHandler)
                  00810ae0    00000080                                            : ipc_rpmsg.obj (.text:RPMessage_freeEndPtMsg)
                  00810b60    00000080                                            : ipc_rpmsg.obj (.text:RPMessage_queueGet)
                  00810be0    00000080                                            : ipc_rpmsg_vring.obj (.text:RPMessage_vringCheckEmptyTxBuf)
                  00810c60    00000080                                            : ipc_rpmsg_vring.obj (.text:RPMessage_vringGetSize)
                  00810ce0    00000080                                            : soc_rcm.obj (.text:SOC_rcmExtract32)
                  00810d60    00000080                                            : soc_rcm.obj (.text:SOC_rcmExtract8)
                  00810de0    00000080                                            : soc_rcm.obj (.text:SOC_rcmGetClkSrcFromClkSelVal)
                  00810e60    00000080                                            : soc_rcm.obj (.text:SOC_rcmMake16)
                  00810ee0    00000080     freertos.awr294x.c66.ti-c6000.debug.lib : port_tasksupport.obj (.text:_TaskSupport_swap__E)
                  00810f60    00000080     rts6600_elf.lib : trgmsg.c.obj (.text:__TI_readmsg)
                  00810fe0    00000080                     : fixdu.c.obj (.text:__c6xabi_fixdu)
                  00811060    00000080                     : llshift.c.obj (.text:__c6xabi_llshl)
                  008110e0    00000080     freertos.awr294x.c66.ti-c6000.debug.lib : printf.obj (.text:_atoi)
                  00811160    00000080     rts6600_elf.lib : boot.c.obj (.text:_c_int00)
                  008111e0    00000080                     : memory.c.obj (.text:free_list_insert)
                  00811260    00000080                     : memory.c.obj (.text:free_list_remove)
                  008112e0    00000080     freertos.awr294x.c66.ti-c6000.debug.lib : tasks.obj (.text:prvCheckTasksWaitingTermination)
                  00811360    00000080                                             : queue.obj (.text:prvCopyDataFromQueue)
                  008113e0    00000080                                             : tasks.obj (.text:prvDeleteTCB)
                  00811460    00000080                                             : tasks.obj (.text:prvGetExpectedIdleTime)
                  008114e0    00000080                                             : queue.obj (.text:prvInitialiseNewQueue)
                  00811560    00000080     rts6600_elf.lib : unlink.c.obj (.text:unlink)
                  008115e0    00000080     freertos.awr294x.c66.ti-c6000.debug.lib : list.obj (.text:uxListRemove)
                  00811660    00000080                                             : list.obj (.text:vListInsertEnd)
                  008116e0    00000080                                             : port.obj (.text:vPortAssertIfInISR)
                  00811760    00000080                                             : port.obj (.text:vPortYield)
                  008117e0    00000080                                             : queue.obj (.text:vQueueAddToRegistry)
                  00811860    00000080                                             : tasks.obj (.text:vTaskPlaceOnEventList)
                  008118e0    00000080                                             : tasks.obj (.text:vTaskPlaceOnEventListRestricted)
                  00811960    00000060                                             : CacheP_c66.obj (.text:CacheP_wbAll)
                  008119c0    00000060                                             : CacheP_c66.obj (.text:CacheP_wbInvAll)
                  00811a20    00000060                                             : ClockP_freertos.obj (.text:ClockP_timerTickIsr)
                  00811a80    00000060                                             : DebugP_uartLogWriter.obj (.text:DebugP_uartLogWriterPutChar)
                  00811ae0    00000060     ti_dpl_config.obj (.text:Dpl_init)
                  00811b40    00000060     drivers.awr294x.c66.ti-c6000.debug.lib : edma.obj (.text:EDMA_qdmaClrMissEvtRegion)
                  00811ba0    00000060     freertos.awr294x.c66.ti-c6000.debug.lib : HwiP_c66.obj (.text:HwiP_Params_init)
                  00811c00    00000060                                             : port_hwi.obj (.text:HwiP_inISR)
                  00811c60    00000060                                             : port_hwi.obj (.text:Hwi_dispatchC__I)
                  00811cc0    00000060     ti_drivers_config.obj (.text:IpcNotify_allocSwQueue)
                  00811d20    00000060     drivers.awr294x.c66.ti-c6000.debug.lib : ipc_notify_v1.obj (.text:IpcNotify_getReadDoneMailbox)
                  00811d80    00000060                                            : ipc_notify_v1.obj (.text:IpcNotify_getReadMailbox)
                  00811de0    00000060                                            : ipc_notify_v1.obj (.text:IpcNotify_getReadSwQ)
                  00811e40    00000060                                            : ipc_notify_v1.obj (.text:IpcNotify_mailboxIsPendingIntr)
                  00811ea0    00000060                                            : ipc_notify_v1.obj (.text:IpcNotify_mailboxReadCustomIpcConfig)
                  00811f00    00000060                                            : ipc_notify_v1.obj (.text:IpcNotify_syncCallback)
                  00811f60    00000060                                            : ipc_notify_v1.obj (.text:IpcNotify_syncCustomIpcConfig)
                  00811fc0    00000060                                            : mailbox_cfg.obj (.text:Mailbox_getRemoteCoreObj)
                  00812020    00000060                                            : ipc_rpmsg.obj (.text:RPMessage_controlEndPtInit)
                  00812080    00000060                                            : ipc_rpmsg.obj (.text:RPMessage_isLinuxCore)
                  008120e0    00000060                                            : ipc_rpmsg.obj (.text:RPMessage_putEndPtMsg)
                  00812140    00000060                                            : ipc_rpmsg.obj (.text:RPMessage_queuePut)
                  008121a0    00000060                                            : ipc_rpmsg_vring.obj (.text:RPMessage_vringGetRxBufAddr)
                  00812200    00000060                                            : soc_rcm.obj (.text:SOC_rcmGetModuleClkDivVal)
                  00812260    00000060                                            : soc_rcm.obj (.text:SOC_rcmGetPeripheralClock)
                  008122c0    00000060                                            : soc_rcm.obj (.text:SOC_rcmIsPadDisableRequired)
                  00812320    00000060     freertos.awr294x.c66.ti-c6000.debug.lib : TimerP_rti.obj (.text:TimerP_Params_init)
                  00812380    00000060                                             : TimerP_rti.obj (.text:TimerP_getCount)
                  008123e0    00000060                                             : DebugP_uartLogWriter.obj (.text:UART_Transaction_init)
                  00812440    00000060     drivers.awr294x.c66.ti-c6000.debug.lib : uart_sci.obj (.text:UART_checkTransaction)
                  008124a0    00000060                                            : uart_sci.obj (.text:UART_getHandle)
                  00812500    00000060     freertos.awr294x.c66.ti-c6000.debug.lib : port_hwi_switch.obj (.text:_Hwi_switchAndDispatch__I)
                  00812560    00000060     rts6600_elf.lib : frcmpyd_div.c.obj (.text:__TI_frcmpyd_div)
                  008125c0    00000060                     : trgmsg.c.obj (.text:__TI_writemsg)
                  00812620    00000060                     : llshift.c.obj (.text:__c6xabi_llshru)
                  00812680    00000060                     : imath64.c.obj (.text:__c6xabi_remull)
                  008126e0    00000060     freertos.awr294x.c66.ti-c6000.debug.lib : printf.obj (.text:_is_digit)
                  00812740    00000060                                             : printf.obj (.text:_strnlen_s)
                  008127a0    00000060     rts6600_elf.lib : imath64.c.obj (.text:_subcull)
                  00812800    00000060                     : lseek.c.obj (.text:lseek)
                  00812860    00000060     freertos.awr294x.c66.ti-c6000.debug.lib : timers.obj (.text:prvGetNextExpireTime)
                  008128c0    00000060                                             : queue.obj (.text:prvIsQueueFull)
                  00812920    00000060                                             : timers.obj (.text:prvSampleTimeNow)
                  00812980    00000060                                             : port.obj (.text:pxPortInitialiseStack)
                  008129e0    00000060                                             : port.obj (.text:vApplicationGetIdleTaskMemory)
                  00812a40    00000060                                             : port.obj (.text:vApplicationGetTimerTaskMemory)
                  00812aa0    00000060                                             : port.obj (.text:vApplicationStackOverflowHook)
                  00812b00    00000060                                             : tasks.obj (.text:vTaskEnterCritical)
                  00812b60    00000060                                             : tasks.obj (.text:vTaskExitCritical)
                  00812bc0    00000060     rts6600_elf.lib : write.c.obj (.text:write)
                  00812c20    00000040     freertos.awr294x.c66.ti-c6000.debug.lib : ClockP_freertos.obj (.text:ClockP_usecToTicks)
                  00812c60    00000040                                             : DebugP_log.obj (.text:DebugP_logZoneEnable)
                  00812ca0    00000040     drivers.awr294x.c66.ti-c6000.debug.lib : edma.obj (.text:EDMA_disableQdmaEvtRegion)
                  00812ce0    00000040                                            : edma.obj (.text:EDMA_enableQdmaEvtRegion)
                  00812d20    00000040                                            : edma.obj (.text:EDMA_getIntrStatusRegion)
                  00812d60    00000040                                            : edma.obj (.text:EDMA_intrStatusHighGetRegion)
                  00812da0    00000040     freertos.awr294x.c66.ti-c6000.debug.lib : HwiP_c66_handlers_freertos.obj (.text:HwiP_intcReservedDispatcher)
                  00812de0    00000040                                             : port_hwi.obj (.text:Hwi_Module_startup)
                  00812e20    00000040                                             : port_hwi.obj (.text:Hwi_getIsrStackAddress)
                  00812e60    00000040     ti_drivers_config.obj (.text:IpcNotify_getConfig)
                  00812ea0    00000040     drivers.awr294x.c66.ti-c6000.debug.lib : ipc_notify_v1.obj (.text:IpcNotify_isCoreEnabled)
                  00812ee0    00000040                                            : ipc_notify_v1.obj (.text:IpcNotify_mailboxClearAllInt)
                  00812f20    00000040                                            : ipc_notify_v1.obj (.text:IpcNotify_mailboxClearPendingIntr)
                  00812f60    00000040                                            : ipc_notify_v1_cfg.obj (.text:IpcNotify_wait)
                  00812fa0    00000040                                            : mailbox.obj (.text:Mailbox_isCoreEnabled)
                  00812fe0    00000040     ti_pinmux_config.obj (.text:Pinmux_init)
                  00813020    00000040     drivers.awr294x.c66.ti-c6000.debug.lib : ipc_rpmsg.obj (.text:RPMessage_CreateParams_init)
                  00813060    00000040                                            : soc_rcm.obj (.text:SOC_rcmGetFixedRootClkFout)
                  008130a0    00000040                                            : soc_rcm.obj (.text:SOC_rcmGetHSDivClkSrc)
                  008130e0    00000040                                            : soc_rcm.obj (.text:SOC_rcmGetModuleClkDivFromRegVal)
                  00813120    00000040                                            : soc_rcm.obj (.text:SOC_rcmGetPeripheralClockFrequency)
                  00813160    00000040     freertos.awr294x.c66.ti-c6000.debug.lib : port.obj (.text:Task_Func)
                  008131a0    00000040                                             : TimerP_rti.obj (.text:TimerP_clearOverflowInt)
                  008131e0    00000040                                             : TimerP_rti.obj (.text:TimerP_getReloadCount)
                  00813220    00000040                                             : TimerP_rti.obj (.text:TimerP_start)
                  00813260    00000040                                             : TimerP_rti.obj (.text:TimerP_stop)
                  008132a0    00000040     drivers.awr294x.c66.ti-c6000.debug.lib : uart_sci.obj (.text:UART_txIntrEnable)
                  008132e0    00000040     freertos.awr294x.c66.ti-c6000.debug.lib : DebugP_log.obj (.text:_DebugP_assertNoLog)
                  00813320    00000040                                             : port_tasksupport.obj (.text:_TaskSupport_buildTaskStack)
                  00813360    00000040     rts6600_elf.lib : args_main.c.obj (.text:_args_main)
                  008133a0    00000040     freertos.awr294x.c66.ti-c6000.debug.lib : printf.obj (.text:_out_char)
                  008133e0    00000040                                             : queue.obj (.text:prvGetDisinheritPriorityAfterTimeout)
                  00813420    00000040                                             : queue.obj (.text:prvInitialiseMutex)
                  00813460    00000040                                             : queue.obj (.text:prvIsQueueEmpty)
                  008134a0    00000040                                             : tasks.obj (.text:prvResetNextTaskUnblockTime)
                  008134e0    00000040                                             : timers.obj (.text:prvTimerTask)
                  00813520    00000040     ti_dpl_config.obj (.text:putchar_)
                  00813560    00000040     freertos.awr294x.c66.ti-c6000.debug.lib : tasks.obj (.text:pvTaskIncrementMutexHeldCount)
                  008135a0    00000040                                             : list.obj (.text:vListInitialise)
                  008135e0    00000040                                             : heap_3.obj (.text:vPortFree)
                  00813620    00000040                                             : port.obj (.text:vPortTimerTickHandler)
                  00813660    00000040                                             : port.obj (.text:vPortYeildFromISR)
                  008136a0    00000040                                             : port.obj (.text:vPortYieldAsyncFromISR)
                  008136e0    00000040                                             : tasks.obj (.text:vTaskInternalSetTimeOutState)
                  00813720    00000040                                             : printf.obj (.text:vprintf_)
                  00813760    00000040                                             : port.obj (.text:xPortInIsrContext)
                  008137a0    00000040                                             : port.obj (.text:xPortStartScheduler)
                  008137e0    00000040                                             : queue.obj (.text:xQueueCreateMutexStatic)
                  00813820    00000040                                             : tasks.obj (.text:xTaskGetSchedulerState)
                  00813860    00000020                                             : AddrTranslateP_null.obj (.text:AddrTranslateP_getLocalAddr)
                  00813880    00000020     ti_board_config.obj (.text:Board_init)
                  008138a0    00000020     drivers.awr294x.c66.ti-c6000.debug.lib : soc_rcm.obj (.text:CSL_DSSRCM_getBaseAddress)
                  008138c0    00000020                                            : soc_rcm.obj (.text:CSL_RCM_getBaseAddress)
                  008138e0    00000020                                            : pinmux.obj (.text:CSL_REG32_WR_RAW)
                  00813900    00000020                                            : soc.obj (.text:CSL_REG32_WR_RAW)
                  00813920    00000020                                            : soc_rcm.obj (.text:CSL_TopCtrl_getBaseAddress)
                  00813940    00000020                                            : soc_rcm.obj (.text:CSL_TopCtrl_readXtalFreqScale)
                  00813960    00000020                                            : soc_rcm.obj (.text:CSL_TopRCM_getBaseAddress)
                  00813980    00000020     freertos.awr294x.c66.ti-c6000.debug.lib : ClockP_freertos.obj (.text:ClockP_getTicks)
                  008139a0    00000020                                             : ClockP_freertos_c66.obj (.text:ClockP_getTimerCount)
                  008139c0    00000020                                             : ClockP_freertos_c66.obj (.text:ClockP_timerClearOverflowInt)
                  008139e0    00000020                                             : DebugP_uartLogWriter.obj (.text:DebugP_uartSetDrvIndex)
                  00813a00    00000020     drivers.awr294x.c66.ti-c6000.debug.lib : edma.obj (.text:HW_RD_REG32_RAW)
                  00813a20    00000020                                            : edma.obj (.text:HW_WR_REG32_RAW)
                  00813a40    00000020     freertos.awr294x.c66.ti-c6000.debug.lib : HwiP_c66.obj (.text:HwiP_disable)
                  00813a60    00000020                                             : HwiP_c66.obj (.text:HwiP_enable)
                  00813a80    00000020                                             : HwiP_c66_handlers_freertos.obj (.text:HwiP_intcEcm0Dispatcher)
                  00813aa0    00000020                                             : HwiP_c66_handlers_freertos.obj (.text:HwiP_intcEcm1Dispatcher)
                  00813ac0    00000020                                             : HwiP_c66_handlers_freertos.obj (.text:HwiP_intcEcm2Dispatcher)
                  00813ae0    00000020                                             : HwiP_c66_handlers_freertos.obj (.text:HwiP_intcEcm3Dispatcher)
                  00813b00    00000020                                             : HwiP_c66_handlers_freertos.obj (.text:HwiP_intcdm10Dispatcher)
                  00813b20    00000020                                             : HwiP_c66_handlers_freertos.obj (.text:HwiP_intcdm11Dispatcher)
                  00813b40    00000020                                             : HwiP_c66_handlers_freertos.obj (.text:HwiP_intcdm4Dispatcher)
                  00813b60    00000020                                             : HwiP_c66_handlers_freertos.obj (.text:HwiP_intcdm5Dispatcher)
                  00813b80    00000020                                             : HwiP_c66_handlers_freertos.obj (.text:HwiP_intcdm6Dispatcher)
                  00813ba0    00000020                                             : HwiP_c66_handlers_freertos.obj (.text:HwiP_intcdm7Dispatcher)
                  00813bc0    00000020                                             : HwiP_c66_handlers_freertos.obj (.text:HwiP_intcdm8Dispatcher)
                  00813be0    00000020                                             : HwiP_c66_handlers_freertos.obj (.text:HwiP_intcdm9Dispatcher)
                  00813c00    00000020                                             : HwiP_c66.obj (.text:HwiP_restore)
                  00813c20    00000020                                             : port_hwi.obj (.text:Hwi_dispatchCore__I)
                  00813c40    00000020                                             : port_hwi.obj (.text:Hwi_switchFromBootStack)
                  00813c60    00000020     drivers.awr294x.c66.ti-c6000.debug.lib : ipc_notify_v1.obj (.text:IpcNotify_getSelfCoreId)
                  00813c80    00000020                                            : ipc_notify_v1.obj (.text:IpcNotify_isCustomIpcConfigEnabled)
                  00813ca0    00000020                                            : ipc_notify_v1.obj (.text:IpcNotify_mailboxGetPendingIntr)
                  00813cc0    00000020                                            : ipc_notify_v1.obj (.text:IpcNotify_registerNonNotifyCallback)
                  00813ce0    00000020                                            : mailbox.obj (.text:Mailbox_Params_init)
                  00813d00    00000020     ti_power_clock_config.obj (.text:PowerClock_init)
                  00813d20    00000020     drivers.awr294x.c66.ti-c6000.debug.lib : ipc_rpmsg_vring.obj (.text:RPMessage_align)
                  00813d40    00000020                                            : ipc_rpmsg.obj (.text:RPMessage_queueReset)
                  00813d60    00000020                                            : soc.obj (.text:SOC_moduleClockEnable)
                  00813d80    00000020                                            : soc.obj (.text:SOC_moduleSetClockFrequency)
                  00813da0    00000020     freertos.awr294x.c66.ti-c6000.debug.lib : TaskP_freertos.obj (.text:TaskP_yield)
                  00813dc0    00000020                                             : port.obj (.text:Task_enter)
                  00813de0    00000020                                             : port.obj (.text:Task_exit)
                  00813e00    00000020     drivers.awr294x.c66.ti-c6000.debug.lib : uart_sci_edma.obj (.text:UART_disableTxDma)
                  00813e20    00000020                                            : uart_sci_edma.obj (.text:UART_enableTxDma)
                  00813e40    00000020                                            : uart_sci.obj (.text:UART_isTxRdy)
                  00813e60    00000020                                            : uart_sci.obj (.text:UART_txIntrDisable)
                  00813e80    00000020     freertos.awr294x.c66.ti-c6000.debug.lib : port_tasksupport.obj (.text:_TaskSupport_glue)
                  00813ea0    00000020     rts6600_elf.lib : push.asm.obj (.text:__pop_rts)
                  00813ec0    00000020                     : push.asm.obj (.text:__push_rts)
                  00813ee0    00000020                     : _lock.c.obj (.text:_nop)
                  00813f00    00000020     freertos.awr294x.c66.ti-c6000.debug.lib : printf.obj (.text:_out_null)
                  00813f20    00000020     rts6600_elf.lib : startup.c.obj (.text:_system_post_cinit)
                  00813f40    00000020                     : pre_init.c.obj (.text:_system_pre_init)
                  00813f60    00000020                     : exit.c.obj (.text:abort)
                  00813f80    00000020     empty.obj (.text:empty_main)
                  00813fa0    00000020     freertos.awr294x.c66.ti-c6000.debug.lib : port_hwi_vectors_freertos_asm.obj (.text)
                  00813fc0    00000020     main.obj (.text:freertos_main)
                  00813fe0    00000020     rts6600_elf.lib : memory.c.obj (.text:malloc)
                  00814000    00000020     freertos.awr294x.c66.ti-c6000.debug.lib : port.obj (.text:prvTaskExitError)
                  00814020    00000020     rts6600_elf.lib : fputc.c.obj (.text:putchar)
                  00814040    00000020     freertos.awr294x.c66.ti-c6000.debug.lib : port.obj (.text:uiPortGetRunTimeCounterValue)
                  00814060    00000020                                             : list.obj (.text:vListInitialiseItem)
                  00814080    00000020                                             : port.obj (.text:vPortConfigTimerForRunTimeStats)
                  008140a0    00000020                                             : port.obj (.text:vPortEnterCritical)
                  008140c0    00000020                                             : port.obj (.text:vPortExitCritical)
                  008140e0    00000020                                             : port.obj (.text:vPortRestoreTaskContext)
                  00814100    00000020                                             : port.obj (.text:vPortSuppressTicksAndSleep)
                  00814120    00000020                                             : port.obj (.text:vPortValidateInterruptPriority)
                  00814140    00000020                                             : tasks.obj (.text:vTaskMissedYield)
                  00814160    00000020                                             : tasks.obj (.text:vTaskSuspendAll)
                  00814180    00000020                                             : tasks.obj (.text:xTaskGetCurrentTaskHandle)
                  008141a0    00000020                                             : tasks.obj (.text:xTaskGetTickCount)

.const     0    0082af20    00002598     
                  0082af20    00000568     freertos.awr294x.c66.ti-c6000.debug.lib : tasks.obj (.const:.string)
                  0082b488    0000053c                                             : queue.obj (.const:.string)
                  0082b9c4    00000374     drivers.awr294x.c66.ti-c6000.debug.lib : ipc_rpmsg.obj (.const:.string)
                  0082bd38    00000344                                            : soc_rcm.obj (.const:.string)
                  0082c07c    00000004     --HOLE-- [fill = 0]
                  0082c080    000001a4                                            : soc_rcm.obj (.const:gSocRcmClkSrcInfoMap)
                  0082c224    00000004     --HOLE-- [fill = 0]
                  0082c228    00000188                                            : soc_rcm.obj (.const:gSocRcmADPLLJConfigTbl)
                  0082c3b0    00000150     freertos.awr294x.c66.ti-c6000.debug.lib : timers.obj (.const:.string)
                  0082c500    00000124     drivers.awr294x.c66.ti-c6000.debug.lib : ipc_notify_v1.obj (.const:.string)
                  0082c624    00000104     freertos.awr294x.c66.ti-c6000.debug.lib : ClockP_freertos_c66.obj (.const:.string)
                  0082c728    000000c0                                             : TimerP_rti.obj (.const:.string)
                  0082c7e8    000000a8     drivers.awr294x.c66.ti-c6000.debug.lib : uart_sci.obj (.const:.string)
                  0082c890    000000a8     freertos.awr294x.c66.ti-c6000.debug.lib : port.obj (.const:.string)
                  0082c938    00000094     drivers.awr294x.c66.ti-c6000.debug.lib : edma.obj (.const:.string)
                  0082c9cc    00000088     freertos.awr294x.c66.ti-c6000.debug.lib : SemaphoreP_freertos.obj (.const:.string)
                  0082ca54    00000050     ti_drivers_config.obj (.const:.string)
                  0082caa4    00000004     --HOLE-- [fill = 0]
                  0082caa8    00000050     freertos.awr294x.c66.ti-c6000.debug.lib : printf.obj (.const:pow10$1)
                  0082caf8    0000003c     drivers.awr294x.c66.ti-c6000.debug.lib : ipc_notify_v1_cfg.obj (.const:.string)
                  0082cb34    0000003c                                            : ipc_rpmsg_vring.obj (.const:.string)
                  0082cb70    00000034     main.obj (.const:.string)
                  0082cba4    00000004     --HOLE-- [fill = 0]
                  0082cba8    00000034     drivers.awr294x.c66.ti-c6000.debug.lib : soc_rcm.obj (.const:gSocRcmPeripheralClkSrcInfoMap)
                  0082cbdc    00000030                                            : mailbox.obj (.const:.string)
                  0082cc0c    00000030     freertos.awr294x.c66.ti-c6000.debug.lib : DebugP_log.obj (.const:.string)
                  0082cc3c    00000004     --HOLE-- [fill = 0]
                  0082cc40    0000002c     drivers.awr294x.c66.ti-c6000.debug.lib : soc_rcm.obj (.const:gSocRcmHsDivMuxClkSrcInfoMap)
                  0082cc6c    00000004     --HOLE-- [fill = 0]
                  0082cc70    00000028                                            : soc_rcm.obj (.const:gSocRcmFixedClocksTbl)
                  0082cc98    00000024     freertos.awr294x.c66.ti-c6000.debug.lib : tasks.obj (.const:.string:$P$T28$29)
                  0082ccbc    00000004     --HOLE-- [fill = 0]
                  0082ccc0    00000020                                             : tasks.obj (.const:.string:$P$T19$20)
                  0082cce0    0000001f     drivers.awr294x.c66.ti-c6000.debug.lib : soc_rcm.obj (.const:.string:$P$T1$2)
                  0082ccff    00000001     --HOLE-- [fill = 0]
                  0082cd00    0000001e     freertos.awr294x.c66.ti-c6000.debug.lib : port.obj (.const:.string:$P$T0$1)
                  0082cd1e    00000002     --HOLE-- [fill = 0]
                  0082cd20    0000001c     drivers.awr294x.c66.ti-c6000.debug.lib : ipc_notify_v1_cfg.obj (.const:.string:$P$T1$2)
                  0082cd3c    00000004     --HOLE-- [fill = 0]
                  0082cd40    0000001c                                            : soc_rcm.obj (.const:.string:$P$T6$7)
                  0082cd5c    00000004     --HOLE-- [fill = 0]
                  0082cd60    0000001b     freertos.awr294x.c66.ti-c6000.debug.lib : SemaphoreP_freertos.obj (.const:.string:$P$T0$1)
                  0082cd7b    00000005     --HOLE-- [fill = 0]
                  0082cd80    0000001b                                             : timers.obj (.const:.string:$P$T11$13)
                  0082cd9b    00000005     --HOLE-- [fill = 0]
                  0082cda0    0000001b     drivers.awr294x.c66.ti-c6000.debug.lib : soc_rcm.obj (.const:.string:$P$T21$22)
                  0082cdbb    00000005     --HOLE-- [fill = 0]
                  0082cdc0    0000001a     freertos.awr294x.c66.ti-c6000.debug.lib : queue.obj (.const:.string:$P$T1$2)
                  0082cdda    00000006     --HOLE-- [fill = 0]
                  0082cde0    0000001a     drivers.awr294x.c66.ti-c6000.debug.lib : soc_rcm.obj (.const:.string:$P$T12$13)
                  0082cdfa    00000006     --HOLE-- [fill = 0]
                  0082ce00    0000001a     freertos.awr294x.c66.ti-c6000.debug.lib : SemaphoreP_freertos.obj (.const:.string:$P$T2$3)
                  0082ce1a    00000006     --HOLE-- [fill = 0]
                  0082ce20    0000001a     drivers.awr294x.c66.ti-c6000.debug.lib : soc_rcm.obj (.const:gSocRcmCpswClkSrcValMap)
                  0082ce3a    00000006     --HOLE-- [fill = 0]
                  0082ce40    0000001a                                            : soc_rcm.obj (.const:gSocRcmCptsClkSrcValMap)
                  0082ce5a    00000006     --HOLE-- [fill = 0]
                  0082ce60    0000001a                                            : soc_rcm.obj (.const:gSocRcmCsiRxClkSrcValMap)
                  0082ce7a    00000006     --HOLE-- [fill = 0]
                  0082ce80    0000001a                                            : soc_rcm.obj (.const:gSocRcmDssHwaClkSrcValMap)
                  0082ce9a    00000006     --HOLE-- [fill = 0]
                  0082cea0    0000001a                                            : soc_rcm.obj (.const:gSocRcmDssRtiClkSrcValMap)
                  0082ceba    00000006     --HOLE-- [fill = 0]
                  0082cec0    0000001a                                            : soc_rcm.obj (.const:gSocRcmDssSciClkSrcValMap)
                  0082ceda    00000006     --HOLE-- [fill = 0]
                  0082cee0    0000001a                                            : soc_rcm.obj (.const:gSocRcmI2CClkSrcValMap)
                  0082cefa    00000006     --HOLE-- [fill = 0]
                  0082cf00    0000001a                                            : soc_rcm.obj (.const:gSocRcmMcanClkSrcValMap)
                  0082cf1a    00000006     --HOLE-- [fill = 0]
                  0082cf20    0000001a                                            : soc_rcm.obj (.const:gSocRcmQspiClkSrcValMap)
                  0082cf3a    00000006     --HOLE-- [fill = 0]
                  0082cf40    0000001a                                            : soc_rcm.obj (.const:gSocRcmRtiClkSrcValMap)
                  0082cf5a    00000006     --HOLE-- [fill = 0]
                  0082cf60    0000001a                                            : soc_rcm.obj (.const:gSocRcmSciClkSrcValMap)
                  0082cf7a    00000006     --HOLE-- [fill = 0]
                  0082cf80    0000001a                                            : soc_rcm.obj (.const:gSocRcmSpiClkSrcValMap)
                  0082cf9a    00000006     --HOLE-- [fill = 0]
                  0082cfa0    00000019                                            : ipc_notify_v1.obj (.const:.string:$P$T1$2)
                  0082cfb9    00000007     --HOLE-- [fill = 0]
                  0082cfc0    00000019     freertos.awr294x.c66.ti-c6000.debug.lib : tasks.obj (.const:.string:$P$T20$21)
                  0082cfd9    00000007     --HOLE-- [fill = 0]
                  0082cfe0    00000019                                             : queue.obj (.const:.string:$P$T3$4)
                  0082cff9    00000007     --HOLE-- [fill = 0]
                  0082d000    00000019                                             : queue.obj (.const:.string:$P$T4$5)
                  0082d019    00000007     --HOLE-- [fill = 0]
                  0082d020    00000019                                             : queue.obj (.const:.string:$P$T8$9)
                  0082d039    00000007     --HOLE-- [fill = 0]
                  0082d040    00000018     drivers.awr294x.c66.ti-c6000.debug.lib : ipc_notify_v1_cfg.obj (.const:.string:$P$T0$1)
                  0082d058    00000018     freertos.awr294x.c66.ti-c6000.debug.lib : tasks.obj (.const:.string:$P$T27$28)
                  0082d070    00000018     drivers.awr294x.c66.ti-c6000.debug.lib : soc_rcm.obj (.const:.string:$P$T7$8)
                  0082d088    00000017     freertos.awr294x.c66.ti-c6000.debug.lib : timers.obj (.const:.string:$P$T10$11)
                  0082d09f    00000001     --HOLE-- [fill = 0]
                  0082d0a0    00000017     drivers.awr294x.c66.ti-c6000.debug.lib : soc_rcm.obj (.const:.string:$P$T18$19)
                  0082d0b7    00000001     --HOLE-- [fill = 0]
                  0082d0b8    00000017                                            : soc_rcm.obj (.const:.string:$P$T5$6)
                  0082d0cf    00000001     --HOLE-- [fill = 0]
                  0082d0d0    00000016     freertos.awr294x.c66.ti-c6000.debug.lib : timers.obj (.const:.string:$P$T0$1)
                  0082d0e6    00000002     --HOLE-- [fill = 0]
                  0082d0e8    00000016     drivers.awr294x.c66.ti-c6000.debug.lib : soc_rcm.obj (.const:.string:$P$T16$17)
                  0082d0fe    00000002     --HOLE-- [fill = 0]
                  0082d100    00000016     freertos.awr294x.c66.ti-c6000.debug.lib : tasks.obj (.const:.string:$P$T17$18)
                  0082d116    00000002     --HOLE-- [fill = 0]
                  0082d118    00000016     drivers.awr294x.c66.ti-c6000.debug.lib : soc_rcm.obj (.const:.string:$P$T20$21)
                  0082d12e    00000002     --HOLE-- [fill = 0]
                  0082d130    00000016                                            : soc_rcm.obj (.const:gSocRcmPllCoreOut2HSDivClkSrcValMap)
                  0082d146    00000002     --HOLE-- [fill = 0]
                  0082d148    00000016                                            : soc_rcm.obj (.const:gSocRcmPllDspOut1HSDivClkSrcValMap)
                  0082d15e    00000002     --HOLE-- [fill = 0]
                  0082d160    00000016                                            : soc_rcm.obj (.const:gSocRcmPllDspOut2HSDivClkSrcValMap)
                  0082d176    00000002     --HOLE-- [fill = 0]
                  0082d178    00000016                                            : soc_rcm.obj (.const:gSocRcmPllPerOut1HSDivClkSrcValMap)
                  0082d18e    00000002     --HOLE-- [fill = 0]
                  0082d190    00000015                                            : ipc_rpmsg_vring.obj (.const:.string:$P$T0$1)
                  0082d1a5    00000003     --HOLE-- [fill = 0]
                  0082d1a8    00000015     freertos.awr294x.c66.ti-c6000.debug.lib : tasks.obj (.const:.string:$P$T1$2)
                  0082d1bd    00000003     --HOLE-- [fill = 0]
                  0082d1c0    00000015                                             : queue.obj (.const:.string:$P$T13$14)
                  0082d1d5    00000003     --HOLE-- [fill = 0]
                  0082d1d8    00000015                                             : tasks.obj (.const:.string:$P$T23$24)
                  0082d1ed    00000003     --HOLE-- [fill = 0]
                  0082d1f0    00000015                                             : timers.obj (.const:.string:$P$T3$4)
                  0082d205    00000003     --HOLE-- [fill = 0]
                  0082d208    00000015     drivers.awr294x.c66.ti-c6000.debug.lib : uart_sci.obj (.const:.string:$P$T9$10)
                  0082d21d    00000003     --HOLE-- [fill = 0]
                  0082d220    00000014     freertos.awr294x.c66.ti-c6000.debug.lib : queue.obj (.const:.string:$P$T11$12)
                  0082d234    00000004     --HOLE-- [fill = 0]
                  0082d238    00000014     drivers.awr294x.c66.ti-c6000.debug.lib : uart_sci.obj (.const:.string:$P$T12$13)
                  0082d24c    00000004     --HOLE-- [fill = 0]
                  0082d250    00000014     freertos.awr294x.c66.ti-c6000.debug.lib : timers.obj (.const:.string:$P$T12$14)
                  0082d264    00000004     --HOLE-- [fill = 0]
                  0082d268    00000014     drivers.awr294x.c66.ti-c6000.debug.lib : ipc_rpmsg.obj (.const:.string:$P$T3$4)
                  0082d27c    00000004     --HOLE-- [fill = 0]
                  0082d280    00000014     freertos.awr294x.c66.ti-c6000.debug.lib : tasks.obj (.const:.string:$P$T9$10)
                  0082d294    00000014                                             : printf.obj (.const:.string)
                  0082d2a8    00000013                                             : queue.obj (.const:.string:$P$T0$1)
                  0082d2bb    00000005     --HOLE-- [fill = 0]
                  0082d2c0    00000013                                             : port.obj (.const:.string:$P$T1$2)
                  0082d2d3    00000005     --HOLE-- [fill = 0]
                  0082d2d8    00000013                                             : tasks.obj (.const:.string:$P$T15$16)
                  0082d2eb    00000005     --HOLE-- [fill = 0]
                  0082d2f0    00000013                                             : tasks.obj (.const:.string:$P$T16$17)
                  0082d303    00000005     --HOLE-- [fill = 0]
                  0082d308    00000013     drivers.awr294x.c66.ti-c6000.debug.lib : soc_rcm.obj (.const:.string:$P$T17$18)
                  0082d31b    00000005     --HOLE-- [fill = 0]
                  0082d320    00000012                                            : ipc_notify_v1.obj (.const:.string:$P$T0$1)
                  0082d332    00000006     --HOLE-- [fill = 0]
                  0082d338    00000012     freertos.awr294x.c66.ti-c6000.debug.lib : tasks.obj (.const:.string:$P$T0$1)
                  0082d34a    00000006     --HOLE-- [fill = 0]
                  0082d350    00000012     drivers.awr294x.c66.ti-c6000.debug.lib : uart_sci.obj (.const:.string:$P$T11$12)
                  0082d362    00000006     --HOLE-- [fill = 0]
                  0082d368    00000012                                            : soc_rcm.obj (.const:.string:$P$T15$16)
                  0082d37a    00000006     --HOLE-- [fill = 0]
                  0082d380    00000012                                            : soc_rcm.obj (.const:.string:$P$T19$20)
                  0082d392    00000006     --HOLE-- [fill = 0]
                  0082d398    00000012     freertos.awr294x.c66.ti-c6000.debug.lib : queue.obj (.const:.string:$P$T7$8)
                  0082d3aa    00000006     --HOLE-- [fill = 0]
                  0082d3b0    00000012                                             : queue.obj (.const:.string:$P$T9$10)
                  0082d3c2    00000006     --HOLE-- [fill = 0]
                  0082d3c8    00000010     drivers.awr294x.c66.ti-c6000.debug.lib : soc_rcm.obj (.const:gSocRcmXTALInfo)
                  0082d3d8    0000000f     freertos.awr294x.c66.ti-c6000.debug.lib : tasks.obj (.const:.string:$P$T10$11)
                  0082d3e7    00000001     --HOLE-- [fill = 0]
                  0082d3e8    0000000f     drivers.awr294x.c66.ti-c6000.debug.lib : ipc_notify_v1.obj (.const:.string:$P$T2$3)
                  0082d3f7    00000001     --HOLE-- [fill = 0]
                  0082d3f8    0000000e     freertos.awr294x.c66.ti-c6000.debug.lib : queue.obj (.const:.string:$P$T10$11)
                  0082d406    00000002     --HOLE-- [fill = 0]
                  0082d408    0000000d     drivers.awr294x.c66.ti-c6000.debug.lib : mailbox.obj (.const:.string:$P$T0$1)
                  0082d415    00000003     --HOLE-- [fill = 0]
                  0082d418    0000000d     freertos.awr294x.c66.ti-c6000.debug.lib : TimerP_rti.obj (.const:.string:$P$T0$1)
                  0082d425    00000003     --HOLE-- [fill = 0]
                  0082d428    0000000d                                             : tasks.obj (.const:.string:$P$T26$27)
                  0082d435    00000003     --HOLE-- [fill = 0]
                  0082d438    0000000c                                             : ClockP_freertos_c66.obj (.const:.string:$P$T0$1)
                  0082d444    00000004     --HOLE-- [fill = 0]
                  0082d448    0000000c     ti_drivers_config.obj (.const:.string:$P$T0$1)
                  0082d454    00000004     --HOLE-- [fill = 0]
                  0082d458    0000000c     freertos.awr294x.c66.ti-c6000.debug.lib : tasks.obj (.const:.string:$P$T2$3)
                  0082d464    00000004     --HOLE-- [fill = 0]
                  0082d468    0000000c                                             : tasks.obj (.const:.string:$P$T24$25)
                  0082d474    00000004     --HOLE-- [fill = 0]
                  0082d478    0000000b     drivers.awr294x.c66.ti-c6000.debug.lib : uart_sci.obj (.const:.string:$P$T3$4)
                  0082d483    00000005     --HOLE-- [fill = 0]
                  0082d488    0000000a                                            : edma.obj (.const:.string:$P$T0$1)
                  0082d492    00000006     --HOLE-- [fill = 0]
                  0082d498    0000000a                                            : uart_sci.obj (.const:.string:$P$T0$1)
                  0082d4a2    00000006     --HOLE-- [fill = 0]
                  0082d4a8    00000008                                            : soc_rcm.obj (.const:gSocRcmXTALFreqTbl)
                  0082d4b0    00000005     main.obj (.const:.string:$P$T0$1)
                  0082d4b5    00000003     --HOLE-- [fill = 0]

.cinit     0    00800000    00000000     UNINITIALIZED

.far       0    008141c0    0000ad60     UNINITIALIZED
                  008141c0    00004000     (.common:gMainTaskStack)
                  008181c0    00004000     (.common:uxHwiStack)
                  0081c1c0    00001000     freertos.awr294x.c66.ti-c6000.debug.lib : port.obj (.far:uxIdleTaskStack)
                  0081d1c0    00000730     (.common:gIpcRpmsgCtrl)
                  0081d8f0    0000040c     (.common:gHwiCtrl)
                  0081dcfc    00000004     rts6600_elf.lib : memory.c.obj (.far)
                  0081dd00    00000400     freertos.awr294x.c66.ti-c6000.debug.lib : port.obj (.far:uxTimerTaskStack)
                  0081e100    000002b4     ti_drivers_config.obj (.far:gUartObjects)
                  0081e3b4    00000004     --HOLE--
                  0081e3b8    00000280     freertos.awr294x.c66.ti-c6000.debug.lib : tasks.obj (.far:pxReadyTasksLists)
                  0081e638    000001e4     ti_drivers_config.obj (.far:gEdmaObjects)
                  0081e81c    00000004     --HOLE--
                  0081e820    00000140     (.common:__TI_tmpnams)
                  0081e960    00000100     (.common:xQueueRegistry)
                  0081ea60    00000100     freertos.awr294x.c66.ti-c6000.debug.lib : timers.obj (.far:ucStaticTimerQueueStorage$16)
                  0081eb60    00000098                                             : DebugP_freertos.obj (.far:gDebugLogLockObj)
                  0081ebf8    0000008c     (.common:gMainTaskObj)
                  0081ec84    0000008c                                             : port.obj (.far:xIdleTaskTCB)
                  0081ed10    0000008c                                             : port.obj (.far:xTimerTaskTCB)
                  0081ed9c    00000050                                             : timers.obj (.far:xStaticTimerQueue$15)
                  0081edec    00000044     (.common:gHwiIntcIntrTable)
                  0081ee30    00000038     (.common:gClockCtrl)
                  0081ee68    00000018     (.common:gMailbox_ctrl)
                  0081ee80    00000014                                             : timers.obj (.far:xActiveTimerList1)
                  0081ee94    00000014                                             : timers.obj (.far:xActiveTimerList2)
                  0081eea8    00000014                                             : tasks.obj (.far:xDelayedTaskList1)
                  0081eebc    00000014                                             : tasks.obj (.far:xDelayedTaskList2)
                  0081eed0    00000014                                             : tasks.obj (.far:xPendingReadyList)
                  0081eee4    00000014                                             : tasks.obj (.far:xSuspendedTaskList)
                  0081eef8    00000014                                             : tasks.obj (.far:xTasksWaitingTermination)
                  0081ef0c    00000004     --HOLE--
                  0081ef10    00000008     (.common:parmbuf)
                  0081ef18    00000008     --HOLE--

.sysmem    0    0081ef20    00008000     UNINITIALIZED
                  0081ef20    00000010     rts6600_elf.lib : memory.c.obj (.sysmem)
                  0081ef30    00007ff0     --HOLE--

.stack     0    00826f20    00004000     UNINITIALIZED
                  00826f20    00000008     rts6600_elf.lib : boot.c.obj (.stack)
                  00826f28    00003ff8     --HOLE--

.fardata   0    0082d4b8    00000ad0     
                  0082d4b8    000001e0     rts6600_elf.lib : defs.c.obj (.fardata:_ftable)
                  0082d698    000001c0     drivers.awr294x.c66.ti-c6000.debug.lib : ipc_notify_v1_cfg.obj (.fardata:gIpcNotifyMailboxConfig)
                  0082d858    000000fc                                            : ipc_notify_v1.obj (.fardata:gIpcNotifyCtrl)
                  0082d954    000000c0                                            : mailbox_cfg.obj (.fardata:gMailboxRemoteCoreObj_c66ss0_to_rss_r4)
                  0082da14    000000c0                                            : mailbox_cfg.obj (.fardata:gMailboxRemoteCoreObj_r5ss0_0_to_rss_r4)
                  0082dad4    00000004     rts6600_elf.lib : _lock.c.obj (.fardata:_lock)
                  0082dad8    000000a0                     : host_device.c.obj (.fardata:_stream)
                  0082db78    0000009c     drivers.awr294x.c66.ti-c6000.debug.lib : uart_sci.obj (.fardata:gUartDrvObj)
                  0082dc14    00000004     rts6600_elf.lib : _lock.c.obj (.fardata:_unlock)
                  0082dc18    00000090     ti_pinmux_config.obj (.fardata:gPinMuxMainDomainCfg)
                  0082dca8    00000084     freertos.awr294x.c66.ti-c6000.debug.lib : Context_c66.obj (.fardata:contextSave)
                  0082dd2c    00000004     rts6600_elf.lib : defs.c.obj (.fardata)
                  0082dd30    00000080     ti_drivers_config.obj (.fardata:gEdmaAttrs)
                  0082ddb0    00000078     rts6600_elf.lib : host_device.c.obj (.fardata:_device)
                  0082de28    00000070     drivers.awr294x.c66.ti-c6000.debug.lib : ipc_notify_v1_cfg.obj (.fardata:gIpcNotifyInterruptConfig_c66ss0)
                  0082de98    00000038     ti_pinmux_config.obj (.fardata:gPinMuxMainDomainCfg1)
                  0082ded0    0000001c     freertos.awr294x.c66.ti-c6000.debug.lib : port_hwi.obj (.fardata:Hwi_Module__state__V)
                  0082deec    00000004     rts6600_elf.lib : memory.c.obj (.fardata)
                  0082def0    00000018     ti_dpl_config.obj (.fardata:gCacheMarRegion)
                  0082df08    00000018     ti_dpl_config.obj (.fardata:gClockConfig)
                  0082df20    00000018     ti_power_clock_config.obj (.fardata:gSocModulesClockFrequency)
                  0082df38    00000010     drivers.awr294x.c66.ti-c6000.debug.lib : ipc_notify_v1_cfg.obj (.fardata:gIpcNotifyCoreIntrBitPos)
                  0082df48    0000000c     ti_dpl_config.obj (.fardata:gCacheSize)
                  0082df54    0000000c     rts6600_elf.lib : exit.c.obj (.fardata)
                  0082df60    00000008     freertos.awr294x.c66.ti-c6000.debug.lib : HwiP_c66.obj (.fardata:gDirectMap)
                  0082df68    00000008     ti_drivers_config.obj (.fardata:gEdmaConfig)
                  0082df70    00000008     ti_power_clock_config.obj (.fardata:gSocModules)
                  0082df78    00000008     ti_drivers_config.obj (.fardata:gUartAttrs)
                  0082df80    00000008     ti_drivers_config.obj (.fardata:gUartConfig)

.switch    0    0082df88    000001c0     
                  0082df88    00000084     freertos.awr294x.c66.ti-c6000.debug.lib : printf.obj (.switch:_vsnprintf)
                  0082e00c    00000050     drivers.awr294x.c66.ti-c6000.debug.lib : soc_rcm.obj (.switch:SOC_rcmGetClkSrcAndDivReg)
                  0082e05c    00000050                                            : soc_rcm.obj (.switch:SOC_rcmGetClkSrcAndDivValue)
                  0082e0ac    00000028     freertos.awr294x.c66.ti-c6000.debug.lib : timers.obj (.switch:prvProcessReceivedCommands)
                  0082e0d4    00000014     drivers.awr294x.c66.ti-c6000.debug.lib : soc_rcm.obj (.switch:SOC_rcmGetApllHSDivOutFreq)
                  0082e0e8    00000014                                            : soc_rcm.obj (.switch:SOC_rcmGetCoreHSDivOut)
                  0082e0fc    00000014                                            : soc_rcm.obj (.switch:SOC_rcmGetDSSHSDivOut)
                  0082e110    00000014                                            : soc_rcm.obj (.switch:SOC_rcmGetFreqLeafNode)
                  0082e124    00000014                                            : soc_rcm.obj (.switch:SOC_rcmGetPerHSDivOut)
                  0082e138    00000010                                            : soc_rcm.obj (.switch:SOC_rcmGetHSDIVClkOutMuxClkSrc)

.cio       0    0082e148    00000120     UNINITIALIZED
                  0082e148    00000120     rts6600_elf.lib : trgmsg.c.obj (.cio)

.rodata    0    0082e268    00000008     
                  0082e268    00000004     freertos.awr294x.c66.ti-c6000.debug.lib : tasks.obj (.rodata)
                  0082e26c    00000004     --HOLE-- [fill = 0]

.bss       0    0082e270    00000018     
                  0082e270    00000008     freertos.awr294x.c66.ti-c6000.debug.lib : tasks.obj (.bss) [fill = 0]
                  0082e278    00000008                                             : timers.obj (.bss) [fill = 0]
                  0082e280    00000004     (.common:gMainTask)
                  0082e284    00000004     --HOLE-- [fill = 0]

.neardata 
*          0    0082e288    00000098     
                  0082e288    00000040     freertos.awr294x.c66.ti-c6000.debug.lib : tasks.obj (.neardata)
                  0082e2c8    00000018                                             : port.obj (.neardata)
                  0082e2e0    0000000c     drivers.awr294x.c66.ti-c6000.debug.lib : ipc_notify_v1_cfg.obj (.neardata)
                  0082e2ec    0000000c     freertos.awr294x.c66.ti-c6000.debug.lib : timers.obj (.neardata)
                  0082e2f8    00000008                                             : DebugP_uartLogWriter.obj (.neardata)
                  0082e300    00000008                                             : HwiP_c66.obj (.neardata)
                  0082e308    00000008     ti_drivers_config.obj (.neardata)
                  0082e310    00000004     freertos.awr294x.c66.ti-c6000.debug.lib : DebugP_freertos.obj (.neardata)
                  0082e314    00000004                                             : DebugP_log.obj (.neardata)
                  0082e318    00000004     ti_dpl_config.obj (.neardata)
                  0082e31c    00000004     --HOLE-- [fill = 0]

.init_array 
*          0    00800000    00000000     UNINITIALIZED

.bss.ipc_vring_mem 
*          0    c5000200    000012c0     NOLOAD SECTION
                  c5000200    000012c0     ti_drivers_config.obj (.bss.ipc_vring_mem)

MODULE SUMMARY

       Module                              code    ro data   rw data
       ------                              ----    -------   -------
    .\
       main.obj                            224     57        16528  
       empty.obj                           32      0         0      
    +--+-----------------------------------+-------+---------+---------+
       Total:                              256     57        16528  
                                                                    
    .\syscfg\
       ti_drivers_config.obj               800     92        6136   
       ti_power_clock_config.obj           480     0         32     
       ti_pinmux_config.obj                64      0         200    
       ti_dpl_config.obj                   160     0         64     
       ti_board_config.obj                 32      0         0      
    +--+-----------------------------------+-------+---------+---------+
       Total:                              1536    92        6432   
                                                                    
    C:/ti/mmwave_mcuplus_sdk_04_07_01_04/mcu_plus_sdk_awr294x_10_01_00_04/source/drivers/lib/drivers.awr294x.c66.ti-c6000.debug.lib
       soc_rcm.obj                         9696    2765      0      
       ipc_notify_v1.obj                   6624    350       252    
       ipc_rpmsg.obj                       3168    904       1840   
       edma.obj                            3584    158       0      
       uart_sci.obj                        2336    248       156    
       ipc_rpmsg_vring.obj                 2336    81        0      
       ipc_notify_v1_cfg.obj               928     112       588    
       soc.obj                             1536    0         0      
       uart_sci_edma.obj                   704     0         0      
       mailbox.obj                         512     61        24     
       mailbox_cfg.obj                     96      0         384    
       pinmux.obj                          192     0         0      
    +--+-----------------------------------+-------+---------+---------+
       Total:                              31712   4679      3244   
                                                                    
[...]
00814160  vTaskSuspendAll                        
00809100  vTaskSwitchContext                     
00813720  vprintf_                               
00812bc0  write                                  
00813760  xPortInIsrContext                      
008137a0  xPortStartScheduler                    
008137e0  xQueueCreateMutexStatic                
008092a0  xQueueGenericCreateStatic              
0080b960  xQueueGenericReset                     
00804de0  xQueueGenericSend                      
00806d80  xQueueGenericSendFromISR               
00807960  xQueueGiveFromISR                      
0080ffa0  xQueueGiveMutexRecursive               
00805d80  xQueueReceive                          
00807ec0  xQueueReceiveFromISR                   
0081e960  xQueueRegistry                         
00804560  xQueueSemaphoreTake                    
00810040  xQueueTakeMutexRecursive               
0080baa0  xTaskCheckForTimeOut                   
0080ae00  xTaskCreateStatic                      
00814180  xTaskGetCurrentTaskHandle              
00813820  xTaskGetSchedulerState                 
008141a0  xTaskGetTickCount                      
00808080  xTaskIncrementTick                     
00809d40  xTaskPriorityDisinherit                
00809ec0  xTaskPriorityInherit                   
0080c960  xTaskRemoveFromEventList               
00808240  xTaskResumeAll                         
0080e2a0  xTimerCreateTimerTask                  
0080e380  xTimerGenericCommand                   


GLOBAL SYMBOLS: SORTED BY Symbol Address 

address   name                                   
-------   ----                                   
00004000  __TI_STACK_SIZE                        
00008000  __TI_SYSMEM_SIZE                       
00800000  _vectors                               
00801860  IpcNotify_init                         
00802620  __c6xabi_divd                          
00803ae0  IpcNotify_isr                          
00803f20  HwiP_construct                         
00804560  xQueueSemaphoreTake                    
00804860  TimerP_setup                           
00804b20  aligned_alloc                          
00804b20  memalign                               
00804de0  xQueueGenericSend                      
008050a0  ClockP_init                            
00805340  RPMessage_vringResetInternal           
00805880  SOC_controlModuleUnlockMMR             
00805b00  UART_writeDma                          
00805d80  xQueueReceive                          
00806000  RPMessage_init                         
00806260  free                                   
00806700  __c6xabi_divull                        
00806940  UART_write                             
00806d80  xQueueGenericSendFromISR               
00806fa0  RPMessage_recvHandler                  
008071a0  SOC_controlModuleLockMMR               
008073a0  Hwi_dispatchAlways                     
008075a0  Context_save                           
00807780  vTaskPriorityDisinheritAfterTimeout    
00807960  xQueueGiveFromISR                      
00807b40  IpcNotify_trigInterrupt_ack            
00807d00  fputc                                  
00807d00  putc                                   
00807ec0  xQueueReceiveFromISR                   
00808080  xTaskIncrementTick                     
00808240  xTaskResumeAll                         
00808400  HOSTrename                             
008085a0  HwiP_init                              
00808740  IpcNotify_sendMsg                      
008088e0  IpcNotify_trigInterrupt                
00808a80  RPMessage_vringReset                   
00808dc0  System_init                            
00808f60  setvbuf                                
00809100  vTaskSwitchContext                     
008092a0  xQueueGenericCreateStatic              
00809440  HwiP_assignIntrHandlers                
008095c0  HwiP_intcEcmDispatcher                 
00809a40  HwiP_Entry                             
00809a74  HwiP_intcInterruptEnable               
00809a94  HwiP_intcInterruptDisable              
00809ab4  HwiP_intcInterruptClear                
00809ac4  HwiP_intcInterruptSet                  
00809ad0  HwiP_intcInterruptRestore              
00809ae8  HwiP_intcQueryInterruptStatus          
00809b00  HwiP_intcGlobalEnable                  
00809b20  HwiP_intcGlobalDisable                 
00809b40  HwiP_intcGlobalRestore                 
00809b58  HwiP_intcGlobalNmiEnable               
00809b6c  HwiP_intcGlobalExcepEnable             
00809b80  HwiP_intcGlobalExtExcepEnable          
00809b94  HwiP_intcGlobalExcepClear              
00809d40  xTaskPriorityDisinherit                
00809ec0  xTaskPriorityInherit                   
0080a040  Context_restore                        
0080a1a0  Context_triggerSleep                   
0080a300  HwiP_intcDispatcherCore                
0080a460  HwiP_intcNmiDispatcher                 
0080a5c0  RPMessage_vringGetFullRxBuf            
0080a720  RPMessage_vringPutEmptyRxBuf           
0080aca0  vTaskDelete                            
0080ae00  xTaskCreateStatic                      
0080af60  RPMessage_coreInit                     
0080b460  UART_init                              
0080b960  xQueueGenericReset                     
0080baa0  xTaskCheckForTimeOut                   
0080bbe0  EDMA_ccPaRAMEntry_init                 
0080bd00  IpcNotify_readAckCallback              
0080be20  Mailbox_init                           
0080bf40  RPMessage_construct                    
0080c2a0  SOC_virtToPhy                          
0080c4e0  getdevice                              
0080c840  vTaskStartScheduler                    
0080c960  xTaskRemoveFromEventList               
0080ca80  ClockP_getTimeUsec                     
0080cc80  IpcNotify_Params_init                  
0080cd80  Module_clockSetFrequency               
0080ce80  RPMessage_Params_init                  
0080d080  SemaphoreP_constructBinary             
0080d280  __TI_closefile                         
0080d380  fseek                                  
0080d380  fseeko                                 
0080d580  Drivers_uartInit                       
0080d660  EDMA_init                              
0080d740  HOSTlseek                              
0080d820  HOSTopen                               
0080d900  IpcNotify_registerClient               
0080dba0  SOC_rcmSetPeripheralClock              
0080dc80  __TI_wrt_ok                            
0080dd60  __c6xabi_divi                          
0080dd60  __divi                                 
0080de40  close                                  
0080df20  exit                                   
0080e000  memset                                 
0080e2a0  xTimerCreateTimerTask                  
0080e380  xTimerGenericCommand                   
0080e460  EDMA_clrMissEvtRegion                  
0080e520  HOSTread                               
0080e5e0  HOSTunlink                             
0080e6a0  HOSTwrite                              
0080e820  Module_clockEnable                     
0080e8e0  RPMessage_notifyCallback               
0080e9a0  SemaphoreP_pend                        
0080ea60  _DebugP_assert                         
0080eb20  _DebugP_logZone                        
0080ebe0  __TI_auto_init_nobinit_nopinit         
0080eca0  __c6xabi_divu                          
0080eca0  __divu                                 
0080ed60  __c6xabi_remi                          
0080ed60  __remi                                 
0080ee20  Power_Down                             
0080ee78  Power_Up                               
0080eee0  main                                   
0080f060  __TI_tls_init                          
0080f120  vListInsert                            
0080f1e0  CacheP_init                            
0080f280  EDMA_enableTransferRegion              
0080f320  EDMA_readIntrStatusRegion              
0080f3c0  HOSTclose                              
0080f5a0  Pinmux_config                          
0080f640  RPMessage_vringIsFullRxBuf             
0080f820  SemaphoreP_constructMutex              
0080f8c0  SemaphoreP_post                        
0080fa00  __TI_cleanup                           
0080faa0  __TI_doflush                           
0080fb40  __c6xabi_remu                          
0080fb40  __remu                                 
0080fbe0  finddevice                             
0080fc80  memcpy                                 
0080ff00  vQueueWaitForMessageRestricted         
0080ffa0  xQueueGiveMutexRecursive               
00810040  xQueueTakeMutexRecursive               
00810160  CacheP_setMar                          
008101e0  CacheP_setSize                         
00810260  Context_sleepHook                      
008102e0  EDMA_clrEvtRegion                      
00810360  EDMA_clrIntrRegion                     
008103e0  EDMA_disableDmaEvtRegion               
00810460  EDMA_disableEvtIntrRegion              
008104e0  EDMA_enableDmaEvtRegion                
00810560  EDMA_setEvtRegion                      
008105e0  EDMA_setPaRAM                          
00810660  IpcNotify_getMemoryToRead              
008106e0  IpcNotify_getMemoryToWrite             
008108e0  IpcNotify_unregisterClient             
00810960  Mailbox_readCallback                   
008109e0  RPMessage_allocEndPtMsg                
00810a60  RPMessage_controlEndPtHandler          
00810ae0  RPMessage_freeEndPtMsg                 
00810be0  RPMessage_vringCheckEmptyTxBuf         
00810c60  RPMessage_vringGetSize                 
00810ee0  TaskSupport_swap__E                    
00810f60  __TI_readmsg                           
00810fe0  __c6xabi_fixdu                         
00811060  __c6xabi_llshl                         
00811160  _c_int00                               
00811560  remove                                 
00811560  unlink                                 
008115e0  uxListRemove                           
00811660  vListInsertEnd                         
008116e0  vPortAssertIfInISR                     
00811760  vPortYield                             
008117e0  vQueueAddToRegistry                    
00811860  vTaskPlaceOnEventList                  
008118e0  vTaskPlaceOnEventListRestricted        
00811960  CacheP_wbAll                           
008119c0  CacheP_wbInvAll                        
00811a20  ClockP_timerTickIsr                    
00811a80  DebugP_uartLogWriterPutChar            
00811ae0  Dpl_init                               
00811b40  EDMA_qdmaClrMissEvtRegion              
00811ba0  HwiP_Params_init                       
00811c00  HwiP_inISR                             
00811c60  Hwi_dispatchC__I                       
00811cc0  IpcNotify_allocSwQueue                 
00811f00  IpcNotify_syncCallback                 
00811f60  IpcNotify_syncCustomIpcConfig          
00811fc0  Mailbox_getRemoteCoreObj               
00812020  RPMessage_controlEndPtInit             
00812080  RPMessage_isLinuxCore                  
008120e0  RPMessage_putEndPtMsg                  
008121a0  RPMessage_vringGetRxBufAddr            
00812260  SOC_rcmGetPeripheralClock              
008122c0  SOC_rcmIsPadDisableRequired            
00812320  TimerP_Params_init                     
00812380  TimerP_getCount                        
008124a0  UART_getHandle                         
00812500  Hwi_switchAndDispatch__I               
00812560  __TI_frcmpyd_div                       
008125c0  __TI_writemsg                          
00812618  C$$IO$$                                
00812620  __c6xabi_llshru                        
00812680  __c6xabi_remull                        
008127a0  _subcull                               
00812800  lseek                                  
00812980  pxPortInitialiseStack                  
008129e0  vApplicationGetIdleTaskMemory          
00812a40  vApplicationGetTimerTaskMemory         
00812aa0  vApplicationStackOverflowHook          
00812b00  vTaskEnterCritical                     
00812b60  vTaskExitCritical                      
00812bc0  write                                  
00812c20  ClockP_usecToTicks                     
00812c60  DebugP_logZoneEnable                   
00812ca0  EDMA_disableQdmaEvtRegion              
00812ce0  EDMA_enableQdmaEvtRegion               
00812d20  EDMA_getIntrStatusRegion               
00812d60  EDMA_intrStatusHighGetRegion           
00812de0  Hwi_Module_startup                     
00812e20  Hwi_getIsrStackAddress                 
00812e60  IpcNotify_getConfig                    
00812ea0  IpcNotify_isCoreEnabled                
00812f60  IpcNotify_wait                         
00812fa0  Mailbox_isCoreEnabled                  
00812fe0  Pinmux_init                            
00813020  RPMessage_CreateParams_init            
00813160  Task_Func                              
008131a0  TimerP_clearOverflowInt                
008131e0  TimerP_getReloadCount                  
00813220  TimerP_start                           
00813260  TimerP_stop                            
008132e0  _DebugP_assertNoLog                    
00813320  TaskSupport_buildTaskStack             
00813360  _args_main                             
00813520  putchar_                               
00813560  pvTaskIncrementMutexHeldCount          
008135a0  vListInitialise                        
008135e0  vPortFree                              
00813620  vPortTimerTickHandler                  
00813660  vPortYeildFromISR                      
008136a0  vPortYieldAsyncFromISR                 
008136e0  vTaskInternalSetTimeOutState           
00813720  vprintf_                               
00813760  xPortInIsrContext                      
008137a0  xPortStartScheduler                    
008137e0  xQueueCreateMutexStatic                
00813820  xTaskGetSchedulerState                 
00813860  AddrTranslateP_getLocalAddr            
00813880  Board_init                             
00813980  ClockP_getTicks                        
008139a0  ClockP_getTimerCount                   
008139c0  ClockP_timerClearOverflowInt           
008139e0  DebugP_uartSetDrvIndex                 
00813a40  HwiP_disable                           
00813a60  HwiP_enable                            
00813c00  HwiP_restore                           
00813c20  Hwi_dispatchCore__I                    
00813c40  Hwi_switchFromBootStack                
00813c60  IpcNotify_getSelfCoreId                
00813c80  IpcNotify_isCustomIpcConfigEnabled     
00813cc0  IpcNotify_registerNonNotifyCallback    
00813ce0  Mailbox_Params_init                    
00813d00  PowerClock_init                        
00813d60  SOC_moduleClockEnable                  
00813d80  SOC_moduleSetClockFrequency            
00813da0  TaskP_yield                            
00813dc0  Task_enter                             
00813de0  Task_exit                              
00813e80  TaskSupport_glue                       
00813ea0  __c6xabi_pop_rts                       
00813ea0  __pop_rts                              
00813ec0  __c6xabi_push_rts                      
00813ec0  __push_rts                             
00813ee0  _nop                                   
00813f20  _system_post_cinit                     
00813f40  _system_pre_init                       
00813f60  C$$EXIT                                
00813f60  abort                                  
00813f80  empty_main                             
00813fa0  HwiP_intcIvpSet                        
00813fc0  freertos_main                          
00813fe0  malloc                                 
00814020  putchar                                
00814040  uiPortGetRunTimeCounterValue           
00814060  vListInitialiseItem                    
00814080  vPortConfigTimerForRunTimeStats        
008140a0  vPortEnterCritical                     
008140c0  vPortExitCritical                      
008140e0  vPortRestoreTaskContext                
00814100  vPortSuppressTicksAndSleep             
00814120  vPortValidateInterruptPriority         
00814140  vTaskMissedYield                       
00814160  vTaskSuspendAll                        
00814180  xTaskGetCurrentTaskHandle              
008141a0  xTaskGetTickCount                      
008141c0  gMainTaskStack                         
008181c0  uxHwiStack                             
0081d1c0  gIpcRpmsgCtrl                          
0081d8f0  gHwiCtrl                               
0081e820  __TI_tmpnams                           
0081e960  xQueueRegistry                         
0081ebf8  gMainTaskObj                           
0081edec  gHwiIntcIntrTable                      
0081ee30  gClockCtrl                             
0081ee68  gMailbox_ctrl                          
0081ef10  parmbuf                                
0081ef20  _sys_memory                            
00826f20  _stack                                 
0082af20  __TI_STACK_END                         
0082d4b8  _ftable                                
0082d698  gIpcNotifyMailboxConfig                
0082d858  gIpcNotifyCtrl                         
0082d954  gMailboxRemoteCoreObj_c66ss0_to_rss_r4 
0082da14  gMailboxRemoteCoreObj_r5ss0_0_to_rss_r4
0082dad4  _lock                                  
0082dad8  _stream                                
0082dc14  _unlock                                
0082dca8  contextSave                            
0082dd2c  __TI_ft_end                            
0082ddb0  _device                                
0082de28  gIpcNotifyInterruptConfig_c66ss0       
0082ded0  Hwi_Module__state__V                   
0082def0  gCacheMarRegion                        
0082df08  gClockConfig                           
0082df20  gSocModulesClockFrequency              
0082df38  gIpcNotifyCoreIntrBitPos               
0082df48  gCacheSize                             
0082df54  __TI_cleanup_ptr                       
0082df58  __TI_dtors_ptr                         
0082df5c  __TI_enable_exit_profile_output        
0082df60  gDirectMap                             
0082df68  gEdmaConfig                            
0082df70  gSocModules                            
0082df80  gUartConfig                            
0082e148  __CIOBUF_                              
0082e268  __TI_STATIC_BASE                       
0082e268  uxTopUsedPriority                      
0082e280  gMainTask                              
0082e288  pxCurrentTCB                           
0082e290  FreeRTOS_errno                         
0082e2c8  ulCriticalNesting                      
0082e2cc  ulPortTaskHasFPUContext                
0082e2d0  ulPortYieldRequired                    
0082e2d4  ulPortInterruptNesting                 
0082e2d8  ulPortSchedularRunning                 
0082e2dc  uxPortIncorrectYieldCount              
0082e2e0  gIpcNotifyInterruptConfigNum_r5fss0_0  
0082e2e4  gIpcNotifyInterruptConfigNum_r5fss0_1  
0082e2e8  gIpcNotifyInterruptConfigNum_c66ss0    
0082e2f8  gDebugP_uartDrvIndex                   
0082e300  gHwiRaisePrivilegeHook                 
0082e304  gHwiRestorePrivilegeHook               
0082e308  gUartConfigNum                         
0082e30c  gEdmaConfigNum                         
0082e314  gDebugLogZone                          
0082e318  gCacheMarRegionNum                     
c5000200  gIpcSharedMem                          
ffffffff  __TI_pprof_out_hndl                    
ffffffff  __TI_prof_data_size                    
ffffffff  __TI_prof_data_start                   
ffffffff  __binit__                              
ffffffff  __c_args__                             
ffffffff  binit                                  
UNDEFED   __TI_CINIT_Base                        
UNDEFED   __TI_CINIT_Limit                       
UNDEFED   __TI_Handler_Table_Base                
UNDEFED   __TI_Handler_Table_Limit               
UNDEFED   __TI_TLS_INIT_Base                     
UNDEFED   __TI_TLS_INIT_Limit                    

[366 symbols]
