<?xml version="1.0" encoding="ISO-8859-1" ?>
<link_info>
   <banner>TI ARM Clang Linker PC v4.0.3.LTS</banner>
   <copyright>Copyright (c) 1996-2018 Texas Instruments Incorporated</copyright>
   <command_line>C:\ti\ccs2030\ccs\tools\compiler\ti-cgt-armllvm_4.0.3.LTS\bin\tiarmlnk -IC:\ti\ccs2030\ccs\tools\compiler\ti-cgt-armllvm_4.0.3.LTS\lib -o empty_awr294x-evm_r5fss0-1_freertos_ti-arm-clang.out -mempty.Debug.map -iC:/ti/mmwave_mcuplus_sdk_04_07_01_04/mcu_plus_sdk_awr294x_10_01_00_04/source/kernel/freertos/lib -iC:/ti/mmwave_mcuplus_sdk_04_07_01_04/mcu_plus_sdk_awr294x_10_01_00_04/source/drivers/lib -iC:/ti/ccs2030/ccs/tools/compiler/ti-cgt-armllvm_4.0.3.LTS/lib --reread_libs --diag_suppress=10063 --diag_wrap=off --display_error_number --warn_sections --xml_link_info=empty_awr294x-evm_r5fss0-1_freertos_ti-arm-clang_linkInfo.xml --ram_model ./empty.o ./syscfg/ti_dpl_config.o ./syscfg/ti_drivers_config.o ./syscfg/ti_drivers_open_close.o ./syscfg/ti_pinmux_config.o ./syscfg/ti_power_clock_config.o ./syscfg/ti_board_config.o ./syscfg/ti_board_open_close.o ./syscfg/ti_enet_config.o ./syscfg/ti_enet_open_close.o ./syscfg/ti_enet_soc.o ./syscfg/ti_enet_lwipif.o ./main.o ../linker.cmd -lfreertos.awr294x.r5f.ti-arm-clang.debug.lib -ldrivers.awr294x.r5f.ti-arm-clang.debug.lib -llibc.a -llibsysbm.a --start-group -llibc++.a -llibc++abi.a -llibc.a -llibsys.a -llibsysbm.a -llibclang_rt.builtins.a -llibclang_rt.profile.a --end-group</command_line>
   <link_time>0x68df0079</link_time>
   <link_errors>0x0</link_errors>
   <output_file>C:\Users\there\Documents\Capstone\RadarFirmware\TestProjects\empty_awr294x-evm_r5fss0-1_freertos_ti-arm-clang\Debug\empty_awr294x-evm_r5fss0-1_freertos_ti-arm-clang.out</output_file>
   <entry_point>
      <name>_vectors</name>
      <address>0x0</address>
   </entry_point>
   <input_file_list>
      <input_file id="fl-1">
         <path>C:\Users\there\Documents\Capstone\RadarFirmware\TestProjects\empty_awr294x-evm_r5fss0-1_freertos_ti-arm-clang\Debug\.\</path>
         <kind>object</kind>
         <file>empty.o</file>
         <name>empty.o</name>
      </input_file>
      <input_file id="fl-2">
         <path>C:\Users\there\Documents\Capstone\RadarFirmware\TestProjects\empty_awr294x-evm_r5fss0-1_freertos_ti-arm-clang\Debug\.\syscfg\</path>
         <kind>object</kind>
         <file>ti_dpl_config.o</file>
         <name>ti_dpl_config.o</name>
      </input_file>
      <input_file id="fl-3">
         <path>C:\Users\there\Documents\Capstone\RadarFirmware\TestProjects\empty_awr294x-evm_r5fss0-1_freertos_ti-arm-clang\Debug\.\syscfg\</path>
         <kind>object</kind>
         <file>ti_drivers_config.o</file>
         <name>ti_drivers_config.o</name>
      </input_file>
      <input_file id="fl-4">
         <path>C:\Users\there\Documents\Capstone\RadarFirmware\TestProjects\empty_awr294x-evm_r5fss0-1_freertos_ti-arm-clang\Debug\.\syscfg\</path>
         <kind>object</kind>
         <file>ti_drivers_open_close.o</file>
         <name>ti_drivers_open_close.o</name>
      </input_file>
      <input_file id="fl-5">
         <path>C:\Users\there\Documents\Capstone\RadarFirmware\TestProjects\empty_awr294x-evm_r5fss0-1_freertos_ti-arm-clang\Debug\.\syscfg\</path>
         <kind>object</kind>
         <file>ti_pinmux_config.o</file>
         <name>ti_pinmux_config.o</name>
      </input_file>
      <input_file id="fl-6">
         <path>C:\Users\there\Documents\Capstone\RadarFirmware\TestProjects\empty_awr294x-evm_r5fss0-1_freertos_ti-arm-clang\Debug\.\syscfg\</path>
         <kind>object</kind>
         <file>ti_power_clock_config.o</file>
         <name>ti_power_clock_config.o</name>
      </input_file>
      <input_file id="fl-7">
         <path>C:\Users\there\Documents\Capstone\RadarFirmware\TestProjects\empty_awr294x-evm_r5fss0-1_freertos_ti-arm-clang\Debug\.\syscfg\</path>
         <kind>object</kind>
         <file>ti_board_config.o</file>
         <name>ti_board_config.o</name>
      </input_file>
      <input_file id="fl-8">
         <path>C:\Users\there\Documents\Capstone\RadarFirmware\TestProjects\empty_awr294x-evm_r5fss0-1_freertos_ti-arm-clang\Debug\.\syscfg\</path>
         <kind>object</kind>
         <file>ti_board_open_close.o</file>
         <name>ti_board_open_close.o</name>
      </input_file>
      <input_file id="fl-9">
         <path>C:\Users\there\Documents\Capstone\RadarFirmware\TestProjects\empty_awr294x-evm_r5fss0-1_freertos_ti-arm-clang\Debug\.\syscfg\</path>
         <kind>object</kind>
         <file>ti_enet_config.o</file>
         <name>ti_enet_config.o</name>
      </input_file>
      <input_file id="fl-a">
         <path>C:\Users\there\Documents\Capstone\RadarFirmware\TestProjects\empty_awr294x-evm_r5fss0-1_freertos_ti-arm-clang\Debug\.\syscfg\</path>
         <kind>object</kind>
         <file>ti_enet_open_close.o</file>
         <name>ti_enet_open_close.o</name>
      </input_file>
      <input_file id="fl-b">
         <path>C:\Users\there\Documents\Capstone\RadarFirmware\TestProjects\empty_awr294x-evm_r5fss0-1_freertos_ti-arm-clang\Debug\.\syscfg\</path>
         <kind>object</kind>
         <file>ti_enet_soc.o</file>
         <name>ti_enet_soc.o</name>
      </input_file>
      <input_file id="fl-c">
         <path>C:\Users\there\Documents\Capstone\RadarFirmware\TestProjects\empty_awr294x-evm_r5fss0-1_freertos_ti-arm-clang\Debug\.\syscfg\</path>
         <kind>object</kind>
         <file>ti_enet_lwipif.o</file>
         <name>ti_enet_lwipif.o</name>
      </input_file>
      <input_file id="fl-d">
         <path>C:\Users\there\Documents\Capstone\RadarFirmware\TestProjects\empty_awr294x-evm_r5fss0-1_freertos_ti-arm-clang\Debug\.\</path>
         <kind>object</kind>
         <file>main.o</file>
         <name>main.o</name>
      </input_file>
      <input_file id="fl-1b">
         <path>C:\Users\there\Documents\Capstone\RadarFirmware\TestProjects\empty_awr294x-evm_r5fss0-1_freertos_ti-arm-clang\Debug\</path>
         <kind>object</kind>
         <file>&lt;internal&gt;</file>
         <name>&lt;internal&gt;</name>
      </input_file>
      <input_file id="fl-1c">
         <path>C:\ti\mmwave_mcuplus_sdk_04_07_01_04\mcu_plus_sdk_awr294x_10_01_00_04\source\kernel\freertos\lib\</path>
         <kind>archive</kind>
         <file>freertos.awr294x.r5f.ti-arm-clang.debug.lib</file>
         <name>DebugP_log.obj</name>
      </input_file>
      <input_file id="fl-1d">
         <path>C:\ti\mmwave_mcuplus_sdk_04_07_01_04\mcu_plus_sdk_awr294x_10_01_00_04\source\kernel\freertos\lib\</path>
         <kind>archive</kind>
         <file>freertos.awr294x.r5f.ti-arm-clang.debug.lib</file>
         <name>HwiP_armv7r_vim.obj</name>
      </input_file>
      <input_file id="fl-1e">
         <path>C:\ti\mmwave_mcuplus_sdk_04_07_01_04\mcu_plus_sdk_awr294x_10_01_00_04\source\kernel\freertos\lib\</path>
         <kind>archive</kind>
         <file>freertos.awr294x.r5f.ti-arm-clang.debug.lib</file>
         <name>MpuP_armv7r.obj</name>
      </input_file>
      <input_file id="fl-1f">
         <path>C:\ti\mmwave_mcuplus_sdk_04_07_01_04\mcu_plus_sdk_awr294x_10_01_00_04\source\kernel\freertos\lib\</path>
         <kind>archive</kind>
         <file>freertos.awr294x.r5f.ti-arm-clang.debug.lib</file>
         <name>CacheP_armv7r.obj</name>
      </input_file>
      <input_file id="fl-20">
         <path>C:\ti\mmwave_mcuplus_sdk_04_07_01_04\mcu_plus_sdk_awr294x_10_01_00_04\source\kernel\freertos\lib\</path>
         <kind>archive</kind>
         <file>freertos.awr294x.r5f.ti-arm-clang.debug.lib</file>
         <name>PmuP_armv7r.obj</name>
      </input_file>
      <input_file id="fl-21">
         <path>C:\ti\mmwave_mcuplus_sdk_04_07_01_04\mcu_plus_sdk_awr294x_10_01_00_04\source\kernel\freertos\lib\</path>
         <kind>archive</kind>
         <file>freertos.awr294x.r5f.ti-arm-clang.debug.lib</file>
         <name>ClockP_freertos.obj</name>
      </input_file>
      <input_file id="fl-22">
         <path>C:\ti\mmwave_mcuplus_sdk_04_07_01_04\mcu_plus_sdk_awr294x_10_01_00_04\source\kernel\freertos\lib\</path>
         <kind>archive</kind>
         <file>freertos.awr294x.r5f.ti-arm-clang.debug.lib</file>
         <name>ClockP_freertos_r5.obj</name>
      </input_file>
      <input_file id="fl-23">
         <path>C:\ti\mmwave_mcuplus_sdk_04_07_01_04\mcu_plus_sdk_awr294x_10_01_00_04\source\kernel\freertos\lib\</path>
         <kind>archive</kind>
         <file>freertos.awr294x.r5f.ti-arm-clang.debug.lib</file>
         <name>DebugP_freertos.obj</name>
      </input_file>
      <input_file id="fl-24">
         <path>C:\ti\mmwave_mcuplus_sdk_04_07_01_04\mcu_plus_sdk_awr294x_10_01_00_04\source\kernel\freertos\lib\</path>
         <kind>archive</kind>
         <file>freertos.awr294x.r5f.ti-arm-clang.debug.lib</file>
         <name>HwiP_armv7r_handlers_freertos.obj</name>
      </input_file>
      <input_file id="fl-25">
         <path>C:\ti\mmwave_mcuplus_sdk_04_07_01_04\mcu_plus_sdk_awr294x_10_01_00_04\source\kernel\freertos\lib\</path>
         <kind>archive</kind>
         <file>freertos.awr294x.r5f.ti-arm-clang.debug.lib</file>
         <name>SemaphoreP_freertos.obj</name>
      </input_file>
      <input_file id="fl-26">
         <path>C:\ti\mmwave_mcuplus_sdk_04_07_01_04\mcu_plus_sdk_awr294x_10_01_00_04\source\kernel\freertos\lib\</path>
         <kind>archive</kind>
         <file>freertos.awr294x.r5f.ti-arm-clang.debug.lib</file>
         <name>tasks.obj</name>
      </input_file>
      <input_file id="fl-27">
         <path>C:\ti\mmwave_mcuplus_sdk_04_07_01_04\mcu_plus_sdk_awr294x_10_01_00_04\source\kernel\freertos\lib\</path>
         <kind>archive</kind>
         <file>freertos.awr294x.r5f.ti-arm-clang.debug.lib</file>
         <name>timers.obj</name>
      </input_file>
      <input_file id="fl-28">
         <path>C:\ti\mmwave_mcuplus_sdk_04_07_01_04\mcu_plus_sdk_awr294x_10_01_00_04\source\kernel\freertos\lib\</path>
         <kind>archive</kind>
         <file>freertos.awr294x.r5f.ti-arm-clang.debug.lib</file>
         <name>queue.obj</name>
      </input_file>
      <input_file id="fl-29">
         <path>C:\ti\mmwave_mcuplus_sdk_04_07_01_04\mcu_plus_sdk_awr294x_10_01_00_04\source\kernel\freertos\lib\</path>
         <kind>archive</kind>
         <file>freertos.awr294x.r5f.ti-arm-clang.debug.lib</file>
         <name>list.obj</name>
      </input_file>
      <input_file id="fl-2a">
         <path>C:\ti\mmwave_mcuplus_sdk_04_07_01_04\mcu_plus_sdk_awr294x_10_01_00_04\source\kernel\freertos\lib\</path>
         <kind>archive</kind>
         <file>freertos.awr294x.r5f.ti-arm-clang.debug.lib</file>
         <name>heap_3.obj</name>
      </input_file>
      <input_file id="fl-2b">
         <path>C:\ti\mmwave_mcuplus_sdk_04_07_01_04\mcu_plus_sdk_awr294x_10_01_00_04\source\kernel\freertos\lib\</path>
         <kind>archive</kind>
         <file>freertos.awr294x.r5f.ti-arm-clang.debug.lib</file>
         <name>port.obj</name>
      </input_file>
      <input_file id="fl-2c">
         <path>C:\ti\mmwave_mcuplus_sdk_04_07_01_04\mcu_plus_sdk_awr294x_10_01_00_04\source\kernel\freertos\lib\</path>
         <kind>archive</kind>
         <file>freertos.awr294x.r5f.ti-arm-clang.debug.lib</file>
         <name>HwiP_armv7r_asm.obj</name>
      </input_file>
      <input_file id="fl-2d">
         <path>C:\ti\mmwave_mcuplus_sdk_04_07_01_04\mcu_plus_sdk_awr294x_10_01_00_04\source\kernel\freertos\lib\</path>
         <kind>archive</kind>
         <file>freertos.awr294x.r5f.ti-arm-clang.debug.lib</file>
         <name>MpuP_armv7r_asm.obj</name>
      </input_file>
      <input_file id="fl-2e">
         <path>C:\ti\mmwave_mcuplus_sdk_04_07_01_04\mcu_plus_sdk_awr294x_10_01_00_04\source\kernel\freertos\lib\</path>
         <kind>archive</kind>
         <file>freertos.awr294x.r5f.ti-arm-clang.debug.lib</file>
         <name>CacheP_armv7r_asm.obj</name>
      </input_file>
      <input_file id="fl-2f">
         <path>C:\ti\mmwave_mcuplus_sdk_04_07_01_04\mcu_plus_sdk_awr294x_10_01_00_04\source\kernel\freertos\lib\</path>
         <kind>archive</kind>
         <file>freertos.awr294x.r5f.ti-arm-clang.debug.lib</file>
         <name>PmuP_armv7r_asm.obj</name>
      </input_file>
      <input_file id="fl-30">
         <path>C:\ti\mmwave_mcuplus_sdk_04_07_01_04\mcu_plus_sdk_awr294x_10_01_00_04\source\kernel\freertos\lib\</path>
         <kind>archive</kind>
         <file>freertos.awr294x.r5f.ti-arm-clang.debug.lib</file>
         <name>HwiP_armv7r_vectors_freertos_asm.obj</name>
      </input_file>
      <input_file id="fl-31">
         <path>C:\ti\mmwave_mcuplus_sdk_04_07_01_04\mcu_plus_sdk_awr294x_10_01_00_04\source\kernel\freertos\lib\</path>
         <kind>archive</kind>
         <file>freertos.awr294x.r5f.ti-arm-clang.debug.lib</file>
         <name>HwiP_armv7r_handlers_freertos_asm.obj</name>
      </input_file>
      <input_file id="fl-32">
         <path>C:\ti\mmwave_mcuplus_sdk_04_07_01_04\mcu_plus_sdk_awr294x_10_01_00_04\source\kernel\freertos\lib\</path>
         <kind>archive</kind>
         <file>freertos.awr294x.r5f.ti-arm-clang.debug.lib</file>
         <name>portASM.obj</name>
      </input_file>
      <input_file id="fl-33">
         <path>C:\ti\mmwave_mcuplus_sdk_04_07_01_04\mcu_plus_sdk_awr294x_10_01_00_04\source\kernel\freertos\lib\</path>
         <kind>archive</kind>
         <file>freertos.awr294x.r5f.ti-arm-clang.debug.lib</file>
         <name>TimerP_rti.obj</name>
      </input_file>
      <input_file id="fl-34">
         <path>C:\ti\mmwave_mcuplus_sdk_04_07_01_04\mcu_plus_sdk_awr294x_10_01_00_04\source\kernel\freertos\lib\</path>
         <kind>archive</kind>
         <file>freertos.awr294x.r5f.ti-arm-clang.debug.lib</file>
         <name>printf.obj</name>
      </input_file>
      <input_file id="fl-35">
         <path>C:\ti\mmwave_mcuplus_sdk_04_07_01_04\mcu_plus_sdk_awr294x_10_01_00_04\source\kernel\freertos\lib\</path>
         <kind>archive</kind>
         <file>freertos.awr294x.r5f.ti-arm-clang.debug.lib</file>
         <name>TaskP_freertos.obj</name>
      </input_file>
      <input_file id="fl-36">
         <path>C:\ti\mmwave_mcuplus_sdk_04_07_01_04\mcu_plus_sdk_awr294x_10_01_00_04\source\kernel\freertos\lib\</path>
         <kind>archive</kind>
         <file>freertos.awr294x.r5f.ti-arm-clang.debug.lib</file>
         <name>boot_armv7r_asm.obj</name>
      </input_file>
      <input_file id="fl-37">
         <path>C:\ti\mmwave_mcuplus_sdk_04_07_01_04\mcu_plus_sdk_awr294x_10_01_00_04\source\kernel\freertos\lib\</path>
         <kind>archive</kind>
         <file>freertos.awr294x.r5f.ti-arm-clang.debug.lib</file>
         <name>boot_armv7r.obj</name>
      </input_file>
      <input_file id="fl-38">
         <path>C:\ti\mmwave_mcuplus_sdk_04_07_01_04\mcu_plus_sdk_awr294x_10_01_00_04\source\drivers\lib\</path>
         <kind>archive</kind>
         <file>drivers.awr294x.r5f.ti-arm-clang.debug.lib</file>
         <name>ipc_notify_v1.obj</name>
      </input_file>
      <input_file id="fl-39">
         <path>C:\ti\mmwave_mcuplus_sdk_04_07_01_04\mcu_plus_sdk_awr294x_10_01_00_04\source\drivers\lib\</path>
         <kind>archive</kind>
         <file>drivers.awr294x.r5f.ti-arm-clang.debug.lib</file>
         <name>ipc_notify_v1_cfg.obj</name>
      </input_file>
      <input_file id="fl-3a">
         <path>C:\ti\mmwave_mcuplus_sdk_04_07_01_04\mcu_plus_sdk_awr294x_10_01_00_04\source\drivers\lib\</path>
         <kind>archive</kind>
         <file>drivers.awr294x.r5f.ti-arm-clang.debug.lib</file>
         <name>ipc_rpmsg.obj</name>
      </input_file>
      <input_file id="fl-3b">
         <path>C:\ti\mmwave_mcuplus_sdk_04_07_01_04\mcu_plus_sdk_awr294x_10_01_00_04\source\drivers\lib\</path>
         <kind>archive</kind>
         <file>drivers.awr294x.r5f.ti-arm-clang.debug.lib</file>
         <name>ipc_rpmsg_vring.obj</name>
      </input_file>
      <input_file id="fl-3c">
         <path>C:\ti\mmwave_mcuplus_sdk_04_07_01_04\mcu_plus_sdk_awr294x_10_01_00_04\source\drivers\lib\</path>
         <kind>archive</kind>
         <file>drivers.awr294x.r5f.ti-arm-clang.debug.lib</file>
         <name>pinmux.obj</name>
      </input_file>
      <input_file id="fl-3d">
         <path>C:\ti\mmwave_mcuplus_sdk_04_07_01_04\mcu_plus_sdk_awr294x_10_01_00_04\source\drivers\lib\</path>
         <kind>archive</kind>
         <file>drivers.awr294x.r5f.ti-arm-clang.debug.lib</file>
         <name>soc.obj</name>
      </input_file>
      <input_file id="fl-3e">
         <path>C:\ti\mmwave_mcuplus_sdk_04_07_01_04\mcu_plus_sdk_awr294x_10_01_00_04\source\drivers\lib\</path>
         <kind>archive</kind>
         <file>drivers.awr294x.r5f.ti-arm-clang.debug.lib</file>
         <name>soc_rcm.obj</name>
      </input_file>
      <input_file id="fl-55">
         <path>C:\ti\ccs2030\ccs\tools\compiler\ti-cgt-armllvm_4.0.3.LTS\lib\armv7r-ti-none-eabihf\c\</path>
         <kind>archive</kind>
         <file>libc.a</file>
         <name>snprintf.c.obj</name>
      </input_file>
      <input_file id="fl-56">
         <path>C:\ti\ccs2030\ccs\tools\compiler\ti-cgt-armllvm_4.0.3.LTS\lib\armv7r-ti-none-eabihf\c\</path>
         <kind>archive</kind>
         <file>libc.a</file>
         <name>sprintf.c.obj</name>
      </input_file>
      <input_file id="fl-57">
         <path>C:\ti\ccs2030\ccs\tools\compiler\ti-cgt-armllvm_4.0.3.LTS\lib\armv7r-ti-none-eabihf\c\</path>
         <kind>archive</kind>
         <file>libc.a</file>
         <name>sscanf.c.obj</name>
      </input_file>
      <input_file id="fl-58">
         <path>C:\ti\ccs2030\ccs\tools\compiler\ti-cgt-armllvm_4.0.3.LTS\lib\armv7r-ti-none-eabihf\c\</path>
         <kind>archive</kind>
         <file>libc.a</file>
         <name>fputc.c.obj</name>
      </input_file>
      <input_file id="fl-59">
         <path>C:\ti\ccs2030\ccs\tools\compiler\ti-cgt-armllvm_4.0.3.LTS\lib\armv7r-ti-none-eabihf\c\</path>
         <kind>archive</kind>
         <file>libc.a</file>
         <name>_io_perm.c.obj</name>
      </input_file>
      <input_file id="fl-5a">
         <path>C:\ti\ccs2030\ccs\tools\compiler\ti-cgt-armllvm_4.0.3.LTS\lib\armv7r-ti-none-eabihf\c\</path>
         <kind>archive</kind>
         <file>libc.a</file>
         <name>setvbuf.c.obj</name>
      </input_file>
      <input_file id="fl-5b">
         <path>C:\ti\ccs2030\ccs\tools\compiler\ti-cgt-armllvm_4.0.3.LTS\lib\armv7r-ti-none-eabihf\c\</path>
         <kind>archive</kind>
         <file>libc.a</file>
         <name>aeabi_ctype.S.obj</name>
      </input_file>
      <input_file id="fl-5c">
         <path>C:\ti\ccs2030\ccs\tools\compiler\ti-cgt-armllvm_4.0.3.LTS\lib\armv7r-ti-none-eabihf\c\</path>
         <kind>archive</kind>
         <file>libc.a</file>
         <name>exit.c.obj</name>
      </input_file>
      <input_file id="fl-5d">
         <path>C:\ti\ccs2030\ccs\tools\compiler\ti-cgt-armllvm_4.0.3.LTS\lib\armv7r-ti-none-eabihf\c\</path>
         <kind>archive</kind>
         <file>libc.a</file>
         <name>_lock.c.obj</name>
      </input_file>
      <input_file id="fl-5e">
         <path>C:\ti\ccs2030\ccs\tools\compiler\ti-cgt-armllvm_4.0.3.LTS\lib\armv7r-ti-none-eabihf\c\</path>
         <kind>archive</kind>
         <file>libc.a</file>
         <name>defs.c.obj</name>
      </input_file>
      <input_file id="fl-5f">
         <path>C:\ti\ccs2030\ccs\tools\compiler\ti-cgt-armllvm_4.0.3.LTS\lib\armv7r-ti-none-eabihf\c\</path>
         <kind>archive</kind>
         <file>libc.a</file>
         <name>memory.c.obj</name>
      </input_file>
      <input_file id="fl-60">
         <path>C:\ti\ccs2030\ccs\tools\compiler\ti-cgt-armllvm_4.0.3.LTS\lib\armv7r-ti-none-eabihf\c\</path>
         <kind>archive</kind>
         <file>libc.a</file>
         <name>strcpy.c.obj</name>
      </input_file>
      <input_file id="fl-61">
         <path>C:\ti\ccs2030\ccs\tools\compiler\ti-cgt-armllvm_4.0.3.LTS\lib\armv7r-ti-none-eabihf\c\</path>
         <kind>archive</kind>
         <file>libc.a</file>
         <name>strlen.c.obj</name>
      </input_file>
      <input_file id="fl-62">
         <path>C:\ti\ccs2030\ccs\tools\compiler\ti-cgt-armllvm_4.0.3.LTS\lib\armv7r-ti-none-eabihf\c\</path>
         <kind>archive</kind>
         <file>libc.a</file>
         <name>strncpy.c.obj</name>
      </input_file>
      <input_file id="fl-63">
         <path>C:\ti\ccs2030\ccs\tools\compiler\ti-cgt-armllvm_4.0.3.LTS\lib\armv7r-ti-none-eabihf\c\</path>
         <kind>archive</kind>
         <file>libc.a</file>
         <name>autoinit.c.obj</name>
      </input_file>
      <input_file id="fl-64">
         <path>C:\ti\ccs2030\ccs\tools\compiler\ti-cgt-armllvm_4.0.3.LTS\lib\armv7r-ti-none-eabihf\c\</path>
         <kind>archive</kind>
         <file>libc.a</file>
         <name>cpy_tbl.c.obj</name>
      </input_file>
      <input_file id="fl-65">
         <path>C:\ti\ccs2030\ccs\tools\compiler\ti-cgt-armllvm_4.0.3.LTS\lib\armv7r-ti-none-eabihf\c\</path>
         <kind>archive</kind>
         <file>libc.a</file>
         <name>_printfi.c.obj</name>
      </input_file>
      <input_file id="fl-66">
         <path>C:\ti\ccs2030\ccs\tools\compiler\ti-cgt-armllvm_4.0.3.LTS\lib\armv7r-ti-none-eabihf\c\</path>
         <kind>archive</kind>
         <file>libc.a</file>
         <name>_scanfi.c.obj</name>
      </input_file>
      <input_file id="fl-67">
         <path>C:\ti\ccs2030\ccs\tools\compiler\ti-cgt-armllvm_4.0.3.LTS\lib\armv7r-ti-none-eabihf\c\</path>
         <kind>archive</kind>
         <file>libc.a</file>
         <name>fflush.c.obj</name>
      </input_file>
      <input_file id="fl-68">
         <path>C:\ti\ccs2030\ccs\tools\compiler\ti-cgt-armllvm_4.0.3.LTS\lib\armv7r-ti-none-eabihf\c\</path>
         <kind>archive</kind>
         <file>libc.a</file>
         <name>fopen.c.obj</name>
      </input_file>
      <input_file id="fl-69">
         <path>C:\ti\ccs2030\ccs\tools\compiler\ti-cgt-armllvm_4.0.3.LTS\lib\armv7r-ti-none-eabihf\c\</path>
         <kind>archive</kind>
         <file>libc.a</file>
         <name>fseek.c.obj</name>
      </input_file>
      <input_file id="fl-6a">
         <path>C:\ti\ccs2030\ccs\tools\compiler\ti-cgt-armllvm_4.0.3.LTS\lib\armv7r-ti-none-eabihf\c\</path>
         <kind>archive</kind>
         <file>libc.a</file>
         <name>s_frexp.c.obj</name>
      </input_file>
      <input_file id="fl-6b">
         <path>C:\ti\ccs2030\ccs\tools\compiler\ti-cgt-armllvm_4.0.3.LTS\lib\armv7r-ti-none-eabihf\c\</path>
         <kind>archive</kind>
         <file>libc.a</file>
         <name>s_scalbn.c.obj</name>
      </input_file>
      <input_file id="fl-6c">
         <path>C:\ti\ccs2030\ccs\tools\compiler\ti-cgt-armllvm_4.0.3.LTS\lib\armv7r-ti-none-eabihf\c\</path>
         <kind>archive</kind>
         <file>libc.a</file>
         <name>wcslen.c.obj</name>
      </input_file>
      <input_file id="fl-6d">
         <path>C:\ti\ccs2030\ccs\tools\compiler\ti-cgt-armllvm_4.0.3.LTS\lib\armv7r-ti-none-eabihf\c\</path>
         <kind>archive</kind>
         <file>libc.a</file>
         <name>aeabi_portable.c.obj</name>
      </input_file>
      <input_file id="fl-6e">
         <path>C:\ti\ccs2030\ccs\tools\compiler\ti-cgt-armllvm_4.0.3.LTS\lib\armv7r-ti-none-eabihf\c\</path>
         <kind>archive</kind>
         <file>libc.a</file>
         <name>_ltoa.c.obj</name>
      </input_file>
      <input_file id="fl-6f">
         <path>C:\ti\ccs2030\ccs\tools\compiler\ti-cgt-armllvm_4.0.3.LTS\lib\armv7r-ti-none-eabihf\c\</path>
         <kind>archive</kind>
         <file>libc.a</file>
         <name>assert.c.obj</name>
      </input_file>
      <input_file id="fl-70">
         <path>C:\ti\ccs2030\ccs\tools\compiler\ti-cgt-armllvm_4.0.3.LTS\lib\armv7r-ti-none-eabihf\c\</path>
         <kind>archive</kind>
         <file>libc.a</file>
         <name>atoi.c.obj</name>
      </input_file>
      <input_file id="fl-71">
         <path>C:\ti\ccs2030\ccs\tools\compiler\ti-cgt-armllvm_4.0.3.LTS\lib\armv7r-ti-none-eabihf\c\</path>
         <kind>archive</kind>
         <file>libc.a</file>
         <name>memccpy.c.obj</name>
      </input_file>
      <input_file id="fl-72">
         <path>C:\ti\ccs2030\ccs\tools\compiler\ti-cgt-armllvm_4.0.3.LTS\lib\armv7r-ti-none-eabihf\c\</path>
         <kind>archive</kind>
         <file>libc.a</file>
         <name>strtod.c.obj</name>
      </input_file>
      <input_file id="fl-73">
         <path>C:\ti\ccs2030\ccs\tools\compiler\ti-cgt-armllvm_4.0.3.LTS\lib\armv7r-ti-none-eabihf\c\</path>
         <kind>archive</kind>
         <file>libc.a</file>
         <name>strtol.c.obj</name>
      </input_file>
      <input_file id="fl-74">
         <path>C:\ti\ccs2030\ccs\tools\compiler\ti-cgt-armllvm_4.0.3.LTS\lib\armv7r-ti-none-eabihf\c\</path>
         <kind>archive</kind>
         <file>libc.a</file>
         <name>strtoll.c.obj</name>
      </input_file>
      <input_file id="fl-75">
         <path>C:\ti\ccs2030\ccs\tools\compiler\ti-cgt-armllvm_4.0.3.LTS\lib\armv7r-ti-none-eabihf\c\</path>
         <kind>archive</kind>
         <file>libc.a</file>
         <name>strtoul.c.obj</name>
      </input_file>
      <input_file id="fl-76">
         <path>C:\ti\ccs2030\ccs\tools\compiler\ti-cgt-armllvm_4.0.3.LTS\lib\armv7r-ti-none-eabihf\c\</path>
         <kind>archive</kind>
         <file>libc.a</file>
         <name>strtoull.c.obj</name>
      </input_file>
      <input_file id="fl-77">
         <path>C:\ti\ccs2030\ccs\tools\compiler\ti-cgt-armllvm_4.0.3.LTS\lib\armv7r-ti-none-eabihf\c\</path>
         <kind>archive</kind>
         <file>libc.a</file>
         <name>fclose.c.obj</name>
      </input_file>
      <input_file id="fl-78">
         <path>C:\ti\ccs2030\ccs\tools\compiler\ti-cgt-armllvm_4.0.3.LTS\lib\armv7r-ti-none-eabihf\c\</path>
         <kind>archive</kind>
         <file>libc.a</file>
         <name>fputs.c.obj</name>
      </input_file>
      <input_file id="fl-8f">
         <path>C:\ti\ccs2030\ccs\tools\compiler\ti-cgt-armllvm_4.0.3.LTS\lib\armv7r-ti-none-eabihf\c\</path>
         <kind>archive</kind>
         <file>libsysbm.a</file>
         <name>hostexit.c.obj</name>
      </input_file>
      <input_file id="fl-90">
         <path>C:\ti\ccs2030\ccs\tools\compiler\ti-cgt-armllvm_4.0.3.LTS\lib\armv7r-ti-none-eabihf\c\</path>
         <kind>archive</kind>
         <file>libsysbm.a</file>
         <name>write.c.obj</name>
      </input_file>
      <input_file id="fl-91">
         <path>C:\ti\ccs2030\ccs\tools\compiler\ti-cgt-armllvm_4.0.3.LTS\lib\armv7r-ti-none-eabihf\c\</path>
         <kind>archive</kind>
         <file>libsysbm.a</file>
         <name>host_device.c.obj</name>
      </input_file>
      <input_file id="fl-92">
         <path>C:\ti\ccs2030\ccs\tools\compiler\ti-cgt-armllvm_4.0.3.LTS\lib\armv7r-ti-none-eabihf\c\</path>
         <kind>archive</kind>
         <file>libsysbm.a</file>
         <name>remove.c.obj</name>
      </input_file>
      <input_file id="fl-93">
         <path>C:\ti\ccs2030\ccs\tools\compiler\ti-cgt-armllvm_4.0.3.LTS\lib\armv7r-ti-none-eabihf\c\</path>
         <kind>archive</kind>
         <file>libsysbm.a</file>
         <name>open.c.obj</name>
      </input_file>
      <input_file id="fl-94">
         <path>C:\ti\ccs2030\ccs\tools\compiler\ti-cgt-armllvm_4.0.3.LTS\lib\armv7r-ti-none-eabihf\c\</path>
         <kind>archive</kind>
         <file>libsysbm.a</file>
         <name>lseek.c.obj</name>
      </input_file>
      <input_file id="fl-95">
         <path>C:\ti\ccs2030\ccs\tools\compiler\ti-cgt-armllvm_4.0.3.LTS\lib\armv7r-ti-none-eabihf\c\</path>
         <kind>archive</kind>
         <file>libsysbm.a</file>
         <name>close.c.obj</name>
      </input_file>
      <input_file id="fl-96">
         <path>C:\ti\ccs2030\ccs\tools\compiler\ti-cgt-armllvm_4.0.3.LTS\lib\armv7r-ti-none-eabihf\c\</path>
         <kind>archive</kind>
         <file>libsysbm.a</file>
         <name>unlink.c.obj</name>
      </input_file>
      <input_file id="fl-97">
         <path>C:\ti\ccs2030\ccs\tools\compiler\ti-cgt-armllvm_4.0.3.LTS\lib\armv7r-ti-none-eabihf\c\</path>
         <kind>archive</kind>
         <file>libsysbm.a</file>
         <name>hostclose.c.obj</name>
      </input_file>
      <input_file id="fl-98">
         <path>C:\ti\ccs2030\ccs\tools\compiler\ti-cgt-armllvm_4.0.3.LTS\lib\armv7r-ti-none-eabihf\c\</path>
         <kind>archive</kind>
         <file>libsysbm.a</file>
         <name>hostlseek.c.obj</name>
      </input_file>
      <input_file id="fl-99">
         <path>C:\ti\ccs2030\ccs\tools\compiler\ti-cgt-armllvm_4.0.3.LTS\lib\armv7r-ti-none-eabihf\c\</path>
         <kind>archive</kind>
         <file>libsysbm.a</file>
         <name>hostopen.c.obj</name>
      </input_file>
      <input_file id="fl-9a">
         <path>C:\ti\ccs2030\ccs\tools\compiler\ti-cgt-armllvm_4.0.3.LTS\lib\armv7r-ti-none-eabihf\c\</path>
         <kind>archive</kind>
         <file>libsysbm.a</file>
         <name>hostread.c.obj</name>
      </input_file>
      <input_file id="fl-9b">
         <path>C:\ti\ccs2030\ccs\tools\compiler\ti-cgt-armllvm_4.0.3.LTS\lib\armv7r-ti-none-eabihf\c\</path>
         <kind>archive</kind>
         <file>libsysbm.a</file>
         <name>hostrename.c.obj</name>
      </input_file>
      <input_file id="fl-9c">
         <path>C:\ti\ccs2030\ccs\tools\compiler\ti-cgt-armllvm_4.0.3.LTS\lib\armv7r-ti-none-eabihf\c\</path>
         <kind>archive</kind>
         <file>libsysbm.a</file>
         <name>hostunlink.c.obj</name>
      </input_file>
      <input_file id="fl-9d">
         <path>C:\ti\ccs2030\ccs\tools\compiler\ti-cgt-armllvm_4.0.3.LTS\lib\armv7r-ti-none-eabihf\c\</path>
         <kind>archive</kind>
         <file>libsysbm.a</file>
         <name>hostwrite.c.obj</name>
      </input_file>
      <input_file id="fl-9e">
         <path>C:\ti\ccs2030\ccs\tools\compiler\ti-cgt-armllvm_4.0.3.LTS\lib\armv7r-ti-none-eabihf\c\</path>
         <kind>archive</kind>
         <file>libsysbm.a</file>
         <name>trgmsg.c.obj</name>
      </input_file>
      <input_file id="fl-128">
         <path>C:\ti\ccs2030\ccs\tools\compiler\ti-cgt-armllvm_4.0.3.LTS\lib\armv7r-ti-none-eabihf\c\</path>
         <kind>archive</kind>
         <file>libc.a</file>
         <name>getdevice.c.obj</name>
      </input_file>
      <input_file id="fl-129">
         <path>C:\ti\ccs2030\ccs\tools\compiler\ti-cgt-armllvm_4.0.3.LTS\lib\armv7r-ti-none-eabihf\c\</path>
         <kind>archive</kind>
         <file>libc.a</file>
         <name>strcmp32.S.obj</name>
      </input_file>
      <input_file id="fl-12a">
         <path>C:\ti\ccs2030\ccs\tools\compiler\ti-cgt-armllvm_4.0.3.LTS\lib\armv7r-ti-none-eabihf\</path>
         <kind>archive</kind>
         <file>libclang_rt.builtins.a</file>
         <name>divsi3.S.obj</name>
      </input_file>
      <input_file id="fl-12b">
         <path>C:\ti\ccs2030\ccs\tools\compiler\ti-cgt-armllvm_4.0.3.LTS\lib\armv7r-ti-none-eabihf\</path>
         <kind>archive</kind>
         <file>libclang_rt.builtins.a</file>
         <name>udivsi3.S.obj</name>
      </input_file>
      <input_file id="fl-12c">
         <path>C:\ti\ccs2030\ccs\tools\compiler\ti-cgt-armllvm_4.0.3.LTS\lib\armv7r-ti-none-eabihf\</path>
         <kind>archive</kind>
         <file>libclang_rt.builtins.a</file>
         <name>aeabi_div0.c.obj</name>
      </input_file>
      <input_file id="fl-12d">
         <path>C:\ti\ccs2030\ccs\tools\compiler\ti-cgt-armllvm_4.0.3.LTS\lib\armv7r-ti-none-eabihf\</path>
         <kind>archive</kind>
         <file>libclang_rt.builtins.a</file>
         <name>aeabi_memcpy.S.obj</name>
      </input_file>
      <input_file id="fl-12e">
         <path>C:\ti\ccs2030\ccs\tools\compiler\ti-cgt-armllvm_4.0.3.LTS\lib\armv7r-ti-none-eabihf\</path>
         <kind>archive</kind>
         <file>libclang_rt.builtins.a</file>
         <name>aeabi_memset.S.obj</name>
      </input_file>
      <input_file id="fl-12f">
         <path>C:\ti\ccs2030\ccs\tools\compiler\ti-cgt-armllvm_4.0.3.LTS\lib\armv7r-ti-none-eabihf\</path>
         <kind>archive</kind>
         <file>libclang_rt.builtins.a</file>
         <name>aeabi_uldivmod.S.obj</name>
      </input_file>
      <input_file id="fl-130">
         <path>C:\ti\ccs2030\ccs\tools\compiler\ti-cgt-armllvm_4.0.3.LTS\lib\armv7r-ti-none-eabihf\</path>
         <kind>archive</kind>
         <file>libclang_rt.builtins.a</file>
         <name>udivmoddi4.S.obj</name>
      </input_file>
      <input_file id="fl-131">
         <path>C:\ti\ccs2030\ccs\tools\compiler\ti-cgt-armllvm_4.0.3.LTS\lib\armv7r-ti-none-eabihf\c\</path>
         <kind>archive</kind>
         <file>libc.a</file>
         <name>memcpy32.S.obj</name>
      </input_file>
      <input_file id="fl-132">
         <path>C:\ti\ccs2030\ccs\tools\compiler\ti-cgt-armllvm_4.0.3.LTS\lib\armv7r-ti-none-eabihf\c\</path>
         <kind>archive</kind>
         <file>libc.a</file>
         <name>memset32.S.obj</name>
      </input_file>
      <input_file id="fl-133">
         <path>C:\ti\mmwave_mcuplus_sdk_04_07_01_04\mcu_plus_sdk_awr294x_10_01_00_04\source\kernel\freertos\lib\</path>
         <kind>archive</kind>
         <file>freertos.awr294x.r5f.ti-arm-clang.debug.lib</file>
         <name>CpuId_armv7r.obj</name>
      </input_file>
      <input_file id="fl-134">
         <path>C:\ti\mmwave_mcuplus_sdk_04_07_01_04\mcu_plus_sdk_awr294x_10_01_00_04\source\kernel\freertos\lib\</path>
         <kind>archive</kind>
         <file>freertos.awr294x.r5f.ti-arm-clang.debug.lib</file>
         <name>CpuId_armv7r_asm.obj</name>
      </input_file>
   </input_file_list>
   <object_component_list>
      <object_component id="oc-2e">
         <name>.vectors</name>
         <load_address>0x0</load_address>
         <readonly>true</readonly>
         <executable>true</executable>
         <run_address>0x0</run_address>
         <size>0x40</size>
         <alignment>0x4</alignment>
         <input_file_ref idref="fl-30"/>
      </object_component>
      <object_component id="oc-5f">
         <name>.text.hwi</name>
         <load_address>0x102c3730</load_address>
         <readonly>true</readonly>
         <executable>true</executable>
         <run_address>0x102c3730</run_address>
         <size>0x5ee</size>
         <alignment>0x10</alignment>
         <input_file_ref idref="fl-24"/>
      </object_component>
      <object_component id="oc-86">
         <name>.text.hwi</name>
         <load_address>0x102c3d20</load_address>
         <readonly>true</readonly>
         <executable>true</executable>
         <run_address>0x102c3d20</run_address>
         <size>0x5c6</size>
         <alignment>0x10</alignment>
         <input_file_ref idref="fl-1d"/>
      </object_component>
      <object_component id="oc-5b">
         <name>.text.hwi</name>
         <load_address>0x102c42e8</load_address>
         <readonly>true</readonly>
         <executable>true</executable>
         <run_address>0x102c42e8</run_address>
         <size>0x1ec</size>
         <alignment>0x4</alignment>
         <input_file_ref idref="fl-32"/>
      </object_component>
      <object_component id="oc-57">
         <name>.text.hwi</name>
         <load_address>0x102c44d4</load_address>
         <readonly>true</readonly>
         <executable>true</executable>
         <run_address>0x102c44d4</run_address>
         <size>0x100</size>
         <alignment>0x4</alignment>
         <input_file_ref idref="fl-31"/>
      </object_component>
      <object_component id="oc-8c">
         <name>.text.hwi</name>
         <load_address>0x102c45d4</load_address>
         <readonly>true</readonly>
         <executable>true</executable>
         <run_address>0x102c45d4</run_address>
         <size>0x70</size>
         <alignment>0x4</alignment>
         <input_file_ref idref="fl-2c"/>
      </object_component>
      <object_component id="oc-f1">
         <name>.text.cache</name>
         <load_address>0x102c4650</load_address>
         <readonly>true</readonly>
         <executable>true</executable>
         <run_address>0x102c4650</run_address>
         <size>0x340</size>
         <alignment>0x4</alignment>
         <input_file_ref idref="fl-2e"/>
      </object_component>
      <object_component id="oc-98">
         <name>.text.cache</name>
         <load_address>0x102c4990</load_address>
         <readonly>true</readonly>
         <executable>true</executable>
         <run_address>0x102c4990</run_address>
         <size>0x158</size>
         <alignment>0x10</alignment>
         <input_file_ref idref="fl-1f"/>
      </object_component>
      <object_component id="oc-94">
         <name>.text.mpu</name>
         <load_address>0x102c4af0</load_address>
         <readonly>true</readonly>
         <executable>true</executable>
         <run_address>0x102c4af0</run_address>
         <size>0x246</size>
         <alignment>0x10</alignment>
         <input_file_ref idref="fl-1e"/>
      </object_component>
      <object_component id="oc-ed">
         <name>.text.mpu</name>
         <load_address>0x102c4d38</load_address>
         <readonly>true</readonly>
         <executable>true</executable>
         <run_address>0x102c4d38</run_address>
         <size>0x78</size>
         <alignment>0x4</alignment>
         <input_file_ref idref="fl-2d"/>
      </object_component>
      <object_component id="oc-53">
         <name>.text.boot</name>
         <load_address>0x102c4db0</load_address>
         <readonly>true</readonly>
         <executable>true</executable>
         <run_address>0x102c4db0</run_address>
         <size>0xfc</size>
         <alignment>0x4</alignment>
         <input_file_ref idref="fl-36"/>
      </object_component>
      <object_component id="oc-cb">
         <name>.text.boot</name>
         <load_address>0x102c4eb0</load_address>
         <readonly>true</readonly>
         <executable>true</executable>
         <run_address>0x102c4eb0</run_address>
         <size>0x2a</size>
         <alignment>0x10</alignment>
         <input_file_ref idref="fl-1c"/>
      </object_component>
      <object_component id="oc-6e">
         <name>.text.boot</name>
         <load_address>0x102c4ee0</load_address>
         <readonly>true</readonly>
         <executable>true</executable>
         <run_address>0x102c4ee0</run_address>
         <size>0x24</size>
         <alignment>0x10</alignment>
         <input_file_ref idref="fl-37"/>
      </object_component>
      <object_component id="oc-69">
         <name>.text.boot</name>
         <load_address>0x102c4f10</load_address>
         <readonly>true</readonly>
         <executable>true</executable>
         <run_address>0x102c4f10</run_address>
         <size>0xc</size>
         <alignment>0x10</alignment>
         <input_file_ref idref="fl-2"/>
      </object_component>
      <object_component id="oc-ce">
         <name>.text:abort</name>
         <load_address>0x102c4f20</load_address>
         <readonly>true</readonly>
         <executable>true</executable>
         <run_address>0x102c4f20</run_address>
         <size>0x8</size>
         <alignment>0x4</alignment>
         <input_file_ref idref="fl-5c"/>
      </object_component>
      <object_component id="oc-283">
         <name>.text.__TI_scanfi</name>
         <load_address>0x102b3760</load_address>
         <readonly>true</readonly>
         <executable>true</executable>
         <run_address>0x102b3760</run_address>
         <size>0x1328</size>
         <alignment>0x4</alignment>
         <input_file_ref idref="fl-66"/>
      </object_component>
      <object_component id="oc-158">
         <name>.text.HOSTexit</name>
         <load_address>0x102b4a88</load_address>
         <readonly>true</readonly>
         <executable>true</executable>
         <run_address>0x102b4a88</run_address>
         <size>0x8</size>
         <alignment>0x4</alignment>
         <input_file_ref idref="fl-8f"/>
      </object_component>
      <object_component id="oc-26e">
         <name>.text._vsnprintf</name>
         <load_address>0x102b4a90</load_address>
         <readonly>true</readonly>
         <executable>true</executable>
         <run_address>0x102b4a90</run_address>
         <size>0xa34</size>
         <alignment>0x10</alignment>
         <input_file_ref idref="fl-34"/>
      </object_component>
      <object_component id="oc-3b0">
         <name>.text.__aeabi_errno_addr</name>
         <load_address>0x102b54c4</load_address>
         <readonly>true</readonly>
         <executable>true</executable>
         <run_address>0x102b54c4</run_address>
         <size>0xc</size>
         <alignment>0x4</alignment>
         <input_file_ref idref="fl-6d"/>
      </object_component>
      <object_component id="oc-312">
         <name>.text._ftoa</name>
         <load_address>0x102b54d0</load_address>
         <readonly>true</readonly>
         <executable>true</executable>
         <run_address>0x102b54d0</run_address>
         <size>0x51e</size>
         <alignment>0x10</alignment>
         <input_file_ref idref="fl-34"/>
      </object_component>
      <object_component id="oc-11a">
         <name>.text.IpcNotify_init</name>
         <load_address>0x102b59f0</load_address>
         <readonly>true</readonly>
         <executable>true</executable>
         <run_address>0x102b59f0</run_address>
         <size>0x518</size>
         <alignment>0x10</alignment>
         <input_file_ref idref="fl-38"/>
      </object_component>
      <object_component id="oc-32a">
         <name>.text.strtod</name>
         <load_address>0x102b5f08</load_address>
         <readonly>true</readonly>
         <executable>true</executable>
         <run_address>0x102b5f08</run_address>
         <size>0x4d4</size>
         <alignment>0x8</alignment>
         <input_file_ref idref="fl-72"/>
      </object_component>
      <object_component id="oc-420">
         <name>.text.__aeabi_idiv0</name>
         <load_address>0x102b63dc</load_address>
         <readonly>true</readonly>
         <executable>true</executable>
         <run_address>0x102b63dc</run_address>
         <size>0x4</size>
         <alignment>0x4</alignment>
         <input_file_ref idref="fl-12c"/>
      </object_component>
      <object_component id="oc-313">
         <name>.text._etoa</name>
         <load_address>0x102b63e0</load_address>
         <readonly>true</readonly>
         <executable>true</executable>
         <run_address>0x102b63e0</run_address>
         <size>0x478</size>
         <alignment>0x10</alignment>
         <input_file_ref idref="fl-34"/>
      </object_component>
      <object_component id="oc-341">
         <name>.text:__TI_printfi_minimal</name>
         <load_address>0x102b6858</load_address>
         <readonly>true</readonly>
         <executable>true</executable>
         <run_address>0x102b6858</run_address>
         <size>0x3dc</size>
         <alignment>0x4</alignment>
         <input_file_ref idref="fl-65"/>
      </object_component>
      <object_component id="oc-9e">
         <name>.text.__aeabi_memclr</name>
         <load_address>0x102b6c34</load_address>
         <readonly>true</readonly>
         <executable>true</executable>
         <run_address>0x102b6c34</run_address>
         <size>0xc</size>
         <alignment>0x4</alignment>
         <input_file_ref idref="fl-12e"/>
      </object_component>
      <object_component id="oc-519">
         <name>.text:strcmp</name>
         <load_address>0x102b6c40</load_address>
         <readonly>true</readonly>
         <executable>true</executable>
         <run_address>0x102b6c40</run_address>
         <size>0x390</size>
         <alignment>0x20</alignment>
         <input_file_ref idref="fl-129"/>
      </object_component>
      <object_component id="oc-377">
         <name>.text.SOC_rcmGetClkSrcAndDivReg</name>
         <load_address>0x102b6fd0</load_address>
         <readonly>true</readonly>
         <executable>true</executable>
         <run_address>0x102b6fd0</run_address>
         <size>0x370</size>
         <alignment>0x10</alignment>
         <input_file_ref idref="fl-3e"/>
      </object_component>
      <object_component id="oc-2dd">
         <name>.text.IpcNotify_isr</name>
         <load_address>0x102b7340</load_address>
         <readonly>true</readonly>
         <executable>true</executable>
         <run_address>0x102b7340</run_address>
         <size>0x33c</size>
         <alignment>0x10</alignment>
         <input_file_ref idref="fl-38"/>
      </object_component>
      <object_component id="oc-336">
         <name>.text.strtoll</name>
         <load_address>0x102b767c</load_address>
         <readonly>true</readonly>
         <executable>true</executable>
         <run_address>0x102b767c</run_address>
         <size>0x27c</size>
         <alignment>0x4</alignment>
         <input_file_ref idref="fl-74"/>
      </object_component>
      <object_component id="oc-332">
         <name>.text.strtoull</name>
         <load_address>0x102b78f8</load_address>
         <readonly>true</readonly>
         <executable>true</executable>
         <run_address>0x102b78f8</run_address>
         <size>0x248</size>
         <alignment>0x4</alignment>
         <input_file_ref idref="fl-76"/>
      </object_component>
      <object_component id="oc-39b">
         <name>.text._ntoa_format</name>
         <load_address>0x102b7b40</load_address>
         <readonly>true</readonly>
         <executable>true</executable>
         <run_address>0x102b7b40</run_address>
         <size>0x23e</size>
         <alignment>0x10</alignment>
         <input_file_ref idref="fl-34"/>
      </object_component>
      <object_component id="oc-26c">
         <name>.text.xQueueSemaphoreTake</name>
         <load_address>0x102b7d80</load_address>
         <readonly>true</readonly>
         <executable>true</executable>
         <run_address>0x102b7d80</run_address>
         <size>0x23c</size>
         <alignment>0x10</alignment>
         <input_file_ref idref="fl-28"/>
      </object_component>
      <object_component id="oc-2a8">
         <name>.text.__aeabi_ldiv0</name>
         <load_address>0x102b7fbc</load_address>
         <readonly>true</readonly>
         <executable>true</executable>
         <run_address>0x102b7fbc</run_address>
         <size>0x4</size>
         <alignment>0x4</alignment>
         <input_file_ref idref="fl-12c"/>
      </object_component>
      <object_component id="oc-273">
         <name>.text.xQueueGenericSend</name>
         <load_address>0x102b7fc0</load_address>
         <readonly>true</readonly>
         <executable>true</executable>
         <run_address>0x102b7fc0</run_address>
         <size>0x226</size>
         <alignment>0x10</alignment>
         <input_file_ref idref="fl-28"/>
      </object_component>
      <object_component id="oc-16e">
         <name>.text.__aeabi_memcpy</name>
         <load_address>0x102b81e8</load_address>
         <readonly>true</readonly>
         <executable>true</executable>
         <run_address>0x102b81e8</run_address>
         <size>0x4</size>
         <alignment>0x4</alignment>
         <input_file_ref idref="fl-12d"/>
      </object_component>
      <object_component id="oc-21e">
         <name>.text._nop</name>
         <load_address>0x102b81ec</load_address>
         <readonly>true</readonly>
         <executable>true</executable>
         <run_address>0x102b81ec</run_address>
         <size>0x4</size>
         <alignment>0x4</alignment>
         <input_file_ref idref="fl-5d"/>
      </object_component>
      <object_component id="oc-176">
         <name>.text.SOC_controlModuleUnlockMMR</name>
         <load_address>0x102b81f0</load_address>
         <readonly>true</readonly>
         <executable>true</executable>
         <run_address>0x102b81f0</run_address>
         <size>0x20c</size>
         <alignment>0x10</alignment>
         <input_file_ref idref="fl-3d"/>
      </object_component>
      <object_component id="oc-481">
         <name>.text.fseek</name>
         <load_address>0x102b83fc</load_address>
         <readonly>true</readonly>
         <executable>true</executable>
         <run_address>0x102b83fc</run_address>
         <size>0x4</size>
         <alignment>0x4</alignment>
         <input_file_ref idref="fl-69"/>
      </object_component>
      <object_component id="oc-295">
         <name>.text.RPMessage_send</name>
         <load_address>0x102b8400</load_address>
         <readonly>true</readonly>
         <executable>true</executable>
         <run_address>0x102b8400</run_address>
         <size>0x200</size>
         <alignment>0x10</alignment>
         <input_file_ref idref="fl-3a"/>
      </object_component>
      <object_component id="oc-32e">
         <name>.text.strtol</name>
         <load_address>0x102b8600</load_address>
         <readonly>true</readonly>
         <executable>true</executable>
         <run_address>0x102b8600</run_address>
         <size>0x1f8</size>
         <alignment>0x4</alignment>
         <input_file_ref idref="fl-73"/>
      </object_component>
      <object_component id="oc-325">
         <name>.text.strtoul</name>
         <load_address>0x102b87f8</load_address>
         <readonly>true</readonly>
         <executable>true</executable>
         <run_address>0x102b87f8</run_address>
         <size>0x1ec</size>
         <alignment>0x4</alignment>
         <input_file_ref idref="fl-75"/>
      </object_component>
      <object_component id="oc-499">
         <name>.text.malloc</name>
         <load_address>0x102b89e4</load_address>
         <readonly>true</readonly>
         <executable>true</executable>
         <run_address>0x102b89e4</run_address>
         <size>0xc</size>
         <alignment>0x4</alignment>
         <input_file_ref idref="fl-5f"/>
      </object_component>
      <object_component id="oc-369">
         <name>.text.xQueueReceive</name>
         <load_address>0x102b89f0</load_address>
         <readonly>true</readonly>
         <executable>true</executable>
         <run_address>0x102b89f0</run_address>
         <size>0x1de</size>
         <alignment>0x10</alignment>
         <input_file_ref idref="fl-28"/>
      </object_component>
      <object_component id="oc-236">
         <name>.text.TimerP_setup</name>
         <load_address>0x102b8bd0</load_address>
         <readonly>true</readonly>
         <executable>true</executable>
         <run_address>0x102b8bd0</run_address>
         <size>0x1d6</size>
         <alignment>0x10</alignment>
         <input_file_ref idref="fl-33"/>
      </object_component>
      <object_component id="oc-3ac">
         <name>.text.__udivsi3</name>
         <load_address>0x102b8da8</load_address>
         <readonly>true</readonly>
         <executable>true</executable>
         <run_address>0x102b8da8</run_address>
         <size>0x1d0</size>
         <alignment>0x4</alignment>
         <input_file_ref idref="fl-12b"/>
      </object_component>
      <object_component id="oc-4dc">
         <name>.text.remove</name>
         <load_address>0x102b8f78</load_address>
         <readonly>true</readonly>
         <executable>true</executable>
         <run_address>0x102b8f78</run_address>
         <size>0x4</size>
         <alignment>0x4</alignment>
         <input_file_ref idref="fl-92"/>
      </object_component>
      <object_component id="oc-2c0">
         <name>.text.prvProcessReceivedCommands</name>
         <load_address>0x102b8f80</load_address>
         <readonly>true</readonly>
         <executable>true</executable>
         <run_address>0x102b8f80</run_address>
         <size>0x1c2</size>
         <alignment>0x10</alignment>
         <input_file_ref idref="fl-27"/>
      </object_component>
      <object_component id="oc-177">
         <name>.text.SOC_controlModuleLockMMR</name>
         <load_address>0x102b9150</load_address>
         <readonly>true</readonly>
         <executable>true</executable>
         <run_address>0x102b9150</run_address>
         <size>0x1bc</size>
         <alignment>0x10</alignment>
         <input_file_ref idref="fl-3d"/>
      </object_component>
      <object_component id="oc-1d8">
         <name>.text.RPMessage_recv</name>
         <load_address>0x102b9310</load_address>
         <readonly>true</readonly>
         <executable>true</executable>
         <run_address>0x102b9310</run_address>
         <size>0x1ae</size>
         <alignment>0x10</alignment>
         <input_file_ref idref="fl-3a"/>
      </object_component>
      <object_component id="oc-355">
         <name>.text.free</name>
         <load_address>0x102b94c0</load_address>
         <readonly>true</readonly>
         <executable>true</executable>
         <run_address>0x102b94c0</run_address>
         <size>0x1a8</size>
         <alignment>0x4</alignment>
         <input_file_ref idref="fl-5f"/>
      </object_component>
      <object_component id="oc-371">
         <name>.text.xTaskIncrementTick</name>
         <load_address>0x102b9670</load_address>
         <readonly>true</readonly>
         <executable>true</executable>
         <run_address>0x102b9670</run_address>
         <size>0x1a6</size>
         <alignment>0x10</alignment>
         <input_file_ref idref="fl-26"/>
      </object_component>
      <object_component id="oc-4ab">
         <name>.text.aligned_alloc</name>
         <load_address>0x102b9818</load_address>
         <readonly>true</readonly>
         <executable>true</executable>
         <run_address>0x102b9818</run_address>
         <size>0x1a4</size>
         <alignment>0x4</alignment>
         <input_file_ref idref="fl-5f"/>
      </object_component>
      <object_component id="oc-124">
         <name>.text.RPMessage_init</name>
         <load_address>0x102b99c0</load_address>
         <readonly>true</readonly>
         <executable>true</executable>
         <run_address>0x102b99c0</run_address>
         <size>0x194</size>
         <alignment>0x10</alignment>
         <input_file_ref idref="fl-3a"/>
      </object_component>
      <object_component id="oc-3f6">
         <name>.text.SOC_rcmGetHSDIVClkOutMuxClkSrc</name>
         <load_address>0x102b9b60</load_address>
         <readonly>true</readonly>
         <executable>true</executable>
         <run_address>0x102b9b60</run_address>
         <size>0x194</size>
         <alignment>0x10</alignment>
         <input_file_ref idref="fl-3e"/>
      </object_component>
      <object_component id="oc-178">
         <name>.text.ClockP_init</name>
         <load_address>0x102b9d00</load_address>
         <readonly>true</readonly>
         <executable>true</executable>
         <run_address>0x102b9d00</run_address>
         <size>0x18e</size>
         <alignment>0x10</alignment>
         <input_file_ref idref="fl-22"/>
      </object_component>
      <object_component id="oc-7f">
         <name>.text.vTaskSwitchContext</name>
         <load_address>0x102b9e90</load_address>
         <readonly>true</readonly>
         <executable>true</executable>
         <run_address>0x102b9e90</run_address>
         <size>0x18a</size>
         <alignment>0x10</alignment>
         <input_file_ref idref="fl-26"/>
      </object_component>
      <object_component id="oc-3f3">
         <name>.text.xQueueGenericSendFromISR</name>
         <load_address>0x102ba020</load_address>
         <readonly>true</readonly>
         <executable>true</executable>
         <run_address>0x102ba020</run_address>
         <size>0x188</size>
         <alignment>0x10</alignment>
         <input_file_ref idref="fl-28"/>
      </object_component>
      <object_component id="oc-2e6">
         <name>.text.RPMessage_vringResetInternal</name>
         <load_address>0x102ba1b0</load_address>
         <readonly>true</readonly>
         <executable>true</executable>
         <run_address>0x102ba1b0</run_address>
         <size>0x182</size>
         <alignment>0x10</alignment>
         <input_file_ref idref="fl-3b"/>
      </object_component>
      <object_component id="oc-309">
         <name>.text.xTaskResumeAll</name>
         <load_address>0x102ba340</load_address>
         <readonly>true</readonly>
         <executable>true</executable>
         <run_address>0x102ba340</run_address>
         <size>0x17e</size>
         <alignment>0x10</alignment>
         <input_file_ref idref="fl-26"/>
      </object_component>
      <object_component id="oc-25d">
         <name>.text.RPMessage_recvHandler</name>
         <load_address>0x102ba4c0</load_address>
         <readonly>true</readonly>
         <executable>true</executable>
         <run_address>0x102ba4c0</run_address>
         <size>0x174</size>
         <alignment>0x10</alignment>
         <input_file_ref idref="fl-3a"/>
      </object_component>
      <object_component id="oc-272">
         <name>.text.xQueueGiveFromISR</name>
         <load_address>0x102ba640</load_address>
         <readonly>true</readonly>
         <executable>true</executable>
         <run_address>0x102ba640</run_address>
         <size>0x15e</size>
         <alignment>0x10</alignment>
         <input_file_ref idref="fl-28"/>
      </object_component>
      <object_component id="oc-320">
         <name>.text.IpcNotify_sendMsg</name>
         <load_address>0x102ba7a0</load_address>
         <readonly>true</readonly>
         <executable>true</executable>
         <run_address>0x102ba7a0</run_address>
         <size>0x156</size>
         <alignment>0x10</alignment>
         <input_file_ref idref="fl-38"/>
      </object_component>
      <object_component id="oc-383">
         <name>.text.IpcNotify_trigInterrupt_ack</name>
         <load_address>0x102ba900</load_address>
         <readonly>true</readonly>
         <executable>true</executable>
         <run_address>0x102ba900</run_address>
         <size>0x154</size>
         <alignment>0x10</alignment>
         <input_file_ref idref="fl-39"/>
      </object_component>
      <object_component id="oc-30b">
         <name>.text.vTaskPriorityDisinheritAfterTimeout</name>
         <load_address>0x102baa60</load_address>
         <readonly>true</readonly>
         <executable>true</executable>
         <run_address>0x102baa60</run_address>
         <size>0x152</size>
         <alignment>0x10</alignment>
         <input_file_ref idref="fl-26"/>
      </object_component>
      <object_component id="oc-3b9">
         <name>.text.scalbn</name>
         <load_address>0x102babb8</load_address>
         <readonly>true</readonly>
         <executable>true</executable>
         <run_address>0x102babb8</run_address>
         <size>0x150</size>
         <alignment>0x8</alignment>
         <input_file_ref idref="fl-6b"/>
      </object_component>
      <object_component id="oc-139">
         <name>.text.prvInitialiseNewTask</name>
         <load_address>0x102bad10</load_address>
         <readonly>true</readonly>
         <executable>true</executable>
         <run_address>0x102bad10</run_address>
         <size>0x14a</size>
         <alignment>0x10</alignment>
         <input_file_ref idref="fl-26"/>
      </object_component>
      <object_component id="oc-2ba">
         <name>.text.xQueueGenericCreateStatic</name>
         <load_address>0x102bae60</load_address>
         <readonly>true</readonly>
         <executable>true</executable>
         <run_address>0x102bae60</run_address>
         <size>0x14a</size>
         <alignment>0x10</alignment>
         <input_file_ref idref="fl-28"/>
      </object_component>
      <object_component id="oc-3fc">
         <name>.text.SOC_rcmGetDpllHSDivOutFreq</name>
         <load_address>0x102bafb0</load_address>
         <readonly>true</readonly>
         <executable>true</executable>
         <run_address>0x102bafb0</run_address>
         <size>0x146</size>
         <alignment>0x10</alignment>
         <input_file_ref idref="fl-3e"/>
      </object_component>
      <object_component id="oc-486">
         <name>.text.setvbuf</name>
         <load_address>0x102bb0f8</load_address>
         <readonly>true</readonly>
         <executable>true</executable>
         <run_address>0x102bb0f8</run_address>
         <size>0x144</size>
         <alignment>0x4</alignment>
         <input_file_ref idref="fl-5a"/>
      </object_component>
      <object_component id="oc-41f">
         <name>.text.IpcNotify_trigInterrupt</name>
         <load_address>0x102bb240</load_address>
         <readonly>true</readonly>
         <executable>true</executable>
         <run_address>0x102bb240</run_address>
         <size>0x13c</size>
         <alignment>0x10</alignment>
         <input_file_ref idref="fl-39"/>
      </object_component>
      <object_component id="oc-26a">
         <name>.text.xQueueReceiveFromISR</name>
         <load_address>0x102bb380</load_address>
         <readonly>true</readonly>
         <executable>true</executable>
         <run_address>0x102bb380</run_address>
         <size>0x13a</size>
         <alignment>0x10</alignment>
         <input_file_ref idref="fl-28"/>
      </object_component>
      <object_component id="oc-310">
         <name>.text._ntoa_long_long</name>
         <load_address>0x102bb4c0</load_address>
         <readonly>true</readonly>
         <executable>true</executable>
         <run_address>0x102bb4c0</run_address>
         <size>0x138</size>
         <alignment>0x10</alignment>
         <input_file_ref idref="fl-34"/>
      </object_component>
      <object_component id="oc-256">
         <name>.text.RPMessage_vringReset</name>
         <load_address>0x102bb600</load_address>
         <readonly>true</readonly>
         <executable>true</executable>
         <run_address>0x102bb600</run_address>
         <size>0x134</size>
         <alignment>0x10</alignment>
         <input_file_ref idref="fl-3b"/>
      </object_component>
      <object_component id="oc-201">
         <name>.text.pxPortInitialiseStack</name>
         <load_address>0x102bb740</load_address>
         <readonly>true</readonly>
         <executable>true</executable>
         <run_address>0x102bb740</run_address>
         <size>0x128</size>
         <alignment>0x10</alignment>
         <input_file_ref idref="fl-2b"/>
      </object_component>
      <object_component id="oc-43d">
         <name>.text.eTaskGetState</name>
         <load_address>0x102bb870</load_address>
         <readonly>true</readonly>
         <executable>true</executable>
         <run_address>0x102bb870</run_address>
         <size>0x120</size>
         <alignment>0x10</alignment>
         <input_file_ref idref="fl-26"/>
      </object_component>
      <object_component id="oc-3fb">
         <name>.text.SOC_rcmGetApllHSDivOutFreq</name>
         <load_address>0x102bb990</load_address>
         <readonly>true</readonly>
         <executable>true</executable>
         <run_address>0x102bb990</run_address>
         <size>0x11e</size>
         <alignment>0x10</alignment>
         <input_file_ref idref="fl-3e"/>
      </object_component>
      <object_component id="oc-35c">
         <name>.text.TaskP_loadUpdateAll</name>
         <load_address>0x102bbab0</load_address>
         <readonly>true</readonly>
         <executable>true</executable>
         <run_address>0x102bbab0</run_address>
         <size>0x118</size>
         <alignment>0x10</alignment>
         <input_file_ref idref="fl-35"/>
      </object_component>
      <object_component id="oc-207">
         <name>.text</name>
         <load_address>0x102bbbc8</load_address>
         <readonly>true</readonly>
         <executable>true</executable>
         <run_address>0x102bbbc8</run_address>
         <size>0x118</size>
         <alignment>0x4</alignment>
         <input_file_ref idref="fl-130"/>
      </object_component>
      <object_component id="oc-12f">
         <name>.text.empty_main</name>
         <load_address>0x102bbce0</load_address>
         <readonly>true</readonly>
         <executable>true</executable>
         <run_address>0x102bbce0</run_address>
         <size>0x116</size>
         <alignment>0x10</alignment>
         <input_file_ref idref="fl-1"/>
      </object_component>
      <object_component id="oc-311">
         <name>.text._ntoa_long</name>
         <load_address>0x102bbe00</load_address>
         <readonly>true</readonly>
         <executable>true</executable>
         <run_address>0x102bbe00</run_address>
         <size>0x114</size>
         <alignment>0x10</alignment>
         <input_file_ref idref="fl-34"/>
      </object_component>
      <object_component id="oc-13a">
         <name>.text.prvAddNewTaskToReadyList</name>
         <load_address>0x102bbf20</load_address>
         <readonly>true</readonly>
         <executable>true</executable>
         <run_address>0x102bbf20</run_address>
         <size>0x10e</size>
         <alignment>0x10</alignment>
         <input_file_ref idref="fl-26"/>
      </object_component>
      <object_component id="oc-306">
         <name>.text.xTaskPriorityInherit</name>
         <load_address>0x102bc030</load_address>
         <readonly>true</readonly>
         <executable>true</executable>
         <run_address>0x102bc030</run_address>
         <size>0x10e</size>
         <alignment>0x10</alignment>
         <input_file_ref idref="fl-26"/>
      </object_component>
      <object_component id="oc-134">
         <name>.text.vTaskDelete</name>
         <load_address>0x102bc140</load_address>
         <readonly>true</readonly>
         <executable>true</executable>
         <run_address>0x102bc140</run_address>
         <size>0x10a</size>
         <alignment>0x10</alignment>
         <input_file_ref idref="fl-26"/>
      </object_component>
      <object_component id="oc-3a2">
         <name>.text.xTaskPriorityDisinherit</name>
         <load_address>0x102bc250</load_address>
         <readonly>true</readonly>
         <executable>true</executable>
         <run_address>0x102bc250</run_address>
         <size>0x106</size>
         <alignment>0x10</alignment>
         <input_file_ref idref="fl-26"/>
      </object_component>
      <object_component id="oc-47a">
         <name>.text.SOC_rcmADPLLJGetFOut</name>
         <load_address>0x102bc360</load_address>
         <readonly>true</readonly>
         <executable>true</executable>
         <run_address>0x102bc360</run_address>
         <size>0x102</size>
         <alignment>0x10</alignment>
         <input_file_ref idref="fl-3e"/>
      </object_component>
      <object_component id="oc-351">
         <name>.text.RPMessage_vringPutFullTxBuf</name>
         <load_address>0x102bc470</load_address>
         <readonly>true</readonly>
         <executable>true</executable>
         <run_address>0x102bc470</run_address>
         <size>0xf2</size>
         <alignment>0x10</alignment>
         <input_file_ref idref="fl-3b"/>
      </object_component>
      <object_component id="oc-417">
         <name>.text.fputc</name>
         <load_address>0x102bc564</load_address>
         <readonly>true</readonly>
         <executable>true</executable>
         <run_address>0x102bc564</run_address>
         <size>0xf0</size>
         <alignment>0x4</alignment>
         <input_file_ref idref="fl-58"/>
      </object_component>
      <object_component id="oc-ca">
         <name>.text.vTaskStartScheduler</name>
         <load_address>0x102bc660</load_address>
         <readonly>true</readonly>
         <executable>true</executable>
         <run_address>0x102bc660</run_address>
         <size>0xee</size>
         <alignment>0x10</alignment>
         <input_file_ref idref="fl-26"/>
      </object_component>
      <object_component id="oc-c0">
         <name>.text.xTaskCreateStatic</name>
         <load_address>0x102bc750</load_address>
         <readonly>true</readonly>
         <executable>true</executable>
         <run_address>0x102bc750</run_address>
         <size>0xee</size>
         <alignment>0x10</alignment>
         <input_file_ref idref="fl-26"/>
      </object_component>
      <object_component id="oc-304">
         <name>.text.xTaskCheckForTimeOut</name>
         <load_address>0x102bc840</load_address>
         <readonly>true</readonly>
         <executable>true</executable>
         <run_address>0x102bc840</run_address>
         <size>0xec</size>
         <alignment>0x10</alignment>
         <input_file_ref idref="fl-26"/>
      </object_component>
      <object_component id="oc-3ec">
         <name>.text.prvSwitchTimerLists</name>
         <load_address>0x102bc930</load_address>
         <readonly>true</readonly>
         <executable>true</executable>
         <run_address>0x102bc930</run_address>
         <size>0xe4</size>
         <alignment>0x10</alignment>
         <input_file_ref idref="fl-27"/>
      </object_component>
      <object_component id="oc-3e6">
         <name>.text.vTaskGetInfo</name>
         <load_address>0x102bca20</load_address>
         <readonly>true</readonly>
         <executable>true</executable>
         <run_address>0x102bca20</run_address>
         <size>0xe2</size>
         <alignment>0x10</alignment>
         <input_file_ref idref="fl-26"/>
      </object_component>
      <object_component id="oc-2f9">
         <name>.text.xTaskRemoveFromEventList</name>
         <load_address>0x102bcb10</load_address>
         <readonly>true</readonly>
         <executable>true</executable>
         <run_address>0x102bcb10</run_address>
         <size>0xde</size>
         <alignment>0x10</alignment>
         <input_file_ref idref="fl-26"/>
      </object_component>
      <object_component id="oc-2ea">
         <name>.text.RPMessage_vringGetFullRxBuf</name>
         <load_address>0x102bcbf0</load_address>
         <readonly>true</readonly>
         <executable>true</executable>
         <run_address>0x102bcbf0</run_address>
         <size>0xdc</size>
         <alignment>0x10</alignment>
         <input_file_ref idref="fl-3b"/>
      </object_component>
      <object_component id="oc-454">
         <name>.text.SOC_rcmGetCoreFout</name>
         <load_address>0x102bccd0</load_address>
         <readonly>true</readonly>
         <executable>true</executable>
         <run_address>0x102bccd0</run_address>
         <size>0xdc</size>
         <alignment>0x10</alignment>
         <input_file_ref idref="fl-3e"/>
      </object_component>
      <object_component id="oc-458">
         <name>.text.SOC_rcmGetDSSFout</name>
         <load_address>0x102bcdb0</load_address>
         <readonly>true</readonly>
         <executable>true</executable>
         <run_address>0x102bcdb0</run_address>
         <size>0xdc</size>
         <alignment>0x10</alignment>
         <input_file_ref idref="fl-3e"/>
      </object_component>
      <object_component id="oc-456">
         <name>.text.SOC_rcmGetPerFout</name>
         <load_address>0x102bce90</load_address>
         <readonly>true</readonly>
         <executable>true</executable>
         <run_address>0x102bce90</run_address>
         <size>0xdc</size>
         <alignment>0x10</alignment>
         <input_file_ref idref="fl-3e"/>
      </object_component>
      <object_component id="oc-b2">
         <name>.text.System_init</name>
         <load_address>0x102bcf70</load_address>
         <readonly>true</readonly>
         <executable>true</executable>
         <run_address>0x102bcf70</run_address>
         <size>0xda</size>
         <alignment>0x10</alignment>
         <input_file_ref idref="fl-3"/>
      </object_component>
      <object_component id="oc-1d4">
         <name>.text.RPMessage_construct</name>
         <load_address>0x102bd050</load_address>
         <readonly>true</readonly>
         <executable>true</executable>
         <run_address>0x102bd050</run_address>
         <size>0xd4</size>
         <alignment>0x10</alignment>
         <input_file_ref idref="fl-3a"/>
      </object_component>
      <object_component id="oc-289">
         <name>.text._chkmbc</name>
         <load_address>0x102bd124</load_address>
         <readonly>true</readonly>
         <executable>true</executable>
         <run_address>0x102bd124</run_address>
         <size>0xd4</size>
         <alignment>0x4</alignment>
         <input_file_ref idref="fl-57"/>
      </object_component>
      <object_component id="oc-38d">
         <name>.text.prvAddCurrentTaskToDelayedList</name>
         <load_address>0x102bd200</load_address>
         <readonly>true</readonly>
         <executable>true</executable>
         <run_address>0x102bd200</run_address>
         <size>0xd4</size>
         <alignment>0x10</alignment>
         <input_file_ref idref="fl-26"/>
      </object_component>
      <object_component id="oc-27f">
         <name>.text.RPMessage_vringPutEmptyRxBuf</name>
         <load_address>0x102bd2e0</load_address>
         <readonly>true</readonly>
         <executable>true</executable>
         <run_address>0x102bd2e0</run_address>
         <size>0xd2</size>
         <alignment>0x10</alignment>
         <input_file_ref idref="fl-3b"/>
      </object_component>
      <object_component id="oc-31c">
         <name>.text.prvCopyDataToQueue</name>
         <load_address>0x102bd3c0</load_address>
         <readonly>true</readonly>
         <executable>true</executable>
         <run_address>0x102bd3c0</run_address>
         <size>0xcc</size>
         <alignment>0x10</alignment>
         <input_file_ref idref="fl-28"/>
      </object_component>
      <object_component id="oc-34c">
         <name>.text.RPMessage_vringGetEmptyTxBuf</name>
         <load_address>0x102bd490</load_address>
         <readonly>true</readonly>
         <executable>true</executable>
         <run_address>0x102bd490</run_address>
         <size>0xc8</size>
         <alignment>0x10</alignment>
         <input_file_ref idref="fl-3b"/>
      </object_component>
      <object_component id="oc-50d">
         <name>.text.getdevice</name>
         <load_address>0x102bd558</load_address>
         <readonly>true</readonly>
         <executable>true</executable>
         <run_address>0x102bd558</run_address>
         <size>0xc8</size>
         <alignment>0x4</alignment>
         <input_file_ref idref="fl-128"/>
      </object_component>
      <object_component id="oc-1b6">
         <name>.text.RPMessage_coreInit</name>
         <load_address>0x102bd620</load_address>
         <readonly>true</readonly>
         <executable>true</executable>
         <run_address>0x102bd620</run_address>
         <size>0xc6</size>
         <alignment>0x10</alignment>
         <input_file_ref idref="fl-3a"/>
      </object_component>
      <object_component id="oc-2de">
         <name>.text.IpcNotify_readAckCallback</name>
         <load_address>0x102bd6f0</load_address>
         <readonly>true</readonly>
         <executable>true</executable>
         <run_address>0x102bd6f0</run_address>
         <size>0xc4</size>
         <alignment>0x10</alignment>
         <input_file_ref idref="fl-38"/>
      </object_component>
      <object_component id="oc-39d">
         <name>.text._out_rev</name>
         <load_address>0x102bd7c0</load_address>
         <readonly>true</readonly>
         <executable>true</executable>
         <run_address>0x102bd7c0</run_address>
         <size>0xc0</size>
         <alignment>0x10</alignment>
         <input_file_ref idref="fl-34"/>
      </object_component>
      <object_component id="oc-36d">
         <name>.text.xTimerGenericCommand</name>
         <load_address>0x102bd880</load_address>
         <readonly>true</readonly>
         <executable>true</executable>
         <run_address>0x102bd880</run_address>
         <size>0xc0</size>
         <alignment>0x10</alignment>
         <input_file_ref idref="fl-27"/>
      </object_component>
      <object_component id="oc-3e9">
         <name>.text.xQueueGenericReset</name>
         <load_address>0x102bd940</load_address>
         <readonly>true</readonly>
         <executable>true</executable>
         <run_address>0x102bd940</run_address>
         <size>0xb6</size>
         <alignment>0x10</alignment>
         <input_file_ref idref="fl-28"/>
      </object_component>
      <object_component id="oc-495">
         <name>.text.fseeko</name>
         <load_address>0x102bd9f8</load_address>
         <readonly>true</readonly>
         <executable>true</executable>
         <run_address>0x102bd9f8</run_address>
         <size>0xb4</size>
         <alignment>0x4</alignment>
         <input_file_ref idref="fl-69"/>
      </object_component>
      <object_component id="oc-3f8">
         <name>.text.SOC_rcmGetXTALFrequency</name>
         <load_address>0x102bdab0</load_address>
         <readonly>true</readonly>
         <executable>true</executable>
         <run_address>0x102bdab0</run_address>
         <size>0xb2</size>
         <alignment>0x10</alignment>
         <input_file_ref idref="fl-3e"/>
      </object_component>
      <object_component id="oc-2dc">
         <name>.text.SOC_rcmSetPeripheralClock</name>
         <load_address>0x102bdb70</load_address>
         <readonly>true</readonly>
         <executable>true</executable>
         <run_address>0x102bdb70</run_address>
         <size>0xb0</size>
         <alignment>0x10</alignment>
         <input_file_ref idref="fl-3e"/>
      </object_component>
      <object_component id="oc-4ac">
         <name>.text.__TI_closefile</name>
         <load_address>0x102bdc20</load_address>
         <readonly>true</readonly>
         <executable>true</executable>
         <run_address>0x102bdc20</run_address>
         <size>0xb0</size>
         <alignment>0x4</alignment>
         <input_file_ref idref="fl-77"/>
      </object_component>
      <object_component id="oc-308">
         <name>.text.prvUnlockQueue</name>
         <load_address>0x102bdcd0</load_address>
         <readonly>true</readonly>
         <executable>true</executable>
         <run_address>0x102bdcd0</run_address>
         <size>0xae</size>
         <alignment>0x10</alignment>
         <input_file_ref idref="fl-28"/>
      </object_component>
      <object_component id="oc-253">
         <name>.text.SemaphoreP_constructBinary</name>
         <load_address>0x102bdd80</load_address>
         <readonly>true</readonly>
         <executable>true</executable>
         <run_address>0x102bdd80</run_address>
         <size>0xac</size>
         <alignment>0x10</alignment>
         <input_file_ref idref="fl-25"/>
      </object_component>
      <object_component id="oc-374">
         <name>.text.SOC_rcmGetFreqLeafNode</name>
         <load_address>0x102bde30</load_address>
         <readonly>true</readonly>
         <executable>true</executable>
         <run_address>0x102bde30</run_address>
         <size>0xaa</size>
         <alignment>0x10</alignment>
         <input_file_ref idref="fl-3e"/>
      </object_component>
      <object_component id="oc-453">
         <name>.text.SOC_rcmGetCoreHSDivOut</name>
         <load_address>0x102bdee0</load_address>
         <readonly>true</readonly>
         <executable>true</executable>
         <run_address>0x102bdee0</run_address>
         <size>0xa8</size>
         <alignment>0x10</alignment>
         <input_file_ref idref="fl-3e"/>
      </object_component>
      <object_component id="oc-457">
         <name>.text.SOC_rcmGetDSSHSDivOut</name>
         <load_address>0x102bdf90</load_address>
         <readonly>true</readonly>
         <executable>true</executable>
         <run_address>0x102bdf90</run_address>
         <size>0xa8</size>
         <alignment>0x10</alignment>
         <input_file_ref idref="fl-3e"/>
      </object_component>
      <object_component id="oc-455">
         <name>.text.SOC_rcmGetPerHSDivOut</name>
         <load_address>0x102be040</load_address>
         <readonly>true</readonly>
         <executable>true</executable>
         <run_address>0x102be040</run_address>
         <size>0xa8</size>
         <alignment>0x10</alignment>
         <input_file_ref idref="fl-3e"/>
      </object_component>
      <object_component id="oc-108">
         <name>.text.pmu</name>
         <load_address>0x102be0f0</load_address>
         <readonly>true</readonly>
         <executable>true</executable>
[...]
      </symbol>
      <symbol id="sm-5cd">
         <name>RPMessage_isLinuxCore</name>
         <value>0x102c08f1</value>
         <object_component_ref idref="oc-1b5"/>
      </symbol>
      <symbol id="sm-5ce">
         <name>RPMessage_send</name>
         <value>0x102b8401</value>
         <object_component_ref idref="oc-295"/>
      </symbol>
      <symbol id="sm-5cf">
         <name>RPMessage_recv</name>
         <value>0x102b9311</value>
         <object_component_ref idref="oc-1d8"/>
      </symbol>
      <symbol id="sm-5d0">
         <name>RPMessage_construct</name>
         <value>0x102bd051</value>
         <object_component_ref idref="oc-1d4"/>
      </symbol>
      <symbol id="sm-5d1">
         <name>RPMessage_CreateParams_init</name>
         <value>0x102c14c1</value>
         <object_component_ref idref="oc-1d1"/>
      </symbol>
      <symbol id="sm-5d2">
         <name>RPMessage_Params_init</name>
         <value>0x102beb81</value>
         <object_component_ref idref="oc-11e"/>
      </symbol>
      <symbol id="sm-5d3">
         <name>RPMessage_coreInit</name>
         <value>0x102bd621</value>
         <object_component_ref idref="oc-1b6"/>
      </symbol>
      <symbol id="sm-5d4">
         <name>RPMessage_controlEndPtHandler</name>
         <value>0x102bf731</value>
         <object_component_ref idref="oc-25b"/>
      </symbol>
      <symbol id="sm-5d5">
         <name>RPMessage_controlEndPtInit</name>
         <value>0x102c0b71</value>
         <object_component_ref idref="oc-1b7"/>
      </symbol>
      <symbol id="sm-5d6">
         <name>RPMessage_init</name>
         <value>0x102b99c1</value>
         <object_component_ref idref="oc-124"/>
      </symbol>
      <symbol id="sm-601">
         <name>RPMessage_vringGetEmptyTxBuf</name>
         <value>0x102bd491</value>
         <object_component_ref idref="oc-34c"/>
      </symbol>
      <symbol id="sm-602">
         <name>RPMessage_vringPutFullTxBuf</name>
         <value>0x102bc471</value>
         <object_component_ref idref="oc-351"/>
      </symbol>
      <symbol id="sm-603">
         <name>RPMessage_vringCheckEmptyTxBuf</name>
         <value>0x102bfa31</value>
         <object_component_ref idref="oc-25e"/>
      </symbol>
      <symbol id="sm-604">
         <name>RPMessage_vringGetTxBufAddr</name>
         <value>0x102c0971</value>
         <object_component_ref idref="oc-34d"/>
      </symbol>
      <symbol id="sm-605">
         <name>RPMessage_vringGetTxBufLen</name>
         <value>0x102c09b1</value>
         <object_component_ref idref="oc-34e"/>
      </symbol>
      <symbol id="sm-606">
         <name>RPMessage_vringGetFullRxBuf</name>
         <value>0x102bcbf1</value>
         <object_component_ref idref="oc-2ea"/>
      </symbol>
      <symbol id="sm-607">
         <name>RPMessage_vringPutEmptyRxBuf</name>
         <value>0x102bd2e1</value>
         <object_component_ref idref="oc-27f"/>
      </symbol>
      <symbol id="sm-608">
         <name>RPMessage_vringIsFullRxBuf</name>
         <value>0x102bf401</value>
         <object_component_ref idref="oc-25c"/>
      </symbol>
      <symbol id="sm-609">
         <name>RPMessage_vringGetRxBufAddr</name>
         <value>0x102c0931</value>
         <object_component_ref idref="oc-27c"/>
      </symbol>
      <symbol id="sm-60a">
         <name>RPMessage_vringGetSize</name>
         <value>0x102c03f1</value>
         <object_component_ref idref="oc-2e1"/>
      </symbol>
      <symbol id="sm-60b">
         <name>RPMessage_vringResetInternal</name>
         <value>0x102ba1b1</value>
         <object_component_ref idref="oc-2e6"/>
      </symbol>
      <symbol id="sm-60c">
         <name>RPMessage_vringReset</name>
         <value>0x102bb601</value>
         <object_component_ref idref="oc-256"/>
      </symbol>
      <symbol id="sm-618">
         <name>Pinmux_config</name>
         <value>0x102bfe61</value>
         <object_component_ref idref="oc-190"/>
      </symbol>
      <symbol id="sm-62c">
         <name>SOC_moduleClockEnable</name>
         <value>0x102c1871</value>
         <object_component_ref idref="oc-243"/>
      </symbol>
      <symbol id="sm-62d">
         <name>SOC_moduleSetClockFrequency</name>
         <value>0x102c1501</value>
         <object_component_ref idref="oc-245"/>
      </symbol>
      <symbol id="sm-62e">
         <name>SOC_getSelfCpuClk</name>
         <value>0x102c16e1</value>
         <object_component_ref idref="oc-103"/>
      </symbol>
      <symbol id="sm-62f">
         <name>SOC_controlModuleLockMMR</name>
         <value>0x102b9151</value>
         <object_component_ref idref="oc-177"/>
      </symbol>
      <symbol id="sm-630">
         <name>SOC_controlModuleUnlockMMR</name>
         <value>0x102b81f1</value>
         <object_component_ref idref="oc-176"/>
      </symbol>
      <symbol id="sm-702">
         <name>SOC_rcmGetR5Clock</name>
         <value>0x102c10d1</value>
         <object_component_ref idref="oc-17d"/>
      </symbol>
      <symbol id="sm-703">
         <name>SOC_rcmSetPeripheralClock</name>
         <value>0x102bdb71</value>
         <object_component_ref idref="oc-2dc"/>
      </symbol>
      <symbol id="sm-704">
         <name>SOC_rcmIsPadDisableRequired</name>
         <value>0x102c08b1</value>
         <object_component_ref idref="oc-195"/>
      </symbol>
      <symbol id="sm-715">
         <name>snprintf</name>
         <value>0x102bf37c</value>
         <object_component_ref idref="oc-1e2"/>
      </symbol>
      <symbol id="sm-72b">
         <name>sscanf</name>
         <value>0x102c01c8</value>
         <object_component_ref idref="oc-1db"/>
      </symbol>
      <symbol id="sm-739">
         <name>fputc</name>
         <value>0x102bc564</value>
         <object_component_ref idref="oc-417"/>
      </symbol>
      <symbol id="sm-73a">
         <name>putchar</name>
         <value>0x102c18b0</value>
         <object_component_ref idref="oc-395"/>
      </symbol>
      <symbol id="sm-744">
         <name>__TI_wrt_ok</name>
         <value>0x102be590</value>
         <object_component_ref idref="oc-459"/>
      </symbol>
      <symbol id="sm-74e">
         <name>setvbuf</name>
         <value>0x102bb0f8</value>
         <object_component_ref idref="oc-486"/>
      </symbol>
      <symbol id="sm-74f">
         <name>__aeabi_ctype_table_</name>
         <value>0x102c1bb0</value>
         <object_component_ref idref="oc-329"/>
      </symbol>
      <symbol id="sm-750">
         <name>__aeabi_ctype_table_C</name>
         <value>0x102c1bb0</value>
         <object_component_ref idref="oc-329"/>
      </symbol>
      <symbol id="sm-75e">
         <name>abort</name>
         <value>0x102c4f20</value>
         <object_component_ref idref="oc-ce"/>
      </symbol>
      <symbol id="sm-75f">
         <name>__TI_cleanup_ptr</name>
         <value>0x102c54f8</value>
         <object_component_ref idref="oc-160"/>
      </symbol>
      <symbol id="sm-760">
         <name>__TI_dtors_ptr</name>
         <value>0x102c54fc</value>
         <object_component_ref idref="oc-160"/>
      </symbol>
      <symbol id="sm-761">
         <name>exit</name>
         <value>0x102bfd64</value>
         <object_component_ref idref="oc-d3"/>
      </symbol>
      <symbol id="sm-76a">
         <name>_nop</name>
         <value>0x102b81ec</value>
         <object_component_ref idref="oc-21e"/>
      </symbol>
      <symbol id="sm-76b">
         <name>_lock</name>
         <value>0x102c551c</value>
         <object_component_ref idref="oc-15e"/>
      </symbol>
      <symbol id="sm-76c">
         <name>_unlock</name>
         <value>0x102c5520</value>
         <object_component_ref idref="oc-161"/>
      </symbol>
      <symbol id="sm-771">
         <name>_ftable</name>
         <value>0x102c51e4</value>
         <object_component_ref idref="oc-418"/>
      </symbol>
      <symbol id="sm-772">
         <name>__TI_ft_end</name>
         <value>0x102c5514</value>
         <object_component_ref idref="oc-4b2"/>
      </symbol>
      <symbol id="sm-773">
         <name>__TI_tmpnams</name>
         <value>0x102a7258</value>
         <object_component_ref idref="oc-4e0"/>
      </symbol>
      <symbol id="sm-793">
         <name>malloc</name>
         <value>0x102b89e4</value>
         <object_component_ref idref="oc-499"/>
      </symbol>
      <symbol id="sm-794">
         <name>aligned_alloc</name>
         <value>0x102b9818</value>
         <object_component_ref idref="oc-4ab"/>
      </symbol>
      <symbol id="sm-795">
         <name>free</name>
         <value>0x102b94c0</value>
         <object_component_ref idref="oc-355"/>
      </symbol>
      <symbol id="sm-796">
         <name>_sys_memory</name>
         <value>0x102a7760</value>
         <object_component_ref idref="oc-4d"/>
      </symbol>
      <symbol id="sm-797">
         <name>memalign</name>
         <value>0x102b9818</value>
         <object_component_ref idref="oc-4ab"/>
      </symbol>
      <symbol id="sm-7a1">
         <name>strlen</name>
         <value>0x102c15d4</value>
         <object_component_ref idref="oc-291"/>
      </symbol>
      <symbol id="sm-7ad">
         <name>__TI_auto_init_nobinit_nopinit</name>
         <value>0x102bfe0c</value>
         <object_component_ref idref="oc-a5"/>
      </symbol>
      <symbol id="sm-7c4">
         <name>__TI_printfi_minimal</name>
         <value>0x102b6858</value>
         <object_component_ref idref="oc-341"/>
      </symbol>
      <symbol id="sm-7e0">
         <name>__TI_scanfi</name>
         <value>0x102b3760</value>
         <object_component_ref idref="oc-283"/>
      </symbol>
      <symbol id="sm-7ea">
         <name>__TI_doflush</name>
         <value>0x102beaec</value>
         <object_component_ref idref="oc-463"/>
      </symbol>
      <symbol id="sm-7f5">
         <name>__TI_cleanup</name>
         <value>0x102bfb4c</value>
         <object_component_ref idref="oc-49a"/>
      </symbol>
      <symbol id="sm-802">
         <name>fseek</name>
         <value>0x102b83fc</value>
         <object_component_ref idref="oc-481"/>
      </symbol>
      <symbol id="sm-803">
         <name>fseeko</name>
         <value>0x102bd9f8</value>
         <object_component_ref idref="oc-495"/>
      </symbol>
      <symbol id="sm-80e">
         <name>scalbn</name>
         <value>0x102babb8</value>
         <object_component_ref idref="oc-3b9"/>
      </symbol>
      <symbol id="sm-80f">
         <name>ldexp</name>
         <value>0x102babb8</value>
         <object_component_ref idref="oc-3b9"/>
      </symbol>
      <symbol id="sm-810">
         <name>scalbnl</name>
         <value>0x102babb8</value>
         <object_component_ref idref="oc-3b9"/>
      </symbol>
      <symbol id="sm-811">
         <name>ldexpl</name>
         <value>0x102babb8</value>
         <object_component_ref idref="oc-3b9"/>
      </symbol>
      <symbol id="sm-81d">
         <name>__aeabi_errno_addr</name>
         <value>0x102b54c4</value>
         <object_component_ref idref="oc-3b0"/>
      </symbol>
      <symbol id="sm-81e">
         <name>__aeabi_errno</name>
         <value>0x102c5518</value>
         <object_component_ref idref="oc-422"/>
      </symbol>
      <symbol id="sm-82a">
         <name>atoi</name>
         <value>0x102bf6bc</value>
         <object_component_ref idref="oc-321"/>
      </symbol>
      <symbol id="sm-833">
         <name>memccpy</name>
         <value>0x102c017c</value>
         <object_component_ref idref="oc-3d2"/>
      </symbol>
      <symbol id="sm-842">
         <name>strtod</name>
         <value>0x102b5f08</value>
         <object_component_ref idref="oc-32a"/>
      </symbol>
      <symbol id="sm-843">
         <name>strtold</name>
         <value>0x102b5f08</value>
         <object_component_ref idref="oc-32a"/>
      </symbol>
      <symbol id="sm-84e">
         <name>strtol</name>
         <value>0x102b8600</value>
         <object_component_ref idref="oc-32e"/>
      </symbol>
      <symbol id="sm-859">
         <name>strtoll</name>
         <value>0x102b767c</value>
         <object_component_ref idref="oc-336"/>
      </symbol>
      <symbol id="sm-864">
         <name>strtoul</name>
         <value>0x102b87f8</value>
         <object_component_ref idref="oc-325"/>
      </symbol>
      <symbol id="sm-86f">
         <name>strtoull</name>
         <value>0x102b78f8</value>
         <object_component_ref idref="oc-332"/>
      </symbol>
      <symbol id="sm-87a">
         <name>__TI_closefile</name>
         <value>0x102bdc20</value>
         <object_component_ref idref="oc-4ac"/>
      </symbol>
      <symbol id="sm-883">
         <name>HOSTexit</name>
         <value>0x102b4a88</value>
         <object_component_ref idref="oc-158"/>
      </symbol>
      <symbol id="sm-884">
         <name>C$$EXIT</name>
         <value>0x102b4a88</value>
         <object_component_ref idref="oc-158"/>
      </symbol>
      <symbol id="sm-88e">
         <name>write</name>
         <value>0x102c0cc4</value>
         <object_component_ref idref="oc-45f"/>
      </symbol>
      <symbol id="sm-893">
         <name>_device</name>
         <value>0x102c5354</value>
         <object_component_ref idref="oc-4a3"/>
      </symbol>
      <symbol id="sm-894">
         <name>_stream</name>
         <value>0x102c543c</value>
         <object_component_ref idref="oc-48c"/>
      </symbol>
      <symbol id="sm-89c">
         <name>remove</name>
         <value>0x102b8f78</value>
         <object_component_ref idref="oc-4dc"/>
      </symbol>
      <symbol id="sm-8a7">
         <name>lseek</name>
         <value>0x102c0c58</value>
         <object_component_ref idref="oc-4a7"/>
      </symbol>
      <symbol id="sm-8b1">
         <name>close</name>
         <value>0x102be9d0</value>
         <object_component_ref idref="oc-4d8"/>
      </symbol>
      <symbol id="sm-8bb">
         <name>unlink</name>
         <value>0x102c0308</value>
         <object_component_ref idref="oc-504"/>
      </symbol>
      <symbol id="sm-8c5">
         <name>HOSTclose</name>
         <value>0x102bf9c4</value>
         <object_component_ref idref="oc-4b9"/>
      </symbol>
      <symbol id="sm-8cf">
         <name>HOSTlseek</name>
         <value>0x102be62c</value>
         <object_component_ref idref="oc-4c5"/>
      </symbol>
      <symbol id="sm-8d9">
         <name>HOSTopen</name>
         <value>0x102be768</value>
         <object_component_ref idref="oc-4b5"/>
      </symbol>
      <symbol id="sm-8da">
         <name>parmbuf</name>
         <value>0x102a773c</value>
         <object_component_ref idref="oc-4ea"/>
      </symbol>
      <symbol id="sm-8e4">
         <name>HOSTread</name>
         <value>0x102bedb8</value>
         <object_component_ref idref="oc-4bd"/>
      </symbol>
      <symbol id="sm-8f5">
         <name>HOSTrename</name>
         <value>0x102be444</value>
         <object_component_ref idref="oc-4cd"/>
      </symbol>
      <symbol id="sm-8ff">
         <name>HOSTunlink</name>
         <value>0x102bf5e0</value>
         <object_component_ref idref="oc-4c9"/>
      </symbol>
      <symbol id="sm-909">
         <name>HOSTwrite</name>
         <value>0x102bee3c</value>
         <object_component_ref idref="oc-4c1"/>
      </symbol>
      <symbol id="sm-917">
         <name>C$$IO$$</name>
         <value>0x102bfc48</value>
         <object_component_ref idref="oc-4e3"/>
      </symbol>
      <symbol id="sm-918">
         <name>__TI_writemsg</name>
         <value>0x102bfbfc</value>
         <object_component_ref idref="oc-4e3"/>
      </symbol>
      <symbol id="sm-919">
         <name>__CIOBUF_</name>
         <value>0x102a6db8</value>
         <object_component_ref idref="oc-50a"/>
      </symbol>
      <symbol id="sm-91a">
         <name>__TI_readmsg</name>
         <value>0x102bfba4</value>
         <object_component_ref idref="oc-4e9"/>
      </symbol>
      <symbol id="sm-91b">
         <name>_CIOBUF_</name>
         <value>0x102a6db8</value>
         <object_component_ref idref="oc-50a"/>
      </symbol>
      <symbol id="sm-929">
         <name>finddevice</name>
         <value>0x102bfdb8</value>
         <object_component_ref idref="oc-516"/>
      </symbol>
      <symbol id="sm-92a">
         <name>getdevice</name>
         <value>0x102bd558</value>
         <object_component_ref idref="oc-50d"/>
      </symbol>
      <symbol id="sm-935">
         <name>strcmp</name>
         <value>0x102b6c40</value>
         <object_component_ref idref="oc-519"/>
      </symbol>
      <symbol id="sm-93b">
         <name>__aeabi_uidiv</name>
         <value>0x102b8da8</value>
         <object_component_ref idref="oc-3ac"/>
      </symbol>
      <symbol id="sm-93c">
         <name>__udivsi3</name>
         <value>0x102b8da8</value>
         <object_component_ref idref="oc-3ac"/>
      </symbol>
      <symbol id="sm-948">
         <name>__aeabi_idiv0</name>
         <value>0x102b63dc</value>
         <object_component_ref idref="oc-420"/>
      </symbol>
      <symbol id="sm-949">
         <name>__aeabi_ldiv0</name>
         <value>0x102b7fbc</value>
         <object_component_ref idref="oc-2a8"/>
      </symbol>
      <symbol id="sm-94f">
         <name>__aeabi_memcpy</name>
         <value>0x102b81e8</value>
         <object_component_ref idref="oc-16e"/>
      </symbol>
      <symbol id="sm-950">
         <name>__aeabi_memcpy4</name>
         <value>0x102b81e8</value>
         <object_component_ref idref="oc-16e"/>
      </symbol>
      <symbol id="sm-951">
         <name>__aeabi_memcpy8</name>
         <value>0x102b81e8</value>
         <object_component_ref idref="oc-16e"/>
      </symbol>
      <symbol id="sm-95a">
         <name>__aeabi_memset</name>
         <value>0x102c1880</value>
         <object_component_ref idref="oc-1fd"/>
      </symbol>
      <symbol id="sm-95b">
         <name>__aeabi_memset4</name>
         <value>0x102c1880</value>
         <object_component_ref idref="oc-1fd"/>
      </symbol>
      <symbol id="sm-95c">
         <name>__aeabi_memset8</name>
         <value>0x102c1880</value>
         <object_component_ref idref="oc-1fd"/>
      </symbol>
      <symbol id="sm-95d">
         <name>__aeabi_memclr</name>
         <value>0x102b6c34</value>
         <object_component_ref idref="oc-9e"/>
      </symbol>
      <symbol id="sm-95e">
         <name>__aeabi_memclr4</name>
         <value>0x102b6c34</value>
         <object_component_ref idref="oc-9e"/>
      </symbol>
      <symbol id="sm-95f">
         <name>__aeabi_memclr8</name>
         <value>0x102b6c34</value>
         <object_component_ref idref="oc-9e"/>
      </symbol>
      <symbol id="sm-965">
         <name>__aeabi_uldivmod</name>
         <value>0x102c13c4</value>
         <object_component_ref idref="oc-140"/>
      </symbol>
      <symbol id="sm-96b">
         <name>__udivmoddi4</name>
         <value>0x102bbbc8</value>
         <object_component_ref idref="oc-207"/>
      </symbol>
      <symbol id="sm-973">
         <name>TI_memcpy_small</name>
         <value>0x102c162c</value>
         <object_component_ref idref="oc-2c1"/>
      </symbol>
      <symbol id="sm-97b">
         <name>TI_memset_small</name>
         <value>0x102c16a8</value>
         <object_component_ref idref="oc-168"/>
      </symbol>
      <symbol id="sm-97d">
         <name>_system_post_cinit</name>
         <value>0x0</value>
      </symbol>
      <symbol id="sm-97e">
         <name>__TI_Handler_Table_Limit</name>
         <value>0x0</value>
      </symbol>
      <symbol id="sm-97f">
         <name>__TI_Handler_Table_Base</name>
         <value>0x0</value>
      </symbol>
      <symbol id="sm-980">
         <name>__TI_CINIT_Base</name>
         <value>0x0</value>
      </symbol>
      <symbol id="sm-981">
         <name>__TI_CINIT_Limit</name>
         <value>0x0</value>
      </symbol>
   </symbol_table>
   <title>Link successful</title>
</link_info>
