<?xml version="1.0" encoding="ISO-8859-1" ?>
<link_info>
   <banner>TI ARM Clang Linker PC v4.0.3.LTS</banner>
   <copyright>Copyright (c) 1996-2018 Texas Instruments Incorporated</copyright>
   <command_line>C:\ti\ccs2030\ccs\tools\compiler\ti-cgt-armllvm_4.0.3.LTS\bin\tiarmlnk -IC:\ti\ccs2030\ccs\tools\compiler\ti-cgt-armllvm_4.0.3.LTS\lib -o empty_awr294x-evm_r5fss0-1_freertos_ti-arm-clang.out -mempty.Debug.map -iC:/ti/mmwave_mcuplus_sdk_04_07_01_04/mcu_plus_sdk_awr294x_10_01_00_04/source/kernel/freertos/lib -iC:/ti/mmwave_mcuplus_sdk_04_07_01_04/mcu_plus_sdk_awr294x_10_01_00_04/source/drivers/lib -iC:/ti/ccs2030/ccs/tools/compiler/ti-cgt-armllvm_4.0.3.LTS/lib --reread_libs --diag_suppress=10063 --diag_wrap=off --display_error_number --warn_sections --xml_link_info=empty_awr294x-evm_r5fss0-1_freertos_ti-arm-clang_linkInfo.xml --ram_model ./empty.o ./syscfg/ti_dpl_config.o ./syscfg/ti_drivers_config.o ./syscfg/ti_drivers_open_close.o ./syscfg/ti_pinmux_config.o ./syscfg/ti_power_clock_config.o ./syscfg/ti_board_config.o ./syscfg/ti_board_open_close.o ./syscfg/ti_enet_config.o ./syscfg/ti_enet_open_close.o ./syscfg/ti_enet_soc.o ./syscfg/ti_enet_lwipif.o ./main.o ../linker.cmd -lfreertos.awr294x.r5f.ti-arm-clang.debug.lib -ldrivers.awr294x.r5f.ti-arm-clang.debug.lib -llibc.a -llibsysbm.a --start-group -llibc++.a -llibc++abi.a -llibc.a -llibsys.a -llibsysbm.a -llibclang_rt.builtins.a -llibclang_rt.profile.a --end-group</command_line>
   <link_time>0x68dd70dc</link_time>
   <link_errors>0x0</link_errors>
   <output_file>C:\Users\there\Documents\Capstone\RadarFirmware\TestProjects\empty_awr294x-evm_r5fss0-1_freertos_ti-arm-clang\Debug\empty_awr294x-evm_r5fss0-1_freertos_ti-arm-clang.out</output_file>
   <entry_point>
      <name>_vectors</name>
      <address>0x0</address>
   </entry_point>
   <input_file_list>
      <input_file id="fl-1">
         <path>C:\Users\there\Documents\Capstone\RadarFirmware\TestProjects\empty_awr294x-evm_r5fss0-1_freertos_ti-arm-clang\Debug\.\</path>
         <kind>object</kind>
         <file>empty.o</file>
         <name>empty.o</name>
      </input_file>
      <input_file id="fl-2">
         <path>C:\Users\there\Documents\Capstone\RadarFirmware\TestProjects\empty_awr294x-evm_r5fss0-1_freertos_ti-arm-clang\Debug\.\syscfg\</path>
         <kind>object</kind>
         <file>ti_dpl_config.o</file>
         <name>ti_dpl_config.o</name>
      </input_file>
      <input_file id="fl-3">
         <path>C:\Users\there\Documents\Capstone\RadarFirmware\TestProjects\empty_awr294x-evm_r5fss0-1_freertos_ti-arm-clang\Debug\.\syscfg\</path>
         <kind>object</kind>
         <file>ti_drivers_config.o</file>
         <name>ti_drivers_config.o</name>
      </input_file>
      <input_file id="fl-4">
         <path>C:\Users\there\Documents\Capstone\RadarFirmware\TestProjects\empty_awr294x-evm_r5fss0-1_freertos_ti-arm-clang\Debug\.\syscfg\</path>
         <kind>object</kind>
         <file>ti_drivers_open_close.o</file>
         <name>ti_drivers_open_close.o</name>
      </input_file>
      <input_file id="fl-5">
         <path>C:\Users\there\Documents\Capstone\RadarFirmware\TestProjects\empty_awr294x-evm_r5fss0-1_freertos_ti-arm-clang\Debug\.\syscfg\</path>
         <kind>object</kind>
         <file>ti_pinmux_config.o</file>
         <name>ti_pinmux_config.o</name>
      </input_file>
      <input_file id="fl-6">
         <path>C:\Users\there\Documents\Capstone\RadarFirmware\TestProjects\empty_awr294x-evm_r5fss0-1_freertos_ti-arm-clang\Debug\.\syscfg\</path>
         <kind>object</kind>
         <file>ti_power_clock_config.o</file>
         <name>ti_power_clock_config.o</name>
      </input_file>
      <input_file id="fl-7">
         <path>C:\Users\there\Documents\Capstone\RadarFirmware\TestProjects\empty_awr294x-evm_r5fss0-1_freertos_ti-arm-clang\Debug\.\syscfg\</path>
         <kind>object</kind>
         <file>ti_board_config.o</file>
         <name>ti_board_config.o</name>
      </input_file>
      <input_file id="fl-8">
         <path>C:\Users\there\Documents\Capstone\RadarFirmware\TestProjects\empty_awr294x-evm_r5fss0-1_freertos_ti-arm-clang\Debug\.\syscfg\</path>
         <kind>object</kind>
         <file>ti_board_open_close.o</file>
         <name>ti_board_open_close.o</name>
      </input_file>
      <input_file id="fl-9">
         <path>C:\Users\there\Documents\Capstone\RadarFirmware\TestProjects\empty_awr294x-evm_r5fss0-1_freertos_ti-arm-clang\Debug\.\syscfg\</path>
         <kind>object</kind>
         <file>ti_enet_config.o</file>
         <name>ti_enet_config.o</name>
      </input_file>
      <input_file id="fl-a">
         <path>C:\Users\there\Documents\Capstone\RadarFirmware\TestProjects\empty_awr294x-evm_r5fss0-1_freertos_ti-arm-clang\Debug\.\syscfg\</path>
         <kind>object</kind>
         <file>ti_enet_open_close.o</file>
         <name>ti_enet_open_close.o</name>
      </input_file>
      <input_file id="fl-b">
         <path>C:\Users\there\Documents\Capstone\RadarFirmware\TestProjects\empty_awr294x-evm_r5fss0-1_freertos_ti-arm-clang\Debug\.\syscfg\</path>
         <kind>object</kind>
         <file>ti_enet_soc.o</file>
         <name>ti_enet_soc.o</name>
      </input_file>
      <input_file id="fl-c">
         <path>C:\Users\there\Documents\Capstone\RadarFirmware\TestProjects\empty_awr294x-evm_r5fss0-1_freertos_ti-arm-clang\Debug\.\syscfg\</path>
         <kind>object</kind>
         <file>ti_enet_lwipif.o</file>
         <name>ti_enet_lwipif.o</name>
      </input_file>
      <input_file id="fl-d">
         <path>C:\Users\there\Documents\Capstone\RadarFirmware\TestProjects\empty_awr294x-evm_r5fss0-1_freertos_ti-arm-clang\Debug\.\</path>
         <kind>object</kind>
         <file>main.o</file>
         <name>main.o</name>
      </input_file>
      <input_file id="fl-1b">
         <path>C:\Users\there\Documents\Capstone\RadarFirmware\TestProjects\empty_awr294x-evm_r5fss0-1_freertos_ti-arm-clang\Debug\</path>
         <kind>object</kind>
         <file>&lt;internal&gt;</file>
         <name>&lt;internal&gt;</name>
      </input_file>
      <input_file id="fl-1c">
         <path>C:\ti\mmwave_mcuplus_sdk_04_07_01_04\mcu_plus_sdk_awr294x_10_01_00_04\source\kernel\freertos\lib\</path>
         <kind>archive</kind>
         <file>freertos.awr294x.r5f.ti-arm-clang.debug.lib</file>
         <name>DebugP_log.obj</name>
      </input_file>
      <input_file id="fl-1d">
         <path>C:\ti\mmwave_mcuplus_sdk_04_07_01_04\mcu_plus_sdk_awr294x_10_01_00_04\source\kernel\freertos\lib\</path>
         <kind>archive</kind>
         <file>freertos.awr294x.r5f.ti-arm-clang.debug.lib</file>
         <name>HwiP_armv7r_vim.obj</name>
      </input_file>
      <input_file id="fl-1e">
         <path>C:\ti\mmwave_mcuplus_sdk_04_07_01_04\mcu_plus_sdk_awr294x_10_01_00_04\source\kernel\freertos\lib\</path>
         <kind>archive</kind>
         <file>freertos.awr294x.r5f.ti-arm-clang.debug.lib</file>
         <name>MpuP_armv7r.obj</name>
      </input_file>
      <input_file id="fl-1f">
         <path>C:\ti\mmwave_mcuplus_sdk_04_07_01_04\mcu_plus_sdk_awr294x_10_01_00_04\source\kernel\freertos\lib\</path>
         <kind>archive</kind>
         <file>freertos.awr294x.r5f.ti-arm-clang.debug.lib</file>
         <name>CacheP_armv7r.obj</name>
      </input_file>
      <input_file id="fl-20">
         <path>C:\ti\mmwave_mcuplus_sdk_04_07_01_04\mcu_plus_sdk_awr294x_10_01_00_04\source\kernel\freertos\lib\</path>
         <kind>archive</kind>
         <file>freertos.awr294x.r5f.ti-arm-clang.debug.lib</file>
         <name>PmuP_armv7r.obj</name>
      </input_file>
      <input_file id="fl-21">
         <path>C:\ti\mmwave_mcuplus_sdk_04_07_01_04\mcu_plus_sdk_awr294x_10_01_00_04\source\kernel\freertos\lib\</path>
         <kind>archive</kind>
         <file>freertos.awr294x.r5f.ti-arm-clang.debug.lib</file>
         <name>ClockP_freertos.obj</name>
      </input_file>
      <input_file id="fl-22">
         <path>C:\ti\mmwave_mcuplus_sdk_04_07_01_04\mcu_plus_sdk_awr294x_10_01_00_04\source\kernel\freertos\lib\</path>
         <kind>archive</kind>
         <file>freertos.awr294x.r5f.ti-arm-clang.debug.lib</file>
         <name>ClockP_freertos_r5.obj</name>
      </input_file>
      <input_file id="fl-23">
         <path>C:\ti\mmwave_mcuplus_sdk_04_07_01_04\mcu_plus_sdk_awr294x_10_01_00_04\source\kernel\freertos\lib\</path>
         <kind>archive</kind>
         <file>freertos.awr294x.r5f.ti-arm-clang.debug.lib</file>
         <name>DebugP_freertos.obj</name>
      </input_file>
      <input_file id="fl-24">
         <path>C:\ti\mmwave_mcuplus_sdk_04_07_01_04\mcu_plus_sdk_awr294x_10_01_00_04\source\kernel\freertos\lib\</path>
         <kind>archive</kind>
         <file>freertos.awr294x.r5f.ti-arm-clang.debug.lib</file>
         <name>HwiP_armv7r_handlers_freertos.obj</name>
      </input_file>
      <input_file id="fl-25">
         <path>C:\ti\mmwave_mcuplus_sdk_04_07_01_04\mcu_plus_sdk_awr294x_10_01_00_04\source\kernel\freertos\lib\</path>
         <kind>archive</kind>
         <file>freertos.awr294x.r5f.ti-arm-clang.debug.lib</file>
         <name>SemaphoreP_freertos.obj</name>
      </input_file>
      <input_file id="fl-26">
         <path>C:\ti\mmwave_mcuplus_sdk_04_07_01_04\mcu_plus_sdk_awr294x_10_01_00_04\source\kernel\freertos\lib\</path>
         <kind>archive</kind>
         <file>freertos.awr294x.r5f.ti-arm-clang.debug.lib</file>
         <name>tasks.obj</name>
      </input_file>
      <input_file id="fl-27">
         <path>C:\ti\mmwave_mcuplus_sdk_04_07_01_04\mcu_plus_sdk_awr294x_10_01_00_04\source\kernel\freertos\lib\</path>
         <kind>archive</kind>
         <file>freertos.awr294x.r5f.ti-arm-clang.debug.lib</file>
         <name>timers.obj</name>
      </input_file>
      <input_file id="fl-28">
         <path>C:\ti\mmwave_mcuplus_sdk_04_07_01_04\mcu_plus_sdk_awr294x_10_01_00_04\source\kernel\freertos\lib\</path>
         <kind>archive</kind>
         <file>freertos.awr294x.r5f.ti-arm-clang.debug.lib</file>
         <name>queue.obj</name>
      </input_file>
      <input_file id="fl-29">
         <path>C:\ti\mmwave_mcuplus_sdk_04_07_01_04\mcu_plus_sdk_awr294x_10_01_00_04\source\kernel\freertos\lib\</path>
         <kind>archive</kind>
         <file>freertos.awr294x.r5f.ti-arm-clang.debug.lib</file>
         <name>list.obj</name>
      </input_file>
      <input_file id="fl-2a">
         <path>C:\ti\mmwave_mcuplus_sdk_04_07_01_04\mcu_plus_sdk_awr294x_10_01_00_04\source\kernel\freertos\lib\</path>
         <kind>archive</kind>
         <file>freertos.awr294x.r5f.ti-arm-clang.debug.lib</file>
         <name>heap_3.obj</name>
      </input_file>
      <input_file id="fl-2b">
         <path>C:\ti\mmwave_mcuplus_sdk_04_07_01_04\mcu_plus_sdk_awr294x_10_01_00_04\source\kernel\freertos\lib\</path>
         <kind>archive</kind>
         <file>freertos.awr294x.r5f.ti-arm-clang.debug.lib</file>
         <name>port.obj</name>
      </input_file>
      <input_file id="fl-2c">
         <path>C:\ti\mmwave_mcuplus_sdk_04_07_01_04\mcu_plus_sdk_awr294x_10_01_00_04\source\kernel\freertos\lib\</path>
         <kind>archive</kind>
         <file>freertos.awr294x.r5f.ti-arm-clang.debug.lib</file>
         <name>HwiP_armv7r_asm.obj</name>
      </input_file>
      <input_file id="fl-2d">
         <path>C:\ti\mmwave_mcuplus_sdk_04_07_01_04\mcu_plus_sdk_awr294x_10_01_00_04\source\kernel\freertos\lib\</path>
         <kind>archive</kind>
         <file>freertos.awr294x.r5f.ti-arm-clang.debug.lib</file>
         <name>MpuP_armv7r_asm.obj</name>
      </input_file>
      <input_file id="fl-2e">
         <path>C:\ti\mmwave_mcuplus_sdk_04_07_01_04\mcu_plus_sdk_awr294x_10_01_00_04\source\kernel\freertos\lib\</path>
         <kind>archive</kind>
         <file>freertos.awr294x.r5f.ti-arm-clang.debug.lib</file>
         <name>CacheP_armv7r_asm.obj</name>
      </input_file>
      <input_file id="fl-2f">
         <path>C:\ti\mmwave_mcuplus_sdk_04_07_01_04\mcu_plus_sdk_awr294x_10_01_00_04\source\kernel\freertos\lib\</path>
         <kind>archive</kind>
         <file>freertos.awr294x.r5f.ti-arm-clang.debug.lib</file>
         <name>PmuP_armv7r_asm.obj</name>
      </input_file>
      <input_file id="fl-30">
         <path>C:\ti\mmwave_mcuplus_sdk_04_07_01_04\mcu_plus_sdk_awr294x_10_01_00_04\source\kernel\freertos\lib\</path>
         <kind>archive</kind>
         <file>freertos.awr294x.r5f.ti-arm-clang.debug.lib</file>
         <name>HwiP_armv7r_vectors_freertos_asm.obj</name>
      </input_file>
      <input_file id="fl-31">
         <path>C:\ti\mmwave_mcuplus_sdk_04_07_01_04\mcu_plus_sdk_awr294x_10_01_00_04\source\kernel\freertos\lib\</path>
         <kind>archive</kind>
         <file>freertos.awr294x.r5f.ti-arm-clang.debug.lib</file>
         <name>HwiP_armv7r_handlers_freertos_asm.obj</name>
      </input_file>
      <input_file id="fl-32">
         <path>C:\ti\mmwave_mcuplus_sdk_04_07_01_04\mcu_plus_sdk_awr294x_10_01_00_04\source\kernel\freertos\lib\</path>
         <kind>archive</kind>
         <file>freertos.awr294x.r5f.ti-arm-clang.debug.lib</file>
         <name>portASM.obj</name>
      </input_file>
      <input_file id="fl-33">
         <path>C:\ti\mmwave_mcuplus_sdk_04_07_01_04\mcu_plus_sdk_awr294x_10_01_00_04\source\kernel\freertos\lib\</path>
         <kind>archive</kind>
         <file>freertos.awr294x.r5f.ti-arm-clang.debug.lib</file>
         <name>TimerP_rti.obj</name>
      </input_file>
      <input_file id="fl-34">
         <path>C:\ti\mmwave_mcuplus_sdk_04_07_01_04\mcu_plus_sdk_awr294x_10_01_00_04\source\kernel\freertos\lib\</path>
         <kind>archive</kind>
         <file>freertos.awr294x.r5f.ti-arm-clang.debug.lib</file>
         <name>printf.obj</name>
      </input_file>
      <input_file id="fl-35">
         <path>C:\ti\mmwave_mcuplus_sdk_04_07_01_04\mcu_plus_sdk_awr294x_10_01_00_04\source\kernel\freertos\lib\</path>
         <kind>archive</kind>
         <file>freertos.awr294x.r5f.ti-arm-clang.debug.lib</file>
         <name>TaskP_freertos.obj</name>
      </input_file>
      <input_file id="fl-36">
         <path>C:\ti\mmwave_mcuplus_sdk_04_07_01_04\mcu_plus_sdk_awr294x_10_01_00_04\source\kernel\freertos\lib\</path>
         <kind>archive</kind>
         <file>freertos.awr294x.r5f.ti-arm-clang.debug.lib</file>
         <name>boot_armv7r_asm.obj</name>
      </input_file>
      <input_file id="fl-37">
         <path>C:\ti\mmwave_mcuplus_sdk_04_07_01_04\mcu_plus_sdk_awr294x_10_01_00_04\source\kernel\freertos\lib\</path>
         <kind>archive</kind>
         <file>freertos.awr294x.r5f.ti-arm-clang.debug.lib</file>
         <name>boot_armv7r.obj</name>
      </input_file>
      <input_file id="fl-38">
         <path>C:\ti\mmwave_mcuplus_sdk_04_07_01_04\mcu_plus_sdk_awr294x_10_01_00_04\source\drivers\lib\</path>
         <kind>archive</kind>
         <file>drivers.awr294x.r5f.ti-arm-clang.debug.lib</file>
         <name>ipc_notify_v1.obj</name>
      </input_file>
      <input_file id="fl-39">
         <path>C:\ti\mmwave_mcuplus_sdk_04_07_01_04\mcu_plus_sdk_awr294x_10_01_00_04\source\drivers\lib\</path>
         <kind>archive</kind>
         <file>drivers.awr294x.r5f.ti-arm-clang.debug.lib</file>
         <name>ipc_notify_v1_cfg.obj</name>
      </input_file>
      <input_file id="fl-3a">
         <path>C:\ti\mmwave_mcuplus_sdk_04_07_01_04\mcu_plus_sdk_awr294x_10_01_00_04\source\drivers\lib\</path>
         <kind>archive</kind>
         <file>drivers.awr294x.r5f.ti-arm-clang.debug.lib</file>
         <name>ipc_rpmsg.obj</name>
      </input_file>
      <input_file id="fl-3b">
         <path>C:\ti\mmwave_mcuplus_sdk_04_07_01_04\mcu_plus_sdk_awr294x_10_01_00_04\source\drivers\lib\</path>
         <kind>archive</kind>
         <file>drivers.awr294x.r5f.ti-arm-clang.debug.lib</file>
         <name>ipc_rpmsg_vring.obj</name>
      </input_file>
      <input_file id="fl-3c">
         <path>C:\ti\mmwave_mcuplus_sdk_04_07_01_04\mcu_plus_sdk_awr294x_10_01_00_04\source\drivers\lib\</path>
         <kind>archive</kind>
         <file>drivers.awr294x.r5f.ti-arm-clang.debug.lib</file>
         <name>pinmux.obj</name>
      </input_file>
      <input_file id="fl-3d">
         <path>C:\ti\mmwave_mcuplus_sdk_04_07_01_04\mcu_plus_sdk_awr294x_10_01_00_04\source\drivers\lib\</path>
         <kind>archive</kind>
         <file>drivers.awr294x.r5f.ti-arm-clang.debug.lib</file>
         <name>soc.obj</name>
      </input_file>
      <input_file id="fl-3e">
         <path>C:\ti\mmwave_mcuplus_sdk_04_07_01_04\mcu_plus_sdk_awr294x_10_01_00_04\source\drivers\lib\</path>
         <kind>archive</kind>
         <file>drivers.awr294x.r5f.ti-arm-clang.debug.lib</file>
         <name>soc_rcm.obj</name>
      </input_file>
      <input_file id="fl-55">
         <path>C:\ti\ccs2030\ccs\tools\compiler\ti-cgt-armllvm_4.0.3.LTS\lib\armv7r-ti-none-eabihf\c\</path>
         <kind>archive</kind>
         <file>libc.a</file>
         <name>sprintf.c.obj</name>
      </input_file>
      <input_file id="fl-56">
         <path>C:\ti\ccs2030\ccs\tools\compiler\ti-cgt-armllvm_4.0.3.LTS\lib\armv7r-ti-none-eabihf\c\</path>
         <kind>archive</kind>
         <file>libc.a</file>
         <name>fputc.c.obj</name>
      </input_file>
      <input_file id="fl-57">
         <path>C:\ti\ccs2030\ccs\tools\compiler\ti-cgt-armllvm_4.0.3.LTS\lib\armv7r-ti-none-eabihf\c\</path>
         <kind>archive</kind>
         <file>libc.a</file>
         <name>_io_perm.c.obj</name>
      </input_file>
      <input_file id="fl-58">
         <path>C:\ti\ccs2030\ccs\tools\compiler\ti-cgt-armllvm_4.0.3.LTS\lib\armv7r-ti-none-eabihf\c\</path>
         <kind>archive</kind>
         <file>libc.a</file>
         <name>setvbuf.c.obj</name>
      </input_file>
      <input_file id="fl-59">
         <path>C:\ti\ccs2030\ccs\tools\compiler\ti-cgt-armllvm_4.0.3.LTS\lib\armv7r-ti-none-eabihf\c\</path>
         <kind>archive</kind>
         <file>libc.a</file>
         <name>exit.c.obj</name>
      </input_file>
      <input_file id="fl-5a">
         <path>C:\ti\ccs2030\ccs\tools\compiler\ti-cgt-armllvm_4.0.3.LTS\lib\armv7r-ti-none-eabihf\c\</path>
         <kind>archive</kind>
         <file>libc.a</file>
         <name>_lock.c.obj</name>
      </input_file>
      <input_file id="fl-5b">
         <path>C:\ti\ccs2030\ccs\tools\compiler\ti-cgt-armllvm_4.0.3.LTS\lib\armv7r-ti-none-eabihf\c\</path>
         <kind>archive</kind>
         <file>libc.a</file>
         <name>defs.c.obj</name>
      </input_file>
      <input_file id="fl-5c">
         <path>C:\ti\ccs2030\ccs\tools\compiler\ti-cgt-armllvm_4.0.3.LTS\lib\armv7r-ti-none-eabihf\c\</path>
         <kind>archive</kind>
         <file>libc.a</file>
         <name>memory.c.obj</name>
      </input_file>
      <input_file id="fl-5d">
         <path>C:\ti\ccs2030\ccs\tools\compiler\ti-cgt-armllvm_4.0.3.LTS\lib\armv7r-ti-none-eabihf\c\</path>
         <kind>archive</kind>
         <file>libc.a</file>
         <name>strcpy.c.obj</name>
      </input_file>
      <input_file id="fl-5e">
         <path>C:\ti\ccs2030\ccs\tools\compiler\ti-cgt-armllvm_4.0.3.LTS\lib\armv7r-ti-none-eabihf\c\</path>
         <kind>archive</kind>
         <file>libc.a</file>
         <name>strlen.c.obj</name>
      </input_file>
      <input_file id="fl-5f">
         <path>C:\ti\ccs2030\ccs\tools\compiler\ti-cgt-armllvm_4.0.3.LTS\lib\armv7r-ti-none-eabihf\c\</path>
         <kind>archive</kind>
         <file>libc.a</file>
         <name>strncpy.c.obj</name>
      </input_file>
      <input_file id="fl-60">
         <path>C:\ti\ccs2030\ccs\tools\compiler\ti-cgt-armllvm_4.0.3.LTS\lib\armv7r-ti-none-eabihf\c\</path>
         <kind>archive</kind>
         <file>libc.a</file>
         <name>autoinit.c.obj</name>
      </input_file>
      <input_file id="fl-61">
         <path>C:\ti\ccs2030\ccs\tools\compiler\ti-cgt-armllvm_4.0.3.LTS\lib\armv7r-ti-none-eabihf\c\</path>
         <kind>archive</kind>
         <file>libc.a</file>
         <name>cpy_tbl.c.obj</name>
      </input_file>
      <input_file id="fl-62">
         <path>C:\ti\ccs2030\ccs\tools\compiler\ti-cgt-armllvm_4.0.3.LTS\lib\armv7r-ti-none-eabihf\c\</path>
         <kind>archive</kind>
         <file>libc.a</file>
         <name>_printfi.c.obj</name>
      </input_file>
      <input_file id="fl-63">
         <path>C:\ti\ccs2030\ccs\tools\compiler\ti-cgt-armllvm_4.0.3.LTS\lib\armv7r-ti-none-eabihf\c\</path>
         <kind>archive</kind>
         <file>libc.a</file>
         <name>fflush.c.obj</name>
      </input_file>
      <input_file id="fl-64">
         <path>C:\ti\ccs2030\ccs\tools\compiler\ti-cgt-armllvm_4.0.3.LTS\lib\armv7r-ti-none-eabihf\c\</path>
         <kind>archive</kind>
         <file>libc.a</file>
         <name>fopen.c.obj</name>
      </input_file>
      <input_file id="fl-65">
         <path>C:\ti\ccs2030\ccs\tools\compiler\ti-cgt-armllvm_4.0.3.LTS\lib\armv7r-ti-none-eabihf\c\</path>
         <kind>archive</kind>
         <file>libc.a</file>
         <name>fseek.c.obj</name>
      </input_file>
      <input_file id="fl-66">
         <path>C:\ti\ccs2030\ccs\tools\compiler\ti-cgt-armllvm_4.0.3.LTS\lib\armv7r-ti-none-eabihf\c\</path>
         <kind>archive</kind>
         <file>libc.a</file>
         <name>s_frexp.c.obj</name>
      </input_file>
      <input_file id="fl-67">
         <path>C:\ti\ccs2030\ccs\tools\compiler\ti-cgt-armllvm_4.0.3.LTS\lib\armv7r-ti-none-eabihf\c\</path>
         <kind>archive</kind>
         <file>libc.a</file>
         <name>s_scalbn.c.obj</name>
      </input_file>
      <input_file id="fl-68">
         <path>C:\ti\ccs2030\ccs\tools\compiler\ti-cgt-armllvm_4.0.3.LTS\lib\armv7r-ti-none-eabihf\c\</path>
         <kind>archive</kind>
         <file>libc.a</file>
         <name>wcslen.c.obj</name>
      </input_file>
      <input_file id="fl-69">
         <path>C:\ti\ccs2030\ccs\tools\compiler\ti-cgt-armllvm_4.0.3.LTS\lib\armv7r-ti-none-eabihf\c\</path>
         <kind>archive</kind>
         <file>libc.a</file>
         <name>aeabi_portable.c.obj</name>
      </input_file>
      <input_file id="fl-6a">
         <path>C:\ti\ccs2030\ccs\tools\compiler\ti-cgt-armllvm_4.0.3.LTS\lib\armv7r-ti-none-eabihf\c\</path>
         <kind>archive</kind>
         <file>libc.a</file>
         <name>_ltoa.c.obj</name>
      </input_file>
      <input_file id="fl-6b">
         <path>C:\ti\ccs2030\ccs\tools\compiler\ti-cgt-armllvm_4.0.3.LTS\lib\armv7r-ti-none-eabihf\c\</path>
         <kind>archive</kind>
         <file>libc.a</file>
         <name>assert.c.obj</name>
      </input_file>
      <input_file id="fl-6c">
         <path>C:\ti\ccs2030\ccs\tools\compiler\ti-cgt-armllvm_4.0.3.LTS\lib\armv7r-ti-none-eabihf\c\</path>
         <kind>archive</kind>
         <file>libc.a</file>
         <name>atoi.c.obj</name>
      </input_file>
      <input_file id="fl-6d">
         <path>C:\ti\ccs2030\ccs\tools\compiler\ti-cgt-armllvm_4.0.3.LTS\lib\armv7r-ti-none-eabihf\c\</path>
         <kind>archive</kind>
         <file>libc.a</file>
         <name>memccpy.c.obj</name>
      </input_file>
      <input_file id="fl-6e">
         <path>C:\ti\ccs2030\ccs\tools\compiler\ti-cgt-armllvm_4.0.3.LTS\lib\armv7r-ti-none-eabihf\c\</path>
         <kind>archive</kind>
         <file>libc.a</file>
         <name>fclose.c.obj</name>
      </input_file>
      <input_file id="fl-6f">
         <path>C:\ti\ccs2030\ccs\tools\compiler\ti-cgt-armllvm_4.0.3.LTS\lib\armv7r-ti-none-eabihf\c\</path>
         <kind>archive</kind>
         <file>libc.a</file>
         <name>fputs.c.obj</name>
      </input_file>
      <input_file id="fl-70">
         <path>C:\ti\ccs2030\ccs\tools\compiler\ti-cgt-armllvm_4.0.3.LTS\lib\armv7r-ti-none-eabihf\c\</path>
         <kind>archive</kind>
         <file>libc.a</file>
         <name>aeabi_ctype.S.obj</name>
      </input_file>
      <input_file id="fl-87">
         <path>C:\ti\ccs2030\ccs\tools\compiler\ti-cgt-armllvm_4.0.3.LTS\lib\armv7r-ti-none-eabihf\c\</path>
         <kind>archive</kind>
         <file>libsysbm.a</file>
         <name>hostexit.c.obj</name>
      </input_file>
      <input_file id="fl-88">
         <path>C:\ti\ccs2030\ccs\tools\compiler\ti-cgt-armllvm_4.0.3.LTS\lib\armv7r-ti-none-eabihf\c\</path>
         <kind>archive</kind>
         <file>libsysbm.a</file>
         <name>write.c.obj</name>
      </input_file>
      <input_file id="fl-89">
         <path>C:\ti\ccs2030\ccs\tools\compiler\ti-cgt-armllvm_4.0.3.LTS\lib\armv7r-ti-none-eabihf\c\</path>
         <kind>archive</kind>
         <file>libsysbm.a</file>
         <name>host_device.c.obj</name>
      </input_file>
      <input_file id="fl-8a">
         <path>C:\ti\ccs2030\ccs\tools\compiler\ti-cgt-armllvm_4.0.3.LTS\lib\armv7r-ti-none-eabihf\c\</path>
         <kind>archive</kind>
         <file>libsysbm.a</file>
         <name>remove.c.obj</name>
      </input_file>
      <input_file id="fl-8b">
         <path>C:\ti\ccs2030\ccs\tools\compiler\ti-cgt-armllvm_4.0.3.LTS\lib\armv7r-ti-none-eabihf\c\</path>
         <kind>archive</kind>
         <file>libsysbm.a</file>
         <name>open.c.obj</name>
      </input_file>
      <input_file id="fl-8c">
         <path>C:\ti\ccs2030\ccs\tools\compiler\ti-cgt-armllvm_4.0.3.LTS\lib\armv7r-ti-none-eabihf\c\</path>
         <kind>archive</kind>
         <file>libsysbm.a</file>
         <name>lseek.c.obj</name>
      </input_file>
      <input_file id="fl-8d">
         <path>C:\ti\ccs2030\ccs\tools\compiler\ti-cgt-armllvm_4.0.3.LTS\lib\armv7r-ti-none-eabihf\c\</path>
         <kind>archive</kind>
         <file>libsysbm.a</file>
         <name>close.c.obj</name>
      </input_file>
      <input_file id="fl-8e">
         <path>C:\ti\ccs2030\ccs\tools\compiler\ti-cgt-armllvm_4.0.3.LTS\lib\armv7r-ti-none-eabihf\c\</path>
         <kind>archive</kind>
         <file>libsysbm.a</file>
         <name>unlink.c.obj</name>
      </input_file>
      <input_file id="fl-8f">
         <path>C:\ti\ccs2030\ccs\tools\compiler\ti-cgt-armllvm_4.0.3.LTS\lib\armv7r-ti-none-eabihf\c\</path>
         <kind>archive</kind>
         <file>libsysbm.a</file>
         <name>hostclose.c.obj</name>
      </input_file>
      <input_file id="fl-90">
         <path>C:\ti\ccs2030\ccs\tools\compiler\ti-cgt-armllvm_4.0.3.LTS\lib\armv7r-ti-none-eabihf\c\</path>
         <kind>archive</kind>
         <file>libsysbm.a</file>
         <name>hostlseek.c.obj</name>
      </input_file>
      <input_file id="fl-91">
         <path>C:\ti\ccs2030\ccs\tools\compiler\ti-cgt-armllvm_4.0.3.LTS\lib\armv7r-ti-none-eabihf\c\</path>
         <kind>archive</kind>
         <file>libsysbm.a</file>
         <name>hostopen.c.obj</name>
      </input_file>
      <input_file id="fl-92">
         <path>C:\ti\ccs2030\ccs\tools\compiler\ti-cgt-armllvm_4.0.3.LTS\lib\armv7r-ti-none-eabihf\c\</path>
         <kind>archive</kind>
         <file>libsysbm.a</file>
         <name>hostread.c.obj</name>
      </input_file>
      <input_file id="fl-93">
         <path>C:\ti\ccs2030\ccs\tools\compiler\ti-cgt-armllvm_4.0.3.LTS\lib\armv7r-ti-none-eabihf\c\</path>
         <kind>archive</kind>
         <file>libsysbm.a</file>
         <name>hostrename.c.obj</name>
      </input_file>
      <input_file id="fl-94">
         <path>C:\ti\ccs2030\ccs\tools\compiler\ti-cgt-armllvm_4.0.3.LTS\lib\armv7r-ti-none-eabihf\c\</path>
         <kind>archive</kind>
         <file>libsysbm.a</file>
         <name>hostunlink.c.obj</name>
      </input_file>
      <input_file id="fl-95">
         <path>C:\ti\ccs2030\ccs\tools\compiler\ti-cgt-armllvm_4.0.3.LTS\lib\armv7r-ti-none-eabihf\c\</path>
         <kind>archive</kind>
         <file>libsysbm.a</file>
         <name>hostwrite.c.obj</name>
      </input_file>
      <input_file id="fl-96">
         <path>C:\ti\ccs2030\ccs\tools\compiler\ti-cgt-armllvm_4.0.3.LTS\lib\armv7r-ti-none-eabihf\c\</path>
         <kind>archive</kind>
         <file>libsysbm.a</file>
         <name>trgmsg.c.obj</name>
      </input_file>
      <input_file id="fl-120">
         <path>C:\ti\ccs2030\ccs\tools\compiler\ti-cgt-armllvm_4.0.3.LTS\lib\armv7r-ti-none-eabihf\c\</path>
         <kind>archive</kind>
         <file>libc.a</file>
         <name>getdevice.c.obj</name>
      </input_file>
      <input_file id="fl-121">
         <path>C:\ti\ccs2030\ccs\tools\compiler\ti-cgt-armllvm_4.0.3.LTS\lib\armv7r-ti-none-eabihf\c\</path>
         <kind>archive</kind>
         <file>libc.a</file>
         <name>strcmp32.S.obj</name>
      </input_file>
      <input_file id="fl-122">
         <path>C:\ti\ccs2030\ccs\tools\compiler\ti-cgt-armllvm_4.0.3.LTS\lib\armv7r-ti-none-eabihf\</path>
         <kind>archive</kind>
         <file>libclang_rt.builtins.a</file>
         <name>divsi3.S.obj</name>
      </input_file>
      <input_file id="fl-123">
         <path>C:\ti\ccs2030\ccs\tools\compiler\ti-cgt-armllvm_4.0.3.LTS\lib\armv7r-ti-none-eabihf\</path>
         <kind>archive</kind>
         <file>libclang_rt.builtins.a</file>
         <name>udivsi3.S.obj</name>
      </input_file>
      <input_file id="fl-124">
         <path>C:\ti\ccs2030\ccs\tools\compiler\ti-cgt-armllvm_4.0.3.LTS\lib\armv7r-ti-none-eabihf\</path>
         <kind>archive</kind>
         <file>libclang_rt.builtins.a</file>
         <name>aeabi_div0.c.obj</name>
      </input_file>
      <input_file id="fl-125">
         <path>C:\ti\ccs2030\ccs\tools\compiler\ti-cgt-armllvm_4.0.3.LTS\lib\armv7r-ti-none-eabihf\</path>
         <kind>archive</kind>
         <file>libclang_rt.builtins.a</file>
         <name>aeabi_memcpy.S.obj</name>
      </input_file>
      <input_file id="fl-126">
         <path>C:\ti\ccs2030\ccs\tools\compiler\ti-cgt-armllvm_4.0.3.LTS\lib\armv7r-ti-none-eabihf\</path>
         <kind>archive</kind>
         <file>libclang_rt.builtins.a</file>
         <name>aeabi_memset.S.obj</name>
      </input_file>
      <input_file id="fl-127">
         <path>C:\ti\ccs2030\ccs\tools\compiler\ti-cgt-armllvm_4.0.3.LTS\lib\armv7r-ti-none-eabihf\</path>
         <kind>archive</kind>
         <file>libclang_rt.builtins.a</file>
         <name>aeabi_uldivmod.S.obj</name>
      </input_file>
      <input_file id="fl-128">
         <path>C:\ti\ccs2030\ccs\tools\compiler\ti-cgt-armllvm_4.0.3.LTS\lib\armv7r-ti-none-eabihf\</path>
         <kind>archive</kind>
         <file>libclang_rt.builtins.a</file>
         <name>udivmoddi4.S.obj</name>
      </input_file>
      <input_file id="fl-129">
         <path>C:\ti\ccs2030\ccs\tools\compiler\ti-cgt-armllvm_4.0.3.LTS\lib\armv7r-ti-none-eabihf\c\</path>
         <kind>archive</kind>
         <file>libc.a</file>
         <name>memcpy32.S.obj</name>
      </input_file>
      <input_file id="fl-12a">
         <path>C:\ti\ccs2030\ccs\tools\compiler\ti-cgt-armllvm_4.0.3.LTS\lib\armv7r-ti-none-eabihf\c\</path>
         <kind>archive</kind>
         <file>libc.a</file>
         <name>memset32.S.obj</name>
      </input_file>
      <input_file id="fl-12b">
         <path>C:\ti\mmwave_mcuplus_sdk_04_07_01_04\mcu_plus_sdk_awr294x_10_01_00_04\source\kernel\freertos\lib\</path>
         <kind>archive</kind>
         <file>freertos.awr294x.r5f.ti-arm-clang.debug.lib</file>
         <name>CpuId_armv7r.obj</name>
      </input_file>
      <input_file id="fl-12c">
         <path>C:\ti\mmwave_mcuplus_sdk_04_07_01_04\mcu_plus_sdk_awr294x_10_01_00_04\source\kernel\freertos\lib\</path>
         <kind>archive</kind>
         <file>freertos.awr294x.r5f.ti-arm-clang.debug.lib</file>
         <name>CpuId_armv7r_asm.obj</name>
      </input_file>
   </input_file_list>
   <object_component_list>
      <object_component id="oc-2e">
         <name>.vectors</name>
         <load_address>0x0</load_address>
         <readonly>true</readonly>
         <executable>true</executable>
         <run_address>0x0</run_address>
         <size>0x40</size>
         <alignment>0x4</alignment>
         <input_file_ref idref="fl-30"/>
      </object_component>
      <object_component id="oc-5f">
         <name>.text.hwi</name>
         <load_address>0x102bfd10</load_address>
         <readonly>true</readonly>
         <executable>true</executable>
         <run_address>0x102bfd10</run_address>
         <size>0x5ee</size>
         <alignment>0x10</alignment>
         <input_file_ref idref="fl-24"/>
      </object_component>
      <object_component id="oc-86">
         <name>.text.hwi</name>
         <load_address>0x102c0300</load_address>
         <readonly>true</readonly>
         <executable>true</executable>
         <run_address>0x102c0300</run_address>
         <size>0x5c6</size>
         <alignment>0x10</alignment>
         <input_file_ref idref="fl-1d"/>
      </object_component>
      <object_component id="oc-5b">
         <name>.text.hwi</name>
         <load_address>0x102c08c8</load_address>
         <readonly>true</readonly>
         <executable>true</executable>
         <run_address>0x102c08c8</run_address>
         <size>0x1ec</size>
         <alignment>0x4</alignment>
         <input_file_ref idref="fl-32"/>
      </object_component>
      <object_component id="oc-57">
         <name>.text.hwi</name>
         <load_address>0x102c0ab4</load_address>
         <readonly>true</readonly>
         <executable>true</executable>
         <run_address>0x102c0ab4</run_address>
         <size>0x100</size>
         <alignment>0x4</alignment>
         <input_file_ref idref="fl-31"/>
      </object_component>
      <object_component id="oc-8c">
         <name>.text.hwi</name>
         <load_address>0x102c0bb4</load_address>
         <readonly>true</readonly>
         <executable>true</executable>
         <run_address>0x102c0bb4</run_address>
         <size>0x70</size>
         <alignment>0x4</alignment>
         <input_file_ref idref="fl-2c"/>
      </object_component>
      <object_component id="oc-f1">
         <name>.text.cache</name>
         <load_address>0x102c0c30</load_address>
         <readonly>true</readonly>
         <executable>true</executable>
         <run_address>0x102c0c30</run_address>
         <size>0x340</size>
         <alignment>0x4</alignment>
         <input_file_ref idref="fl-2e"/>
      </object_component>
      <object_component id="oc-98">
         <name>.text.cache</name>
         <load_address>0x102c0f70</load_address>
         <readonly>true</readonly>
         <executable>true</executable>
         <run_address>0x102c0f70</run_address>
         <size>0x158</size>
         <alignment>0x10</alignment>
         <input_file_ref idref="fl-1f"/>
      </object_component>
      <object_component id="oc-94">
         <name>.text.mpu</name>
         <load_address>0x102c10d0</load_address>
         <readonly>true</readonly>
         <executable>true</executable>
         <run_address>0x102c10d0</run_address>
         <size>0x246</size>
         <alignment>0x10</alignment>
         <input_file_ref idref="fl-1e"/>
      </object_component>
      <object_component id="oc-ed">
         <name>.text.mpu</name>
         <load_address>0x102c1318</load_address>
         <readonly>true</readonly>
         <executable>true</executable>
         <run_address>0x102c1318</run_address>
         <size>0x78</size>
         <alignment>0x4</alignment>
         <input_file_ref idref="fl-2d"/>
      </object_component>
      <object_component id="oc-53">
         <name>.text.boot</name>
         <load_address>0x102c1390</load_address>
         <readonly>true</readonly>
         <executable>true</executable>
         <run_address>0x102c1390</run_address>
         <size>0xfc</size>
         <alignment>0x4</alignment>
         <input_file_ref idref="fl-36"/>
      </object_component>
      <object_component id="oc-cb">
         <name>.text.boot</name>
         <load_address>0x102c1490</load_address>
         <readonly>true</readonly>
         <executable>true</executable>
         <run_address>0x102c1490</run_address>
         <size>0x2a</size>
         <alignment>0x10</alignment>
         <input_file_ref idref="fl-1c"/>
      </object_component>
      <object_component id="oc-6e">
         <name>.text.boot</name>
         <load_address>0x102c14c0</load_address>
         <readonly>true</readonly>
         <executable>true</executable>
         <run_address>0x102c14c0</run_address>
         <size>0x24</size>
         <alignment>0x10</alignment>
         <input_file_ref idref="fl-37"/>
      </object_component>
      <object_component id="oc-69">
         <name>.text.boot</name>
         <load_address>0x102c14f0</load_address>
         <readonly>true</readonly>
         <executable>true</executable>
         <run_address>0x102c14f0</run_address>
         <size>0xc</size>
         <alignment>0x10</alignment>
         <input_file_ref idref="fl-2"/>
      </object_component>
      <object_component id="oc-ce">
         <name>.text:abort</name>
         <load_address>0x102c1500</load_address>
         <readonly>true</readonly>
         <executable>true</executable>
         <run_address>0x102c1500</run_address>
         <size>0x8</size>
         <alignment>0x4</alignment>
         <input_file_ref idref="fl-59"/>
      </object_component>
      <object_component id="oc-263">
         <name>.text._vsnprintf</name>
         <load_address>0x102b35e0</load_address>
         <readonly>true</readonly>
         <executable>true</executable>
         <run_address>0x102b35e0</run_address>
         <size>0xa34</size>
         <alignment>0x10</alignment>
         <input_file_ref idref="fl-34"/>
      </object_component>
      <object_component id="oc-9e">
         <name>.text.__aeabi_memclr</name>
         <load_address>0x102b4014</load_address>
         <readonly>true</readonly>
         <executable>true</executable>
         <run_address>0x102b4014</run_address>
         <size>0xc</size>
         <alignment>0x4</alignment>
         <input_file_ref idref="fl-126"/>
      </object_component>
      <object_component id="oc-2d8">
         <name>.text._ftoa</name>
         <load_address>0x102b4020</load_address>
         <readonly>true</readonly>
         <executable>true</executable>
         <run_address>0x102b4020</run_address>
         <size>0x51e</size>
         <alignment>0x10</alignment>
         <input_file_ref idref="fl-34"/>
      </object_component>
      <object_component id="oc-11a">
         <name>.text.IpcNotify_init</name>
         <load_address>0x102b4540</load_address>
         <readonly>true</readonly>
         <executable>true</executable>
         <run_address>0x102b4540</run_address>
         <size>0x518</size>
         <alignment>0x10</alignment>
         <input_file_ref idref="fl-38"/>
      </object_component>
      <object_component id="oc-156">
         <name>.text.HOSTexit</name>
         <load_address>0x102b4a58</load_address>
         <readonly>true</readonly>
         <executable>true</executable>
         <run_address>0x102b4a58</run_address>
         <size>0x8</size>
         <alignment>0x4</alignment>
         <input_file_ref idref="fl-87"/>
      </object_component>
      <object_component id="oc-2d9">
         <name>.text._etoa</name>
         <load_address>0x102b4a60</load_address>
         <readonly>true</readonly>
         <executable>true</executable>
         <run_address>0x102b4a60</run_address>
         <size>0x478</size>
         <alignment>0x10</alignment>
         <input_file_ref idref="fl-34"/>
      </object_component>
      <object_component id="oc-24d">
         <name>.text.__aeabi_ldiv0</name>
         <load_address>0x102b4ed8</load_address>
         <readonly>true</readonly>
         <executable>true</executable>
         <run_address>0x102b4ed8</run_address>
         <size>0x4</size>
         <alignment>0x4</alignment>
         <input_file_ref idref="fl-124"/>
      </object_component>
      <object_component id="oc-16c">
         <name>.text.__aeabi_memcpy</name>
         <load_address>0x102b4edc</load_address>
         <readonly>true</readonly>
         <executable>true</executable>
         <run_address>0x102b4edc</run_address>
         <size>0x4</size>
         <alignment>0x4</alignment>
         <input_file_ref idref="fl-125"/>
      </object_component>
      <object_component id="oc-444">
         <name>.text:strcmp</name>
         <load_address>0x102b4ee0</load_address>
         <readonly>true</readonly>
         <executable>true</executable>
         <run_address>0x102b4ee0</run_address>
         <size>0x390</size>
         <alignment>0x20</alignment>
         <input_file_ref idref="fl-121"/>
      </object_component>
      <object_component id="oc-300">
         <name>.text.SOC_rcmGetClkSrcAndDivReg</name>
         <load_address>0x102b5270</load_address>
         <readonly>true</readonly>
         <executable>true</executable>
         <run_address>0x102b5270</run_address>
         <size>0x370</size>
         <alignment>0x10</alignment>
         <input_file_ref idref="fl-3e"/>
      </object_component>
      <object_component id="oc-297">
         <name>.text.IpcNotify_isr</name>
         <load_address>0x102b55e0</load_address>
         <readonly>true</readonly>
         <executable>true</executable>
         <run_address>0x102b55e0</run_address>
         <size>0x33c</size>
         <alignment>0x10</alignment>
         <input_file_ref idref="fl-38"/>
      </object_component>
      <object_component id="oc-1f8">
         <name>.text._nop</name>
         <load_address>0x102b591c</load_address>
         <readonly>true</readonly>
         <executable>true</executable>
         <run_address>0x102b591c</run_address>
         <size>0x4</size>
         <alignment>0x4</alignment>
         <input_file_ref idref="fl-5a"/>
      </object_component>
      <object_component id="oc-329">
         <name>.text._ntoa_format</name>
         <load_address>0x102b5920</load_address>
         <readonly>true</readonly>
         <executable>true</executable>
         <run_address>0x102b5920</run_address>
         <size>0x23e</size>
         <alignment>0x10</alignment>
         <input_file_ref idref="fl-34"/>
      </object_component>
      <object_component id="oc-261">
         <name>.text.xQueueSemaphoreTake</name>
         <load_address>0x102b5b60</load_address>
         <readonly>true</readonly>
         <executable>true</executable>
         <run_address>0x102b5b60</run_address>
         <size>0x23c</size>
         <alignment>0x10</alignment>
         <input_file_ref idref="fl-28"/>
      </object_component>
      <object_component id="oc-3ad">
         <name>.text.fseek</name>
         <load_address>0x102b5d9c</load_address>
         <readonly>true</readonly>
         <executable>true</executable>
         <run_address>0x102b5d9c</run_address>
         <size>0x4</size>
         <alignment>0x4</alignment>
         <input_file_ref idref="fl-65"/>
      </object_component>
      <object_component id="oc-268">
         <name>.text.xQueueGenericSend</name>
         <load_address>0x102b5da0</load_address>
         <readonly>true</readonly>
         <executable>true</executable>
         <run_address>0x102b5da0</run_address>
         <size>0x226</size>
         <alignment>0x10</alignment>
         <input_file_ref idref="fl-28"/>
      </object_component>
      <object_component id="oc-407">
         <name>.text.remove</name>
         <load_address>0x102b5fc8</load_address>
         <readonly>true</readonly>
         <executable>true</executable>
         <run_address>0x102b5fc8</run_address>
         <size>0x4</size>
         <alignment>0x4</alignment>
         <input_file_ref idref="fl-8a"/>
      </object_component>
      <object_component id="oc-174">
         <name>.text.SOC_controlModuleUnlockMMR</name>
         <load_address>0x102b5fd0</load_address>
         <readonly>true</readonly>
         <executable>true</executable>
         <run_address>0x102b5fd0</run_address>
         <size>0x20c</size>
         <alignment>0x10</alignment>
         <input_file_ref idref="fl-3d"/>
      </object_component>
      <object_component id="oc-2f2">
         <name>.text.xQueueReceive</name>
         <load_address>0x102b61e0</load_address>
         <readonly>true</readonly>
         <executable>true</executable>
         <run_address>0x102b61e0</run_address>
         <size>0x1de</size>
         <alignment>0x10</alignment>
         <input_file_ref idref="fl-28"/>
      </object_component>
      <object_component id="oc-210">
         <name>.text.TimerP_setup</name>
         <load_address>0x102b63c0</load_address>
         <readonly>true</readonly>
         <executable>true</executable>
         <run_address>0x102b63c0</run_address>
         <size>0x1d6</size>
         <alignment>0x10</alignment>
         <input_file_ref idref="fl-33"/>
      </object_component>
      <object_component id="oc-27a">
         <name>.text.prvProcessReceivedCommands</name>
         <load_address>0x102b65a0</load_address>
         <readonly>true</readonly>
         <executable>true</executable>
         <run_address>0x102b65a0</run_address>
         <size>0x1c2</size>
         <alignment>0x10</alignment>
         <input_file_ref idref="fl-27"/>
      </object_component>
      <object_component id="oc-3c4">
         <name>.text.malloc</name>
         <load_address>0x102b6764</load_address>
         <readonly>true</readonly>
         <executable>true</executable>
         <run_address>0x102b6764</run_address>
         <size>0xc</size>
         <alignment>0x4</alignment>
         <input_file_ref idref="fl-5c"/>
      </object_component>
      <object_component id="oc-175">
         <name>.text.SOC_controlModuleLockMMR</name>
         <load_address>0x102b6770</load_address>
         <readonly>true</readonly>
         <executable>true</executable>
         <run_address>0x102b6770</run_address>
         <size>0x1bc</size>
         <alignment>0x10</alignment>
         <input_file_ref idref="fl-3d"/>
      </object_component>
      <object_component id="oc-2ad">
         <name>.text.free</name>
         <load_address>0x102b692c</load_address>
         <readonly>true</readonly>
         <executable>true</executable>
         <run_address>0x102b692c</run_address>
         <size>0x1a8</size>
         <alignment>0x4</alignment>
         <input_file_ref idref="fl-5c"/>
      </object_component>
      <object_component id="oc-2fa">
         <name>.text.xTaskIncrementTick</name>
         <load_address>0x102b6ae0</load_address>
         <readonly>true</readonly>
         <executable>true</executable>
         <run_address>0x102b6ae0</run_address>
         <size>0x1a6</size>
         <alignment>0x10</alignment>
         <input_file_ref idref="fl-26"/>
      </object_component>
      <object_component id="oc-3d6">
         <name>.text.aligned_alloc</name>
         <load_address>0x102b6c88</load_address>
         <readonly>true</readonly>
         <executable>true</executable>
         <run_address>0x102b6c88</run_address>
         <size>0x1a4</size>
         <alignment>0x4</alignment>
         <input_file_ref idref="fl-5c"/>
      </object_component>
      <object_component id="oc-124">
         <name>.text.RPMessage_init</name>
         <load_address>0x102b6e30</load_address>
         <readonly>true</readonly>
         <executable>true</executable>
         <run_address>0x102b6e30</run_address>
         <size>0x194</size>
         <alignment>0x10</alignment>
         <input_file_ref idref="fl-3a"/>
      </object_component>
      <object_component id="oc-342">
         <name>.text.SOC_rcmGetHSDIVClkOutMuxClkSrc</name>
         <load_address>0x102b6fd0</load_address>
         <readonly>true</readonly>
         <executable>true</executable>
         <run_address>0x102b6fd0</run_address>
         <size>0x194</size>
         <alignment>0x10</alignment>
         <input_file_ref idref="fl-3e"/>
      </object_component>
      <object_component id="oc-176">
         <name>.text.ClockP_init</name>
         <load_address>0x102b7170</load_address>
         <readonly>true</readonly>
         <executable>true</executable>
         <run_address>0x102b7170</run_address>
         <size>0x18e</size>
         <alignment>0x10</alignment>
         <input_file_ref idref="fl-22"/>
      </object_component>
      <object_component id="oc-7f">
         <name>.text.vTaskSwitchContext</name>
         <load_address>0x102b7300</load_address>
         <readonly>true</readonly>
         <executable>true</executable>
         <run_address>0x102b7300</run_address>
         <size>0x18a</size>
         <alignment>0x10</alignment>
         <input_file_ref idref="fl-26"/>
      </object_component>
      <object_component id="oc-33f">
         <name>.text.xQueueGenericSendFromISR</name>
         <load_address>0x102b7490</load_address>
         <readonly>true</readonly>
         <executable>true</executable>
         <run_address>0x102b7490</run_address>
         <size>0x188</size>
         <alignment>0x10</alignment>
         <input_file_ref idref="fl-28"/>
      </object_component>
      <object_component id="oc-2a0">
         <name>.text.RPMessage_vringResetInternal</name>
         <load_address>0x102b7620</load_address>
         <readonly>true</readonly>
         <executable>true</executable>
         <run_address>0x102b7620</run_address>
         <size>0x182</size>
         <alignment>0x10</alignment>
         <input_file_ref idref="fl-3b"/>
      </object_component>
      <object_component id="oc-2af">
         <name>.text.xTaskResumeAll</name>
         <load_address>0x102b77b0</load_address>
         <readonly>true</readonly>
         <executable>true</executable>
         <run_address>0x102b77b0</run_address>
         <size>0x17e</size>
         <alignment>0x10</alignment>
         <input_file_ref idref="fl-26"/>
      </object_component>
      <object_component id="oc-239">
         <name>.text.RPMessage_recvHandler</name>
         <load_address>0x102b7930</load_address>
         <readonly>true</readonly>
         <executable>true</executable>
         <run_address>0x102b7930</run_address>
         <size>0x174</size>
         <alignment>0x10</alignment>
         <input_file_ref idref="fl-3a"/>
      </object_component>
      <object_component id="oc-267">
         <name>.text.xQueueGiveFromISR</name>
         <load_address>0x102b7ab0</load_address>
         <readonly>true</readonly>
         <executable>true</executable>
         <run_address>0x102b7ab0</run_address>
         <size>0x15e</size>
         <alignment>0x10</alignment>
         <input_file_ref idref="fl-28"/>
      </object_component>
      <object_component id="oc-30f">
         <name>.text.IpcNotify_sendMsg</name>
         <load_address>0x102b7c10</load_address>
         <readonly>true</readonly>
         <executable>true</executable>
         <run_address>0x102b7c10</run_address>
         <size>0x156</size>
         <alignment>0x10</alignment>
         <input_file_ref idref="fl-38"/>
      </object_component>
      <object_component id="oc-30c">
         <name>.text.IpcNotify_trigInterrupt_ack</name>
         <load_address>0x102b7d70</load_address>
         <readonly>true</readonly>
         <executable>true</executable>
         <run_address>0x102b7d70</run_address>
         <size>0x154</size>
         <alignment>0x10</alignment>
         <input_file_ref idref="fl-39"/>
      </object_component>
      <object_component id="oc-2d1">
         <name>.text.vTaskPriorityDisinheritAfterTimeout</name>
         <load_address>0x102b7ed0</load_address>
         <readonly>true</readonly>
         <executable>true</executable>
         <run_address>0x102b7ed0</run_address>
         <size>0x152</size>
         <alignment>0x10</alignment>
         <input_file_ref idref="fl-26"/>
      </object_component>
      <object_component id="oc-132">
         <name>.text.prvInitialiseNewTask</name>
         <load_address>0x102b8030</load_address>
         <readonly>true</readonly>
         <executable>true</executable>
         <run_address>0x102b8030</run_address>
         <size>0x14a</size>
         <alignment>0x10</alignment>
         <input_file_ref idref="fl-26"/>
      </object_component>
      <object_component id="oc-274">
         <name>.text.xQueueGenericCreateStatic</name>
         <load_address>0x102b8180</load_address>
         <readonly>true</readonly>
         <executable>true</executable>
         <run_address>0x102b8180</run_address>
         <size>0x14a</size>
         <alignment>0x10</alignment>
         <input_file_ref idref="fl-28"/>
      </object_component>
      <object_component id="oc-348">
         <name>.text.SOC_rcmGetDpllHSDivOutFreq</name>
         <load_address>0x102b82d0</load_address>
         <readonly>true</readonly>
         <executable>true</executable>
         <run_address>0x102b82d0</run_address>
         <size>0x146</size>
         <alignment>0x10</alignment>
         <input_file_ref idref="fl-3e"/>
      </object_component>
      <object_component id="oc-3b2">
         <name>.text.setvbuf</name>
         <load_address>0x102b8418</load_address>
         <readonly>true</readonly>
         <executable>true</executable>
         <run_address>0x102b8418</run_address>
         <size>0x144</size>
         <alignment>0x4</alignment>
         <input_file_ref idref="fl-58"/>
      </object_component>
      <object_component id="oc-38e">
         <name>.text.IpcNotify_trigInterrupt</name>
         <load_address>0x102b8560</load_address>
         <readonly>true</readonly>
         <executable>true</executable>
         <run_address>0x102b8560</run_address>
         <size>0x13c</size>
         <alignment>0x10</alignment>
         <input_file_ref idref="fl-39"/>
      </object_component>
      <object_component id="oc-25f">
         <name>.text.xQueueReceiveFromISR</name>
         <load_address>0x102b86a0</load_address>
         <readonly>true</readonly>
         <executable>true</executable>
         <run_address>0x102b86a0</run_address>
         <size>0x13a</size>
         <alignment>0x10</alignment>
         <input_file_ref idref="fl-28"/>
      </object_component>
      <object_component id="oc-2d6">
         <name>.text._ntoa_long_long</name>
         <load_address>0x102b87e0</load_address>
         <readonly>true</readonly>
         <executable>true</executable>
         <run_address>0x102b87e0</run_address>
         <size>0x138</size>
         <alignment>0x10</alignment>
         <input_file_ref idref="fl-34"/>
      </object_component>
      <object_component id="oc-230">
         <name>.text.RPMessage_vringReset</name>
         <load_address>0x102b8920</load_address>
         <readonly>true</readonly>
         <executable>true</executable>
         <run_address>0x102b8920</run_address>
         <size>0x134</size>
         <alignment>0x10</alignment>
         <input_file_ref idref="fl-3b"/>
      </object_component>
      <object_component id="oc-1cd">
         <name>.text.pxPortInitialiseStack</name>
         <load_address>0x102b8a60</load_address>
         <readonly>true</readonly>
         <executable>true</executable>
         <run_address>0x102b8a60</run_address>
         <size>0x128</size>
         <alignment>0x10</alignment>
         <input_file_ref idref="fl-2b"/>
      </object_component>
      <object_component id="oc-371">
         <name>.text.eTaskGetState</name>
         <load_address>0x102b8b90</load_address>
         <readonly>true</readonly>
         <executable>true</executable>
         <run_address>0x102b8b90</run_address>
         <size>0x120</size>
         <alignment>0x10</alignment>
         <input_file_ref idref="fl-26"/>
      </object_component>
      <object_component id="oc-347">
         <name>.text.SOC_rcmGetApllHSDivOutFreq</name>
         <load_address>0x102b8cb0</load_address>
         <readonly>true</readonly>
         <executable>true</executable>
         <run_address>0x102b8cb0</run_address>
         <size>0x11e</size>
         <alignment>0x10</alignment>
         <input_file_ref idref="fl-3e"/>
      </object_component>
      <object_component id="oc-2e5">
         <name>.text.TaskP_loadUpdateAll</name>
         <load_address>0x102b8dd0</load_address>
         <readonly>true</readonly>
         <executable>true</executable>
         <run_address>0x102b8dd0</run_address>
         <size>0x118</size>
         <alignment>0x10</alignment>
         <input_file_ref idref="fl-35"/>
      </object_component>
      <object_component id="oc-1d3">
         <name>.text</name>
         <load_address>0x102b8ee8</load_address>
         <readonly>true</readonly>
         <executable>true</executable>
         <run_address>0x102b8ee8</run_address>
         <size>0x118</size>
         <alignment>0x4</alignment>
         <input_file_ref idref="fl-128"/>
      </object_component>
      <object_component id="oc-2d7">
         <name>.text._ntoa_long</name>
         <load_address>0x102b9000</load_address>
         <readonly>true</readonly>
         <executable>true</executable>
         <run_address>0x102b9000</run_address>
         <size>0x114</size>
         <alignment>0x10</alignment>
         <input_file_ref idref="fl-34"/>
      </object_component>
      <object_component id="oc-133">
         <name>.text.prvAddNewTaskToReadyList</name>
         <load_address>0x102b9120</load_address>
         <readonly>true</readonly>
         <executable>true</executable>
         <run_address>0x102b9120</run_address>
         <size>0x10e</size>
         <alignment>0x10</alignment>
         <input_file_ref idref="fl-26"/>
      </object_component>
      <object_component id="oc-2cd">
         <name>.text.xTaskPriorityInherit</name>
         <load_address>0x102b9230</load_address>
         <readonly>true</readonly>
         <executable>true</executable>
         <run_address>0x102b9230</run_address>
         <size>0x10e</size>
         <alignment>0x10</alignment>
         <input_file_ref idref="fl-26"/>
      </object_component>
      <object_component id="oc-12d">
         <name>.text.vTaskDelete</name>
         <load_address>0x102b9340</load_address>
         <readonly>true</readonly>
         <executable>true</executable>
         <run_address>0x102b9340</run_address>
         <size>0x10a</size>
         <alignment>0x10</alignment>
         <input_file_ref idref="fl-26"/>
      </object_component>
      <object_component id="oc-330">
         <name>.text.xTaskPriorityDisinherit</name>
         <load_address>0x102b9450</load_address>
         <readonly>true</readonly>
         <executable>true</executable>
         <run_address>0x102b9450</run_address>
         <size>0x106</size>
         <alignment>0x10</alignment>
         <input_file_ref idref="fl-26"/>
      </object_component>
      <object_component id="oc-3a5">
         <name>.text.SOC_rcmADPLLJGetFOut</name>
         <load_address>0x102b9560</load_address>
         <readonly>true</readonly>
         <executable>true</executable>
         <run_address>0x102b9560</run_address>
         <size>0x102</size>
         <alignment>0x10</alignment>
         <input_file_ref idref="fl-3e"/>
      </object_component>
      <object_component id="oc-36a">
         <name>.text.fputc</name>
         <load_address>0x102b9664</load_address>
         <readonly>true</readonly>
         <executable>true</executable>
         <run_address>0x102b9664</run_address>
         <size>0xf0</size>
         <alignment>0x4</alignment>
         <input_file_ref idref="fl-56"/>
      </object_component>
      <object_component id="oc-ca">
         <name>.text.vTaskStartScheduler</name>
         <load_address>0x102b9760</load_address>
         <readonly>true</readonly>
         <executable>true</executable>
         <run_address>0x102b9760</run_address>
         <size>0xee</size>
         <alignment>0x10</alignment>
         <input_file_ref idref="fl-26"/>
      </object_component>
      <object_component id="oc-c0">
         <name>.text.xTaskCreateStatic</name>
         <load_address>0x102b9850</load_address>
         <readonly>true</readonly>
         <executable>true</executable>
         <run_address>0x102b9850</run_address>
         <size>0xee</size>
         <alignment>0x10</alignment>
         <input_file_ref idref="fl-26"/>
      </object_component>
      <object_component id="oc-2cb">
         <name>.text.xTaskCheckForTimeOut</name>
         <load_address>0x102b9940</load_address>
         <readonly>true</readonly>
         <executable>true</executable>
         <run_address>0x102b9940</run_address>
         <size>0xec</size>
         <alignment>0x10</alignment>
         <input_file_ref idref="fl-26"/>
      </object_component>
      <object_component id="oc-338">
         <name>.text.prvSwitchTimerLists</name>
         <load_address>0x102b9a30</load_address>
         <readonly>true</readonly>
         <executable>true</executable>
         <run_address>0x102b9a30</run_address>
         <size>0xe4</size>
         <alignment>0x10</alignment>
         <input_file_ref idref="fl-27"/>
      </object_component>
      <object_component id="oc-332">
         <name>.text.vTaskGetInfo</name>
         <load_address>0x102b9b20</load_address>
         <readonly>true</readonly>
         <executable>true</executable>
         <run_address>0x102b9b20</run_address>
         <size>0xe2</size>
         <alignment>0x10</alignment>
         <input_file_ref idref="fl-26"/>
      </object_component>
      <object_component id="oc-2c1">
         <name>.text.xTaskRemoveFromEventList</name>
         <load_address>0x102b9c10</load_address>
         <readonly>true</readonly>
         <executable>true</executable>
         <run_address>0x102b9c10</run_address>
         <size>0xde</size>
         <alignment>0x10</alignment>
         <input_file_ref idref="fl-26"/>
      </object_component>
      <object_component id="oc-2a7">
         <name>.text.RPMessage_vringGetFullRxBuf</name>
         <load_address>0x102b9cf0</load_address>
         <readonly>true</readonly>
         <executable>true</executable>
         <run_address>0x102b9cf0</run_address>
         <size>0xdc</size>
         <alignment>0x10</alignment>
         <input_file_ref idref="fl-3b"/>
      </object_component>
      <object_component id="oc-388">
         <name>.text.SOC_rcmGetCoreFout</name>
         <load_address>0x102b9dd0</load_address>
         <readonly>true</readonly>
         <executable>true</executable>
         <run_address>0x102b9dd0</run_address>
         <size>0xdc</size>
         <alignment>0x10</alignment>
         <input_file_ref idref="fl-3e"/>
      </object_component>
      <object_component id="oc-38c">
         <name>.text.SOC_rcmGetDSSFout</name>
         <load_address>0x102b9eb0</load_address>
         <readonly>true</readonly>
         <executable>true</executable>
         <run_address>0x102b9eb0</run_address>
         <size>0xdc</size>
         <alignment>0x10</alignment>
         <input_file_ref idref="fl-3e"/>
      </object_component>
      <object_component id="oc-38a">
         <name>.text.SOC_rcmGetPerFout</name>
         <load_address>0x102b9f90</load_address>
         <readonly>true</readonly>
         <executable>true</executable>
         <run_address>0x102b9f90</run_address>
         <size>0xdc</size>
         <alignment>0x10</alignment>
         <input_file_ref idref="fl-3e"/>
      </object_component>
      <object_component id="oc-b2">
         <name>.text.System_init</name>
         <load_address>0x102ba070</load_address>
         <readonly>true</readonly>
         <executable>true</executable>
         <run_address>0x102ba070</run_address>
         <size>0xda</size>
         <alignment>0x10</alignment>
         <input_file_ref idref="fl-3"/>
      </object_component>
      <object_component id="oc-237">
         <name>.text.RPMessage_construct</name>
         <load_address>0x102ba150</load_address>
         <readonly>true</readonly>
         <executable>true</executable>
         <run_address>0x102ba150</run_address>
         <size>0xd4</size>
         <alignment>0x10</alignment>
         <input_file_ref idref="fl-3a"/>
      </object_component>
      <object_component id="oc-31e">
         <name>.text.prvAddCurrentTaskToDelayedList</name>
         <load_address>0x102ba230</load_address>
         <readonly>true</readonly>
         <executable>true</executable>
         <run_address>0x102ba230</run_address>
         <size>0xd4</size>
         <alignment>0x10</alignment>
         <input_file_ref idref="fl-26"/>
      </object_component>
      <object_component id="oc-2aa">
         <name>.text.RPMessage_vringPutEmptyRxBuf</name>
         <load_address>0x102ba310</load_address>
         <readonly>true</readonly>
         <executable>true</executable>
         <run_address>0x102ba310</run_address>
         <size>0xd2</size>
         <alignment>0x10</alignment>
         <input_file_ref idref="fl-3b"/>
      </object_component>
      <object_component id="oc-2e2">
         <name>.text.prvCopyDataToQueue</name>
         <load_address>0x102ba3f0</load_address>
         <readonly>true</readonly>
         <executable>true</executable>
         <run_address>0x102ba3f0</run_address>
         <size>0xcc</size>
         <alignment>0x10</alignment>
         <input_file_ref idref="fl-28"/>
      </object_component>
      <object_component id="oc-438">
         <name>.text.getdevice</name>
         <load_address>0x102ba4bc</load_address>
         <readonly>true</readonly>
         <executable>true</executable>
         <run_address>0x102ba4bc</run_address>
         <size>0xc8</size>
         <alignment>0x4</alignment>
         <input_file_ref idref="fl-120"/>
      </object_component>
      <object_component id="oc-1b4">
         <name>.text.RPMessage_coreInit</name>
         <load_address>0x102ba590</load_address>
         <readonly>true</readonly>
         <executable>true</executable>
         <run_address>0x102ba590</run_address>
         <size>0xc6</size>
         <alignment>0x10</alignment>
         <input_file_ref idref="fl-3a"/>
      </object_component>
      <object_component id="oc-298">
         <name>.text.IpcNotify_readAckCallback</name>
         <load_address>0x102ba660</load_address>
         <readonly>true</readonly>
         <executable>true</executable>
         <run_address>0x102ba660</run_address>
         <size>0xc4</size>
         <alignment>0x10</alignment>
         <input_file_ref idref="fl-38"/>
      </object_component>
      <object_component id="oc-32b">
         <name>.text._out_rev</name>
         <load_address>0x102ba730</load_address>
         <readonly>true</readonly>
         <executable>true</executable>
         <run_address>0x102ba730</run_address>
         <size>0xc0</size>
         <alignment>0x10</alignment>
         <input_file_ref idref="fl-34"/>
      </object_component>
      <object_component id="oc-2f6">
         <name>.text.xTimerGenericCommand</name>
         <load_address>0x102ba7f0</load_address>
         <readonly>true</readonly>
         <executable>true</executable>
         <run_address>0x102ba7f0</run_address>
         <size>0xc0</size>
         <alignment>0x10</alignment>
         <input_file_ref idref="fl-27"/>
      </object_component>
      <object_component id="oc-335">
         <name>.text.xQueueGenericReset</name>
         <load_address>0x102ba8b0</load_address>
         <readonly>true</readonly>
         <executable>true</executable>
         <run_address>0x102ba8b0</run_address>
         <size>0xb6</size>
         <alignment>0x10</alignment>
         <input_file_ref idref="fl-28"/>
      </object_component>
      <object_component id="oc-3c0">
         <name>.text.fseeko</name>
         <load_address>0x102ba968</load_address>
         <readonly>true</readonly>
         <executable>true</executable>
         <run_address>0x102ba968</run_address>
         <size>0xb4</size>
         <alignment>0x4</alignment>
         <input_file_ref idref="fl-65"/>
      </object_component>
      <object_component id="oc-344">
         <name>.text.SOC_rcmGetXTALFrequency</name>
         <load_address>0x102baa20</load_address>
         <readonly>true</readonly>
         <executable>true</executable>
         <run_address>0x102baa20</run_address>
         <size>0xb2</size>
         <alignment>0x10</alignment>
         <input_file_ref idref="fl-3e"/>
      </object_component>
      <object_component id="oc-296">
         <name>.text.SOC_rcmSetPeripheralClock</name>
         <load_address>0x102baae0</load_address>
         <readonly>true</readonly>
         <executable>true</executable>
         <run_address>0x102baae0</run_address>
         <size>0xb0</size>
         <alignment>0x10</alignment>
         <input_file_ref idref="fl-3e"/>
      </object_component>
      <object_component id="oc-3d7">
         <name>.text.__TI_closefile</name>
         <load_address>0x102bab90</load_address>
         <readonly>true</readonly>
         <executable>true</executable>
         <run_address>0x102bab90</run_address>
         <size>0xb0</size>
         <alignment>0x4</alignment>
         <input_file_ref idref="fl-6e"/>
      </object_component>
      <object_component id="oc-2cf">
         <name>.text.prvUnlockQueue</name>
         <load_address>0x102bac40</load_address>
         <readonly>true</readonly>
         <executable>true</executable>
         <run_address>0x102bac40</run_address>
         <size>0xae</size>
         <alignment>0x10</alignment>
         <input_file_ref idref="fl-28"/>
      </object_component>
      <object_component id="oc-22d">
         <name>.text.SemaphoreP_constructBinary</name>
         <load_address>0x102bacf0</load_address>
         <readonly>true</readonly>
         <executable>true</executable>
         <run_address>0x102bacf0</run_address>
         <size>0xac</size>
         <alignment>0x10</alignment>
         <input_file_ref idref="fl-25"/>
      </object_component>
      <object_component id="oc-2fd">
         <name>.text.SOC_rcmGetFreqLeafNode</name>
         <load_address>0x102bada0</load_address>
         <readonly>true</readonly>
         <executable>true</executable>
         <run_address>0x102bada0</run_address>
         <size>0xaa</size>
         <alignment>0x10</alignment>
         <input_file_ref idref="fl-3e"/>
      </object_component>
      <object_component id="oc-387">
         <name>.text.SOC_rcmGetCoreHSDivOut</name>
         <load_address>0x102bae50</load_address>
         <readonly>true</readonly>
         <executable>true</executable>
         <run_address>0x102bae50</run_address>
         <size>0xa8</size>
         <alignment>0x10</alignment>
         <input_file_ref idref="fl-3e"/>
      </object_component>
      <object_component id="oc-38b">
         <name>.text.SOC_rcmGetDSSHSDivOut</name>
         <load_address>0x102baf00</load_address>
         <readonly>true</readonly>
         <executable>true</executable>
         <run_address>0x102baf00</run_address>
         <size>0xa8</size>
         <alignment>0x10</alignment>
         <input_file_ref idref="fl-3e"/>
      </object_component>
      <object_component id="oc-389">
         <name>.text.SOC_rcmGetPerHSDivOut</name>
         <load_address>0x102bafb0</load_address>
         <readonly>true</readonly>
         <executable>true</executable>
         <run_address>0x102bafb0</run_address>
         <size>0xa8</size>
         <alignment>0x10</alignment>
         <input_file_ref idref="fl-3e"/>
      </object_component>
      <object_component id="oc-108">
         <name>.text.pmu</name>
         <load_address>0x102bb060</load_address>
         <readonly>true</readonly>
         <executable>true</executable>
         <run_address>0x102bb060</run_address>
         <size>0xa8</size>
         <alignment>0x10</alignment>
         <input_file_ref idref="fl-20"/>
      </object_component>
      <object_component id="oc-401">
         <name>.text.split</name>
         <load_address>0x102bb108</load_address>
         <readonly>true</readonly>
         <executable>true</executable>
         <run_address>0x102bb108</run_address>
         <size>0xa4</size>
         <alignment>0x4</alignment>
         <input_file_ref idref="fl-5c"/>
      </object_component>
      <object_component id="oc-149">
         <name>.text.xTimerCreateTimerTask</name>
         <load_address>0x102bb1b0</load_address>
         <readonly>true</readonly>
         <executable>true</executable>
         <run_address>0x102bb1b0</run_address>
         <size>0xa4</size>
         <alignment>0x10</alignment>
         <input_file_ref idref="fl-27"/>
      </object_component>
      <object_component id="oc-368">
         <name>.text.IpcNotify_mailboxWrite</name>
         <load_address>0x102bb260</load_address>
         <readonly>true</readonly>
         <executable>true</executable>
         <run_address>0x102bb260</run_address>
         <size>0xa2</size>
         <alignment>0x10</alignment>
         <input_file_ref idref="fl-38"/>
      </object_component>
      <object_component id="oc-1ea">
         <name>.text.prvCheckForValidListAndQueue</name>
         <load_address>0x102bb310</load_address>
         <readonly>true</readonly>
         <executable>true</executable>
         <run_address>0x102bb310</run_address>
         <size>0xa2</size>
         <alignment>0x10</alignment>
         <input_file_ref idref="fl-27"/>
      </object_component>
      <object_component id="oc-3f8">
         <name>.text.HOSTrename</name>
         <load_address>0x102bb3b4</load_address>
         <readonly>true</readonly>
         <executable>true</executable>
         <run_address>0x102bb3b4</run_address>
         <size>0xa0</size>
         <alignment>0x4</alignment>
         <input_file_ref idref="fl-93"/>
      </object_component>
      <object_component id="oc-2f0">
         <name>.text.prvProcessExpiredTimer</name>
         <load_address>0x102bb460</load_address>
         <readonly>true</readonly>
         <executable>true</executable>
         <run_address>0x102bb460</run_address>
         <size>0x9e</size>
         <alignment>0x10</alignment>
         <input_file_ref idref="fl-27"/>
      </object_component>
      <object_component id="oc-38f">
         <name>.text.__TI_wrt_ok</name>
         <load_address>0x102bb500</load_address>
         <readonly>true</readonly>
         <executable>true</executable>
         <run_address>0x102bb500</run_address>
         <size>0x9c</size>
         <alignment>0x4</alignment>
         <input_file_ref idref="fl-57"/>
      </object_component>
      <object_component id="oc-3f0">
         <name>.text.HOSTlseek</name>
         <load_address>0x102bb59c</load_address>
         <readonly>true</readonly>
         <executable>true</executable>
         <run_address>0x102bb59c</run_address>
         <size>0x98</size>
         <alignment>0x4</alignment>
         <input_file_ref idref="fl-90"/>
      </object_component>
      <object_component id="oc-1ab">
         <name>.text.IpcNotify_registerClient</name>
         <load_address>0x102bb640</load_address>
         <readonly>true</readonly>
         <executable>true</executable>
         <run_address>0x102bb640</run_address>
         <size>0x98</size>
         <alignment>0x10</alignment>
         <input_file_ref idref="fl-38"/>
      </object_component>
      <object_component id="oc-3e0">
         <name>.text.HOSTopen</name>
         <load_address>0x102bb6d8</load_address>
         <readonly>true</readonly>
         <executable>true</executable>
         <run_address>0x102bb6d8</run_address>
         <size>0x94</size>
         <alignment>0x4</alignment>
         <input_file_ref idref="fl-91"/>
      </object_component>
      <object_component id="oc-115">
         <name>.text.IpcNotify_Params_init</name>
         <load_address>0x102bb770</load_address>
         <readonly>true</readonly>
         <executable>true</executable>
         <run_address>0x102bb770</run_address>
         <size>0x94</size>
         <alignment>0x10</alignment>
         <input_file_ref idref="fl-38"/>
      </object_component>
      <object_component id="oc-13e">
         <name>.text._DebugP_logZone</name>
         <load_address>0x102bb810</load_address>
         <readonly>true</readonly>
         <executable>true</executable>
         <run_address>0x102bb810</run_address>
         <size>0x92</size>
         <alignment>0x10</alignment>
         <input_file_ref idref="fl-23"/>
      </object_component>
      <object_component id="oc-1ce">
         <name>.text.prvInitialiseTaskLists</name>
         <load_address>0x102bb8b0</load_address>
         <readonly>true</readonly>
         <executable>true</executable>
         <run_address>0x102bb8b0</run_address>
         <size>0x8e</size>
         <alignment>0x10</alignment>
         <input_file_ref idref="fl-26"/>
      </object_component>
      <object_component id="oc-403">
         <name>.text.close</name>
         <load_address>0x102bb940</load_address>
         <readonly>true</readonly>
         <executable>true</executable>
         <run_address>0x102bb940</run_address>
         <size>0x8c</size>
         <alignment>0x4</alignment>
         <input_file_ref idref="fl-8d"/>
      </object_component>
      <object_component id="oc-73">
         <name>.text.main</name>
         <load_address>0x102bb9d0</load_address>
         <readonly>true</readonly>
         <executable>true</executable>
         <run_address>0x102bb9d0</run_address>
         <size>0x8c</size>
         <alignment>0x10</alignment>
         <input_file_ref idref="fl-d"/>
      </object_component>
      <object_component id="oc-399">
         <name>.text.__TI_doflush</name>
         <load_address>0x102bba5c</load_address>
         <readonly>true</readonly>
         <executable>true</executable>
         <run_address>0x102bba5c</run_address>
         <size>0x88</size>
         <alignment>0x4</alignment>
         <input_file_ref idref="fl-63"/>
      </object_component>
      <object_component id="oc-11e">
         <name>.text.RPMessage_Params_init</name>
         <load_address>0x102bbaf0</load_address>
         <readonly>true</readonly>
         <executable>true</executable>
         <run_address>0x102bbaf0</run_address>
         <size>0x86</size>
         <alignment>0x10</alignment>
         <input_file_ref idref="fl-3a"/>
      </object_component>
      <object_component id="oc-2f5">
         <name>.text.prvInsertTimerInActiveList</name>
         <load_address>0x102bbb80</load_address>
         <readonly>true</readonly>
         <executable>true</executable>
         <run_address>0x102bbb80</run_address>
         <size>0x86</size>
         <alignment>0x10</alignment>
         <input_file_ref idref="fl-27"/>
      </object_component>
      <object_component id="oc-279">
         <name>.text.prvProcessTimerOrBlockTask</name>
         <load_address>0x102bbc10</load_address>
         <readonly>true</readonly>
         <executable>true</executable>
         <run_address>0x102bbc10</run_address>
         <size>0x86</size>
         <alignment>0x10</alignment>
         <input_file_ref idref="fl-27"/>
      </object_component>
      <object_component id="oc-3e8">
         <name>.text.HOSTread</name>
         <load_address>0x102bbc98</load_address>
         <readonly>true</readonly>
         <executable>true</executable>
         <run_address>0x102bbc98</run_address>
         <size>0x84</size>
         <alignment>0x4</alignment>
         <input_file_ref idref="fl-92"/>
      </object_component>
      <object_component id="oc-3ec">
         <name>.text.HOSTwrite</name>
         <load_address>0x102bbd1c</load_address>
         <readonly>true</readonly>
         <executable>true</executable>
         <run_address>0x102bbd1c</run_address>
         <size>0x84</size>
         <alignment>0x4</alignment>
         <input_file_ref idref="fl-95"/>
      </object_component>
      <object_component id="oc-1b6">
         <name>.text.RPMessage_notifyCallback</name>
         <load_address>0x102bbda0</load_address>
         <readonly>true</readonly>
         <executable>true</executable>
         <run_address>0x102bbda0</run_address>
         <size>0x84</size>
[...]
         <value>0x102c14c1</value>
         <object_component_ref idref="oc-6e"/>
      </symbol>
      <symbol id="sm-528">
         <name>IpcNotify_getMemoryToWrite</name>
         <value>0x102bca51</value>
         <object_component_ref idref="oc-38d"/>
      </symbol>
      <symbol id="sm-529">
         <name>gIpcNotifyCtrl</name>
         <value>0x102c16c8</value>
         <object_component_ref idref="oc-199"/>
      </symbol>
      <symbol id="sm-52a">
         <name>IpcNotify_getMemoryToRead</name>
         <value>0x102bcde1</value>
         <object_component_ref idref="oc-35e"/>
      </symbol>
      <symbol id="sm-52b">
         <name>IpcNotify_syncCustomIpcConfig</name>
         <value>0x102bde81</value>
         <object_component_ref idref="oc-1ad"/>
      </symbol>
      <symbol id="sm-52c">
         <name>IpcNotify_getSelfCoreId</name>
         <value>0x102be491</value>
         <object_component_ref idref="oc-1b0"/>
      </symbol>
      <symbol id="sm-52d">
         <name>IpcNotify_isCustomIpcConfigEnabled</name>
         <value>0x102be461</value>
         <object_component_ref idref="oc-302"/>
      </symbol>
      <symbol id="sm-52e">
         <name>IpcNotify_isr</name>
         <value>0x102b55e1</value>
         <object_component_ref idref="oc-297"/>
      </symbol>
      <symbol id="sm-52f">
         <name>IpcNotify_readAckCallback</name>
         <value>0x102ba661</value>
         <object_component_ref idref="oc-298"/>
      </symbol>
      <symbol id="sm-530">
         <name>IpcNotify_sendMsg</name>
         <value>0x102b7c11</value>
         <object_component_ref idref="oc-30f"/>
      </symbol>
      <symbol id="sm-531">
         <name>IpcNotify_registerClient</name>
         <value>0x102bb641</value>
         <object_component_ref idref="oc-1ab"/>
      </symbol>
      <symbol id="sm-532">
         <name>IpcNotify_unregisterClient</name>
         <value>0x102bce81</value>
         <object_component_ref idref="oc-1a1"/>
      </symbol>
      <symbol id="sm-533">
         <name>IpcNotify_syncCallback</name>
         <value>0x102bd761</value>
         <object_component_ref idref="oc-1aa"/>
      </symbol>
      <symbol id="sm-534">
         <name>IpcNotify_Params_init</name>
         <value>0x102bb771</value>
         <object_component_ref idref="oc-115"/>
      </symbol>
      <symbol id="sm-535">
         <name>IpcNotify_init</name>
         <value>0x102b4541</value>
         <object_component_ref idref="oc-11a"/>
      </symbol>
      <symbol id="sm-536">
         <name>IpcNotify_isCoreEnabled</name>
         <value>0x102bde21</value>
         <object_component_ref idref="oc-1b2"/>
      </symbol>
      <symbol id="sm-54b">
         <name>IpcNotify_trigInterrupt</name>
         <value>0x102b8561</value>
         <object_component_ref idref="oc-38e"/>
      </symbol>
      <symbol id="sm-54c">
         <name>IpcNotify_trigInterrupt_ack</name>
         <value>0x102b7d71</value>
         <object_component_ref idref="oc-30c"/>
      </symbol>
      <symbol id="sm-54d">
         <name>IpcNotify_wait</name>
         <value>0x102be071</value>
         <object_component_ref idref="oc-304"/>
      </symbol>
      <symbol id="sm-54e">
         <name>gIpcNotifyCoreIntrBitPos</name>
         <value>0x102c1abc</value>
         <object_component_ref idref="oc-35d"/>
      </symbol>
      <symbol id="sm-54f">
         <name>gIpcNotifyMailboxConfig</name>
         <value>0x102c1508</value>
         <object_component_ref idref="oc-19b"/>
      </symbol>
      <symbol id="sm-550">
         <name>gIpcNotifyInterruptConfig_r5fss0_1</name>
         <value>0x102c19ac</value>
         <object_component_ref idref="oc-225"/>
      </symbol>
      <symbol id="sm-551">
         <name>gIpcNotifyInterruptConfigNum_r5fss0_1</name>
         <value>0x102c1b0c</value>
         <object_component_ref idref="oc-226"/>
      </symbol>
      <symbol id="sm-581">
         <name>RPMessage_allocEndPtMsg</name>
         <value>0x102bcc61</value>
         <object_component_ref idref="oc-2a6"/>
      </symbol>
      <symbol id="sm-582">
         <name>gIpcRpmsgCtrl</name>
         <value>0x102a6008</value>
      </symbol>
      <symbol id="sm-583">
         <name>RPMessage_freeEndPtMsg</name>
         <value>0x102bd051</value>
         <object_component_ref idref="oc-2a9"/>
      </symbol>
      <symbol id="sm-584">
         <name>RPMessage_putEndPtMsg</name>
         <value>0x102bde51</value>
         <object_component_ref idref="oc-2ab"/>
      </symbol>
      <symbol id="sm-585">
         <name>RPMessage_recvHandler</name>
         <value>0x102b7931</value>
         <object_component_ref idref="oc-239"/>
      </symbol>
      <symbol id="sm-586">
         <name>RPMessage_notifyCallback</name>
         <value>0x102bbda1</value>
         <object_component_ref idref="oc-1b6"/>
      </symbol>
      <symbol id="sm-587">
         <name>RPMessage_isLinuxCore</name>
         <value>0x102bd5a1</value>
         <object_component_ref idref="oc-1b3"/>
      </symbol>
      <symbol id="sm-588">
         <name>RPMessage_construct</name>
         <value>0x102ba151</value>
         <object_component_ref idref="oc-237"/>
      </symbol>
      <symbol id="sm-589">
         <name>RPMessage_CreateParams_init</name>
         <value>0x102be091</value>
         <object_component_ref idref="oc-235"/>
      </symbol>
      <symbol id="sm-58a">
         <name>RPMessage_Params_init</name>
         <value>0x102bbaf1</value>
         <object_component_ref idref="oc-11e"/>
      </symbol>
      <symbol id="sm-58b">
         <name>RPMessage_coreInit</name>
         <value>0x102ba591</value>
         <object_component_ref idref="oc-1b4"/>
      </symbol>
      <symbol id="sm-58c">
         <name>RPMessage_controlEndPtHandler</name>
         <value>0x102bc521</value>
         <object_component_ref idref="oc-236"/>
      </symbol>
      <symbol id="sm-58d">
         <name>RPMessage_controlEndPtInit</name>
         <value>0x102bd7a1</value>
         <object_component_ref idref="oc-1b5"/>
      </symbol>
      <symbol id="sm-58e">
         <name>RPMessage_init</name>
         <value>0x102b6e31</value>
         <object_component_ref idref="oc-124"/>
      </symbol>
      <symbol id="sm-5b1">
         <name>RPMessage_vringCheckEmptyTxBuf</name>
         <value>0x102bc821</value>
         <object_component_ref idref="oc-23a"/>
      </symbol>
      <symbol id="sm-5b2">
         <name>RPMessage_vringGetFullRxBuf</name>
         <value>0x102b9cf1</value>
         <object_component_ref idref="oc-2a7"/>
      </symbol>
      <symbol id="sm-5b3">
         <name>RPMessage_vringPutEmptyRxBuf</name>
         <value>0x102ba311</value>
         <object_component_ref idref="oc-2aa"/>
      </symbol>
      <symbol id="sm-5b4">
         <name>RPMessage_vringIsFullRxBuf</name>
         <value>0x102bc261</value>
         <object_component_ref idref="oc-238"/>
      </symbol>
      <symbol id="sm-5b5">
         <name>RPMessage_vringGetRxBufAddr</name>
         <value>0x102bd5e1</value>
         <object_component_ref idref="oc-2a8"/>
      </symbol>
      <symbol id="sm-5b6">
         <name>RPMessage_vringGetSize</name>
         <value>0x102bd0a1</value>
         <object_component_ref idref="oc-29b"/>
      </symbol>
      <symbol id="sm-5b7">
         <name>RPMessage_vringResetInternal</name>
         <value>0x102b7621</value>
         <object_component_ref idref="oc-2a0"/>
      </symbol>
      <symbol id="sm-5b8">
         <name>RPMessage_vringReset</name>
         <value>0x102b8921</value>
         <object_component_ref idref="oc-230"/>
      </symbol>
      <symbol id="sm-5c4">
         <name>Pinmux_config</name>
         <value>0x102bcc01</value>
         <object_component_ref idref="oc-18e"/>
      </symbol>
      <symbol id="sm-5d8">
         <name>SOC_moduleClockEnable</name>
         <value>0x102be411</value>
         <object_component_ref idref="oc-21d"/>
      </symbol>
      <symbol id="sm-5d9">
         <name>SOC_moduleSetClockFrequency</name>
         <value>0x102be0d1</value>
         <object_component_ref idref="oc-21f"/>
      </symbol>
      <symbol id="sm-5da">
         <name>SOC_getSelfCpuClk</name>
         <value>0x102be281</value>
         <object_component_ref idref="oc-103"/>
      </symbol>
      <symbol id="sm-5db">
         <name>SOC_controlModuleLockMMR</name>
         <value>0x102b6771</value>
         <object_component_ref idref="oc-175"/>
      </symbol>
      <symbol id="sm-5dc">
         <name>SOC_controlModuleUnlockMMR</name>
         <value>0x102b5fd1</value>
         <object_component_ref idref="oc-174"/>
      </symbol>
      <symbol id="sm-6ae">
         <name>SOC_rcmGetR5Clock</name>
         <value>0x102bdd01</value>
         <object_component_ref idref="oc-17b"/>
      </symbol>
      <symbol id="sm-6af">
         <name>SOC_rcmSetPeripheralClock</name>
         <value>0x102baae1</value>
         <object_component_ref idref="oc-296"/>
      </symbol>
      <symbol id="sm-6b0">
         <name>SOC_rcmIsPadDisableRequired</name>
         <value>0x102bd561</value>
         <object_component_ref idref="oc-193"/>
      </symbol>
      <symbol id="sm-6bf">
         <name>fputc</name>
         <value>0x102b9664</value>
         <object_component_ref idref="oc-36a"/>
      </symbol>
      <symbol id="sm-6c0">
         <name>putchar</name>
         <value>0x102be440</value>
         <object_component_ref idref="oc-323"/>
      </symbol>
      <symbol id="sm-6ca">
         <name>__TI_wrt_ok</name>
         <value>0x102bb500</value>
         <object_component_ref idref="oc-38f"/>
      </symbol>
      <symbol id="sm-6d4">
         <name>setvbuf</name>
         <value>0x102b8418</value>
         <object_component_ref idref="oc-3b2"/>
      </symbol>
      <symbol id="sm-6e2">
         <name>abort</name>
         <value>0x102c1500</value>
         <object_component_ref idref="oc-ce"/>
      </symbol>
      <symbol id="sm-6e3">
         <name>__TI_cleanup_ptr</name>
         <value>0x102c1ad8</value>
         <object_component_ref idref="oc-15e"/>
      </symbol>
      <symbol id="sm-6e4">
         <name>__TI_dtors_ptr</name>
         <value>0x102c1adc</value>
         <object_component_ref idref="oc-15e"/>
      </symbol>
      <symbol id="sm-6e5">
         <name>exit</name>
         <value>0x102bcb04</value>
         <object_component_ref idref="oc-d3"/>
      </symbol>
      <symbol id="sm-6ee">
         <name>_nop</name>
         <value>0x102b591c</value>
         <object_component_ref idref="oc-1f8"/>
      </symbol>
      <symbol id="sm-6ef">
         <name>_lock</name>
         <value>0x102c1af8</value>
         <object_component_ref idref="oc-15c"/>
      </symbol>
      <symbol id="sm-6f0">
         <name>_unlock</name>
         <value>0x102c1afc</value>
         <object_component_ref idref="oc-15f"/>
      </symbol>
      <symbol id="sm-6f5">
         <name>_ftable</name>
         <value>0x102c17c4</value>
         <object_component_ref idref="oc-36b"/>
      </symbol>
      <symbol id="sm-6f6">
         <name>__TI_ft_end</name>
         <value>0x102c1af4</value>
         <object_component_ref idref="oc-3dd"/>
      </symbol>
      <symbol id="sm-6f7">
         <name>__TI_tmpnams</name>
         <value>0x102a70d8</value>
         <object_component_ref idref="oc-40b"/>
      </symbol>
      <symbol id="sm-717">
         <name>malloc</name>
         <value>0x102b6764</value>
         <object_component_ref idref="oc-3c4"/>
      </symbol>
      <symbol id="sm-718">
         <name>aligned_alloc</name>
         <value>0x102b6c88</value>
         <object_component_ref idref="oc-3d6"/>
      </symbol>
      <symbol id="sm-719">
         <name>free</name>
         <value>0x102b692c</value>
         <object_component_ref idref="oc-2ad"/>
      </symbol>
      <symbol id="sm-71a">
         <name>_sys_memory</name>
         <value>0x102a75e0</value>
         <object_component_ref idref="oc-4d"/>
      </symbol>
      <symbol id="sm-71b">
         <name>memalign</name>
         <value>0x102b6c88</value>
         <object_component_ref idref="oc-3d6"/>
      </symbol>
      <symbol id="sm-729">
         <name>__TI_auto_init_nobinit_nopinit</name>
         <value>0x102bcbac</value>
         <object_component_ref idref="oc-a5"/>
      </symbol>
      <symbol id="sm-735">
         <name>__TI_doflush</name>
         <value>0x102bba5c</value>
         <object_component_ref idref="oc-399"/>
      </symbol>
      <symbol id="sm-740">
         <name>__TI_cleanup</name>
         <value>0x102bc93c</value>
         <object_component_ref idref="oc-3c5"/>
      </symbol>
      <symbol id="sm-74d">
         <name>fseek</name>
         <value>0x102b5d9c</value>
         <object_component_ref idref="oc-3ad"/>
      </symbol>
      <symbol id="sm-74e">
         <name>fseeko</name>
         <value>0x102ba968</value>
         <object_component_ref idref="oc-3c0"/>
      </symbol>
      <symbol id="sm-761">
         <name>__TI_closefile</name>
         <value>0x102bab90</value>
         <object_component_ref idref="oc-3d7"/>
      </symbol>
      <symbol id="sm-76a">
         <name>HOSTexit</name>
         <value>0x102b4a58</value>
         <object_component_ref idref="oc-156"/>
      </symbol>
      <symbol id="sm-76b">
         <name>C$$EXIT</name>
         <value>0x102b4a58</value>
         <object_component_ref idref="oc-156"/>
      </symbol>
      <symbol id="sm-775">
         <name>write</name>
         <value>0x102bd8f4</value>
         <object_component_ref idref="oc-395"/>
      </symbol>
      <symbol id="sm-77a">
         <name>_device</name>
         <value>0x102c1934</value>
         <object_component_ref idref="oc-3ce"/>
      </symbol>
      <symbol id="sm-77b">
         <name>_stream</name>
         <value>0x102c1a1c</value>
         <object_component_ref idref="oc-3b8"/>
      </symbol>
      <symbol id="sm-783">
         <name>remove</name>
         <value>0x102b5fc8</value>
         <object_component_ref idref="oc-407"/>
      </symbol>
      <symbol id="sm-78e">
         <name>lseek</name>
         <value>0x102bd888</value>
         <object_component_ref idref="oc-3d2"/>
      </symbol>
      <symbol id="sm-798">
         <name>close</name>
         <value>0x102bb940</value>
         <object_component_ref idref="oc-403"/>
      </symbol>
      <symbol id="sm-7a2">
         <name>unlink</name>
         <value>0x102bcfb8</value>
         <object_component_ref idref="oc-42f"/>
      </symbol>
      <symbol id="sm-7ac">
         <name>HOSTclose</name>
         <value>0x102bc7b4</value>
         <object_component_ref idref="oc-3e4"/>
      </symbol>
      <symbol id="sm-7b6">
         <name>HOSTlseek</name>
         <value>0x102bb59c</value>
         <object_component_ref idref="oc-3f0"/>
      </symbol>
      <symbol id="sm-7c0">
         <name>HOSTopen</name>
         <value>0x102bb6d8</value>
         <object_component_ref idref="oc-3e0"/>
      </symbol>
      <symbol id="sm-7c1">
         <name>parmbuf</name>
         <value>0x102a75bc</value>
         <object_component_ref idref="oc-415"/>
      </symbol>
      <symbol id="sm-7cb">
         <name>HOSTread</name>
         <value>0x102bbc98</value>
         <object_component_ref idref="oc-3e8"/>
      </symbol>
      <symbol id="sm-7dc">
         <name>HOSTrename</name>
         <value>0x102bb3b4</value>
         <object_component_ref idref="oc-3f8"/>
      </symbol>
      <symbol id="sm-7e6">
         <name>HOSTunlink</name>
         <value>0x102bc440</value>
         <object_component_ref idref="oc-3f4"/>
      </symbol>
      <symbol id="sm-7f0">
         <name>HOSTwrite</name>
         <value>0x102bbd1c</value>
         <object_component_ref idref="oc-3ec"/>
      </symbol>
      <symbol id="sm-7fe">
         <name>C$$IO$$</name>
         <value>0x102bca38</value>
         <object_component_ref idref="oc-40e"/>
      </symbol>
      <symbol id="sm-7ff">
         <name>__TI_writemsg</name>
         <value>0x102bc9ec</value>
         <object_component_ref idref="oc-40e"/>
      </symbol>
      <symbol id="sm-800">
         <name>__CIOBUF_</name>
         <value>0x102a6db8</value>
         <object_component_ref idref="oc-435"/>
      </symbol>
      <symbol id="sm-801">
         <name>__TI_readmsg</name>
         <value>0x102bc994</value>
         <object_component_ref idref="oc-414"/>
      </symbol>
      <symbol id="sm-802">
         <name>_CIOBUF_</name>
         <value>0x102a6db8</value>
         <object_component_ref idref="oc-435"/>
      </symbol>
      <symbol id="sm-810">
         <name>finddevice</name>
         <value>0x102bcb58</value>
         <object_component_ref idref="oc-441"/>
      </symbol>
      <symbol id="sm-811">
         <name>getdevice</name>
         <value>0x102ba4bc</value>
         <object_component_ref idref="oc-438"/>
      </symbol>
      <symbol id="sm-81c">
         <name>strcmp</name>
         <value>0x102b4ee0</value>
         <object_component_ref idref="oc-444"/>
      </symbol>
      <symbol id="sm-826">
         <name>__aeabi_ldiv0</name>
         <value>0x102b4ed8</value>
         <object_component_ref idref="oc-24d"/>
      </symbol>
      <symbol id="sm-82c">
         <name>__aeabi_memcpy</name>
         <value>0x102b4edc</value>
         <object_component_ref idref="oc-16c"/>
      </symbol>
      <symbol id="sm-82d">
         <name>__aeabi_memcpy4</name>
         <value>0x102b4edc</value>
         <object_component_ref idref="oc-16c"/>
      </symbol>
      <symbol id="sm-82e">
         <name>__aeabi_memcpy8</name>
         <value>0x102b4edc</value>
         <object_component_ref idref="oc-16c"/>
      </symbol>
      <symbol id="sm-837">
         <name>__aeabi_memset</name>
         <value>0x102be420</value>
         <object_component_ref idref="oc-1c9"/>
      </symbol>
      <symbol id="sm-838">
         <name>__aeabi_memset4</name>
         <value>0x102be420</value>
         <object_component_ref idref="oc-1c9"/>
      </symbol>
      <symbol id="sm-839">
         <name>__aeabi_memset8</name>
         <value>0x102be420</value>
         <object_component_ref idref="oc-1c9"/>
      </symbol>
      <symbol id="sm-83a">
         <name>__aeabi_memclr</name>
         <value>0x102b4014</value>
         <object_component_ref idref="oc-9e"/>
      </symbol>
      <symbol id="sm-83b">
         <name>__aeabi_memclr4</name>
         <value>0x102b4014</value>
         <object_component_ref idref="oc-9e"/>
      </symbol>
      <symbol id="sm-83c">
         <name>__aeabi_memclr8</name>
         <value>0x102b4014</value>
         <object_component_ref idref="oc-9e"/>
      </symbol>
      <symbol id="sm-842">
         <name>__aeabi_uldivmod</name>
         <value>0x102bdf94</value>
         <object_component_ref idref="oc-139"/>
      </symbol>
      <symbol id="sm-848">
         <name>__udivmoddi4</name>
         <value>0x102b8ee8</value>
         <object_component_ref idref="oc-1d3"/>
      </symbol>
      <symbol id="sm-850">
         <name>TI_memcpy_small</name>
         <value>0x102be1ac</value>
         <object_component_ref idref="oc-27b"/>
      </symbol>
      <symbol id="sm-858">
         <name>TI_memset_small</name>
         <value>0x102be248</value>
         <object_component_ref idref="oc-166"/>
      </symbol>
      <symbol id="sm-85a">
         <name>_system_post_cinit</name>
         <value>0x0</value>
      </symbol>
      <symbol id="sm-85b">
         <name>__TI_Handler_Table_Limit</name>
         <value>0x0</value>
      </symbol>
      <symbol id="sm-85c">
         <name>__TI_Handler_Table_Base</name>
         <value>0x0</value>
      </symbol>
      <symbol id="sm-85d">
         <name>__TI_CINIT_Base</name>
         <value>0x0</value>
      </symbol>
      <symbol id="sm-85e">
         <name>__TI_CINIT_Limit</name>
         <value>0x0</value>
      </symbol>
   </symbol_table>
   <title>Link successful</title>
</link_info>
