******************************************************************************
            TI ARM Clang Linker PC v4.0.3                      
******************************************************************************
>> Linked Thu Oct  2 17:45:13 2025

OUTPUT FILE NAME:   <empty_awr294x-evm_r5fss0-1_freertos_ti-arm-clang.out>
ENTRY POINT SYMBOL: "_vectors"  address: 00000000


MEMORY CONFIGURATION

         name            origin    length      used     unused   attr    fill
----------------------  --------  ---------  --------  --------  ----  --------
  R5F_VECS              00000000   00000040  00000040  00000000  RWIX
  R5F_TCMA              00000040   00003fc0  00000000  00003fc0  RWIX
  R5F_TCMB              00080000   00004000  00000000  00004000  RWIX
  MSS_L2                102a0000   00040000  000269a0  00019660  RWIX
  USER_SHM_MEM          102e8000   00004000  00000000  00004000  RWIX
  LOG_SHM_MEM           102ec000   00004000  00000000  00004000  RWIX
  MAILBOX_HSM           44000000   000003ce  00000000  000003ce  RWIX
  MAILBOX_R5F           44000400   000003ce  00000000  000003ce  RWIX
  DSS_L3                88000000   00200000  00000000  00200000  RWIX
  RTOS_NORTOS_IPC_SHM_M c5000200   00001d40  000012c0  00000a80  RWIX


SEGMENT ALLOCATION MAP

run origin  load origin   length   init length attrs members
----------  ----------- ---------- ----------- ----- -------
00000000    00000000    00000040   00000040    r-x
  00000000    00000000    00000040   00000040    r-x .vectors
102a0000    102a0000    00013760   00000000    rw-
  102a0000    102a0000    00007760   00000000    rw- .bss
  102a7760    102a7760    00008000   00000000    rw- .sysmem
  102af760    102af760    00004000   00000000    rw- .stack
102b3760    102b3760    000117c8   000117c8    r-x
  102b3760    102b3760    0000e2c0   0000e2c0    r-x .text
  102c1a20    102c1a20    00001d10   00001d10    r-- .rodata
  102c3730    102c3730    00000f20   00000f20    r-x .text.hwi
  102c4650    102c4650    000004a0   000004a0    r-x .text.cache
  102c4af0    102c4af0    000002c0   000002c0    r-x .text.mpu
  102c4db0    102c4db0    00000170   00000170    r-x .text.boot
  102c4f20    102c4f20    00000008   00000008    r-x .text:abort
102c4f28    102c4f28    00001a78   00000678    rw-
  102c4f28    102c4f28    00000678   00000678    rw- .data
  102c55a0    102c55a0    00000100   00000000    rw- .irqstack
  102c56a0    102c56a0    00000100   00000000    rw- .fiqstack
  102c57a0    102c57a0    00001000   00000000    rw- .svcstack
  102c67a0    102c67a0    00000100   00000000    rw- .abortstack
  102c68a0    102c68a0    00000100   00000000    rw- .undefinedstack


SECTION ALLOCATION MAP

 output                                  attributes/
section   page    origin      length       input sections
--------  ----  ----------  ----------   ----------------
.vectors   0    00000000    00000040     
                  00000000    00000040     freertos.awr294x.r5f.ti-arm-clang.debug.lib : HwiP_armv7r_vectors_freertos_asm.obj (.vectors)

.bss       0    102a0000    00007760     UNINITIALIZED
                  102a0000    00004000     (.common:gMainTaskStack)
                  102a4000    00001008     (.common:gHwiCtrl)
                  102a5008    00001000     freertos.awr294x.r5f.ti-arm-clang.debug.lib : port.obj (.bss.uxIdleTaskStack)
                  102a6008    00000730     (.common:gIpcRpmsgCtrl)
                  102a6738    00000400                                                 : port.obj (.bss.uxTimerTaskStack)
                  102a6b38    00000280                                                 : tasks.obj (.bss.pxReadyTasksLists)
                  102a6db8    00000120     libsysbm.a : trgmsg.c.obj (.bss:_CIOBUF_)
                  102a6ed8    00000100     freertos.awr294x.r5f.ti-arm-clang.debug.lib : timers.obj (.bss.prvCheckForValidListAndQueue.ucStaticTimerQueueStorage)
                  102a6fd8    00000100     (.common:xQueueRegistry)
                  102a70d8    000000c0     empty.o (.bss.gMsgObj)
                  102a7198    000000c0     empty.o (.bss.gRecvObj)
                  102a7258    000000a0     libc.a : defs.c.obj (.bss.__TI_tmpnams)
                  102a72f8    000000a0     (.common:gTaskP_ctrl)
                  102a7398    00000098     freertos.awr294x.r5f.ti-arm-clang.debug.lib : DebugP_freertos.obj (.bss.gDebugLogLockObj)
                  102a7430    0000008c                                                 : port.obj (.bss.xIdleTaskTCB)
                  102a74bc    0000008c                                                 : port.obj (.bss.xTimerTaskTCB)
                  102a7548    0000008c     (.common:gMainTaskObj)
                  102a75d4    00000050                                                 : timers.obj (.bss.prvCheckForValidListAndQueue.xStaticTimerQueue)
                  102a7624    00000050     (.common:gRovDummyQueue)
                  102a7674    00000004                                                 : HwiP_armv7r_handlers_freertos.obj (.bss.gdummy)
                  102a7678    00000038     (.common:gClockCtrl)
                  102a76b0    00000014                                                 : timers.obj (.bss.xActiveTimerList1)
                  102a76c4    00000014                                                 : timers.obj (.bss.xActiveTimerList2)
                  102a76d8    00000014                                                 : tasks.obj (.bss.xDelayedTaskList1)
                  102a76ec    00000014                                                 : tasks.obj (.bss.xDelayedTaskList2)
                  102a7700    00000014                                                 : tasks.obj (.bss.xPendingReadyList)
                  102a7714    00000014                                                 : tasks.obj (.bss.xSuspendedTaskList)
                  102a7728    00000014                                                 : tasks.obj (.bss.xTasksWaitingTermination)
                  102a773c    00000008     libsysbm.a : hostopen.c.obj (.bss.parmbuf)
                  102a7744    00000004     freertos.awr294x.r5f.ti-arm-clang.debug.lib : HwiP_armv7r_vim.obj (.bss.gdummy)
                  102a7748    00000004                                                 : timers.obj (.bss.pxCurrentTimerList)
                  102a774c    00000004                                                 : tasks.obj (.bss.pxDelayedTaskList)
                  102a7750    00000004                                                 : tasks.obj (.bss.pxOverflowDelayedTaskList)
                  102a7754    00000004                                                 : timers.obj (.bss.pxOverflowTimerList)
                  102a7758    00000004     libc.a : memory.c.obj (.bss.sys_free)
                  102a775c    00000004     (.common:gMainTask)

.sysmem    0    102a7760    00008000     UNINITIALIZED
                  102a7760    00000010     libc.a : memory.c.obj (.sysmem)
                  102a7770    00007ff0     --HOLE--

.stack     0    102af760    00004000     UNINITIALIZED
                  102af760    00000004     freertos.awr294x.r5f.ti-arm-clang.debug.lib : boot_armv7r_asm.obj (.stack)
                  102af764    00003ffc     --HOLE--

.text      0    102b3760    0000e2c0     
                  102b3760    00001328     libc.a : _scanfi.c.obj (.text.__TI_scanfi)
                  102b4a88    00000008     libsysbm.a : hostexit.c.obj (.text.HOSTexit)
                  102b4a90    00000a34     freertos.awr294x.r5f.ti-arm-clang.debug.lib : printf.obj (.text._vsnprintf)
                  102b54c4    0000000c     libc.a : aeabi_portable.c.obj (.text.__aeabi_errno_addr)
                  102b54d0    0000051e     freertos.awr294x.r5f.ti-arm-clang.debug.lib : printf.obj (.text._ftoa)
                  102b59ee    00000002     --HOLE-- [fill = 0]
                  102b59f0    00000518     drivers.awr294x.r5f.ti-arm-clang.debug.lib : ipc_notify_v1.obj (.text.IpcNotify_init)
                  102b5f08    000004d4     libc.a : strtod.c.obj (.text.strtod)
                  102b63dc    00000004     libclang_rt.builtins.a : aeabi_div0.c.obj (.text.__aeabi_idiv0)
                  102b63e0    00000478     freertos.awr294x.r5f.ti-arm-clang.debug.lib : printf.obj (.text._etoa)
                  102b6858    000003dc     libc.a : _printfi.c.obj (.text:__TI_printfi_minimal)
                  102b6c34    0000000c     libclang_rt.builtins.a : aeabi_memset.S.obj (.text.__aeabi_memclr)
                  102b6c40    00000390     libc.a : strcmp32.S.obj (.text:strcmp)
                  102b6fd0    00000370     drivers.awr294x.r5f.ti-arm-clang.debug.lib : soc_rcm.obj (.text.SOC_rcmGetClkSrcAndDivReg)
                  102b7340    0000033c                                                : ipc_notify_v1.obj (.text.IpcNotify_isr)
                  102b767c    0000027c     libc.a : strtoll.c.obj (.text.strtoll)
                  102b78f8    00000248            : strtoull.c.obj (.text.strtoull)
                  102b7b40    0000023e     freertos.awr294x.r5f.ti-arm-clang.debug.lib : printf.obj (.text._ntoa_format)
                  102b7d7e    00000002     --HOLE-- [fill = 0]
                  102b7d80    0000023c                                                 : queue.obj (.text.xQueueSemaphoreTake)
                  102b7fbc    00000004     libclang_rt.builtins.a : aeabi_div0.c.obj (.text.__aeabi_ldiv0)
                  102b7fc0    00000226     freertos.awr294x.r5f.ti-arm-clang.debug.lib : queue.obj (.text.xQueueGenericSend)
                  102b81e6    00000002     --HOLE-- [fill = 0]
                  102b81e8    00000004     libclang_rt.builtins.a : aeabi_memcpy.S.obj (.text.__aeabi_memcpy)
                  102b81ec    00000004     libc.a : _lock.c.obj (.text._nop)
                  102b81f0    0000020c     drivers.awr294x.r5f.ti-arm-clang.debug.lib : soc.obj (.text.SOC_controlModuleUnlockMMR)
                  102b83fc    00000004     libc.a : fseek.c.obj (.text.fseek)
                  102b8400    00000200     drivers.awr294x.r5f.ti-arm-clang.debug.lib : ipc_rpmsg.obj (.text.RPMessage_send)
                  102b8600    000001f8     libc.a : strtol.c.obj (.text.strtol)
                  102b87f8    000001ec            : strtoul.c.obj (.text.strtoul)
                  102b89e4    0000000c            : memory.c.obj (.text.malloc)
                  102b89f0    000001de     freertos.awr294x.r5f.ti-arm-clang.debug.lib : queue.obj (.text.xQueueReceive)
                  102b8bce    00000002     --HOLE-- [fill = 0]
                  102b8bd0    000001d6                                                 : TimerP_rti.obj (.text.TimerP_setup)
                  102b8da6    00000002     --HOLE-- [fill = 0]
                  102b8da8    000001d0     libclang_rt.builtins.a : udivsi3.S.obj (.text.__udivsi3)
                  102b8f78    00000004     libsysbm.a : remove.c.obj (.text.remove)
                  102b8f7c    00000004     --HOLE-- [fill = 0]
                  102b8f80    000001c2     freertos.awr294x.r5f.ti-arm-clang.debug.lib : timers.obj (.text.prvProcessReceivedCommands)
                  102b9142    0000000e     --HOLE-- [fill = 0]
                  102b9150    000001bc     drivers.awr294x.r5f.ti-arm-clang.debug.lib : soc.obj (.text.SOC_controlModuleLockMMR)
                  102b930c    00000004     --HOLE-- [fill = 0]
                  102b9310    000001ae                                                : ipc_rpmsg.obj (.text.RPMessage_recv)
                  102b94be    00000002     --HOLE-- [fill = 0]
                  102b94c0    000001a8     libc.a : memory.c.obj (.text.free)
                  102b9668    00000008     --HOLE-- [fill = 0]
                  102b9670    000001a6     freertos.awr294x.r5f.ti-arm-clang.debug.lib : tasks.obj (.text.xTaskIncrementTick)
                  102b9816    00000002     --HOLE-- [fill = 0]
                  102b9818    000001a4     libc.a : memory.c.obj (.text.aligned_alloc)
                  102b99bc    00000004     --HOLE-- [fill = 0]
                  102b99c0    00000194     drivers.awr294x.r5f.ti-arm-clang.debug.lib : ipc_rpmsg.obj (.text.RPMessage_init)
                  102b9b54    0000000c     --HOLE-- [fill = 0]
                  102b9b60    00000194                                                : soc_rcm.obj (.text.SOC_rcmGetHSDIVClkOutMuxClkSrc)
                  102b9cf4    0000000c     --HOLE-- [fill = 0]
                  102b9d00    0000018e     freertos.awr294x.r5f.ti-arm-clang.debug.lib : ClockP_freertos_r5.obj (.text.ClockP_init)
                  102b9e8e    00000002     --HOLE-- [fill = 0]
                  102b9e90    0000018a                                                 : tasks.obj (.text.vTaskSwitchContext)
                  102ba01a    00000006     --HOLE-- [fill = 0]
                  102ba020    00000188                                                 : queue.obj (.text.xQueueGenericSendFromISR)
                  102ba1a8    00000008     --HOLE-- [fill = 0]
                  102ba1b0    00000182     drivers.awr294x.r5f.ti-arm-clang.debug.lib : ipc_rpmsg_vring.obj (.text.RPMessage_vringResetInternal)
                  102ba332    0000000e     --HOLE-- [fill = 0]
                  102ba340    0000017e     freertos.awr294x.r5f.ti-arm-clang.debug.lib : tasks.obj (.text.xTaskResumeAll)
                  102ba4be    00000002     --HOLE-- [fill = 0]
                  102ba4c0    00000174     drivers.awr294x.r5f.ti-arm-clang.debug.lib : ipc_rpmsg.obj (.text.RPMessage_recvHandler)
                  102ba634    0000000c     --HOLE-- [fill = 0]
                  102ba640    0000015e     freertos.awr294x.r5f.ti-arm-clang.debug.lib : queue.obj (.text.xQueueGiveFromISR)
                  102ba79e    00000002     --HOLE-- [fill = 0]
                  102ba7a0    00000156     drivers.awr294x.r5f.ti-arm-clang.debug.lib : ipc_notify_v1.obj (.text.IpcNotify_sendMsg)
                  102ba8f6    0000000a     --HOLE-- [fill = 0]
                  102ba900    00000154                                                : ipc_notify_v1_cfg.obj (.text.IpcNotify_trigInterrupt_ack)
                  102baa54    0000000c     --HOLE-- [fill = 0]
                  102baa60    00000152     freertos.awr294x.r5f.ti-arm-clang.debug.lib : tasks.obj (.text.vTaskPriorityDisinheritAfterTimeout)
                  102babb2    00000006     --HOLE-- [fill = 0]
                  102babb8    00000150     libc.a : s_scalbn.c.obj (.text.scalbn)
                  102bad08    00000008     --HOLE-- [fill = 0]
                  102bad10    0000014a     freertos.awr294x.r5f.ti-arm-clang.debug.lib : tasks.obj (.text.prvInitialiseNewTask)
                  102bae5a    00000006     --HOLE-- [fill = 0]
                  102bae60    0000014a                                                 : queue.obj (.text.xQueueGenericCreateStatic)
                  102bafaa    00000006     --HOLE-- [fill = 0]
                  102bafb0    00000146     drivers.awr294x.r5f.ti-arm-clang.debug.lib : soc_rcm.obj (.text.SOC_rcmGetDpllHSDivOutFreq)
                  102bb0f6    00000002     --HOLE-- [fill = 0]
                  102bb0f8    00000144     libc.a : setvbuf.c.obj (.text.setvbuf)
                  102bb23c    00000004     --HOLE-- [fill = 0]
                  102bb240    0000013c     drivers.awr294x.r5f.ti-arm-clang.debug.lib : ipc_notify_v1_cfg.obj (.text.IpcNotify_trigInterrupt)
                  102bb37c    00000004     --HOLE-- [fill = 0]
                  102bb380    0000013a     freertos.awr294x.r5f.ti-arm-clang.debug.lib : queue.obj (.text.xQueueReceiveFromISR)
                  102bb4ba    00000006     --HOLE-- [fill = 0]
                  102bb4c0    00000138                                                 : printf.obj (.text._ntoa_long_long)
                  102bb5f8    00000008     --HOLE-- [fill = 0]
                  102bb600    00000134     drivers.awr294x.r5f.ti-arm-clang.debug.lib : ipc_rpmsg_vring.obj (.text.RPMessage_vringReset)
                  102bb734    0000000c     --HOLE-- [fill = 0]
                  102bb740    00000128     freertos.awr294x.r5f.ti-arm-clang.debug.lib : port.obj (.text.pxPortInitialiseStack)
                  102bb868    00000008     --HOLE-- [fill = 0]
                  102bb870    00000120                                                 : tasks.obj (.text.eTaskGetState)
                  102bb990    0000011e     drivers.awr294x.r5f.ti-arm-clang.debug.lib : soc_rcm.obj (.text.SOC_rcmGetApllHSDivOutFreq)
                  102bbaae    00000002     --HOLE-- [fill = 0]
                  102bbab0    00000118     freertos.awr294x.r5f.ti-arm-clang.debug.lib : TaskP_freertos.obj (.text.TaskP_loadUpdateAll)
                  102bbbc8    00000118     libclang_rt.builtins.a : udivmoddi4.S.obj (.text)
                  102bbce0    00000116     empty.o (.text.empty_main)
                  102bbdf6    0000000a     --HOLE-- [fill = 0]
                  102bbe00    00000114     freertos.awr294x.r5f.ti-arm-clang.debug.lib : printf.obj (.text._ntoa_long)
                  102bbf14    0000000c     --HOLE-- [fill = 0]
                  102bbf20    0000010e                                                 : tasks.obj (.text.prvAddNewTaskToReadyList)
                  102bc02e    00000002     --HOLE-- [fill = 0]
                  102bc030    0000010e                                                 : tasks.obj (.text.xTaskPriorityInherit)
                  102bc13e    00000002     --HOLE-- [fill = 0]
                  102bc140    0000010a                                                 : tasks.obj (.text.vTaskDelete)
                  102bc24a    00000006     --HOLE-- [fill = 0]
                  102bc250    00000106                                                 : tasks.obj (.text.xTaskPriorityDisinherit)
                  102bc356    0000000a     --HOLE-- [fill = 0]
                  102bc360    00000102     drivers.awr294x.r5f.ti-arm-clang.debug.lib : soc_rcm.obj (.text.SOC_rcmADPLLJGetFOut)
                  102bc462    0000000e     --HOLE-- [fill = 0]
                  102bc470    000000f2                                                : ipc_rpmsg_vring.obj (.text.RPMessage_vringPutFullTxBuf)
                  102bc562    00000002     --HOLE-- [fill = 0]
                  102bc564    000000f0     libc.a : fputc.c.obj (.text.fputc)
                  102bc654    0000000c     --HOLE-- [fill = 0]
                  102bc660    000000ee     freertos.awr294x.r5f.ti-arm-clang.debug.lib : tasks.obj (.text.vTaskStartScheduler)
                  102bc74e    00000002     --HOLE-- [fill = 0]
                  102bc750    000000ee                                                 : tasks.obj (.text.xTaskCreateStatic)
                  102bc83e    00000002     --HOLE-- [fill = 0]
                  102bc840    000000ec                                                 : tasks.obj (.text.xTaskCheckForTimeOut)
                  102bc92c    00000004     --HOLE-- [fill = 0]
                  102bc930    000000e4                                                 : timers.obj (.text.prvSwitchTimerLists)
                  102bca14    0000000c     --HOLE-- [fill = 0]
                  102bca20    000000e2                                                 : tasks.obj (.text.vTaskGetInfo)
                  102bcb02    0000000e     --HOLE-- [fill = 0]
                  102bcb10    000000de                                                 : tasks.obj (.text.xTaskRemoveFromEventList)
                  102bcbee    00000002     --HOLE-- [fill = 0]
                  102bcbf0    000000dc     drivers.awr294x.r5f.ti-arm-clang.debug.lib : ipc_rpmsg_vring.obj (.text.RPMessage_vringGetFullRxBuf)
                  102bcccc    00000004     --HOLE-- [fill = 0]
                  102bccd0    000000dc                                                : soc_rcm.obj (.text.SOC_rcmGetCoreFout)
                  102bcdac    00000004     --HOLE-- [fill = 0]
                  102bcdb0    000000dc                                                : soc_rcm.obj (.text.SOC_rcmGetDSSFout)
                  102bce8c    00000004     --HOLE-- [fill = 0]
                  102bce90    000000dc                                                : soc_rcm.obj (.text.SOC_rcmGetPerFout)
                  102bcf6c    00000004     --HOLE-- [fill = 0]
                  102bcf70    000000da     ti_drivers_config.o (.text.System_init)
                  102bd04a    00000006     --HOLE-- [fill = 0]
                  102bd050    000000d4     drivers.awr294x.r5f.ti-arm-clang.debug.lib : ipc_rpmsg.obj (.text.RPMessage_construct)
                  102bd124    000000d4     libc.a : sscanf.c.obj (.text._chkmbc)
                  102bd1f8    00000008     --HOLE-- [fill = 0]
                  102bd200    000000d4     freertos.awr294x.r5f.ti-arm-clang.debug.lib : tasks.obj (.text.prvAddCurrentTaskToDelayedList)
                  102bd2d4    0000000c     --HOLE-- [fill = 0]
                  102bd2e0    000000d2     drivers.awr294x.r5f.ti-arm-clang.debug.lib : ipc_rpmsg_vring.obj (.text.RPMessage_vringPutEmptyRxBuf)
                  102bd3b2    0000000e     --HOLE-- [fill = 0]
                  102bd3c0    000000cc     freertos.awr294x.r5f.ti-arm-clang.debug.lib : queue.obj (.text.prvCopyDataToQueue)
                  102bd48c    00000004     --HOLE-- [fill = 0]
                  102bd490    000000c8     drivers.awr294x.r5f.ti-arm-clang.debug.lib : ipc_rpmsg_vring.obj (.text.RPMessage_vringGetEmptyTxBuf)
                  102bd558    000000c8     libc.a : getdevice.c.obj (.text.getdevice)
                  102bd620    000000c6     drivers.awr294x.r5f.ti-arm-clang.debug.lib : ipc_rpmsg.obj (.text.RPMessage_coreInit)
                  102bd6e6    0000000a     --HOLE-- [fill = 0]
                  102bd6f0    000000c4                                                : ipc_notify_v1.obj (.text.IpcNotify_readAckCallback)
                  102bd7b4    0000000c     --HOLE-- [fill = 0]
                  102bd7c0    000000c0     freertos.awr294x.r5f.ti-arm-clang.debug.lib : printf.obj (.text._out_rev)
                  102bd880    000000c0                                                 : timers.obj (.text.xTimerGenericCommand)
                  102bd940    000000b6                                                 : queue.obj (.text.xQueueGenericReset)
                  102bd9f6    00000002     --HOLE-- [fill = 0]
                  102bd9f8    000000b4     libc.a : fseek.c.obj (.text.fseeko)
                  102bdaac    00000004     --HOLE-- [fill = 0]
                  102bdab0    000000b2     drivers.awr294x.r5f.ti-arm-clang.debug.lib : soc_rcm.obj (.text.SOC_rcmGetXTALFrequency)
                  102bdb62    0000000e     --HOLE-- [fill = 0]
                  102bdb70    000000b0                                                : soc_rcm.obj (.text.SOC_rcmSetPeripheralClock)
                  102bdc20    000000b0     libc.a : fclose.c.obj (.text.__TI_closefile)
                  102bdcd0    000000ae     freertos.awr294x.r5f.ti-arm-clang.debug.lib : queue.obj (.text.prvUnlockQueue)
                  102bdd7e    00000002     --HOLE-- [fill = 0]
                  102bdd80    000000ac                                                 : SemaphoreP_freertos.obj (.text.SemaphoreP_constructBinary)
                  102bde2c    00000004     --HOLE-- [fill = 0]
                  102bde30    000000aa     drivers.awr294x.r5f.ti-arm-clang.debug.lib : soc_rcm.obj (.text.SOC_rcmGetFreqLeafNode)
                  102bdeda    00000006     --HOLE-- [fill = 0]
                  102bdee0    000000a8                                                : soc_rcm.obj (.text.SOC_rcmGetCoreHSDivOut)
                  102bdf88    00000008     --HOLE-- [fill = 0]
                  102bdf90    000000a8                                                : soc_rcm.obj (.text.SOC_rcmGetDSSHSDivOut)
                  102be038    00000008     --HOLE-- [fill = 0]
                  102be040    000000a8                                                : soc_rcm.obj (.text.SOC_rcmGetPerHSDivOut)
                  102be0e8    00000008     --HOLE-- [fill = 0]
                  102be0f0    000000a8     freertos.awr294x.r5f.ti-arm-clang.debug.lib : PmuP_armv7r.obj (.text.pmu)
                  102be198    000000a4     libc.a : memory.c.obj (.text.split)
                  102be23c    00000004     --HOLE-- [fill = 0]
                  102be240    000000a4     freertos.awr294x.r5f.ti-arm-clang.debug.lib : timers.obj (.text.xTimerCreateTimerTask)
                  102be2e4    0000000c     --HOLE-- [fill = 0]
                  102be2f0    000000a2     drivers.awr294x.r5f.ti-arm-clang.debug.lib : ipc_notify_v1.obj (.text.IpcNotify_mailboxWrite)
                  102be392    0000000e     --HOLE-- [fill = 0]
                  102be3a0    000000a2     freertos.awr294x.r5f.ti-arm-clang.debug.lib : timers.obj (.text.prvCheckForValidListAndQueue)
                  102be442    00000002     --HOLE-- [fill = 0]
                  102be444    000000a0     libsysbm.a : hostrename.c.obj (.text.HOSTrename)
                  102be4e4    0000000c     --HOLE-- [fill = 0]
                  102be4f0    0000009e     freertos.awr294x.r5f.ti-arm-clang.debug.lib : timers.obj (.text.prvProcessExpiredTimer)
                  102be58e    00000002     --HOLE-- [fill = 0]
                  102be590    0000009c     libc.a : _io_perm.c.obj (.text.__TI_wrt_ok)
                  102be62c    00000098     libsysbm.a : hostlseek.c.obj (.text.HOSTlseek)
                  102be6c4    0000000c     --HOLE-- [fill = 0]
                  102be6d0    00000098     drivers.awr294x.r5f.ti-arm-clang.debug.lib : ipc_notify_v1.obj (.text.IpcNotify_registerClient)
                  102be768    00000094     libsysbm.a : hostopen.c.obj (.text.HOSTopen)
                  102be7fc    00000004     --HOLE-- [fill = 0]
                  102be800    00000094     drivers.awr294x.r5f.ti-arm-clang.debug.lib : ipc_notify_v1.obj (.text.IpcNotify_Params_init)
                  102be894    0000000c     --HOLE-- [fill = 0]
                  102be8a0    00000092     freertos.awr294x.r5f.ti-arm-clang.debug.lib : DebugP_freertos.obj (.text._DebugP_logZone)
                  102be932    0000000e     --HOLE-- [fill = 0]
                  102be940    0000008e                                                 : tasks.obj (.text.prvInitialiseTaskLists)
                  102be9ce    00000002     --HOLE-- [fill = 0]
                  102be9d0    0000008c     libsysbm.a : close.c.obj (.text.close)
                  102bea5c    00000004     --HOLE-- [fill = 0]
                  102bea60    0000008c     main.o (.text.main)
                  102beaec    00000088     libc.a : fflush.c.obj (.text.__TI_doflush)
                  102beb74    0000000c     --HOLE-- [fill = 0]
                  102beb80    00000086     drivers.awr294x.r5f.ti-arm-clang.debug.lib : ipc_rpmsg.obj (.text.RPMessage_Params_init)
                  102bec06    0000000a     --HOLE-- [fill = 0]
                  102bec10    00000086                                                : ipc_rpmsg.obj (.text.RPMessage_getEndPtMsg)
                  102bec96    0000000a     --HOLE-- [fill = 0]
                  102beca0    00000086     freertos.awr294x.r5f.ti-arm-clang.debug.lib : timers.obj (.text.prvInsertTimerInActiveList)
                  102bed26    0000000a     --HOLE-- [fill = 0]
                  102bed30    00000086                                                 : timers.obj (.text.prvProcessTimerOrBlockTask)
                  102bedb6    00000002     --HOLE-- [fill = 0]
                  102bedb8    00000084     libsysbm.a : hostread.c.obj (.text.HOSTread)
                  102bee3c    00000084                : hostwrite.c.obj (.text.HOSTwrite)
                  102beec0    00000084     drivers.awr294x.r5f.ti-arm-clang.debug.lib : ipc_rpmsg.obj (.text.RPMessage_notifyCallback)
                  102bef44    0000000c     --HOLE-- [fill = 0]
                  102bef50    00000082                                                : soc_rcm.obj (.text.SOC_rcmGetFreq)
                  102befd2    0000000e     --HOLE-- [fill = 0]
                  102befe0    00000082     freertos.awr294x.r5f.ti-arm-clang.debug.lib : SemaphoreP_freertos.obj (.text.SemaphoreP_pend)
                  102bf062    0000000e     --HOLE-- [fill = 0]
                  102bf070    00000082                                                 : DebugP_log.obj (.text._DebugP_assert)
                  102bf0f2    0000000e     --HOLE-- [fill = 0]
                  102bf100    00000080     drivers.awr294x.r5f.ti-arm-clang.debug.lib : soc_rcm.obj (.text.SOC_rcmGetR5InFrequency)
                  102bf180    0000007e     freertos.awr294x.r5f.ti-arm-clang.debug.lib : ClockP_freertos.obj (.text.ClockP_getTimeUsec)
                  102bf1fe    00000002     --HOLE-- [fill = 0]
                  102bf200    0000007e                                                 : queue.obj (.text.xQueueTakeMutexRecursive)
                  102bf27e    00000002     --HOLE-- [fill = 0]
                  102bf280    0000007c     drivers.awr294x.r5f.ti-arm-clang.debug.lib : ipc_notify_v1.obj (.text.IpcNotify_mailboxReadSwQ)
                  102bf2fc    00000004     --HOLE-- [fill = 0]
                  102bf300    0000007c     freertos.awr294x.r5f.ti-arm-clang.debug.lib : queue.obj (.text.xQueueGiveMutexRecursive)
                  102bf37c    00000078     libc.a : snprintf.c.obj (.text.snprintf)
                  102bf3f4    0000000c     --HOLE-- [fill = 0]
                  102bf400    00000076     drivers.awr294x.r5f.ti-arm-clang.debug.lib : ipc_rpmsg_vring.obj (.text.RPMessage_vringIsFullRxBuf)
                  102bf476    0000000a     --HOLE-- [fill = 0]
                  102bf480    00000072                                                : ipc_notify_v1.obj (.text.IpcNotify_makeMsg)
                  102bf4f2    0000000e     --HOLE-- [fill = 0]
                  102bf500    0000006e     freertos.awr294x.r5f.ti-arm-clang.debug.lib : SemaphoreP_freertos.obj (.text.SemaphoreP_constructMutex)
                  102bf56e    00000002     --HOLE-- [fill = 0]
                  102bf570    0000006e                                                 : tasks.obj (.text.prvDeleteTCB)
                  102bf5de    00000002     --HOLE-- [fill = 0]
                  102bf5e0    0000006c     libsysbm.a : hostunlink.c.obj (.text.HOSTunlink)
                  102bf64c    00000004     --HOLE-- [fill = 0]
                  102bf650    0000006a     freertos.awr294x.r5f.ti-arm-clang.debug.lib : list.obj (.text.vListInsert)
                  102bf6ba    00000002     --HOLE-- [fill = 0]
                  102bf6bc    00000068     libc.a : atoi.c.obj (.text.atoi)
                  102bf724    0000000c     --HOLE-- [fill = 0]
                  102bf730    00000064     drivers.awr294x.r5f.ti-arm-clang.debug.lib : ipc_rpmsg.obj (.text.RPMessage_controlEndPtHandler)
                  102bf794    0000000c     --HOLE-- [fill = 0]
                  102bf7a0    00000064     freertos.awr294x.r5f.ti-arm-clang.debug.lib : TaskP_freertos.obj (.text.vApplicationLoadHook)
                  102bf804    0000000c     --HOLE-- [fill = 0]
                  102bf810    00000064                                                 : queue.obj (.text.vQueueWaitForMessageRestricted)
                  102bf874    0000000c     --HOLE-- [fill = 0]
                  102bf880    00000062     drivers.awr294x.r5f.ti-arm-clang.debug.lib : soc_rcm.obj (.text.SOC_rcmInsert16)
                  102bf8e2    0000000e     --HOLE-- [fill = 0]
                  102bf8f0    00000062     freertos.awr294x.r5f.ti-arm-clang.debug.lib : SemaphoreP_freertos.obj (.text.SemaphoreP_post)
                  102bf952    0000000e     --HOLE-- [fill = 0]
                  102bf960    00000062                                                 : tasks.obj (.text.vTaskPlaceOnEventListRestricted)
                  102bf9c2    00000002     --HOLE-- [fill = 0]
                  102bf9c4    00000060     libsysbm.a : hostclose.c.obj (.text.HOSTclose)
                  102bfa24    0000000c     --HOLE-- [fill = 0]
                  102bfa30    0000005e     drivers.awr294x.r5f.ti-arm-clang.debug.lib : ipc_rpmsg_vring.obj (.text.RPMessage_vringCheckEmptyTxBuf)
                  102bfa8e    00000002     --HOLE-- [fill = 0]
                  102bfa90    0000005c     ti_power_clock_config.o (.text.Module_clockSetFrequency)
                  102bfaec    00000004     --HOLE-- [fill = 0]
                  102bfaf0    0000005a     freertos.awr294x.r5f.ti-arm-clang.debug.lib : tasks.obj (.text.prvCheckTasksWaitingTermination)
                  102bfb4a    00000002     --HOLE-- [fill = 0]
                  102bfb4c    00000058     libc.a : fopen.c.obj (.text.__TI_cleanup)
                  102bfba4    00000058     libsysbm.a : trgmsg.c.obj (.text.__TI_readmsg)
                  102bfbfc    00000058                : trgmsg.c.obj (.text.__TI_writemsg)
                  102bfc54    00000058     libc.a : snprintf.c.obj (.text._outs)
                  102bfcac    00000004     --HOLE-- [fill = 0]
                  102bfcb0    00000054     drivers.awr294x.r5f.ti-arm-clang.debug.lib : ipc_notify_v1.obj (.text.IpcNotify_getMemoryToWrite)
                  102bfd04    0000000c     --HOLE-- [fill = 0]
                  102bfd10    00000054                                                : soc_rcm.obj (.text.SOC_rcmGetModuleClkDivVal)
                  102bfd64    00000054     libc.a : exit.c.obj (.text.exit)
                  102bfdb8    00000054            : getdevice.c.obj (.text.finddevice)
                  102bfe0c    00000054            : autoinit.c.obj (.text:__TI_auto_init_nobinit_nopinit)
                  102bfe60    00000052     drivers.awr294x.r5f.ti-arm-clang.debug.lib : pinmux.obj (.text.Pinmux_config)
                  102bfeb2    0000000e     --HOLE-- [fill = 0]
                  102bfec0    00000052                                                : ipc_rpmsg.obj (.text.RPMessage_allocEndPtMsg)
                  102bff12    0000000e     --HOLE-- [fill = 0]
                  102bff20    00000052                                                : soc_rcm.obj (.text.SOC_rcmGetClkSrcFromClkSelVal)
                  102bff72    0000000e     --HOLE-- [fill = 0]
                  102bff80    00000052     freertos.awr294x.r5f.ti-arm-clang.debug.lib : queue.obj (.text.vQueueAddToRegistry)
                  102bffd2    0000000e     --HOLE-- [fill = 0]
                  102bffe0    00000052                                                 : tasks.obj (.text.vTaskPlaceOnEventList)
                  102c0032    0000000e     --HOLE-- [fill = 0]
                  102c0040    0000004e     drivers.awr294x.r5f.ti-arm-clang.debug.lib : ipc_notify_v1.obj (.text.IpcNotify_getMemoryToRead)
                  102c008e    00000002     --HOLE-- [fill = 0]
                  102c0090    0000004c                                                : ipc_notify_v1.obj (.text.IpcNotify_getWriteMailbox)
                  102c00dc    00000004     --HOLE-- [fill = 0]
                  102c00e0    0000004c                                                : ipc_notify_v1.obj (.text.IpcNotify_unregisterClient)
                  102c012c    00000004     --HOLE-- [fill = 0]
                  102c0130    0000004c     ti_power_clock_config.o (.text.Module_clockEnable)
                  102c017c    0000004c     libc.a : memccpy.c.obj (.text.memccpy)
                  102c01c8    0000004c            : sscanf.c.obj (.text.sscanf)
                  102c0214    0000000c     --HOLE-- [fill = 0]
                  102c0220    0000004a     empty.o (.text.send_to_core)
                  102c026a    00000006     --HOLE-- [fill = 0]
                  102c0270    00000048     drivers.awr294x.r5f.ti-arm-clang.debug.lib : ipc_rpmsg.obj (.text.RPMessage_queueGet)
                  102c02b8    00000008     --HOLE-- [fill = 0]
                  102c02c0    00000048     freertos.awr294x.r5f.ti-arm-clang.debug.lib : queue.obj (.text.prvInitialiseNewQueue)
                  102c0308    00000048     libsysbm.a : unlink.c.obj (.text.unlink)
                  102c0350    00000048     freertos.awr294x.r5f.ti-arm-clang.debug.lib : list.obj (.text.uxListRemove)
                  102c0398    00000008     --HOLE-- [fill = 0]
                  102c03a0    00000046     drivers.awr294x.r5f.ti-arm-clang.debug.lib : ipc_rpmsg.obj (.text.RPMessage_freeEndPtMsg)
                  102c03e6    0000000a     --HOLE-- [fill = 0]
                  102c03f0    00000046                                                : ipc_rpmsg_vring.obj (.text.RPMessage_vringGetSize)
                  102c0436    0000000a     --HOLE-- [fill = 0]
                  102c0440    00000046     freertos.awr294x.r5f.ti-arm-clang.debug.lib : tasks.obj (.text.vTaskExitCritical)
                  102c0486    0000000a     --HOLE-- [fill = 0]
                  102c0490    00000044     drivers.awr294x.r5f.ti-arm-clang.debug.lib : soc_rcm.obj (.text.SOC_rcmExtract16)
                  102c04d4    0000000c     --HOLE-- [fill = 0]
                  102c04e0    00000044                                                : soc_rcm.obj (.text.SOC_rcmExtract8)
                  102c0524    0000000c     --HOLE-- [fill = 0]
                  102c0530    00000044                                                : soc_rcm.obj (.text.SOC_rcmMake16)
                  102c0574    0000000c     --HOLE-- [fill = 0]
                  102c0580    00000044     freertos.awr294x.r5f.ti-arm-clang.debug.lib : printf.obj (.text._strnlen_s)
                  102c05c4    0000000c     --HOLE-- [fill = 0]
                  102c05d0    00000044                                                 : timers.obj (.text.prvSampleTimeNow)
                  102c0614    0000000c     --HOLE-- [fill = 0]
                  102c0620    00000042     ti_drivers_config.o (.text.IpcNotify_allocSwQueue)
                  102c0662    0000000e     --HOLE-- [fill = 0]
                  102c0670    00000042     drivers.awr294x.r5f.ti-arm-clang.debug.lib : ipc_notify_v1.obj (.text.IpcNotify_getReadDoneAckMailbox)
                  102c06b2    0000000e     --HOLE-- [fill = 0]
                  102c06c0    00000042                                                : ipc_notify_v1.obj (.text.IpcNotify_mailboxWriteCustomIpcConfig)
                  102c0702    0000000e     --HOLE-- [fill = 0]
                  102c0710    00000042     freertos.awr294x.r5f.ti-arm-clang.debug.lib : queue.obj (.text.prvCopyDataFromQueue)
                  102c0752    0000000e     --HOLE-- [fill = 0]
                  102c0760    00000042                                                 : tasks.obj (.text.xTaskGetIdleTaskHandle)
                  102c07a2    0000000e     --HOLE-- [fill = 0]
                  102c07b0    00000040     ti_dpl_config.o (.text.Dpl_init)
                  102c07f0    00000040     drivers.awr294x.r5f.ti-arm-clang.debug.lib : soc_rcm.obj (.text.SOC_rcmExtract32)
                  102c0830    00000040     libc.a : memory.c.obj (.text.free_list_insert)
                  102c0870    00000040     freertos.awr294x.r5f.ti-arm-clang.debug.lib : timers.obj (.text.prvGetNextExpireTime)
                  102c08b0    0000003e     drivers.awr294x.r5f.ti-arm-clang.debug.lib : soc_rcm.obj (.text.SOC_rcmIsPadDisableRequired)
                  102c08ee    00000002     --HOLE-- [fill = 0]
                  102c08f0    0000003c                                                : ipc_rpmsg.obj (.text.RPMessage_isLinuxCore)
                  102c092c    00000004     --HOLE-- [fill = 0]
                  102c0930    0000003c                                                : ipc_rpmsg_vring.obj (.text.RPMessage_vringGetRxBufAddr)
                  102c096c    00000004     --HOLE-- [fill = 0]
                  102c0970    0000003c                                                : ipc_rpmsg_vring.obj (.text.RPMessage_vringGetTxBufAddr)
                  102c09ac    00000004     --HOLE-- [fill = 0]
                  102c09b0    0000003c                                                : ipc_rpmsg_vring.obj (.text.RPMessage_vringGetTxBufLen)
                  102c09ec    00000004     --HOLE-- [fill = 0]
                  102c09f0    0000003c     freertos.awr294x.r5f.ti-arm-clang.debug.lib : tasks.obj (.text.prvResetNextTaskUnblockTime)
                  102c0a2c    00000004     --HOLE-- [fill = 0]
                  102c0a30    0000003a                                                 : printf.obj (.text._atoi)
                  102c0a6a    00000006     --HOLE-- [fill = 0]
                  102c0a70    0000003a                                                 : list.obj (.text.vListInsertEnd)
                  102c0aaa    00000006     --HOLE-- [fill = 0]
                  102c0ab0    00000038     drivers.awr294x.r5f.ti-arm-clang.debug.lib : ipc_notify_v1.obj (.text.IpcNotify_getReadSwQ)
                  102c0ae8    00000008     --HOLE-- [fill = 0]
                  102c0af0    00000038     freertos.awr294x.r5f.ti-arm-clang.debug.lib : tasks.obj (.text.xTaskGetSchedulerState)
                  102c0b28    00000008     --HOLE-- [fill = 0]
                  102c0b30    00000036     drivers.awr294x.r5f.ti-arm-clang.debug.lib : ipc_notify_v1.obj (.text.IpcNotify_syncCallback)
                  102c0b66    0000000a     --HOLE-- [fill = 0]
                  102c0b70    00000036                                                : ipc_rpmsg.obj (.text.RPMessage_controlEndPtInit)
                  102c0ba6    0000000a     --HOLE-- [fill = 0]
                  102c0bb0    00000036                                                : ipc_rpmsg.obj (.text.RPMessage_queuePut)
                  102c0be6    0000000a     --HOLE-- [fill = 0]
                  102c0bf0    00000034     freertos.awr294x.r5f.ti-arm-clang.debug.lib : TimerP_rti.obj (.text.TimerP_Params_init)
                  102c0c24    00000034     libc.a : memory.c.obj (.text.free_list_remove)
                  102c0c58    00000034     libsysbm.a : lseek.c.obj (.text.lseek)
                  102c0c8c    00000004     --HOLE-- [fill = 0]
                  102c0c90    00000034     freertos.awr294x.r5f.ti-arm-clang.debug.lib : port.obj (.text.vPortTimerTickHandler)
                  102c0cc4    00000034     libsysbm.a : write.c.obj (.text.write)
                  102c0cf8    00000008     --HOLE-- [fill = 0]
                  102c0d00    00000032     freertos.awr294x.r5f.ti-arm-clang.debug.lib : ClockP_freertos.obj (.text.ClockP_timerTickIsr)
                  102c0d32    0000000e     --HOLE-- [fill = 0]
                  102c0d40    00000032     drivers.awr294x.r5f.ti-arm-clang.debug.lib : ipc_notify_v1.obj (.text.IpcNotify_mailboxIsPendingIntr)
                  102c0d72    0000000e     --HOLE-- [fill = 0]
                  102c0d80    00000032                                                : ipc_notify_v1.obj (.text.IpcNotify_mailboxReadCustomIpcConfig)
                  102c0db2    0000000e     --HOLE-- [fill = 0]
                  102c0dc0    00000032     freertos.awr294x.r5f.ti-arm-clang.debug.lib : TimerP_rti.obj (.text.TimerP_getCount)
                  102c0df2    0000000e     --HOLE-- [fill = 0]
                  102c0e00    00000032                                                 : port.obj (.text.vApplicationStackOverflowHook)
                  102c0e32    0000000e     --HOLE-- [fill = 0]
                  102c0e40    00000032                                                 : tasks.obj (.text.vTaskEnterCritical)
                  102c0e72    0000000e     --HOLE-- [fill = 0]
                  102c0e80    00000032                                                 : queue.obj (.text.xQueueCreateMutexStatic)
                  102c0eb2    0000000e     --HOLE-- [fill = 0]
                  102c0ec0    00000030     drivers.awr294x.r5f.ti-arm-clang.debug.lib : ipc_notify_v1.obj (.text.IpcNotify_getReadDoneMailbox)
                  102c0ef0    00000030                                                : ipc_notify_v1.obj (.text.IpcNotify_getReadMailbox)
                  102c0f20    00000030     freertos.awr294x.r5f.ti-arm-clang.debug.lib : PmuP_armv7r_asm.obj (.text.pmu)
                  102c0f50    0000002e     drivers.awr294x.r5f.ti-arm-clang.debug.lib : soc_rcm.obj (.text.SOC_rcmGetPeripheralClockFrequency)
                  102c0f7e    00000002     --HOLE-- [fill = 0]
                  102c0f80    0000002e     freertos.awr294x.r5f.ti-arm-clang.debug.lib : printf.obj (.text._is_digit)
                  102c0fae    00000002     --HOLE-- [fill = 0]
                  102c0fb0    0000002e                                                 : queue.obj (.text.prvIsQueueFull)
                  102c0fde    00000002     --HOLE-- [fill = 0]
                  102c0fe0    0000002e                                                 : tasks.obj (.text.prvTaskCheckFreeStackSpace)
                  102c100e    00000002     --HOLE-- [fill = 0]
                  102c1010    0000002e                                                 : list.obj (.text.vListInitialise)
                  102c103e    00000002     --HOLE-- [fill = 0]
                  102c1040    0000002c                                                 : DebugP_log.obj (.text.DebugP_logZoneEnable)
                  102c106c    00000004     --HOLE-- [fill = 0]
                  102c1070    0000002c     ti_pinmux_config.o (.text.Pinmux_init)
                  102c109c    00000004     --HOLE-- [fill = 0]
                  102c10a0    0000002c     drivers.awr294x.r5f.ti-arm-clang.debug.lib : soc_rcm.obj (.text.SOC_rcmGetHSDivClkSrc)
                  102c10cc    00000004     --HOLE-- [fill = 0]
                  102c10d0    0000002c                                                : soc_rcm.obj (.text.SOC_rcmGetR5Clock)
                  102c10fc    00000004     --HOLE-- [fill = 0]
                  102c1100    0000002c     freertos.awr294x.r5f.ti-arm-clang.debug.lib : TaskP_freertos.obj (.text.TaskP_calcCounterDiff)
                  102c112c    0000002c     libc.a : snprintf.c.obj (.text._outc)
                  102c1158    00000008     --HOLE-- [fill = 0]
                  102c1160    0000002c     freertos.awr294x.r5f.ti-arm-clang.debug.lib : queue.obj (.text.prvInitialiseMutex)
                  102c118c    00000004     --HOLE-- [fill = 0]
                  102c1190    0000002c                                                 : tasks.obj (.text.pvTaskIncrementMutexHeldCount)
                  102c11bc    00000004     --HOLE-- [fill = 0]
                  102c11c0    0000002c                                                 : port.obj (.text.vApplicationGetIdleTaskMemory)
                  102c11ec    00000004     --HOLE-- [fill = 0]
                  102c11f0    0000002c                                                 : port.obj (.text.vApplicationGetTimerTaskMemory)
                  102c121c    00000004     --HOLE-- [fill = 0]
                  102c1220    0000002a     drivers.awr294x.r5f.ti-arm-clang.debug.lib : ipc_notify_v1.obj (.text.IpcNotify_isCoreEnabled)
                  102c124a    00000006     --HOLE-- [fill = 0]
                  102c1250    0000002a                                                : ipc_rpmsg.obj (.text.RPMessage_putEndPtMsg)
                  102c127a    00000006     --HOLE-- [fill = 0]
                  102c1280    00000028                                                : ipc_notify_v1.obj (.text.IpcNotify_syncCustomIpcConfig)
                  102c12a8    00000008     --HOLE-- [fill = 0]
                  102c12b0    00000028     freertos.awr294x.r5f.ti-arm-clang.debug.lib : tasks.obj (.text.prvIdleTask)
                  102c12d8    00000008     --HOLE-- [fill = 0]
                  102c12e0    00000028                                                 : queue.obj (.text.prvIsQueueEmpty)
                  102c1308    00000008     --HOLE-- [fill = 0]
                  102c1310    00000028                                                 : printf.obj (.text.vprintf_)
                  102c1338    00000008     --HOLE-- [fill = 0]
                  102c1340    00000026     main.o (.text.freertos_main)
                  102c1366    0000000a     --HOLE-- [fill = 0]
                  102c1370    00000026     freertos.awr294x.r5f.ti-arm-clang.debug.lib : queue.obj (.text.prvGetDisinheritPriorityAfterTimeout)
                  102c1396    0000000a     --HOLE-- [fill = 0]
                  102c13a0    00000024     ti_drivers_config.o (.text.IpcNotify_getConfig)
                  102c13c4    00000024     libclang_rt.builtins.a : aeabi_uldivmod.S.obj (.text.__aeabi_uldivmod)
                  102c13e8    00000008     --HOLE-- [fill = 0]
                  102c13f0    00000024     freertos.awr294x.r5f.ti-arm-clang.debug.lib : printf.obj (.text._out_char)
                  102c1414    0000000c     --HOLE-- [fill = 0]
                  102c1420    00000024                                                 : tasks.obj (.text.vTaskInternalSetTimeOutState)
                  102c1444    0000000c     --HOLE-- [fill = 0]
                  102c1450    00000022     drivers.awr294x.r5f.ti-arm-clang.debug.lib : soc_rcm.obj (.text.SOC_rcmGetFixedRootClkFout)
                  102c1472    0000000e     --HOLE-- [fill = 0]
                  102c1480    00000020     freertos.awr294x.r5f.ti-arm-clang.debug.lib : ClockP_freertos.obj (.text.ClockP_usecToTicks)
                  102c14a0    00000020     drivers.awr294x.r5f.ti-arm-clang.debug.lib : ipc_notify_v1_cfg.obj (.text.IpcNotify_wait)
                  102c14c0    00000020                                                : ipc_rpmsg.obj (.text.RPMessage_CreateParams_init)
                  102c14e0    00000020     freertos.awr294x.r5f.ti-arm-clang.debug.lib : heap_3.obj (.text.vPortFree)
                  102c1500    0000001e     drivers.awr294x.r5f.ti-arm-clang.debug.lib : soc.obj (.text.SOC_moduleSetClockFrequency)
                  102c151e    00000002     --HOLE-- [fill = 0]
                  102c1520    0000001e     freertos.awr294x.r5f.ti-arm-clang.debug.lib : timers.obj (.text.prvTimerTask)
                  102c153e    00000002     --HOLE-- [fill = 0]
                  102c1540    0000001e                                                 : port.obj (.text.xPortStartScheduler)
                  102c155e    00000002     --HOLE-- [fill = 0]
                  102c1560    0000001e                                                 : tasks.obj (.text.xTaskGetTickCount)
                  102c157e    00000002     --HOLE-- [fill = 0]
                  102c1580    0000001c     libc.a : sscanf.c.obj (.text._inpchar)
                  102c159c    0000001c     libsysbm.a : hostrename.c.obj (.text.strcpy)
                  102c15b8    0000001c     libc.a : _printfi.c.obj (.text.strlen)
                  102c15d4    0000001c            : strlen.c.obj (.text.strlen)
                  102c15f0    0000001c     libsysbm.a : hostrename.c.obj (.text.strlen)
                  102c160c    00000004     --HOLE-- [fill = 0]
                  102c1610    0000001c     freertos.awr294x.r5f.ti-arm-clang.debug.lib : port.obj (.text.vPortYeildFromISR)
                  102c162c    0000001c     libc.a : memcpy32.S.obj (.text:TI_memcpy_small)
                  102c1648    00000008     --HOLE-- [fill = 0]
                  102c1650    00000018     drivers.awr294x.r5f.ti-arm-clang.debug.lib : soc_rcm.obj (.text.CSL_TopCtrl_readXtalFreqScale)
                  102c1668    00000008     --HOLE-- [fill = 0]
                  102c1670    00000018                                                : ipc_notify_v1.obj (.text.IpcNotify_mailboxClearAllInt)
                  102c1688    00000008     --HOLE-- [fill = 0]
                  102c1690    00000018     freertos.awr294x.r5f.ti-arm-clang.debug.lib : TimerP_rti.obj (.text.TimerP_getReloadCount)
                  102c16a8    00000018     libc.a : memset32.S.obj (.text:TI_memset_small)
                  102c16c0    00000016     drivers.awr294x.r5f.ti-arm-clang.debug.lib : ipc_rpmsg_vring.obj (.text.RPMessage_align)
                  102c16d6    0000000a     --HOLE-- [fill = 0]
                  102c16e0    00000016                                                : soc.obj (.text.SOC_getSelfCpuClk)
                  102c16f6    0000000a     --HOLE-- [fill = 0]
                  102c1700    00000016     freertos.awr294x.r5f.ti-arm-clang.debug.lib : TimerP_rti.obj (.text.TimerP_start)
                  102c1716    0000000a     --HOLE-- [fill = 0]
                  102c1720    00000016                                                 : TimerP_rti.obj (.text.TimerP_stop)
                  102c1736    0000000a     --HOLE-- [fill = 0]
                  102c1740    00000014     drivers.awr294x.r5f.ti-arm-clang.debug.lib : ipc_notify_v1.obj (.text.IpcNotify_mailboxClearPendingIntr)
                  102c1754    0000000c     --HOLE-- [fill = 0]
                  102c1760    00000014                                                : soc_rcm.obj (.text.SOC_rcmGetModuleClkDivFromRegVal)
                  102c1774    0000000c     --HOLE-- [fill = 0]
                  102c1780    00000014     freertos.awr294x.r5f.ti-arm-clang.debug.lib : TimerP_rti.obj (.text.TimerP_clearOverflowInt)
                  102c1794    0000000c     --HOLE-- [fill = 0]
                  102c17a0    00000014     ti_dpl_config.o (.text.putchar_)
                  102c17b4    0000000c     --HOLE-- [fill = 0]
                  102c17c0    00000014     freertos.awr294x.r5f.ti-arm-clang.debug.lib : tasks.obj (.text.xTaskGetCurrentTaskHandle)
                  102c17d4    0000000c     --HOLE-- [fill = 0]
                  102c17e0    00000012     drivers.awr294x.r5f.ti-arm-clang.debug.lib : ipc_rpmsg.obj (.text.RPMessage_queueReset)
                  102c17f2    0000000e     --HOLE-- [fill = 0]
                  102c1800    00000012     freertos.awr294x.r5f.ti-arm-clang.debug.lib : port.obj (.text.uiPortGetRunTimeCounterValue)
                  102c1812    0000000e     --HOLE-- [fill = 0]
                  102c1820    00000010     drivers.awr294x.r5f.ti-arm-clang.debug.lib : pinmux.obj (.text.CSL_REG32_WR_RAW)
                  102c1830    00000010                                                : soc.obj (.text.CSL_REG32_WR_RAW)
                  102c1840    00000010     freertos.awr294x.r5f.ti-arm-clang.debug.lib : ClockP_freertos_r5.obj (.text.ClockP_getTimerCount)
                  102c1850    00000010                                                 : ClockP_freertos_r5.obj (.text.ClockP_timerClearOverflowInt)
                  102c1860    00000010     drivers.awr294x.r5f.ti-arm-clang.debug.lib : ipc_notify_v1.obj (.text.IpcNotify_mailboxGetPendingIntr)
                  102c1870    00000010                                                : soc.obj (.text.SOC_moduleClockEnable)
                  102c1880    00000010     libclang_rt.builtins.a : aeabi_memset.S.obj (.text.__aeabi_memset)
                  102c1890    00000010     freertos.awr294x.r5f.ti-arm-clang.debug.lib : printf.obj (.text._out_null)
                  102c18a0    00000010     libc.a : sscanf.c.obj (.text._uninpchar)
                  102c18b0    00000010            : fputc.c.obj (.text.putchar)
                  102c18c0    00000010     freertos.awr294x.r5f.ti-arm-clang.debug.lib : tasks.obj (.text.vTaskSuspendAll)
                  102c18d0    0000000e     drivers.awr294x.r5f.ti-arm-clang.debug.lib : ipc_notify_v1.obj (.text.IpcNotify_isCustomIpcConfigEnabled)
                  102c18de    00000002     --HOLE-- [fill = 0]
                  102c18e0    0000000e     freertos.awr294x.r5f.ti-arm-clang.debug.lib : list.obj (.text.vListInitialiseItem)
                  102c18ee    00000002     --HOLE-- [fill = 0]
                  102c18f0    0000000e                                                 : tasks.obj (.text.vTaskMissedYield)
                  102c18fe    00000002     --HOLE-- [fill = 0]
                  102c1900    0000000c     ti_board_open_close.o (.text.Board_driversOpen)
                  102c190c    00000004     --HOLE-- [fill = 0]
                  102c1910    0000000c     drivers.awr294x.r5f.ti-arm-clang.debug.lib : ipc_notify_v1.obj (.text.IpcNotify_getSelfCoreId)
                  102c191c    00000004     --HOLE-- [fill = 0]
                  102c1920    0000000c     ti_power_clock_config.o (.text.PowerClock_init)
                  102c192c    00000004     --HOLE-- [fill = 0]
                  102c1930    0000000a     freertos.awr294x.r5f.ti-arm-clang.debug.lib : HwiP_armv7r_vim.obj (.text.Hwip_dataAndInstructionBarrier)
                  102c193a    00000006     --HOLE-- [fill = 0]
                  102c1940    0000000c     libc.a : strcmp32.S.obj (.text)
                  102c194c    00000004     --HOLE-- [fill = 0]
                  102c1950    0000000a     drivers.awr294x.r5f.ti-arm-clang.debug.lib : ipc_notify_v1.obj (.text.IpcNotify_dataAndInstructionBarrier)
                  102c195a    00000006     --HOLE-- [fill = 0]
                  102c1960    0000000a                                                : ipc_rpmsg_vring.obj (.text.IpcRpMsg_dataAndInstructionBarrier)
                  102c196a    00000006     --HOLE-- [fill = 0]
                  102c1970    0000000a     freertos.awr294x.r5f.ti-arm-clang.debug.lib : port.obj (.text.prvTaskExitError)
                  102c197a    00000006     --HOLE-- [fill = 0]
                  102c1980    0000000a                                                 : port.obj (.text.vApplicationIdleHook)
                  102c198a    00000006     --HOLE-- [fill = 0]
                  102c1990    00000008     drivers.awr294x.r5f.ti-arm-clang.debug.lib : soc_rcm.obj (.text.CSL_TopCtrl_getBaseAddress)
                  102c1998    00000008     --HOLE-- [fill = 0]
                  102c19a0    00000008     freertos.awr294x.r5f.ti-arm-clang.debug.lib : ClockP_freertos.obj (.text.ClockP_getTicks)
                  102c19a8    00000008     --HOLE-- [fill = 0]
                  102c19b0    00000006     drivers.awr294x.r5f.ti-arm-clang.debug.lib : soc_rcm.obj (.text.CSL_DSSRCM_getBaseAddress)
                  102c19b6    0000000a     --HOLE-- [fill = 0]
                  102c19c0    00000006                                                : soc_rcm.obj (.text.CSL_RCM_getBaseAddress)
                  102c19c6    0000000a     --HOLE-- [fill = 0]
                  102c19d0    00000006                                                : soc_rcm.obj (.text.CSL_TopRCM_getBaseAddress)
                  102c19d6    0000000a     --HOLE-- [fill = 0]
                  102c19e0    00000002     ti_board_config.o (.text.Board_init)
                  102c19e2    0000000e     --HOLE-- [fill = 0]
                  102c19f0    00000002     ti_drivers_open_close.o (.text.Drivers_open)
                  102c19f2    0000000e     --HOLE-- [fill = 0]
                  102c1a00    00000002     freertos.awr294x.r5f.ti-arm-clang.debug.lib : port.obj (.text.vPortConfigTimerForRunTimeStats)
                  102c1a02    0000000e     --HOLE-- [fill = 0]
                  102c1a10    00000002                                                 : port.obj (.text.vPortValidateInterruptPriority)
                  102c1a12    0000000e     --HOLE-- [fill = 0]

.rodata    0    102c1a20    00001d10     
                  102c1a20    00000188     drivers.awr294x.r5f.ti-arm-clang.debug.lib : soc_rcm.obj (.rodata.gSocRcmADPLLJConfigTbl)
                  102c1ba8    00000008     libc.a : _scanfi.c.obj (.rodata..L__const._sproc_float.special)
                  102c1bb0    00000101            : aeabi_ctype.S.obj (.rodata:__aeabi_ctype_table_)
                  102c1cb1    00000082     freertos.awr294x.r5f.ti-arm-clang.debug.lib : tasks.obj (.rodata.str1.4565613428165196872.1)
                  102c1d33    00000005     drivers.awr294x.r5f.ti-arm-clang.debug.lib : soc_rcm.obj (.rodata.gSocRcmR5ClkSrcInfoMap)
                  102c1d38    00000080     libc.a : strtod.c.obj (.rodata.digits)
                  102c1db8    0000007f     drivers.awr294x.r5f.ti-arm-clang.debug.lib : ipc_rpmsg.obj (.rodata.str1.7723343948726634474.1)
                  102c1e37    0000007c                                                : ipc_rpmsg.obj (.rodata.str1.882666447729012844.1)
                  102c1eb3    00000075                                                : ipc_rpmsg.obj (.rodata.str1.2083685040620277556.1)
                  102c1f28    00000074     ti_dpl_config.o (.rodata.cfg)
                  102c1f9c    00000073     drivers.awr294x.r5f.ti-arm-clang.debug.lib : ipc_rpmsg.obj (.rodata.str1.17585504750102706928.1)
                  102c200f    0000006f                                                : ipc_rpmsg.obj (.rodata.str1.7933235615949331309.1)
                  102c207e    0000006b     freertos.awr294x.r5f.ti-arm-clang.debug.lib : queue.obj (.rodata.str1.9511296674868437406.1)
                  102c20e9    00000069     drivers.awr294x.r5f.ti-arm-clang.debug.lib : soc_rcm.obj (.rodata.gSocRcmClkSrcInfoMap)
                  102c2152    00000065     freertos.awr294x.r5f.ti-arm-clang.debug.lib : queue.obj (.rodata.str1.6603158521343292237.1)
                  102c21b7    00000064     drivers.awr294x.r5f.ti-arm-clang.debug.lib : ipc_rpmsg.obj (.rodata.str1.14097889213147046469.1)
                  102c221b    00000063                                                : ipc_rpmsg.obj (.rodata.str1.2212735509010662771.1)
                  102c227e    00000062     freertos.awr294x.r5f.ti-arm-clang.debug.lib : queue.obj (.rodata.str1.4808098962482247512.1)
                  102c22e0    0000005f                                                 : queue.obj (.rodata.str1.8056268586134868364.1)
                  102c233f    0000005d                                                 : queue.obj (.rodata.str1.14947700358493181700.1)
                  102c239c    0000005c                                                 : ClockP_freertos_r5.obj (.rodata.str1.17223520836534051513.1)
                  102c23f8    00000059                                                 : queue.obj (.rodata.str1.13478403849926902207.1)
                  102c2451    00000007     libc.a : _scanfi.c.obj (.rodata._sproc_int.flit)
                  102c2458    00000050     freertos.awr294x.r5f.ti-arm-clang.debug.lib : printf.obj (.rodata._ftoa.pow10)
                  102c24a8    0000004f                                                 : tasks.obj (.rodata.str1.16921125101802676652.1)
                  102c24f7    0000004a                                                 : queue.obj (.rodata.str1.1958022410542202588.1)
                  102c2541    0000004a                                                 : queue.obj (.rodata.str1.9461746748575326763.1)
                  102c258b    00000005                                                 : tasks.obj (.rodata.str1.17790062339596940786.1)
                  102c2590    00000048     libc.a : strtod.c.obj (.rodata.powerof10)
                  102c25d8    00000040     drivers.awr294x.r5f.ti-arm-clang.debug.lib : ipc_notify_v1.obj (.rodata.str1.10118846006578224169.1)
                  102c2618    0000003f     freertos.awr294x.r5f.ti-arm-clang.debug.lib : port.obj (.rodata.str1.2008661137458711816.1)
                  102c2657    0000003e                                                 : tasks.obj (.rodata.str1.9787755677095343714.1)
                  102c2695    0000003d                                                 : TimerP_rti.obj (.rodata.str1.8636677665714190513.1)
                  102c26d2    00000039                                                 : queue.obj (.rodata.str1.12742486800848623484.1)
                  102c270b    00000037                                                 : SemaphoreP_freertos.obj (.rodata.str1.10588615791740875997.1)
                  102c2742    00000035     drivers.awr294x.r5f.ti-arm-clang.debug.lib : ipc_rpmsg.obj (.rodata.str1.12490517295006761435.1)
                  102c2777    00000033     empty.o (.rodata.str1.9517790425240694019.1)
                  102c27aa    00000031     freertos.awr294x.r5f.ti-arm-clang.debug.lib : timers.obj (.rodata.str1.4254626211159867211.1)
                  102c27db    0000002f     drivers.awr294x.r5f.ti-arm-clang.debug.lib : ipc_notify_v1.obj (.rodata.str1.9418228565027791152.1)
                  102c280a    0000002e     freertos.awr294x.r5f.ti-arm-clang.debug.lib : tasks.obj (.rodata.str1.3110018549871327945.1)
                  102c2838    0000002e                                                 : queue.obj (.rodata.str1.3762774476990514498.1)
                  102c2866    0000002e     drivers.awr294x.r5f.ti-arm-clang.debug.lib : ipc_notify_v1_cfg.obj (.rodata.str1.9333447753637572630.1)
                  102c2894    0000002d                                                : soc_rcm.obj (.rodata.str1.13371245503524111651.1)
                  102c28c1    0000002a     freertos.awr294x.r5f.ti-arm-clang.debug.lib : queue.obj (.rodata.str1.13415653334365632560.1)
                  102c28eb    0000002a                                                 : queue.obj (.rodata.str1.18282543359674176480.1)
                  102c2915    0000002a                                                 : DebugP_log.obj (.rodata.str1.227947788441500939.1)
                  102c293f    00000029     drivers.awr294x.r5f.ti-arm-clang.debug.lib : soc_rcm.obj (.rodata.str1.5389960437019493790.1)
                  102c2968    00000029     freertos.awr294x.r5f.ti-arm-clang.debug.lib : tasks.obj (.rodata.str1.9328102173130631220.1)
                  102c2991    00000003     empty.o (.rodata.str1.14685083708502177989.1)
                  102c2994    00000028     drivers.awr294x.r5f.ti-arm-clang.debug.lib : soc_rcm.obj (.rodata.gSocRcmFixedClocksTbl)
                  102c29bc    00000028     freertos.awr294x.r5f.ti-arm-clang.debug.lib : queue.obj (.rodata.str1.12125964304638706974.1)
                  102c29e4    00000027                                                 : ClockP_freertos_r5.obj (.rodata.str1.4964156252153506440.1)
                  102c2a0b    00000027                                                 : queue.obj (.rodata.str1.5896517509531954562.1)
                  102c2a32    00000027                                                 : tasks.obj (.rodata.str1.8086631624469926375.1)
                  102c2a59    00000026                                                 : tasks.obj (.rodata.str1.2823620137245587142.1)
                  102c2a7f    00000025                                                 : queue.obj (.rodata.str1.1299805873427833789.1)
                  102c2aa4    00000025                                                 : tasks.obj (.rodata.str1.16123424699167936419.1)
                  102c2ac9    00000024     main.o (.rodata.str1.18227636981041470289.1)
                  102c2aed    00000024     freertos.awr294x.r5f.ti-arm-clang.debug.lib : tasks.obj (.rodata.str1.7264671426540837297.1)
                  102c2b11    00000023                                                 : ClockP_freertos_r5.obj (.rodata.str1.5485111591584040388.1)
                  102c2b34    00000022                                                 : tasks.obj (.rodata.str1.12539733791578942966.1)
                  102c2b56    00000022                                                 : TimerP_rti.obj (.rodata.str1.4081825994417204303.1)
                  102c2b78    00000022                                                 : tasks.obj (.rodata.str1.8073734311353135185.1)
                  102c2b9a    00000021                                                 : SemaphoreP_freertos.obj (.rodata.str1.11155737773773580205.1)
                  102c2bbb    00000021                                                 : tasks.obj (.rodata.str1.1908087408565297158.1)
                  102c2bdc    00000021                                                 : tasks.obj (.rodata.str1.6403908046155279103.1)
                  102c2bfd    00000021                                                 : ClockP_freertos_r5.obj (.rodata.str1.7035350789661265746.1)
                  102c2c1e    00000020     drivers.awr294x.r5f.ti-arm-clang.debug.lib : ipc_notify_v1.obj (.rodata.str1.2046905611612007019.1)
                  102c2c3e    00000020     freertos.awr294x.r5f.ti-arm-clang.debug.lib : tasks.obj (.rodata.str1.2251723265452542394.1)
                  102c2c5e    0000001f     drivers.awr294x.r5f.ti-arm-clang.debug.lib : ipc_rpmsg_vring.obj (.rodata.str1.14997963732428335466.1)
                  102c2c7d    0000001f     freertos.awr294x.r5f.ti-arm-clang.debug.lib : ClockP_freertos_r5.obj (.rodata.str1.17653911837062842281.1)
                  102c2c9c    0000001f     drivers.awr294x.r5f.ti-arm-clang.debug.lib : soc_rcm.obj (.rodata.str1.4312025440500206638.1)
                  102c2cbb    0000001e     freertos.awr294x.r5f.ti-arm-clang.debug.lib : tasks.obj (.rodata.str1.12993397357195243110.1)
                  102c2cd9    0000001e     drivers.awr294x.r5f.ti-arm-clang.debug.lib : ipc_notify_v1.obj (.rodata.str1.16593710740832512674.1)
                  102c2cf7    0000001e     freertos.awr294x.r5f.ti-arm-clang.debug.lib : port.obj (.rodata.str1.8643037410225090959.1)
                  102c2d15    0000001e     drivers.awr294x.r5f.ti-arm-clang.debug.lib : ipc_notify_v1.obj (.rodata.str1.9050127465416171240.1)
                  102c2d33    0000001d     freertos.awr294x.r5f.ti-arm-clang.debug.lib : TimerP_rti.obj (.rodata.str1.16072626274289208570.1)
                  102c2d50    0000001d                                                 : TimerP_rti.obj (.rodata.str1.3969290967820031423.1)
                  102c2d6d    0000001c     drivers.awr294x.r5f.ti-arm-clang.debug.lib : ipc_notify_v1_cfg.obj (.rodata.str1.264689326032831299.1)
                  102c2d89    0000001c                                                : ipc_rpmsg_vring.obj (.rodata.str1.6129980899926192174.1)
                  102c2da5    0000001c     freertos.awr294x.r5f.ti-arm-clang.debug.lib : ClockP_freertos_r5.obj (.rodata.str1.6936306138937714152.1)
                  102c2dc1    0000001b                                                 : SemaphoreP_freertos.obj (.rodata.str1.11544067228989255202.1)
                  102c2ddc    0000001b                                                 : timers.obj (.rodata.str1.16001437261817787019.1)
                  102c2df7    0000001b                                                 : tasks.obj (.rodata.str1.16487631963213850555.1)
                  102c2e12    0000001b     drivers.awr294x.r5f.ti-arm-clang.debug.lib : soc_rcm.obj (.rodata.str1.16607280105437489952.1)
                  102c2e2d    0000001b     ti_drivers_config.o (.rodata.str1.7767457247551078139.1)
                  102c2e48    0000001a     drivers.awr294x.r5f.ti-arm-clang.debug.lib : soc_rcm.obj (.rodata.gSocRcmCpswClkSrcValMap)
                  102c2e62    0000001a                                                : soc_rcm.obj (.rodata.gSocRcmCptsClkSrcValMap)
                  102c2e7c    0000001a                                                : soc_rcm.obj (.rodata.gSocRcmCsiRxClkSrcValMap)
                  102c2e96    0000001a                                                : soc_rcm.obj (.rodata.gSocRcmDssHwaClkSrcValMap)
                  102c2eb0    0000001a                                                : soc_rcm.obj (.rodata.gSocRcmDssRtiClkSrcValMap)
                  102c2eca    0000001a                                                : soc_rcm.obj (.rodata.gSocRcmDssSciClkSrcValMap)
                  102c2ee4    0000001a                                                : soc_rcm.obj (.rodata.gSocRcmI2CClkSrcValMap)
                  102c2efe    0000001a                                                : soc_rcm.obj (.rodata.gSocRcmMcanClkSrcValMap)
                  102c2f18    0000001a                                                : soc_rcm.obj (.rodata.gSocRcmQspiClkSrcValMap)
                  102c2f32    0000001a                                                : soc_rcm.obj (.rodata.gSocRcmRtiClkSrcValMap)
                  102c2f4c    0000001a                                                : soc_rcm.obj (.rodata.gSocRcmSciClkSrcValMap)
                  102c2f66    0000001a                                                : soc_rcm.obj (.rodata.gSocRcmSpiClkSrcValMap)
                  102c2f80    0000001a     freertos.awr294x.r5f.ti-arm-clang.debug.lib : tasks.obj (.rodata.str1.10003396352110772215.1)
                  102c2f9a    0000001a                                                 : SemaphoreP_freertos.obj (.rodata.str1.11022221066391817236.1)
                  102c2fb4    0000001a                                                 : queue.obj (.rodata.str1.11765322630372331988.1)
                  102c2fce    0000001a     drivers.awr294x.r5f.ti-arm-clang.debug.lib : soc_rcm.obj (.rodata.str1.16907879152045164286.1)
                  102c2fe8    0000001a     freertos.awr294x.r5f.ti-arm-clang.debug.lib : tasks.obj (.rodata.str1.17181842458667904009.1)
                  102c3002    00000019                                                 : TimerP_rti.obj (.rodata.str1.12012997325668529457.1)
                  102c301b    00000019     drivers.awr294x.r5f.ti-arm-clang.debug.lib : ipc_notify_v1.obj (.rodata.str1.12253177398743541182.1)
                  102c3034    00000019     freertos.awr294x.r5f.ti-arm-clang.debug.lib : timers.obj (.rodata.str1.15628002448382055558.1)
                  102c304d    00000019     empty.o (.rodata.str1.17669528882079347314.1)
                  102c3066    00000019     freertos.awr294x.r5f.ti-arm-clang.debug.lib : queue.obj (.rodata.str1.2068208149952083127.1)
                  102c307f    00000019                                                 : tasks.obj (.rodata.str1.244605201944591920.1)
                  102c3098    00000019                                                 : queue.obj (.rodata.str1.2948272999977107176.1)
                  102c30b1    00000019                                                 : queue.obj (.rodata.str1.3468573994310079257.1)
                  102c30ca    00000018                                                 : tasks.obj (.rodata.str1.13344916649340266805.1)
                  102c30e2    00000018     drivers.awr294x.r5f.ti-arm-clang.debug.lib : soc_rcm.obj (.rodata.str1.15698070000904087989.1)
                  102c30fa    00000018     freertos.awr294x.r5f.ti-arm-clang.debug.lib : tasks.obj (.rodata.str1.15740406556629270602.1)
                  102c3112    00000018                                                 : queue.obj (.rodata.str1.18236504432714223226.1)
                  102c312a    00000018     ti_drivers_config.o (.rodata.str1.2211846465855763212.1)
                  102c3142    00000018     freertos.awr294x.r5f.ti-arm-clang.debug.lib : queue.obj (.rodata.str1.4783428148027574403.1)
                  102c315a    00000018                                                 : tasks.obj (.rodata.str1.4810192888527840656.1)
                  102c3172    00000018     drivers.awr294x.r5f.ti-arm-clang.debug.lib : ipc_notify_v1_cfg.obj (.rodata.str1.516174688186082407.1)
                  102c318a    00000018                                                : soc_rcm.obj (.rodata.str1.5644146021439259721.1)
                  102c31a2    00000018                                                : soc_rcm.obj (.rodata.str1.8734959275723459859.1)
                  102c31ba    00000017                                                : soc_rcm.obj (.rodata.str1.1263028196474875090.1)
                  102c31d1    00000017     freertos.awr294x.r5f.ti-arm-clang.debug.lib : tasks.obj (.rodata.str1.1416243454897364710.1)
                  102c31e8    00000017     drivers.awr294x.r5f.ti-arm-clang.debug.lib : soc_rcm.obj (.rodata.str1.17538818475614418282.1)
                  102c31ff    00000017     freertos.awr294x.r5f.ti-arm-clang.debug.lib : timers.obj (.rodata.str1.18265711717753411804.1)
                  102c3216    00000017                                                 : timers.obj (.rodata.str1.2312973347762327973.1)
                  102c322d    00000001     --HOLE-- [fill = 0]
                  102c322e    00000016     drivers.awr294x.r5f.ti-arm-clang.debug.lib : soc_rcm.obj (.rodata.gSocRcmPllCoreOut2HSDivClkSrcValMap)
                  102c3244    00000016                                                : soc_rcm.obj (.rodata.gSocRcmPllDspOut1HSDivClkSrcValMap)
                  102c325a    00000016                                                : soc_rcm.obj (.rodata.gSocRcmPllDspOut2HSDivClkSrcValMap)
                  102c3270    00000016                                                : soc_rcm.obj (.rodata.gSocRcmPllPerOut1HSDivClkSrcValMap)
                  102c3286    00000016     freertos.awr294x.r5f.ti-arm-clang.debug.lib : tasks.obj (.rodata.str1.12915494234774218437.1)
                  102c329c    00000016     main.o (.rodata.str1.15159059442110792349.1)
                  102c32b2    00000016     drivers.awr294x.r5f.ti-arm-clang.debug.lib : ipc_rpmsg.obj (.rodata.str1.16486853128403771656.1)
                  102c32c8    00000016                                                : soc_rcm.obj (.rodata.str1.18101715471844446405.1)
                  102c32de    00000016     freertos.awr294x.r5f.ti-arm-clang.debug.lib : timers.obj (.rodata.str1.1863766670952869147.1)
                  102c32f4    00000016                                                 : tasks.obj (.rodata.str1.2834791214610268086.1)
                  102c330a    00000016     drivers.awr294x.r5f.ti-arm-clang.debug.lib : soc_rcm.obj (.rodata.str1.503491203257075565.1)
                  102c3320    00000016                                                : soc_rcm.obj (.rodata.str1.6958094397977218529.1)
                  102c3336    00000015                                                : ipc_rpmsg_vring.obj (.rodata.str1.10951797515982497648.1)
                  102c334b    00000015     freertos.awr294x.r5f.ti-arm-clang.debug.lib : tasks.obj (.rodata.str1.1179690219950103224.1)
                  102c3360    00000015                                                 : timers.obj (.rodata.str1.1862016452340430421.1)
                  102c3375    00000015     drivers.awr294x.r5f.ti-arm-clang.debug.lib : ipc_notify_v1.obj (.rodata.str1.2749849238461102323.1)
                  102c338a    00000015     freertos.awr294x.r5f.ti-arm-clang.debug.lib : tasks.obj (.rodata.str1.3834493932173273458.1)
                  102c339f    00000015                                                 : queue.obj (.rodata.str1.733373753318541697.1)
                  102c33b4    00000014     drivers.awr294x.r5f.ti-arm-clang.debug.lib : soc_rcm.obj (.rodata.str1.11890050604266936394.1)
                  102c33c8    00000014     freertos.awr294x.r5f.ti-arm-clang.debug.lib : timers.obj (.rodata.str1.12862578983123979947.1)
                  102c33dc    00000014                                                 : tasks.obj (.rodata.str1.1590280515097235757.1)
                  102c33f0    00000014     drivers.awr294x.r5f.ti-arm-clang.debug.lib : ipc_rpmsg.obj (.rodata.str1.168554633486331424.1)
                  102c3404    00000014                                                : ipc_notify_v1.obj (.rodata.str1.17722115868992979254.1)
                  102c3418    00000014     freertos.awr294x.r5f.ti-arm-clang.debug.lib : timers.obj (.rodata.str1.2835172901334304404.1)
                  102c342c    00000014                                                 : queue.obj (.rodata.str1.3905706667075460799.1)
                  102c3440    00000014     drivers.awr294x.r5f.ti-arm-clang.debug.lib : ipc_notify_v1.obj (.rodata.str1.5235938544388580736.1)
[...]
102bf201  xQueueTakeMutexRecursive             
102bc841  xTaskCheckForTimeOut                 
102bc751  xTaskCreateStatic                    
102c17c1  xTaskGetCurrentTaskHandle            
102c0761  xTaskGetIdleTaskHandle               
102c0af1  xTaskGetSchedulerState               
102c1561  xTaskGetTickCount                    
102b9671  xTaskIncrementTick                   
102bc251  xTaskPriorityDisinherit              
102bc031  xTaskPriorityInherit                 
102bcb11  xTaskRemoveFromEventList             
102ba341  xTaskResumeAll                       
102be241  xTimerCreateTimerTask                
102bd881  xTimerGenericCommand                 


GLOBAL SYMBOLS: SORTED BY Symbol Address 

address   name                                 
-------   ----                                 
00000000  __TI_ATRegion0_region_sz             
00000000  __TI_ATRegion0_src_addr              
00000000  __TI_ATRegion0_trg_addr              
00000000  __TI_ATRegion1_region_sz             
00000000  __TI_ATRegion1_src_addr              
00000000  __TI_ATRegion1_trg_addr              
00000000  __TI_ATRegion2_region_sz             
00000000  __TI_ATRegion2_src_addr              
00000000  __TI_ATRegion2_trg_addr              
00000000  __TI_static_base__                   
00000000  _vectors                             
00000100  __ABORT_STACK_SIZE                   
00000100  __FIQ_STACK_SIZE                     
00000100  __IRQ_STACK_SIZE                     
00000100  __UNDEFINED_STACK_SIZE               
00001000  __SVC_STACK_SIZE                     
00004000  __STACK_SIZE                         
00008000  __SYSMEM_SIZE                        
102a0000  __BSS_START                          
102a0000  gMainTaskStack                       
102a4000  gHwiCtrl                             
102a6008  gIpcRpmsgCtrl                        
102a6db8  _CIOBUF_                             
102a6db8  __CIOBUF_                            
102a6fd8  xQueueRegistry                       
102a7258  __TI_tmpnams                         
102a72f8  gTaskP_ctrl                          
102a7548  gMainTaskObj                         
102a7624  gRovDummyQueue                       
102a7678  gClockCtrl                           
102a773c  parmbuf                              
102a775c  gMainTask                            
102a7760  __BSS_END                            
102a7760  _sys_memory                          
102af760  __stack                              
102b3760  __STACK_END                          
102b3760  __TI_scanfi                          
102b4a88  C$$EXIT                              
102b4a88  HOSTexit                             
102b54c4  __aeabi_errno_addr                   
102b59f1  IpcNotify_init                       
102b5f08  strtod                               
102b5f08  strtold                              
102b63dc  __aeabi_idiv0                        
102b6858  __TI_printfi_minimal                 
102b6c34  __aeabi_memclr                       
102b6c34  __aeabi_memclr4                      
102b6c34  __aeabi_memclr8                      
102b6c40  strcmp                               
102b7341  IpcNotify_isr                        
102b767c  strtoll                              
102b78f8  strtoull                             
102b7d81  xQueueSemaphoreTake                  
102b7fbc  __aeabi_ldiv0                        
102b7fc1  xQueueGenericSend                    
102b81e8  __aeabi_memcpy                       
102b81e8  __aeabi_memcpy4                      
102b81e8  __aeabi_memcpy8                      
102b81ec  _nop                                 
102b81f1  SOC_controlModuleUnlockMMR           
102b83fc  fseek                                
102b8401  RPMessage_send                       
102b8600  strtol                               
102b87f8  strtoul                              
102b89e4  malloc                               
102b89f1  xQueueReceive                        
102b8bd1  TimerP_setup                         
102b8da8  __aeabi_uidiv                        
102b8da8  __udivsi3                            
102b8f78  remove                               
102b9151  SOC_controlModuleLockMMR             
102b9311  RPMessage_recv                       
102b94c0  free                                 
102b9671  xTaskIncrementTick                   
102b9818  aligned_alloc                        
102b9818  memalign                             
102b99c1  RPMessage_init                       
102b9d01  ClockP_init                          
102b9e91  vTaskSwitchContext                   
102ba021  xQueueGenericSendFromISR             
102ba1b1  RPMessage_vringResetInternal         
102ba341  xTaskResumeAll                       
102ba4c1  RPMessage_recvHandler                
102ba641  xQueueGiveFromISR                    
102ba7a1  IpcNotify_sendMsg                    
102ba901  IpcNotify_trigInterrupt_ack          
102baa61  vTaskPriorityDisinheritAfterTimeout  
102babb8  ldexp                                
102babb8  ldexpl                               
102babb8  scalbn                               
102babb8  scalbnl                              
102bae61  xQueueGenericCreateStatic            
102bb0f8  setvbuf                              
102bb241  IpcNotify_trigInterrupt              
102bb381  xQueueReceiveFromISR                 
102bb601  RPMessage_vringReset                 
102bb741  pxPortInitialiseStack                
102bb871  eTaskGetState                        
102bbab1  TaskP_loadUpdateAll                  
102bbbc8  __udivmoddi4                         
102bbce1  empty_main                           
102bc031  xTaskPriorityInherit                 
102bc141  vTaskDelete                          
102bc251  xTaskPriorityDisinherit              
102bc471  RPMessage_vringPutFullTxBuf          
102bc564  fputc                                
102bc661  vTaskStartScheduler                  
102bc751  xTaskCreateStatic                    
102bc841  xTaskCheckForTimeOut                 
102bca21  vTaskGetInfo                         
102bcb11  xTaskRemoveFromEventList             
102bcbf1  RPMessage_vringGetFullRxBuf          
102bcf71  System_init                          
102bd051  RPMessage_construct                  
102bd2e1  RPMessage_vringPutEmptyRxBuf         
102bd491  RPMessage_vringGetEmptyTxBuf         
102bd558  getdevice                            
102bd621  RPMessage_coreInit                   
102bd6f1  IpcNotify_readAckCallback            
102bd881  xTimerGenericCommand                 
102bd941  xQueueGenericReset                   
102bd9f8  fseeko                               
102bdb71  SOC_rcmSetPeripheralClock            
102bdc20  __TI_closefile                       
102bdd81  SemaphoreP_constructBinary           
102be0f1  CycleCounterP_init                   
102be111  CycleCounterP_reset                  
102be161  CycleCounterP_nsToTicks              
102be241  xTimerCreateTimerTask                
102be444  HOSTrename                           
102be590  __TI_wrt_ok                          
102be62c  HOSTlseek                            
102be6d1  IpcNotify_registerClient             
102be768  HOSTopen                             
102be801  IpcNotify_Params_init                
102be8a1  _DebugP_logZone                      
102be9d0  close                                
102bea61  main                                 
102beaec  __TI_doflush                         
102beb81  RPMessage_Params_init                
102bec11  RPMessage_getEndPtMsg                
102bedb8  HOSTread                             
102bee3c  HOSTwrite                            
102beec1  RPMessage_notifyCallback             
102befe1  SemaphoreP_pend                      
102bf071  _DebugP_assert                       
102bf181  ClockP_getTimeUsec                   
102bf201  xQueueTakeMutexRecursive             
102bf301  xQueueGiveMutexRecursive             
102bf37c  snprintf                             
102bf401  RPMessage_vringIsFullRxBuf           
102bf501  SemaphoreP_constructMutex            
102bf5e0  HOSTunlink                           
102bf651  vListInsert                          
102bf6bc  atoi                                 
102bf731  RPMessage_controlEndPtHandler        
102bf7a1  vApplicationLoadHook                 
102bf811  vQueueWaitForMessageRestricted       
102bf8f1  SemaphoreP_post                      
102bf961  vTaskPlaceOnEventListRestricted      
102bf9c4  HOSTclose                            
102bfa31  RPMessage_vringCheckEmptyTxBuf       
102bfa91  Module_clockSetFrequency             
102bfb4c  __TI_cleanup                         
102bfba4  __TI_readmsg                         
102bfbfc  __TI_writemsg                        
102bfc48  C$$IO$$                              
102bfcb1  IpcNotify_getMemoryToWrite           
102bfd64  exit                                 
102bfdb8  finddevice                           
102bfe0c  __TI_auto_init_nobinit_nopinit       
102bfe61  Pinmux_config                        
102bfec1  RPMessage_allocEndPtMsg              
102bff81  vQueueAddToRegistry                  
102bffe1  vTaskPlaceOnEventList                
102c0041  IpcNotify_getMemoryToRead            
102c00e1  IpcNotify_unregisterClient           
102c0131  Module_clockEnable                   
102c017c  memccpy                              
102c01c8  sscanf                               
102c0308  unlink                               
102c0351  uxListRemove                         
102c03a1  RPMessage_freeEndPtMsg               
102c03f1  RPMessage_vringGetSize               
102c0441  vTaskExitCritical                    
102c0621  IpcNotify_allocSwQueue               
102c0761  xTaskGetIdleTaskHandle               
102c07b1  Dpl_init                             
102c08b1  SOC_rcmIsPadDisableRequired          
102c08f1  RPMessage_isLinuxCore                
102c0931  RPMessage_vringGetRxBufAddr          
102c0971  RPMessage_vringGetTxBufAddr          
102c09b1  RPMessage_vringGetTxBufLen           
102c0a71  vListInsertEnd                       
102c0af1  xTaskGetSchedulerState               
102c0b31  IpcNotify_syncCallback               
102c0b71  RPMessage_controlEndPtInit           
102c0bf1  TimerP_Params_init                   
102c0c58  lseek                                
102c0c91  vPortTimerTickHandler                
102c0cc4  write                                
102c0d01  ClockP_timerTickIsr                  
102c0dc1  TimerP_getCount                      
102c0e01  vApplicationStackOverflowHook        
102c0e41  vTaskEnterCritical                   
102c0e81  xQueueCreateMutexStatic              
102c0f20  CycleCounterP_getCount32             
102c0f28  PmuP_setup                           
102c0f30  PmuP_enableCounters                  
102c0f38  PmuP_disableCounters                 
102c0f40  PmuP_getOverflowStatus               
102c0f48  PmuP_clearOverflowStatus             
102c1011  vListInitialise                      
102c1041  DebugP_logZoneEnable                 
102c1071  Pinmux_init                          
102c10d1  SOC_rcmGetR5Clock                    
102c1191  pvTaskIncrementMutexHeldCount        
102c11c1  vApplicationGetIdleTaskMemory        
102c11f1  vApplicationGetTimerTaskMemory       
102c1221  IpcNotify_isCoreEnabled              
102c1251  RPMessage_putEndPtMsg                
102c1281  IpcNotify_syncCustomIpcConfig        
102c1311  vprintf_                             
102c1341  freertos_main                        
102c13a1  IpcNotify_getConfig                  
102c13c4  __aeabi_uldivmod                     
102c1421  vTaskInternalSetTimeOutState         
102c1481  ClockP_usecToTicks                   
102c14a1  IpcNotify_wait                       
102c14c1  RPMessage_CreateParams_init          
102c14e1  vPortFree                            
102c1501  SOC_moduleSetClockFrequency          
102c1541  xPortStartScheduler                  
102c1561  xTaskGetTickCount                    
102c15d4  strlen                               
102c1611  vPortYeildFromISR                    
102c162c  TI_memcpy_small                      
102c1691  TimerP_getReloadCount                
102c16a8  TI_memset_small                      
102c16e1  SOC_getSelfCpuClk                    
102c1701  TimerP_start                         
102c1721  TimerP_stop                          
102c1781  TimerP_clearOverflowInt              
102c17a1  putchar_                             
102c17c1  xTaskGetCurrentTaskHandle            
102c1801  uiPortGetRunTimeCounterValue         
102c1841  ClockP_getTimerCount                 
102c1851  ClockP_timerClearOverflowInt         
102c1871  SOC_moduleClockEnable                
102c1880  __aeabi_memset                       
102c1880  __aeabi_memset4                      
102c1880  __aeabi_memset8                      
102c18b0  putchar                              
102c18c1  vTaskSuspendAll                      
102c18d1  IpcNotify_isCustomIpcConfigEnabled   
102c18e1  vListInitialiseItem                  
102c18f1  vTaskMissedYield                     
102c1901  Board_driversOpen                    
102c1911  IpcNotify_getSelfCoreId              
102c1921  PowerClock_init                      
102c1981  vApplicationIdleHook                 
102c19a1  ClockP_getTicks                      
102c19e1  Board_init                           
102c19f1  Drivers_open                         
102c1a01  vPortConfigTimerForRunTimeStats      
102c1a11  vPortValidateInterruptPriority       
102c1bb0  __aeabi_ctype_table_                 
102c1bb0  __aeabi_ctype_table_C                
102c1f28  gCacheConfig                         
102c1f30  gMpuConfig                           
102c1f3c  gMpuRegionConfig                     
102c370c  gCacheL1dCacheLineSize               
102c3710  gCacheL1pCacheLineSize               
102c3720  uxTopUsedPriority                    
102c3731  HwiP_irq_handler_c                   
102c3871  HwiP_fiq_handler                     
102c39e1  HwiP_reserved_handler                
102c3a21  HwiP_user_undefined_handler_c        
102c3a61  HwiP_undefined_handler_c             
102c3aa1  HwiP_user_prefetch_abort_handler_c   
102c3b01  HwiP_prefetch_abort_handler_c        
102c3bd1  HwiP_user_data_abort_handler_c       
102c3c41  HwiP_data_abort_handler_c            
102c3d21  HwiP_enableInt                       
102c3d61  HwiP_disableInt                      
102c3dc1  HwiP_restoreInt                      
102c3df1  HwiP_clearInt                        
102c3e31  HwiP_post                            
102c3e71  HwiP_Params_init                     
102c3ea1  HwiP_construct                       
102c40a1  HwiP_destruct                        
102c4111  HwiP_init                            
102c42c1  HwiP_inISR                           
102c42e8  vPortRestoreTaskContext              
102c4320  HwiP_svc_handler                     
102c4390  HwiP_irq_handler                     
102c44d4  HwiP_data_abort_handler              
102c4518  HwiP_prefetch_abort_handler          
102c4548  HwiP_undefined_handler               
102c4590  GET_DFSR                             
102c4598  GET_ADFSR                            
102c45a0  GET_DFAR                             
102c45a8  GET_IFSR                             
102c45b0  GET_AIFSR                            
102c45b8  GET_IFAR                             
102c45c0  GET_SPSR                             
102c45d4  HwiP_disable                         
102c45e4  HwiP_disableFIQ                      
102c45f4  HwiP_enable                          
102c4604  HwiP_enableFIQ                       
102c4614  HwiP_restore                         
102c461c  HwiP_enableVIC                       
102c462c  HwiP_disableVIC                      
102c463c  HwiP_getCPSR                         
102c4650  CacheP_disableL1d                    
102c4678  CacheP_disableL1p                    
102c4690  CacheP_enableL1d                     
102c46a8  CacheP_enableL1p                     
102c46c0  CacheP_invL1d                        
102c46f8  CacheP_invL1p                        
102c4734  CacheP_invL1dAll                     
102c473c  CacheP_invL1pAll                     
102c4744  CacheP_wb                            
102c4780  CacheP_wbInv                         
102c47bc  CacheP_wbAll                         
102c4864  CacheP_wbInvAll                      
102c487c  CacheP_wbInvAllAsm                   
102c491c  CacheP_getEnabled                    
102c4954  CacheP_getCacheLevelInfo             
102c4960  CacheP_configForceWrThru             
102c4980  CacheP_setDLFO                       
102c4991  CacheP_init                          
102c4a21  CacheP_disable                       
102c4a71  CacheP_enable                        
102c4ab1  CacheP_inv                           
102c4af1  MpuP_RegionAttrs_init                
102c4b21  MpuP_setRegion                       
102c4c11  MpuP_isEnable                        
102c4c21  MpuP_disable                         
102c4c61  MpuP_enable                          
102c4ca1  MpuP_init                            
102c4d38  MpuP_disableAsm                      
102c4d50  MpuP_disableBRAsm                    
102c4d60  MpuP_enableAsm                       
102c4d78  MpuP_enableBRAsm                     
102c4d88  MpuP_isEnableAsm                     
102c4d9c  MpuP_setRegionAsm                    
102c4db0  _c_int00_sbl                         
102c4dd4  _c_int00                             
102c4eb1  _DebugP_assertNoLog                  
102c4ee1  _system_pre_init                     
102c4f11  __mpu_init                           
102c4f20  abort                                
102c4f28  gIpcNotifyMailboxConfig              
102c50e8  gIpcNotifyCtrl                       
102c51e4  _ftable                              
102c5354  _device                              
102c53cc  gIpcNotifyInterruptConfig_r5fss0_1   
102c543c  _stream                              
102c54c4  gClockConfig                         
102c54dc  gIpcNotifyCoreIntrBitPos             
102c54ec  gSocModulesClockFrequency            
102c54f8  __TI_cleanup_ptr                     
102c54fc  __TI_dtors_ptr                       
102c5510  FreeRTOS_errno                       
102c5514  __TI_ft_end                          
102c5518  __aeabi_errno                        
102c551c  _lock                                
102c5520  _unlock                              
102c5528  gDebugLogZone                        
102c552c  gHwiConfig                           
102c5530  gIpcNotifyInterruptConfigNum_r5fss0_1
102c5534  gSocModules                          
102c553c  pxCurrentTCB                         
102c5540  ulPortInterruptNesting               
102c5544  ulPortSchedularRunning               
102c5548  ulPortTaskHasFPUContext              
102c554c  ulPortYieldRequired                  
102c55a0  __IRQ_STACK_START                    
102c56a0  __FIQ_STACK_START                    
102c56a0  __IRQ_STACK_END                      
102c57a0  __FIQ_STACK_END                      
102c57a0  __SVC_STACK_START                    
102c67a0  __ABORT_STACK_START                  
102c67a0  __SVC_STACK_END                      
102c68a0  __ABORT_STACK_END                    
102c68a0  __UNDEFINED_STACK_START              
102c69a0  __UNDEFINED_STACK_END                
c5000200  gIpcSharedMem                        
ffffffff  __TI_pprof_out_hndl                  
ffffffff  __TI_prof_data_size                  
ffffffff  __TI_prof_data_start                 
ffffffff  __binit__                            
ffffffff  binit                                
UNDEFED   __TI_CINIT_Base                      
UNDEFED   __TI_CINIT_Limit                     
UNDEFED   __TI_Handler_Table_Base              
UNDEFED   __TI_Handler_Table_Limit             
UNDEFED   _system_post_cinit                   

[399 symbols]
