******************************************************************************
            TI ARM Clang Linker PC v4.0.3                      
******************************************************************************
>> Linked Wed Oct  1 15:38:28 2025

OUTPUT FILE NAME:   <empty_awr294x-evm_r5fss0-1_freertos_ti-arm-clang.out>
ENTRY POINT SYMBOL: "_vectors"  address: 00000000


MEMORY CONFIGURATION

         name            origin    length      used     unused   attr    fill
----------------------  --------  ---------  --------  --------  ----  --------
  R5F_VECS              00000000   00000040  00000040  00000000  RWIX
  R5F_TCMA              00000040   00003fc0  00000000  00003fc0  RWIX
  R5F_TCMB              00080000   00004000  00000000  00004000  RWIX
  MSS_L2                102a0000   00040000  00026158  00019ea8  RWIX
  USER_SHM_MEM          102e8000   00004000  00000000  00004000  RWIX
  LOG_SHM_MEM           102ec000   00004000  00000000  00004000  RWIX
  MAILBOX_HSM           44000000   000003ce  00000000  000003ce  RWIX
  MAILBOX_R5F           44000400   000003ce  00000000  000003ce  RWIX
  DSS_L3                88000000   00200000  00000000  00200000  RWIX
  RTOS_NORTOS_IPC_SHM_M c5000200   00001d40  000012c0  00000a80  RWIX


SEGMENT ALLOCATION MAP

run origin  load origin   length   init length attrs members
----------  ----------- ---------- ----------- ----- -------
00000000    00000000    00000040   00000040    r-x
  00000000    00000000    00000040   00000040    r-x .vectors
102a0000    102a0000    00013600   00000000    rw-
  102a0000    102a0000    00007600   00000000    rw- .bss
  102a7600    102a7600    00008000   00000000    rw- .sysmem
  102af600    102af600    00004000   00000000    rw- .stack
102b3600    102b3600    000110e8   000110e8    r-x
  102b3600    102b3600    0000dc60   0000dc60    r-x .text
  102c1260    102c1260    00001c90   00001c90    r-- .rodata
  102c2ef0    102c2ef0    00000f20   00000f20    r-x .text.hwi
  102c3e10    102c3e10    000004a0   000004a0    r-x .text.cache
  102c42b0    102c42b0    000002c0   000002c0    r-x .text.mpu
  102c4570    102c4570    00000170   00000170    r-x .text.boot
  102c46e0    102c46e0    00000008   00000008    r-x .text:abort
102c46e8    102c46e8    00001a70   00000670    rw-
  102c46e8    102c46e8    00000670   00000670    rw- .data
  102c4d58    102c4d58    00000100   00000000    rw- .irqstack
  102c4e58    102c4e58    00000100   00000000    rw- .fiqstack
  102c4f58    102c4f58    00001000   00000000    rw- .svcstack
  102c5f58    102c5f58    00000100   00000000    rw- .abortstack
  102c6058    102c6058    00000100   00000000    rw- .undefinedstack


SECTION ALLOCATION MAP

 output                                  attributes/
section   page    origin      length       input sections
--------  ----  ----------  ----------   ----------------
.vectors   0    00000000    00000040     
                  00000000    00000040     freertos.awr294x.r5f.ti-arm-clang.debug.lib : HwiP_armv7r_vectors_freertos_asm.obj (.vectors)

.bss       0    102a0000    00007600     UNINITIALIZED
                  102a0000    00004000     (.common:gMainTaskStack)
                  102a4000    00001008     (.common:gHwiCtrl)
                  102a5008    00001000     freertos.awr294x.r5f.ti-arm-clang.debug.lib : port.obj (.bss.uxIdleTaskStack)
                  102a6008    00000730     (.common:gIpcRpmsgCtrl)
                  102a6738    00000400                                                 : port.obj (.bss.uxTimerTaskStack)
                  102a6b38    00000280                                                 : tasks.obj (.bss.pxReadyTasksLists)
                  102a6db8    00000120     libsysbm.a : trgmsg.c.obj (.bss:_CIOBUF_)
                  102a6ed8    00000100     freertos.awr294x.r5f.ti-arm-clang.debug.lib : timers.obj (.bss.prvCheckForValidListAndQueue.ucStaticTimerQueueStorage)
                  102a6fd8    00000100     (.common:xQueueRegistry)
                  102a70d8    000000a0     libc.a : defs.c.obj (.bss.__TI_tmpnams)
                  102a7178    000000a0     (.common:gTaskP_ctrl)
                  102a7218    00000098     freertos.awr294x.r5f.ti-arm-clang.debug.lib : DebugP_freertos.obj (.bss.gDebugLogLockObj)
                  102a72b0    0000008c                                                 : port.obj (.bss.xIdleTaskTCB)
                  102a733c    0000008c                                                 : port.obj (.bss.xTimerTaskTCB)
                  102a73c8    0000008c     (.common:gMainTaskObj)
                  102a7454    00000050                                                 : timers.obj (.bss.prvCheckForValidListAndQueue.xStaticTimerQueue)
                  102a74a4    00000050     (.common:gRovDummyQueue)
                  102a74f4    00000004     empty.o (.bss.gMsgObj)
                  102a74f8    00000038     (.common:gClockCtrl)
                  102a7530    00000014     freertos.awr294x.r5f.ti-arm-clang.debug.lib : timers.obj (.bss.xActiveTimerList1)
                  102a7544    00000014                                                 : timers.obj (.bss.xActiveTimerList2)
                  102a7558    00000014                                                 : tasks.obj (.bss.xDelayedTaskList1)
                  102a756c    00000014                                                 : tasks.obj (.bss.xDelayedTaskList2)
                  102a7580    00000014                                                 : tasks.obj (.bss.xPendingReadyList)
                  102a7594    00000014                                                 : tasks.obj (.bss.xSuspendedTaskList)
                  102a75a8    00000014                                                 : tasks.obj (.bss.xTasksWaitingTermination)
                  102a75bc    00000008     libsysbm.a : hostopen.c.obj (.bss.parmbuf)
                  102a75c4    00000004     empty.o (.bss.gMyEndPt)
                  102a75c8    00000004     freertos.awr294x.r5f.ti-arm-clang.debug.lib : HwiP_armv7r_handlers_freertos.obj (.bss.gdummy)
                  102a75cc    00000004                                                 : HwiP_armv7r_vim.obj (.bss.gdummy)
                  102a75d0    00000004                                                 : timers.obj (.bss.pxCurrentTimerList)
                  102a75d4    00000004                                                 : tasks.obj (.bss.pxDelayedTaskList)
                  102a75d8    00000004                                                 : tasks.obj (.bss.pxOverflowDelayedTaskList)
                  102a75dc    00000004                                                 : timers.obj (.bss.pxOverflowTimerList)
                  102a75e0    00000004     libc.a : memory.c.obj (.bss.sys_free)
                  102a75e4    00000004     (.common:gMainTask)
                  102a75e8    00000018     --HOLE--

.sysmem    0    102a7600    00008000     UNINITIALIZED
                  102a7600    00000010     libc.a : memory.c.obj (.sysmem)
                  102a7610    00007ff0     --HOLE--

.stack     0    102af600    00004000     UNINITIALIZED
                  102af600    00000004     freertos.awr294x.r5f.ti-arm-clang.debug.lib : boot_armv7r_asm.obj (.stack)
                  102af604    00003ffc     --HOLE--

.text      0    102b3600    0000dc60     
                  102b3600    00001328     libc.a : _scanfi.c.obj (.text.__TI_scanfi)
                  102b4928    00000008     libsysbm.a : hostexit.c.obj (.text.HOSTexit)
                  102b4930    00000a34     freertos.awr294x.r5f.ti-arm-clang.debug.lib : printf.obj (.text._vsnprintf)
                  102b5364    0000000c     libc.a : aeabi_portable.c.obj (.text.__aeabi_errno_addr)
                  102b5370    0000051e     freertos.awr294x.r5f.ti-arm-clang.debug.lib : printf.obj (.text._ftoa)
                  102b588e    00000002     --HOLE-- [fill = 0]
                  102b5890    00000518     drivers.awr294x.r5f.ti-arm-clang.debug.lib : ipc_notify_v1.obj (.text.IpcNotify_init)
                  102b5da8    000004d4     libc.a : strtod.c.obj (.text.strtod)
                  102b627c    00000004     libclang_rt.builtins.a : aeabi_div0.c.obj (.text.__aeabi_idiv0)
                  102b6280    00000478     freertos.awr294x.r5f.ti-arm-clang.debug.lib : printf.obj (.text._etoa)
                  102b66f8    00000004     libclang_rt.builtins.a : aeabi_div0.c.obj (.text.__aeabi_ldiv0)
                  102b66fc    00000004                            : aeabi_memcpy.S.obj (.text.__aeabi_memcpy)
                  102b6700    00000390     libc.a : strcmp32.S.obj (.text:strcmp)
                  102b6a90    00000370     drivers.awr294x.r5f.ti-arm-clang.debug.lib : soc_rcm.obj (.text.SOC_rcmGetClkSrcAndDivReg)
                  102b6e00    0000033c                                                : ipc_notify_v1.obj (.text.IpcNotify_isr)
                  102b713c    0000027c     libc.a : strtoll.c.obj (.text.strtoll)
                  102b73b8    00000248            : strtoull.c.obj (.text.strtoull)
                  102b7600    0000023e     freertos.awr294x.r5f.ti-arm-clang.debug.lib : printf.obj (.text._ntoa_format)
                  102b783e    00000002     --HOLE-- [fill = 0]
                  102b7840    0000023c                                                 : queue.obj (.text.xQueueSemaphoreTake)
                  102b7a7c    00000004     libc.a : _lock.c.obj (.text._nop)
                  102b7a80    00000226     freertos.awr294x.r5f.ti-arm-clang.debug.lib : queue.obj (.text.xQueueGenericSend)
                  102b7ca6    00000002     --HOLE-- [fill = 0]
                  102b7ca8    00000004     libc.a : fseek.c.obj (.text.fseek)
                  102b7cac    00000004     libsysbm.a : remove.c.obj (.text.remove)
                  102b7cb0    0000020c     drivers.awr294x.r5f.ti-arm-clang.debug.lib : soc.obj (.text.SOC_controlModuleUnlockMMR)
                  102b7ebc    00000004     --HOLE-- [fill = 0]
                  102b7ec0    00000200                                                : ipc_rpmsg.obj (.text.RPMessage_send)
                  102b80c0    000001f8     libc.a : strtol.c.obj (.text.strtol)
                  102b82b8    000001ec            : strtoul.c.obj (.text.strtoul)
                  102b84a4    0000000c     libclang_rt.builtins.a : aeabi_memset.S.obj (.text.__aeabi_memclr)
                  102b84b0    000001de     freertos.awr294x.r5f.ti-arm-clang.debug.lib : queue.obj (.text.xQueueReceive)
                  102b868e    00000002     --HOLE-- [fill = 0]
                  102b8690    000001d6                                                 : TimerP_rti.obj (.text.TimerP_setup)
                  102b8866    00000002     --HOLE-- [fill = 0]
                  102b8868    000001d0     libclang_rt.builtins.a : udivsi3.S.obj (.text.__udivsi3)
                  102b8a38    00000008     --HOLE-- [fill = 0]
                  102b8a40    000001c2     freertos.awr294x.r5f.ti-arm-clang.debug.lib : timers.obj (.text.prvProcessReceivedCommands)
                  102b8c02    00000002     --HOLE-- [fill = 0]
                  102b8c04    0000000c     libc.a : memory.c.obj (.text.malloc)
                  102b8c10    000001bc     drivers.awr294x.r5f.ti-arm-clang.debug.lib : soc.obj (.text.SOC_controlModuleLockMMR)
                  102b8dcc    00000004     --HOLE-- [fill = 0]
                  102b8dd0    000001ae                                                : ipc_rpmsg.obj (.text.RPMessage_recv)
                  102b8f7e    00000002     --HOLE-- [fill = 0]
                  102b8f80    000001a8     libc.a : memory.c.obj (.text.free)
                  102b9128    00000008     --HOLE-- [fill = 0]
                  102b9130    000001a6     freertos.awr294x.r5f.ti-arm-clang.debug.lib : tasks.obj (.text.xTaskIncrementTick)
                  102b92d6    00000002     --HOLE-- [fill = 0]
                  102b92d8    000001a4     libc.a : memory.c.obj (.text.aligned_alloc)
                  102b947c    00000004     --HOLE-- [fill = 0]
                  102b9480    00000194     drivers.awr294x.r5f.ti-arm-clang.debug.lib : ipc_rpmsg.obj (.text.RPMessage_init)
                  102b9614    0000000c     --HOLE-- [fill = 0]
                  102b9620    00000194                                                : soc_rcm.obj (.text.SOC_rcmGetHSDIVClkOutMuxClkSrc)
                  102b97b4    0000000c     --HOLE-- [fill = 0]
                  102b97c0    0000018e     freertos.awr294x.r5f.ti-arm-clang.debug.lib : ClockP_freertos_r5.obj (.text.ClockP_init)
                  102b994e    00000002     --HOLE-- [fill = 0]
                  102b9950    0000018a                                                 : tasks.obj (.text.vTaskSwitchContext)
                  102b9ada    00000006     --HOLE-- [fill = 0]
                  102b9ae0    00000188                                                 : queue.obj (.text.xQueueGenericSendFromISR)
                  102b9c68    00000008     --HOLE-- [fill = 0]
                  102b9c70    00000182     drivers.awr294x.r5f.ti-arm-clang.debug.lib : ipc_rpmsg_vring.obj (.text.RPMessage_vringResetInternal)
                  102b9df2    0000000e     --HOLE-- [fill = 0]
                  102b9e00    0000017e     freertos.awr294x.r5f.ti-arm-clang.debug.lib : tasks.obj (.text.xTaskResumeAll)
                  102b9f7e    00000002     --HOLE-- [fill = 0]
                  102b9f80    00000174     drivers.awr294x.r5f.ti-arm-clang.debug.lib : ipc_rpmsg.obj (.text.RPMessage_recvHandler)
                  102ba0f4    0000000c     --HOLE-- [fill = 0]
                  102ba100    0000015e     freertos.awr294x.r5f.ti-arm-clang.debug.lib : queue.obj (.text.xQueueGiveFromISR)
                  102ba25e    00000002     --HOLE-- [fill = 0]
                  102ba260    00000156     drivers.awr294x.r5f.ti-arm-clang.debug.lib : ipc_notify_v1.obj (.text.IpcNotify_sendMsg)
                  102ba3b6    0000000a     --HOLE-- [fill = 0]
                  102ba3c0    00000154                                                : ipc_notify_v1_cfg.obj (.text.IpcNotify_trigInterrupt_ack)
                  102ba514    0000000c     --HOLE-- [fill = 0]
                  102ba520    00000152     freertos.awr294x.r5f.ti-arm-clang.debug.lib : tasks.obj (.text.vTaskPriorityDisinheritAfterTimeout)
                  102ba672    00000006     --HOLE-- [fill = 0]
                  102ba678    00000150     libc.a : s_scalbn.c.obj (.text.scalbn)
                  102ba7c8    00000008     --HOLE-- [fill = 0]
                  102ba7d0    0000014a     freertos.awr294x.r5f.ti-arm-clang.debug.lib : tasks.obj (.text.prvInitialiseNewTask)
                  102ba91a    00000006     --HOLE-- [fill = 0]
                  102ba920    0000014a                                                 : queue.obj (.text.xQueueGenericCreateStatic)
                  102baa6a    00000006     --HOLE-- [fill = 0]
                  102baa70    00000146     drivers.awr294x.r5f.ti-arm-clang.debug.lib : soc_rcm.obj (.text.SOC_rcmGetDpllHSDivOutFreq)
                  102babb6    00000002     --HOLE-- [fill = 0]
                  102babb8    00000144     libc.a : setvbuf.c.obj (.text.setvbuf)
                  102bacfc    00000004     --HOLE-- [fill = 0]
                  102bad00    0000013c     drivers.awr294x.r5f.ti-arm-clang.debug.lib : ipc_notify_v1_cfg.obj (.text.IpcNotify_trigInterrupt)
                  102bae3c    00000004     --HOLE-- [fill = 0]
                  102bae40    0000013a     freertos.awr294x.r5f.ti-arm-clang.debug.lib : queue.obj (.text.xQueueReceiveFromISR)
                  102baf7a    00000006     --HOLE-- [fill = 0]
                  102baf80    00000138                                                 : printf.obj (.text._ntoa_long_long)
                  102bb0b8    00000008     --HOLE-- [fill = 0]
                  102bb0c0    00000134     drivers.awr294x.r5f.ti-arm-clang.debug.lib : ipc_rpmsg_vring.obj (.text.RPMessage_vringReset)
                  102bb1f4    0000000c     --HOLE-- [fill = 0]
                  102bb200    00000128     freertos.awr294x.r5f.ti-arm-clang.debug.lib : port.obj (.text.pxPortInitialiseStack)
                  102bb328    00000008     --HOLE-- [fill = 0]
                  102bb330    00000120                                                 : tasks.obj (.text.eTaskGetState)
                  102bb450    0000011e     drivers.awr294x.r5f.ti-arm-clang.debug.lib : soc_rcm.obj (.text.SOC_rcmGetApllHSDivOutFreq)
                  102bb56e    00000002     --HOLE-- [fill = 0]
                  102bb570    00000118     freertos.awr294x.r5f.ti-arm-clang.debug.lib : TaskP_freertos.obj (.text.TaskP_loadUpdateAll)
                  102bb688    00000118     libclang_rt.builtins.a : udivmoddi4.S.obj (.text)
                  102bb7a0    00000114     freertos.awr294x.r5f.ti-arm-clang.debug.lib : printf.obj (.text._ntoa_long)
                  102bb8b4    0000000c     --HOLE-- [fill = 0]
                  102bb8c0    0000010e                                                 : tasks.obj (.text.prvAddNewTaskToReadyList)
                  102bb9ce    00000002     --HOLE-- [fill = 0]
                  102bb9d0    0000010e                                                 : tasks.obj (.text.xTaskPriorityInherit)
                  102bbade    00000002     --HOLE-- [fill = 0]
                  102bbae0    0000010a                                                 : tasks.obj (.text.vTaskDelete)
                  102bbbea    00000006     --HOLE-- [fill = 0]
                  102bbbf0    00000106                                                 : tasks.obj (.text.xTaskPriorityDisinherit)
                  102bbcf6    0000000a     --HOLE-- [fill = 0]
                  102bbd00    00000102     drivers.awr294x.r5f.ti-arm-clang.debug.lib : soc_rcm.obj (.text.SOC_rcmADPLLJGetFOut)
                  102bbe02    0000000e     --HOLE-- [fill = 0]
                  102bbe10    000000f2                                                : ipc_rpmsg_vring.obj (.text.RPMessage_vringPutFullTxBuf)
                  102bbf02    00000002     --HOLE-- [fill = 0]
                  102bbf04    000000f0     libc.a : fputc.c.obj (.text.fputc)
                  102bbff4    0000000c     --HOLE-- [fill = 0]
                  102bc000    000000ee     freertos.awr294x.r5f.ti-arm-clang.debug.lib : tasks.obj (.text.vTaskStartScheduler)
                  102bc0ee    00000002     --HOLE-- [fill = 0]
                  102bc0f0    000000ee                                                 : tasks.obj (.text.xTaskCreateStatic)
                  102bc1de    00000002     --HOLE-- [fill = 0]
                  102bc1e0    000000ec                                                 : tasks.obj (.text.xTaskCheckForTimeOut)
                  102bc2cc    00000004     --HOLE-- [fill = 0]
                  102bc2d0    000000e4                                                 : timers.obj (.text.prvSwitchTimerLists)
                  102bc3b4    0000000c     --HOLE-- [fill = 0]
                  102bc3c0    000000e2                                                 : tasks.obj (.text.vTaskGetInfo)
                  102bc4a2    0000000e     --HOLE-- [fill = 0]
                  102bc4b0    000000de                                                 : tasks.obj (.text.xTaskRemoveFromEventList)
                  102bc58e    00000002     --HOLE-- [fill = 0]
                  102bc590    000000dc     drivers.awr294x.r5f.ti-arm-clang.debug.lib : ipc_rpmsg_vring.obj (.text.RPMessage_vringGetFullRxBuf)
                  102bc66c    00000004     --HOLE-- [fill = 0]
                  102bc670    000000dc                                                : soc_rcm.obj (.text.SOC_rcmGetCoreFout)
                  102bc74c    00000004     --HOLE-- [fill = 0]
                  102bc750    000000dc                                                : soc_rcm.obj (.text.SOC_rcmGetDSSFout)
                  102bc82c    00000004     --HOLE-- [fill = 0]
                  102bc830    000000dc                                                : soc_rcm.obj (.text.SOC_rcmGetPerFout)
                  102bc90c    00000004     --HOLE-- [fill = 0]
                  102bc910    000000da     ti_drivers_config.o (.text.System_init)
                  102bc9ea    00000006     --HOLE-- [fill = 0]
                  102bc9f0    000000d4     drivers.awr294x.r5f.ti-arm-clang.debug.lib : ipc_rpmsg.obj (.text.RPMessage_construct)
                  102bcac4    000000d4     libc.a : sscanf.c.obj (.text._chkmbc)
                  102bcb98    00000008     --HOLE-- [fill = 0]
                  102bcba0    000000d4     freertos.awr294x.r5f.ti-arm-clang.debug.lib : tasks.obj (.text.prvAddCurrentTaskToDelayedList)
                  102bcc74    0000000c     --HOLE-- [fill = 0]
                  102bcc80    000000d2     drivers.awr294x.r5f.ti-arm-clang.debug.lib : ipc_rpmsg_vring.obj (.text.RPMessage_vringPutEmptyRxBuf)
                  102bcd52    0000000e     --HOLE-- [fill = 0]
                  102bcd60    000000cc     freertos.awr294x.r5f.ti-arm-clang.debug.lib : queue.obj (.text.prvCopyDataToQueue)
                  102bce2c    00000004     --HOLE-- [fill = 0]
                  102bce30    000000c8     drivers.awr294x.r5f.ti-arm-clang.debug.lib : ipc_rpmsg_vring.obj (.text.RPMessage_vringGetEmptyTxBuf)
                  102bcef8    000000c8     libc.a : getdevice.c.obj (.text.getdevice)
                  102bcfc0    000000c6     drivers.awr294x.r5f.ti-arm-clang.debug.lib : ipc_rpmsg.obj (.text.RPMessage_coreInit)
                  102bd086    0000000a     --HOLE-- [fill = 0]
                  102bd090    000000c4                                                : ipc_notify_v1.obj (.text.IpcNotify_readAckCallback)
                  102bd154    0000000c     --HOLE-- [fill = 0]
                  102bd160    000000c0     freertos.awr294x.r5f.ti-arm-clang.debug.lib : printf.obj (.text._out_rev)
                  102bd220    000000c0                                                 : timers.obj (.text.xTimerGenericCommand)
                  102bd2e0    000000b6                                                 : queue.obj (.text.xQueueGenericReset)
                  102bd396    00000002     --HOLE-- [fill = 0]
                  102bd398    000000b4     libc.a : fseek.c.obj (.text.fseeko)
                  102bd44c    00000004     --HOLE-- [fill = 0]
                  102bd450    000000b2     drivers.awr294x.r5f.ti-arm-clang.debug.lib : soc_rcm.obj (.text.SOC_rcmGetXTALFrequency)
                  102bd502    0000000e     --HOLE-- [fill = 0]
                  102bd510    000000b0                                                : soc_rcm.obj (.text.SOC_rcmSetPeripheralClock)
                  102bd5c0    000000b0     libc.a : fclose.c.obj (.text.__TI_closefile)
                  102bd670    000000ae     freertos.awr294x.r5f.ti-arm-clang.debug.lib : queue.obj (.text.prvUnlockQueue)
                  102bd71e    00000002     --HOLE-- [fill = 0]
                  102bd720    000000ac                                                 : SemaphoreP_freertos.obj (.text.SemaphoreP_constructBinary)
                  102bd7cc    00000004     --HOLE-- [fill = 0]
                  102bd7d0    000000aa     drivers.awr294x.r5f.ti-arm-clang.debug.lib : soc_rcm.obj (.text.SOC_rcmGetFreqLeafNode)
                  102bd87a    00000006     --HOLE-- [fill = 0]
                  102bd880    000000a8                                                : soc_rcm.obj (.text.SOC_rcmGetCoreHSDivOut)
                  102bd928    00000008     --HOLE-- [fill = 0]
                  102bd930    000000a8                                                : soc_rcm.obj (.text.SOC_rcmGetDSSHSDivOut)
                  102bd9d8    00000008     --HOLE-- [fill = 0]
                  102bd9e0    000000a8                                                : soc_rcm.obj (.text.SOC_rcmGetPerHSDivOut)
                  102bda88    00000008     --HOLE-- [fill = 0]
                  102bda90    000000a8     freertos.awr294x.r5f.ti-arm-clang.debug.lib : PmuP_armv7r.obj (.text.pmu)
                  102bdb38    000000a4     libc.a : memory.c.obj (.text.split)
                  102bdbdc    00000004     --HOLE-- [fill = 0]
                  102bdbe0    000000a4     freertos.awr294x.r5f.ti-arm-clang.debug.lib : timers.obj (.text.xTimerCreateTimerTask)
                  102bdc84    0000000c     --HOLE-- [fill = 0]
                  102bdc90    000000a2     drivers.awr294x.r5f.ti-arm-clang.debug.lib : ipc_notify_v1.obj (.text.IpcNotify_mailboxWrite)
                  102bdd32    0000000e     --HOLE-- [fill = 0]
                  102bdd40    000000a2     freertos.awr294x.r5f.ti-arm-clang.debug.lib : timers.obj (.text.prvCheckForValidListAndQueue)
                  102bdde2    00000002     --HOLE-- [fill = 0]
                  102bdde4    000000a0     libsysbm.a : hostrename.c.obj (.text.HOSTrename)
                  102bde84    0000000c     --HOLE-- [fill = 0]
                  102bde90    0000009e     freertos.awr294x.r5f.ti-arm-clang.debug.lib : timers.obj (.text.prvProcessExpiredTimer)
                  102bdf2e    00000002     --HOLE-- [fill = 0]
                  102bdf30    0000009c     libc.a : _io_perm.c.obj (.text.__TI_wrt_ok)
                  102bdfcc    00000098     libsysbm.a : hostlseek.c.obj (.text.HOSTlseek)
                  102be064    0000000c     --HOLE-- [fill = 0]
                  102be070    00000098     drivers.awr294x.r5f.ti-arm-clang.debug.lib : ipc_notify_v1.obj (.text.IpcNotify_registerClient)
                  102be108    00000094     libsysbm.a : hostopen.c.obj (.text.HOSTopen)
                  102be19c    00000004     --HOLE-- [fill = 0]
                  102be1a0    00000094     drivers.awr294x.r5f.ti-arm-clang.debug.lib : ipc_notify_v1.obj (.text.IpcNotify_Params_init)
                  102be234    0000000c     --HOLE-- [fill = 0]
                  102be240    00000092     freertos.awr294x.r5f.ti-arm-clang.debug.lib : DebugP_freertos.obj (.text._DebugP_logZone)
                  102be2d2    0000000e     --HOLE-- [fill = 0]
                  102be2e0    0000008e                                                 : tasks.obj (.text.prvInitialiseTaskLists)
                  102be36e    00000002     --HOLE-- [fill = 0]
                  102be370    0000008c     libsysbm.a : close.c.obj (.text.close)
                  102be3fc    00000004     --HOLE-- [fill = 0]
                  102be400    0000008c     main.o (.text.main)
                  102be48c    00000088     libc.a : fflush.c.obj (.text.__TI_doflush)
                  102be514    0000000c     --HOLE-- [fill = 0]
                  102be520    00000086     drivers.awr294x.r5f.ti-arm-clang.debug.lib : ipc_rpmsg.obj (.text.RPMessage_Params_init)
                  102be5a6    0000000a     --HOLE-- [fill = 0]
                  102be5b0    00000086                                                : ipc_rpmsg.obj (.text.RPMessage_getEndPtMsg)
                  102be636    0000000a     --HOLE-- [fill = 0]
                  102be640    00000086     freertos.awr294x.r5f.ti-arm-clang.debug.lib : timers.obj (.text.prvInsertTimerInActiveList)
                  102be6c6    0000000a     --HOLE-- [fill = 0]
                  102be6d0    00000086                                                 : timers.obj (.text.prvProcessTimerOrBlockTask)
                  102be756    00000002     --HOLE-- [fill = 0]
                  102be758    00000084     libsysbm.a : hostread.c.obj (.text.HOSTread)
                  102be7dc    00000084                : hostwrite.c.obj (.text.HOSTwrite)
                  102be860    00000084     drivers.awr294x.r5f.ti-arm-clang.debug.lib : ipc_rpmsg.obj (.text.RPMessage_notifyCallback)
                  102be8e4    0000000c     --HOLE-- [fill = 0]
                  102be8f0    00000084     empty.o (.text.empty_main)
                  102be974    0000000c     --HOLE-- [fill = 0]
                  102be980    00000082     drivers.awr294x.r5f.ti-arm-clang.debug.lib : soc_rcm.obj (.text.SOC_rcmGetFreq)
                  102bea02    0000000e     --HOLE-- [fill = 0]
                  102bea10    00000082     freertos.awr294x.r5f.ti-arm-clang.debug.lib : SemaphoreP_freertos.obj (.text.SemaphoreP_pend)
                  102bea92    0000000e     --HOLE-- [fill = 0]
                  102beaa0    00000082                                                 : DebugP_log.obj (.text._DebugP_assert)
                  102beb22    0000000e     --HOLE-- [fill = 0]
                  102beb30    00000080     drivers.awr294x.r5f.ti-arm-clang.debug.lib : soc_rcm.obj (.text.SOC_rcmGetR5InFrequency)
                  102bebb0    0000007e     freertos.awr294x.r5f.ti-arm-clang.debug.lib : ClockP_freertos.obj (.text.ClockP_getTimeUsec)
                  102bec2e    00000002     --HOLE-- [fill = 0]
                  102bec30    0000007e                                                 : queue.obj (.text.xQueueTakeMutexRecursive)
                  102becae    00000002     --HOLE-- [fill = 0]
                  102becb0    0000007c     drivers.awr294x.r5f.ti-arm-clang.debug.lib : ipc_notify_v1.obj (.text.IpcNotify_mailboxReadSwQ)
                  102bed2c    00000004     --HOLE-- [fill = 0]
                  102bed30    0000007c     freertos.awr294x.r5f.ti-arm-clang.debug.lib : queue.obj (.text.xQueueGiveMutexRecursive)
                  102bedac    00000004     --HOLE-- [fill = 0]
                  102bedb0    00000076     drivers.awr294x.r5f.ti-arm-clang.debug.lib : ipc_rpmsg_vring.obj (.text.RPMessage_vringIsFullRxBuf)
                  102bee26    0000000a     --HOLE-- [fill = 0]
                  102bee30    00000072                                                : ipc_notify_v1.obj (.text.IpcNotify_makeMsg)
                  102beea2    0000000e     --HOLE-- [fill = 0]
                  102beeb0    0000006e     freertos.awr294x.r5f.ti-arm-clang.debug.lib : SemaphoreP_freertos.obj (.text.SemaphoreP_constructMutex)
                  102bef1e    00000002     --HOLE-- [fill = 0]
                  102bef20    0000006e                                                 : tasks.obj (.text.prvDeleteTCB)
                  102bef8e    00000002     --HOLE-- [fill = 0]
                  102bef90    0000006c     libsysbm.a : hostunlink.c.obj (.text.HOSTunlink)
                  102beffc    00000004     --HOLE-- [fill = 0]
                  102bf000    0000006a     freertos.awr294x.r5f.ti-arm-clang.debug.lib : list.obj (.text.vListInsert)
                  102bf06a    00000002     --HOLE-- [fill = 0]
                  102bf06c    00000068     libc.a : atoi.c.obj (.text.atoi)
                  102bf0d4    0000000c     --HOLE-- [fill = 0]
                  102bf0e0    00000064     drivers.awr294x.r5f.ti-arm-clang.debug.lib : ipc_rpmsg.obj (.text.RPMessage_controlEndPtHandler)
                  102bf144    0000000c     --HOLE-- [fill = 0]
                  102bf150    00000064     freertos.awr294x.r5f.ti-arm-clang.debug.lib : TaskP_freertos.obj (.text.vApplicationLoadHook)
                  102bf1b4    0000000c     --HOLE-- [fill = 0]
                  102bf1c0    00000064                                                 : queue.obj (.text.vQueueWaitForMessageRestricted)
                  102bf224    0000000c     --HOLE-- [fill = 0]
                  102bf230    00000062     drivers.awr294x.r5f.ti-arm-clang.debug.lib : soc_rcm.obj (.text.SOC_rcmInsert16)
                  102bf292    0000000e     --HOLE-- [fill = 0]
                  102bf2a0    00000062     freertos.awr294x.r5f.ti-arm-clang.debug.lib : SemaphoreP_freertos.obj (.text.SemaphoreP_post)
                  102bf302    0000000e     --HOLE-- [fill = 0]
                  102bf310    00000062                                                 : tasks.obj (.text.vTaskPlaceOnEventListRestricted)
                  102bf372    00000002     --HOLE-- [fill = 0]
                  102bf374    00000060     libsysbm.a : hostclose.c.obj (.text.HOSTclose)
                  102bf3d4    0000000c     --HOLE-- [fill = 0]
                  102bf3e0    0000005e     drivers.awr294x.r5f.ti-arm-clang.debug.lib : ipc_rpmsg_vring.obj (.text.RPMessage_vringCheckEmptyTxBuf)
                  102bf43e    00000002     --HOLE-- [fill = 0]
                  102bf440    0000005c     ti_power_clock_config.o (.text.Module_clockSetFrequency)
                  102bf49c    00000004     --HOLE-- [fill = 0]
                  102bf4a0    0000005a     freertos.awr294x.r5f.ti-arm-clang.debug.lib : tasks.obj (.text.prvCheckTasksWaitingTermination)
                  102bf4fa    00000002     --HOLE-- [fill = 0]
                  102bf4fc    00000058     libc.a : fopen.c.obj (.text.__TI_cleanup)
                  102bf554    00000058     libsysbm.a : trgmsg.c.obj (.text.__TI_readmsg)
                  102bf5ac    00000058                : trgmsg.c.obj (.text.__TI_writemsg)
                  102bf604    0000000c     --HOLE-- [fill = 0]
                  102bf610    00000054     drivers.awr294x.r5f.ti-arm-clang.debug.lib : ipc_notify_v1.obj (.text.IpcNotify_getMemoryToWrite)
                  102bf664    0000000c     --HOLE-- [fill = 0]
                  102bf670    00000054                                                : soc_rcm.obj (.text.SOC_rcmGetModuleClkDivVal)
                  102bf6c4    00000054     libc.a : exit.c.obj (.text.exit)
                  102bf718    00000054            : getdevice.c.obj (.text.finddevice)
                  102bf76c    00000054            : autoinit.c.obj (.text:__TI_auto_init_nobinit_nopinit)
                  102bf7c0    00000052     drivers.awr294x.r5f.ti-arm-clang.debug.lib : pinmux.obj (.text.Pinmux_config)
                  102bf812    0000000e     --HOLE-- [fill = 0]
                  102bf820    00000052                                                : ipc_rpmsg.obj (.text.RPMessage_allocEndPtMsg)
                  102bf872    0000000e     --HOLE-- [fill = 0]
                  102bf880    00000052                                                : soc_rcm.obj (.text.SOC_rcmGetClkSrcFromClkSelVal)
                  102bf8d2    0000000e     --HOLE-- [fill = 0]
                  102bf8e0    00000052     freertos.awr294x.r5f.ti-arm-clang.debug.lib : queue.obj (.text.vQueueAddToRegistry)
                  102bf932    0000000e     --HOLE-- [fill = 0]
                  102bf940    00000052                                                 : tasks.obj (.text.vTaskPlaceOnEventList)
                  102bf992    0000000e     --HOLE-- [fill = 0]
                  102bf9a0    0000004e     drivers.awr294x.r5f.ti-arm-clang.debug.lib : ipc_notify_v1.obj (.text.IpcNotify_getMemoryToRead)
                  102bf9ee    00000002     --HOLE-- [fill = 0]
                  102bf9f0    0000004c                                                : ipc_notify_v1.obj (.text.IpcNotify_getWriteMailbox)
                  102bfa3c    00000004     --HOLE-- [fill = 0]
                  102bfa40    0000004c                                                : ipc_notify_v1.obj (.text.IpcNotify_unregisterClient)
                  102bfa8c    00000004     --HOLE-- [fill = 0]
                  102bfa90    0000004c     ti_power_clock_config.o (.text.Module_clockEnable)
                  102bfadc    0000004c     libc.a : sscanf.c.obj (.text.sscanf)
                  102bfb28    00000008     --HOLE-- [fill = 0]
                  102bfb30    00000048     drivers.awr294x.r5f.ti-arm-clang.debug.lib : ipc_rpmsg.obj (.text.RPMessage_queueGet)
                  102bfb78    00000008     --HOLE-- [fill = 0]
                  102bfb80    00000048     freertos.awr294x.r5f.ti-arm-clang.debug.lib : queue.obj (.text.prvInitialiseNewQueue)
                  102bfbc8    00000048     libsysbm.a : unlink.c.obj (.text.unlink)
                  102bfc10    00000048     freertos.awr294x.r5f.ti-arm-clang.debug.lib : list.obj (.text.uxListRemove)
                  102bfc58    00000008     --HOLE-- [fill = 0]
                  102bfc60    00000046     drivers.awr294x.r5f.ti-arm-clang.debug.lib : ipc_rpmsg.obj (.text.RPMessage_freeEndPtMsg)
                  102bfca6    0000000a     --HOLE-- [fill = 0]
                  102bfcb0    00000046                                                : ipc_rpmsg_vring.obj (.text.RPMessage_vringGetSize)
                  102bfcf6    0000000a     --HOLE-- [fill = 0]
                  102bfd00    00000046     freertos.awr294x.r5f.ti-arm-clang.debug.lib : tasks.obj (.text.vTaskExitCritical)
                  102bfd46    0000000a     --HOLE-- [fill = 0]
                  102bfd50    00000044     drivers.awr294x.r5f.ti-arm-clang.debug.lib : soc_rcm.obj (.text.SOC_rcmExtract16)
                  102bfd94    0000000c     --HOLE-- [fill = 0]
                  102bfda0    00000044                                                : soc_rcm.obj (.text.SOC_rcmExtract8)
                  102bfde4    0000000c     --HOLE-- [fill = 0]
                  102bfdf0    00000044                                                : soc_rcm.obj (.text.SOC_rcmMake16)
                  102bfe34    0000000c     --HOLE-- [fill = 0]
                  102bfe40    00000044     freertos.awr294x.r5f.ti-arm-clang.debug.lib : printf.obj (.text._strnlen_s)
                  102bfe84    0000000c     --HOLE-- [fill = 0]
                  102bfe90    00000044                                                 : timers.obj (.text.prvSampleTimeNow)
                  102bfed4    0000000c     --HOLE-- [fill = 0]
                  102bfee0    00000042     ti_drivers_config.o (.text.IpcNotify_allocSwQueue)
                  102bff22    0000000e     --HOLE-- [fill = 0]
                  102bff30    00000042     drivers.awr294x.r5f.ti-arm-clang.debug.lib : ipc_notify_v1.obj (.text.IpcNotify_getReadDoneAckMailbox)
                  102bff72    0000000e     --HOLE-- [fill = 0]
                  102bff80    00000042                                                : ipc_notify_v1.obj (.text.IpcNotify_mailboxWriteCustomIpcConfig)
                  102bffc2    0000000e     --HOLE-- [fill = 0]
                  102bffd0    00000042     freertos.awr294x.r5f.ti-arm-clang.debug.lib : queue.obj (.text.prvCopyDataFromQueue)
                  102c0012    0000000e     --HOLE-- [fill = 0]
                  102c0020    00000042                                                 : tasks.obj (.text.xTaskGetIdleTaskHandle)
                  102c0062    0000000e     --HOLE-- [fill = 0]
                  102c0070    00000040     ti_dpl_config.o (.text.Dpl_init)
                  102c00b0    00000040     drivers.awr294x.r5f.ti-arm-clang.debug.lib : soc_rcm.obj (.text.SOC_rcmExtract32)
                  102c00f0    00000040     libc.a : memory.c.obj (.text.free_list_insert)
                  102c0130    00000040     freertos.awr294x.r5f.ti-arm-clang.debug.lib : timers.obj (.text.prvGetNextExpireTime)
                  102c0170    0000003e     drivers.awr294x.r5f.ti-arm-clang.debug.lib : soc_rcm.obj (.text.SOC_rcmIsPadDisableRequired)
                  102c01ae    00000002     --HOLE-- [fill = 0]
                  102c01b0    0000003c                                                : ipc_rpmsg.obj (.text.RPMessage_isLinuxCore)
                  102c01ec    00000004     --HOLE-- [fill = 0]
                  102c01f0    0000003c                                                : ipc_rpmsg_vring.obj (.text.RPMessage_vringGetRxBufAddr)
                  102c022c    00000004     --HOLE-- [fill = 0]
                  102c0230    0000003c                                                : ipc_rpmsg_vring.obj (.text.RPMessage_vringGetTxBufAddr)
                  102c026c    00000004     --HOLE-- [fill = 0]
                  102c0270    0000003c                                                : ipc_rpmsg_vring.obj (.text.RPMessage_vringGetTxBufLen)
                  102c02ac    00000004     --HOLE-- [fill = 0]
                  102c02b0    0000003c     freertos.awr294x.r5f.ti-arm-clang.debug.lib : tasks.obj (.text.prvResetNextTaskUnblockTime)
                  102c02ec    00000004     --HOLE-- [fill = 0]
                  102c02f0    0000003a                                                 : printf.obj (.text._atoi)
                  102c032a    00000006     --HOLE-- [fill = 0]
                  102c0330    0000003a                                                 : list.obj (.text.vListInsertEnd)
                  102c036a    00000006     --HOLE-- [fill = 0]
                  102c0370    00000038     drivers.awr294x.r5f.ti-arm-clang.debug.lib : ipc_notify_v1.obj (.text.IpcNotify_getReadSwQ)
                  102c03a8    00000008     --HOLE-- [fill = 0]
                  102c03b0    00000038     freertos.awr294x.r5f.ti-arm-clang.debug.lib : tasks.obj (.text.xTaskGetSchedulerState)
                  102c03e8    00000008     --HOLE-- [fill = 0]
                  102c03f0    00000036     drivers.awr294x.r5f.ti-arm-clang.debug.lib : ipc_notify_v1.obj (.text.IpcNotify_syncCallback)
                  102c0426    0000000a     --HOLE-- [fill = 0]
                  102c0430    00000036                                                : ipc_rpmsg.obj (.text.RPMessage_controlEndPtInit)
                  102c0466    0000000a     --HOLE-- [fill = 0]
                  102c0470    00000036                                                : ipc_rpmsg.obj (.text.RPMessage_queuePut)
                  102c04a6    0000000a     --HOLE-- [fill = 0]
                  102c04b0    00000034     freertos.awr294x.r5f.ti-arm-clang.debug.lib : TimerP_rti.obj (.text.TimerP_Params_init)
                  102c04e4    00000034     libc.a : memory.c.obj (.text.free_list_remove)
                  102c0518    00000034     libsysbm.a : lseek.c.obj (.text.lseek)
                  102c054c    00000004     --HOLE-- [fill = 0]
                  102c0550    00000034     freertos.awr294x.r5f.ti-arm-clang.debug.lib : port.obj (.text.vPortTimerTickHandler)
                  102c0584    00000034     libsysbm.a : write.c.obj (.text.write)
                  102c05b8    00000008     --HOLE-- [fill = 0]
                  102c05c0    00000032     freertos.awr294x.r5f.ti-arm-clang.debug.lib : ClockP_freertos.obj (.text.ClockP_timerTickIsr)
                  102c05f2    0000000e     --HOLE-- [fill = 0]
                  102c0600    00000032     drivers.awr294x.r5f.ti-arm-clang.debug.lib : ipc_notify_v1.obj (.text.IpcNotify_mailboxIsPendingIntr)
                  102c0632    0000000e     --HOLE-- [fill = 0]
                  102c0640    00000032                                                : ipc_notify_v1.obj (.text.IpcNotify_mailboxReadCustomIpcConfig)
                  102c0672    0000000e     --HOLE-- [fill = 0]
                  102c0680    00000032     freertos.awr294x.r5f.ti-arm-clang.debug.lib : TimerP_rti.obj (.text.TimerP_getCount)
                  102c06b2    0000000e     --HOLE-- [fill = 0]
                  102c06c0    00000032                                                 : port.obj (.text.vApplicationStackOverflowHook)
                  102c06f2    0000000e     --HOLE-- [fill = 0]
                  102c0700    00000032                                                 : tasks.obj (.text.vTaskEnterCritical)
                  102c0732    0000000e     --HOLE-- [fill = 0]
                  102c0740    00000032                                                 : queue.obj (.text.xQueueCreateMutexStatic)
                  102c0772    0000000e     --HOLE-- [fill = 0]
                  102c0780    00000030     drivers.awr294x.r5f.ti-arm-clang.debug.lib : ipc_notify_v1.obj (.text.IpcNotify_getReadDoneMailbox)
                  102c07b0    00000030                                                : ipc_notify_v1.obj (.text.IpcNotify_getReadMailbox)
                  102c07e0    00000030     freertos.awr294x.r5f.ti-arm-clang.debug.lib : PmuP_armv7r_asm.obj (.text.pmu)
                  102c0810    0000002e     drivers.awr294x.r5f.ti-arm-clang.debug.lib : soc_rcm.obj (.text.SOC_rcmGetPeripheralClockFrequency)
                  102c083e    00000002     --HOLE-- [fill = 0]
                  102c0840    0000002e     freertos.awr294x.r5f.ti-arm-clang.debug.lib : printf.obj (.text._is_digit)
                  102c086e    00000002     --HOLE-- [fill = 0]
                  102c0870    0000002e                                                 : queue.obj (.text.prvIsQueueFull)
                  102c089e    00000002     --HOLE-- [fill = 0]
                  102c08a0    0000002e                                                 : tasks.obj (.text.prvTaskCheckFreeStackSpace)
                  102c08ce    00000002     --HOLE-- [fill = 0]
                  102c08d0    0000002e                                                 : list.obj (.text.vListInitialise)
                  102c08fe    00000002     --HOLE-- [fill = 0]
                  102c0900    0000002c                                                 : DebugP_log.obj (.text.DebugP_logZoneEnable)
                  102c092c    00000004     --HOLE-- [fill = 0]
                  102c0930    0000002c     ti_pinmux_config.o (.text.Pinmux_init)
                  102c095c    00000004     --HOLE-- [fill = 0]
                  102c0960    0000002c     drivers.awr294x.r5f.ti-arm-clang.debug.lib : soc_rcm.obj (.text.SOC_rcmGetHSDivClkSrc)
                  102c098c    00000004     --HOLE-- [fill = 0]
                  102c0990    0000002c                                                : soc_rcm.obj (.text.SOC_rcmGetR5Clock)
                  102c09bc    00000004     --HOLE-- [fill = 0]
                  102c09c0    0000002c     freertos.awr294x.r5f.ti-arm-clang.debug.lib : TaskP_freertos.obj (.text.TaskP_calcCounterDiff)
                  102c09ec    00000004     --HOLE-- [fill = 0]
                  102c09f0    0000002c                                                 : queue.obj (.text.prvInitialiseMutex)
                  102c0a1c    00000004     --HOLE-- [fill = 0]
                  102c0a20    0000002c                                                 : tasks.obj (.text.pvTaskIncrementMutexHeldCount)
                  102c0a4c    00000004     --HOLE-- [fill = 0]
                  102c0a50    0000002c                                                 : port.obj (.text.vApplicationGetIdleTaskMemory)
                  102c0a7c    00000004     --HOLE-- [fill = 0]
                  102c0a80    0000002c                                                 : port.obj (.text.vApplicationGetTimerTaskMemory)
                  102c0aac    00000004     --HOLE-- [fill = 0]
                  102c0ab0    0000002a     drivers.awr294x.r5f.ti-arm-clang.debug.lib : ipc_notify_v1.obj (.text.IpcNotify_isCoreEnabled)
                  102c0ada    00000006     --HOLE-- [fill = 0]
                  102c0ae0    0000002a                                                : ipc_rpmsg.obj (.text.RPMessage_putEndPtMsg)
                  102c0b0a    00000006     --HOLE-- [fill = 0]
                  102c0b10    00000028                                                : ipc_notify_v1.obj (.text.IpcNotify_syncCustomIpcConfig)
                  102c0b38    00000008     --HOLE-- [fill = 0]
                  102c0b40    00000028     freertos.awr294x.r5f.ti-arm-clang.debug.lib : tasks.obj (.text.prvIdleTask)
                  102c0b68    00000008     --HOLE-- [fill = 0]
                  102c0b70    00000028                                                 : queue.obj (.text.prvIsQueueEmpty)
                  102c0b98    00000008     --HOLE-- [fill = 0]
                  102c0ba0    00000028                                                 : printf.obj (.text.vprintf_)
                  102c0bc8    00000008     --HOLE-- [fill = 0]
                  102c0bd0    00000026                                                 : queue.obj (.text.prvGetDisinheritPriorityAfterTimeout)
                  102c0bf6    0000000a     --HOLE-- [fill = 0]
                  102c0c00    00000024     ti_drivers_config.o (.text.IpcNotify_getConfig)
                  102c0c24    00000024     libclang_rt.builtins.a : aeabi_uldivmod.S.obj (.text.__aeabi_uldivmod)
                  102c0c48    00000008     --HOLE-- [fill = 0]
                  102c0c50    00000024     freertos.awr294x.r5f.ti-arm-clang.debug.lib : printf.obj (.text._out_char)
                  102c0c74    0000000c     --HOLE-- [fill = 0]
                  102c0c80    00000024                                                 : tasks.obj (.text.vTaskInternalSetTimeOutState)
                  102c0ca4    0000000c     --HOLE-- [fill = 0]
                  102c0cb0    00000022     drivers.awr294x.r5f.ti-arm-clang.debug.lib : soc_rcm.obj (.text.SOC_rcmGetFixedRootClkFout)
                  102c0cd2    0000000e     --HOLE-- [fill = 0]
                  102c0ce0    00000020     freertos.awr294x.r5f.ti-arm-clang.debug.lib : ClockP_freertos.obj (.text.ClockP_usecToTicks)
                  102c0d00    00000020     drivers.awr294x.r5f.ti-arm-clang.debug.lib : ipc_notify_v1_cfg.obj (.text.IpcNotify_wait)
                  102c0d20    00000020                                                : ipc_rpmsg.obj (.text.RPMessage_CreateParams_init)
                  102c0d40    00000020     freertos.awr294x.r5f.ti-arm-clang.debug.lib : heap_3.obj (.text.vPortFree)
                  102c0d60    0000001e     drivers.awr294x.r5f.ti-arm-clang.debug.lib : soc.obj (.text.SOC_moduleSetClockFrequency)
                  102c0d7e    00000002     --HOLE-- [fill = 0]
                  102c0d80    0000001e     freertos.awr294x.r5f.ti-arm-clang.debug.lib : timers.obj (.text.prvTimerTask)
                  102c0d9e    00000002     --HOLE-- [fill = 0]
                  102c0da0    0000001e                                                 : port.obj (.text.xPortStartScheduler)
                  102c0dbe    00000002     --HOLE-- [fill = 0]
                  102c0dc0    0000001e                                                 : tasks.obj (.text.xTaskGetTickCount)
                  102c0dde    00000002     --HOLE-- [fill = 0]
                  102c0de0    0000001c     libc.a : sscanf.c.obj (.text._inpchar)
                  102c0dfc    0000001c     libsysbm.a : hostrename.c.obj (.text.strcpy)
                  102c0e18    0000001c                : hostrename.c.obj (.text.strlen)
                  102c0e34    0000000c     --HOLE-- [fill = 0]
                  102c0e40    0000001c     freertos.awr294x.r5f.ti-arm-clang.debug.lib : port.obj (.text.vPortYeildFromISR)
                  102c0e5c    0000001c     libc.a : memcpy32.S.obj (.text:TI_memcpy_small)
                  102c0e78    00000008     --HOLE-- [fill = 0]
                  102c0e80    00000018     drivers.awr294x.r5f.ti-arm-clang.debug.lib : soc_rcm.obj (.text.CSL_TopCtrl_readXtalFreqScale)
                  102c0e98    00000008     --HOLE-- [fill = 0]
                  102c0ea0    00000018                                                : ipc_notify_v1.obj (.text.IpcNotify_mailboxClearAllInt)
                  102c0eb8    00000008     --HOLE-- [fill = 0]
                  102c0ec0    00000018     freertos.awr294x.r5f.ti-arm-clang.debug.lib : TimerP_rti.obj (.text.TimerP_getReloadCount)
                  102c0ed8    00000008     --HOLE-- [fill = 0]
                  102c0ee0    00000018     main.o (.text.freertos_main)
                  102c0ef8    00000018     libc.a : memset32.S.obj (.text:TI_memset_small)
                  102c0f10    00000016     drivers.awr294x.r5f.ti-arm-clang.debug.lib : ipc_rpmsg_vring.obj (.text.RPMessage_align)
                  102c0f26    0000000a     --HOLE-- [fill = 0]
                  102c0f30    00000016                                                : soc.obj (.text.SOC_getSelfCpuClk)
                  102c0f46    0000000a     --HOLE-- [fill = 0]
                  102c0f50    00000016     freertos.awr294x.r5f.ti-arm-clang.debug.lib : TimerP_rti.obj (.text.TimerP_start)
                  102c0f66    0000000a     --HOLE-- [fill = 0]
                  102c0f70    00000016                                                 : TimerP_rti.obj (.text.TimerP_stop)
                  102c0f86    0000000a     --HOLE-- [fill = 0]
                  102c0f90    00000014     drivers.awr294x.r5f.ti-arm-clang.debug.lib : ipc_notify_v1.obj (.text.IpcNotify_mailboxClearPendingIntr)
                  102c0fa4    0000000c     --HOLE-- [fill = 0]
                  102c0fb0    00000014                                                : soc_rcm.obj (.text.SOC_rcmGetModuleClkDivFromRegVal)
                  102c0fc4    0000000c     --HOLE-- [fill = 0]
                  102c0fd0    00000014     freertos.awr294x.r5f.ti-arm-clang.debug.lib : TimerP_rti.obj (.text.TimerP_clearOverflowInt)
                  102c0fe4    0000000c     --HOLE-- [fill = 0]
                  102c0ff0    00000014     ti_dpl_config.o (.text.putchar_)
                  102c1004    0000000c     --HOLE-- [fill = 0]
                  102c1010    00000014     freertos.awr294x.r5f.ti-arm-clang.debug.lib : tasks.obj (.text.xTaskGetCurrentTaskHandle)
                  102c1024    0000000c     --HOLE-- [fill = 0]
                  102c1030    00000012     drivers.awr294x.r5f.ti-arm-clang.debug.lib : ipc_rpmsg.obj (.text.RPMessage_queueReset)
                  102c1042    0000000e     --HOLE-- [fill = 0]
                  102c1050    00000012     freertos.awr294x.r5f.ti-arm-clang.debug.lib : port.obj (.text.uiPortGetRunTimeCounterValue)
                  102c1062    0000000e     --HOLE-- [fill = 0]
                  102c1070    00000010     drivers.awr294x.r5f.ti-arm-clang.debug.lib : pinmux.obj (.text.CSL_REG32_WR_RAW)
                  102c1080    00000010                                                : soc.obj (.text.CSL_REG32_WR_RAW)
                  102c1090    00000010     freertos.awr294x.r5f.ti-arm-clang.debug.lib : ClockP_freertos_r5.obj (.text.ClockP_getTimerCount)
                  102c10a0    00000010                                                 : ClockP_freertos_r5.obj (.text.ClockP_timerClearOverflowInt)
                  102c10b0    00000010     drivers.awr294x.r5f.ti-arm-clang.debug.lib : ipc_notify_v1.obj (.text.IpcNotify_mailboxGetPendingIntr)
                  102c10c0    00000010                                                : soc.obj (.text.SOC_moduleClockEnable)
                  102c10d0    00000010     libclang_rt.builtins.a : aeabi_memset.S.obj (.text.__aeabi_memset)
                  102c10e0    00000010     freertos.awr294x.r5f.ti-arm-clang.debug.lib : printf.obj (.text._out_null)
                  102c10f0    00000010     libc.a : sscanf.c.obj (.text._uninpchar)
                  102c1100    00000010            : fputc.c.obj (.text.putchar)
                  102c1110    00000010     freertos.awr294x.r5f.ti-arm-clang.debug.lib : tasks.obj (.text.vTaskSuspendAll)
                  102c1120    0000000e     drivers.awr294x.r5f.ti-arm-clang.debug.lib : ipc_notify_v1.obj (.text.IpcNotify_isCustomIpcConfigEnabled)
                  102c112e    00000002     --HOLE-- [fill = 0]
                  102c1130    0000000e     freertos.awr294x.r5f.ti-arm-clang.debug.lib : list.obj (.text.vListInitialiseItem)
                  102c113e    00000002     --HOLE-- [fill = 0]
                  102c1140    0000000e                                                 : tasks.obj (.text.vTaskMissedYield)
                  102c114e    00000002     --HOLE-- [fill = 0]
                  102c1150    0000000c     drivers.awr294x.r5f.ti-arm-clang.debug.lib : ipc_notify_v1.obj (.text.IpcNotify_getSelfCoreId)
                  102c115c    00000004     --HOLE-- [fill = 0]
                  102c1160    0000000c     ti_power_clock_config.o (.text.PowerClock_init)
                  102c116c    00000004     --HOLE-- [fill = 0]
                  102c1170    0000000a     freertos.awr294x.r5f.ti-arm-clang.debug.lib : HwiP_armv7r_vim.obj (.text.Hwip_dataAndInstructionBarrier)
                  102c117a    00000006     --HOLE-- [fill = 0]
                  102c1180    0000000c     libc.a : strcmp32.S.obj (.text)
                  102c118c    00000004     --HOLE-- [fill = 0]
                  102c1190    0000000a     drivers.awr294x.r5f.ti-arm-clang.debug.lib : ipc_notify_v1.obj (.text.IpcNotify_dataAndInstructionBarrier)
                  102c119a    00000006     --HOLE-- [fill = 0]
                  102c11a0    0000000a                                                : ipc_rpmsg_vring.obj (.text.IpcRpMsg_dataAndInstructionBarrier)
                  102c11aa    00000006     --HOLE-- [fill = 0]
                  102c11b0    0000000a     freertos.awr294x.r5f.ti-arm-clang.debug.lib : port.obj (.text.prvTaskExitError)
                  102c11ba    00000006     --HOLE-- [fill = 0]
                  102c11c0    0000000a                                                 : port.obj (.text.vApplicationIdleHook)
                  102c11ca    00000006     --HOLE-- [fill = 0]
                  102c11d0    00000008     drivers.awr294x.r5f.ti-arm-clang.debug.lib : soc_rcm.obj (.text.CSL_TopCtrl_getBaseAddress)
                  102c11d8    00000008     --HOLE-- [fill = 0]
                  102c11e0    00000008     freertos.awr294x.r5f.ti-arm-clang.debug.lib : ClockP_freertos.obj (.text.ClockP_getTicks)
                  102c11e8    00000008     --HOLE-- [fill = 0]
                  102c11f0    00000006     drivers.awr294x.r5f.ti-arm-clang.debug.lib : soc_rcm.obj (.text.CSL_DSSRCM_getBaseAddress)
                  102c11f6    0000000a     --HOLE-- [fill = 0]
                  102c1200    00000006                                                : soc_rcm.obj (.text.CSL_RCM_getBaseAddress)
                  102c1206    0000000a     --HOLE-- [fill = 0]
                  102c1210    00000006                                                : soc_rcm.obj (.text.CSL_TopRCM_getBaseAddress)
                  102c1216    0000000a     --HOLE-- [fill = 0]
                  102c1220    00000002     ti_board_config.o (.text.Board_init)
                  102c1222    0000000e     --HOLE-- [fill = 0]
                  102c1230    00000002     freertos.awr294x.r5f.ti-arm-clang.debug.lib : port.obj (.text.vPortConfigTimerForRunTimeStats)
                  102c1232    0000000e     --HOLE-- [fill = 0]
                  102c1240    00000002                                                 : port.obj (.text.vPortValidateInterruptPriority)
                  102c1242    0000001e     --HOLE-- [fill = 0]

.rodata    0    102c1260    00001c90     
                  102c1260    00000188     drivers.awr294x.r5f.ti-arm-clang.debug.lib : soc_rcm.obj (.rodata.gSocRcmADPLLJConfigTbl)
                  102c13e8    00000008     libc.a : _scanfi.c.obj (.rodata..L__const._sproc_float.special)
                  102c13f0    00000101            : aeabi_ctype.S.obj (.rodata:__aeabi_ctype_table_)
                  102c14f1    00000082     freertos.awr294x.r5f.ti-arm-clang.debug.lib : tasks.obj (.rodata.str1.4565613428165196872.1)
                  102c1573    00000005     drivers.awr294x.r5f.ti-arm-clang.debug.lib : soc_rcm.obj (.rodata.gSocRcmR5ClkSrcInfoMap)
                  102c1578    00000080     libc.a : strtod.c.obj (.rodata.digits)
                  102c15f8    0000007f     drivers.awr294x.r5f.ti-arm-clang.debug.lib : ipc_rpmsg.obj (.rodata.str1.7723343948726634474.1)
                  102c1677    0000007c                                                : ipc_rpmsg.obj (.rodata.str1.882666447729012844.1)
                  102c16f3    00000075                                                : ipc_rpmsg.obj (.rodata.str1.2083685040620277556.1)
                  102c1768    00000074     ti_dpl_config.o (.rodata.cfg)
                  102c17dc    00000073     drivers.awr294x.r5f.ti-arm-clang.debug.lib : ipc_rpmsg.obj (.rodata.str1.17585504750102706928.1)
                  102c184f    0000006f                                                : ipc_rpmsg.obj (.rodata.str1.7933235615949331309.1)
                  102c18be    0000006b     freertos.awr294x.r5f.ti-arm-clang.debug.lib : queue.obj (.rodata.str1.9511296674868437406.1)
                  102c1929    00000069     drivers.awr294x.r5f.ti-arm-clang.debug.lib : soc_rcm.obj (.rodata.gSocRcmClkSrcInfoMap)
                  102c1992    00000065     freertos.awr294x.r5f.ti-arm-clang.debug.lib : queue.obj (.rodata.str1.6603158521343292237.1)
                  102c19f7    00000064     drivers.awr294x.r5f.ti-arm-clang.debug.lib : ipc_rpmsg.obj (.rodata.str1.14097889213147046469.1)
                  102c1a5b    00000063                                                : ipc_rpmsg.obj (.rodata.str1.2212735509010662771.1)
                  102c1abe    00000062     freertos.awr294x.r5f.ti-arm-clang.debug.lib : queue.obj (.rodata.str1.4808098962482247512.1)
                  102c1b20    0000005f                                                 : queue.obj (.rodata.str1.8056268586134868364.1)
                  102c1b7f    0000005d                                                 : queue.obj (.rodata.str1.14947700358493181700.1)
                  102c1bdc    0000005c                                                 : ClockP_freertos_r5.obj (.rodata.str1.17223520836534051513.1)
                  102c1c38    00000059                                                 : queue.obj (.rodata.str1.13478403849926902207.1)
                  102c1c91    00000007     libc.a : _scanfi.c.obj (.rodata._sproc_int.flit)
                  102c1c98    00000050     freertos.awr294x.r5f.ti-arm-clang.debug.lib : printf.obj (.rodata._ftoa.pow10)
                  102c1ce8    0000004f                                                 : tasks.obj (.rodata.str1.16921125101802676652.1)
                  102c1d37    0000004a                                                 : queue.obj (.rodata.str1.1958022410542202588.1)
                  102c1d81    0000004a                                                 : queue.obj (.rodata.str1.9461746748575326763.1)
                  102c1dcb    00000005                                                 : tasks.obj (.rodata.str1.17790062339596940786.1)
                  102c1dd0    00000048     libc.a : strtod.c.obj (.rodata.powerof10)
                  102c1e18    00000040     drivers.awr294x.r5f.ti-arm-clang.debug.lib : ipc_notify_v1.obj (.rodata.str1.10118846006578224169.1)
                  102c1e58    0000003f     freertos.awr294x.r5f.ti-arm-clang.debug.lib : port.obj (.rodata.str1.2008661137458711816.1)
                  102c1e97    0000003e                                                 : tasks.obj (.rodata.str1.9787755677095343714.1)
                  102c1ed5    0000003d                                                 : TimerP_rti.obj (.rodata.str1.8636677665714190513.1)
                  102c1f12    00000039                                                 : queue.obj (.rodata.str1.12742486800848623484.1)
                  102c1f4b    00000037                                                 : SemaphoreP_freertos.obj (.rodata.str1.10588615791740875997.1)
                  102c1f82    00000035     drivers.awr294x.r5f.ti-arm-clang.debug.lib : ipc_rpmsg.obj (.rodata.str1.12490517295006761435.1)
                  102c1fb7    00000031     freertos.awr294x.r5f.ti-arm-clang.debug.lib : timers.obj (.rodata.str1.4254626211159867211.1)
                  102c1fe8    0000002f     drivers.awr294x.r5f.ti-arm-clang.debug.lib : ipc_notify_v1.obj (.rodata.str1.9418228565027791152.1)
                  102c2017    0000002e     freertos.awr294x.r5f.ti-arm-clang.debug.lib : tasks.obj (.rodata.str1.3110018549871327945.1)
                  102c2045    0000002e                                                 : queue.obj (.rodata.str1.3762774476990514498.1)
                  102c2073    0000002e     drivers.awr294x.r5f.ti-arm-clang.debug.lib : ipc_notify_v1_cfg.obj (.rodata.str1.9333447753637572630.1)
                  102c20a1    0000002d                                                : soc_rcm.obj (.rodata.str1.13371245503524111651.1)
                  102c20ce    0000002a     freertos.awr294x.r5f.ti-arm-clang.debug.lib : queue.obj (.rodata.str1.13415653334365632560.1)
                  102c20f8    0000002a                                                 : queue.obj (.rodata.str1.18282543359674176480.1)
                  102c2122    0000002a                                                 : DebugP_log.obj (.rodata.str1.227947788441500939.1)
                  102c214c    00000029     drivers.awr294x.r5f.ti-arm-clang.debug.lib : soc_rcm.obj (.rodata.str1.5389960437019493790.1)
                  102c2175    00000029     freertos.awr294x.r5f.ti-arm-clang.debug.lib : tasks.obj (.rodata.str1.9328102173130631220.1)
                  102c219e    00000002     --HOLE-- [fill = 0]
                  102c21a0    00000028     drivers.awr294x.r5f.ti-arm-clang.debug.lib : soc_rcm.obj (.rodata.gSocRcmFixedClocksTbl)
                  102c21c8    00000028     freertos.awr294x.r5f.ti-arm-clang.debug.lib : queue.obj (.rodata.str1.12125964304638706974.1)
                  102c21f0    00000027                                                 : ClockP_freertos_r5.obj (.rodata.str1.4964156252153506440.1)
                  102c2217    00000027                                                 : queue.obj (.rodata.str1.5896517509531954562.1)
                  102c223e    00000027                                                 : tasks.obj (.rodata.str1.8086631624469926375.1)
                  102c2265    00000026                                                 : tasks.obj (.rodata.str1.2823620137245587142.1)
                  102c228b    00000025                                                 : queue.obj (.rodata.str1.1299805873427833789.1)
                  102c22b0    00000025                                                 : tasks.obj (.rodata.str1.16123424699167936419.1)
                  102c22d5    00000024     main.o (.rodata.str1.17100691992556644108.1)
                  102c22f9    00000024     freertos.awr294x.r5f.ti-arm-clang.debug.lib : tasks.obj (.rodata.str1.7264671426540837297.1)
                  102c231d    00000023                                                 : ClockP_freertos_r5.obj (.rodata.str1.5485111591584040388.1)
                  102c2340    00000022                                                 : tasks.obj (.rodata.str1.12539733791578942966.1)
                  102c2362    00000022                                                 : TimerP_rti.obj (.rodata.str1.4081825994417204303.1)
                  102c2384    00000022                                                 : tasks.obj (.rodata.str1.8073734311353135185.1)
                  102c23a6    00000021                                                 : SemaphoreP_freertos.obj (.rodata.str1.11155737773773580205.1)
                  102c23c7    00000021                                                 : tasks.obj (.rodata.str1.1908087408565297158.1)
                  102c23e8    00000021                                                 : tasks.obj (.rodata.str1.6403908046155279103.1)
                  102c2409    00000021                                                 : ClockP_freertos_r5.obj (.rodata.str1.7035350789661265746.1)
                  102c242a    00000020     drivers.awr294x.r5f.ti-arm-clang.debug.lib : ipc_notify_v1.obj (.rodata.str1.2046905611612007019.1)
                  102c244a    00000020     freertos.awr294x.r5f.ti-arm-clang.debug.lib : tasks.obj (.rodata.str1.2251723265452542394.1)
                  102c246a    0000001f     drivers.awr294x.r5f.ti-arm-clang.debug.lib : ipc_rpmsg_vring.obj (.rodata.str1.14997963732428335466.1)
                  102c2489    0000001f     freertos.awr294x.r5f.ti-arm-clang.debug.lib : ClockP_freertos_r5.obj (.rodata.str1.17653911837062842281.1)
                  102c24a8    0000001f     drivers.awr294x.r5f.ti-arm-clang.debug.lib : soc_rcm.obj (.rodata.str1.4312025440500206638.1)
                  102c24c7    0000001e     freertos.awr294x.r5f.ti-arm-clang.debug.lib : tasks.obj (.rodata.str1.12993397357195243110.1)
                  102c24e5    0000001e     drivers.awr294x.r5f.ti-arm-clang.debug.lib : ipc_notify_v1.obj (.rodata.str1.16593710740832512674.1)
                  102c2503    0000001e     freertos.awr294x.r5f.ti-arm-clang.debug.lib : port.obj (.rodata.str1.8643037410225090959.1)
                  102c2521    0000001e     drivers.awr294x.r5f.ti-arm-clang.debug.lib : ipc_notify_v1.obj (.rodata.str1.9050127465416171240.1)
                  102c253f    0000001d     freertos.awr294x.r5f.ti-arm-clang.debug.lib : TimerP_rti.obj (.rodata.str1.16072626274289208570.1)
                  102c255c    0000001d                                                 : TimerP_rti.obj (.rodata.str1.3969290967820031423.1)
                  102c2579    0000001c     drivers.awr294x.r5f.ti-arm-clang.debug.lib : ipc_notify_v1_cfg.obj (.rodata.str1.264689326032831299.1)
                  102c2595    0000001c                                                : ipc_rpmsg_vring.obj (.rodata.str1.6129980899926192174.1)
                  102c25b1    0000001c     freertos.awr294x.r5f.ti-arm-clang.debug.lib : ClockP_freertos_r5.obj (.rodata.str1.6936306138937714152.1)
                  102c25cd    0000001b                                                 : SemaphoreP_freertos.obj (.rodata.str1.11544067228989255202.1)
                  102c25e8    0000001b                                                 : timers.obj (.rodata.str1.16001437261817787019.1)
                  102c2603    0000001b                                                 : tasks.obj (.rodata.str1.16487631963213850555.1)
                  102c261e    0000001b     drivers.awr294x.r5f.ti-arm-clang.debug.lib : soc_rcm.obj (.rodata.str1.16607280105437489952.1)
                  102c2639    0000001b     ti_drivers_config.o (.rodata.str1.7767457247551078139.1)
                  102c2654    0000001a     drivers.awr294x.r5f.ti-arm-clang.debug.lib : soc_rcm.obj (.rodata.gSocRcmCpswClkSrcValMap)
                  102c266e    0000001a                                                : soc_rcm.obj (.rodata.gSocRcmCptsClkSrcValMap)
                  102c2688    0000001a                                                : soc_rcm.obj (.rodata.gSocRcmCsiRxClkSrcValMap)
                  102c26a2    0000001a                                                : soc_rcm.obj (.rodata.gSocRcmDssHwaClkSrcValMap)
                  102c26bc    0000001a                                                : soc_rcm.obj (.rodata.gSocRcmDssRtiClkSrcValMap)
                  102c26d6    0000001a                                                : soc_rcm.obj (.rodata.gSocRcmDssSciClkSrcValMap)
                  102c26f0    0000001a                                                : soc_rcm.obj (.rodata.gSocRcmI2CClkSrcValMap)
                  102c270a    0000001a                                                : soc_rcm.obj (.rodata.gSocRcmMcanClkSrcValMap)
                  102c2724    0000001a                                                : soc_rcm.obj (.rodata.gSocRcmQspiClkSrcValMap)
                  102c273e    0000001a                                                : soc_rcm.obj (.rodata.gSocRcmRtiClkSrcValMap)
                  102c2758    0000001a                                                : soc_rcm.obj (.rodata.gSocRcmSciClkSrcValMap)
                  102c2772    0000001a                                                : soc_rcm.obj (.rodata.gSocRcmSpiClkSrcValMap)
                  102c278c    0000001a     freertos.awr294x.r5f.ti-arm-clang.debug.lib : tasks.obj (.rodata.str1.10003396352110772215.1)
                  102c27a6    0000001a                                                 : SemaphoreP_freertos.obj (.rodata.str1.11022221066391817236.1)
                  102c27c0    0000001a                                                 : queue.obj (.rodata.str1.11765322630372331988.1)
                  102c27da    0000001a     drivers.awr294x.r5f.ti-arm-clang.debug.lib : soc_rcm.obj (.rodata.str1.16907879152045164286.1)
                  102c27f4    0000001a     freertos.awr294x.r5f.ti-arm-clang.debug.lib : tasks.obj (.rodata.str1.17181842458667904009.1)
                  102c280e    00000019                                                 : TimerP_rti.obj (.rodata.str1.12012997325668529457.1)
                  102c2827    00000019     drivers.awr294x.r5f.ti-arm-clang.debug.lib : ipc_notify_v1.obj (.rodata.str1.12253177398743541182.1)
                  102c2840    00000019     freertos.awr294x.r5f.ti-arm-clang.debug.lib : timers.obj (.rodata.str1.15628002448382055558.1)
                  102c2859    00000019                                                 : queue.obj (.rodata.str1.2068208149952083127.1)
                  102c2872    00000019                                                 : tasks.obj (.rodata.str1.244605201944591920.1)
                  102c288b    00000019                                                 : queue.obj (.rodata.str1.2948272999977107176.1)
                  102c28a4    00000019                                                 : queue.obj (.rodata.str1.3468573994310079257.1)
                  102c28bd    00000018                                                 : tasks.obj (.rodata.str1.13344916649340266805.1)
                  102c28d5    00000018     drivers.awr294x.r5f.ti-arm-clang.debug.lib : soc_rcm.obj (.rodata.str1.15698070000904087989.1)
                  102c28ed    00000018     freertos.awr294x.r5f.ti-arm-clang.debug.lib : tasks.obj (.rodata.str1.15740406556629270602.1)
                  102c2905    00000018                                                 : queue.obj (.rodata.str1.18236504432714223226.1)
                  102c291d    00000018     ti_drivers_config.o (.rodata.str1.2211846465855763212.1)
                  102c2935    00000018     freertos.awr294x.r5f.ti-arm-clang.debug.lib : queue.obj (.rodata.str1.4783428148027574403.1)
                  102c294d    00000018                                                 : tasks.obj (.rodata.str1.4810192888527840656.1)
                  102c2965    00000018     drivers.awr294x.r5f.ti-arm-clang.debug.lib : ipc_notify_v1_cfg.obj (.rodata.str1.516174688186082407.1)
                  102c297d    00000018                                                : soc_rcm.obj (.rodata.str1.5644146021439259721.1)
                  102c2995    00000018                                                : soc_rcm.obj (.rodata.str1.8734959275723459859.1)
                  102c29ad    00000017                                                : soc_rcm.obj (.rodata.str1.1263028196474875090.1)
                  102c29c4    00000017     freertos.awr294x.r5f.ti-arm-clang.debug.lib : tasks.obj (.rodata.str1.1416243454897364710.1)
                  102c29db    00000017     drivers.awr294x.r5f.ti-arm-clang.debug.lib : soc_rcm.obj (.rodata.str1.17538818475614418282.1)
                  102c29f2    00000017     freertos.awr294x.r5f.ti-arm-clang.debug.lib : timers.obj (.rodata.str1.18265711717753411804.1)
                  102c2a09    00000017                                                 : timers.obj (.rodata.str1.2312973347762327973.1)
                  102c2a20    00000016     drivers.awr294x.r5f.ti-arm-clang.debug.lib : soc_rcm.obj (.rodata.gSocRcmPllCoreOut2HSDivClkSrcValMap)
                  102c2a36    00000016                                                : soc_rcm.obj (.rodata.gSocRcmPllDspOut1HSDivClkSrcValMap)
                  102c2a4c    00000016                                                : soc_rcm.obj (.rodata.gSocRcmPllDspOut2HSDivClkSrcValMap)
                  102c2a62    00000016                                                : soc_rcm.obj (.rodata.gSocRcmPllPerOut1HSDivClkSrcValMap)
                  102c2a78    00000016     freertos.awr294x.r5f.ti-arm-clang.debug.lib : tasks.obj (.rodata.str1.12915494234774218437.1)
                  102c2a8e    00000016     drivers.awr294x.r5f.ti-arm-clang.debug.lib : ipc_rpmsg.obj (.rodata.str1.16486853128403771656.1)
                  102c2aa4    00000016                                                : soc_rcm.obj (.rodata.str1.18101715471844446405.1)
                  102c2aba    00000016     freertos.awr294x.r5f.ti-arm-clang.debug.lib : timers.obj (.rodata.str1.1863766670952869147.1)
                  102c2ad0    00000016                                                 : tasks.obj (.rodata.str1.2834791214610268086.1)
                  102c2ae6    00000016     drivers.awr294x.r5f.ti-arm-clang.debug.lib : soc_rcm.obj (.rodata.str1.503491203257075565.1)
                  102c2afc    00000016                                                : soc_rcm.obj (.rodata.str1.6958094397977218529.1)
                  102c2b12    00000015                                                : ipc_rpmsg_vring.obj (.rodata.str1.10951797515982497648.1)
                  102c2b27    00000015     freertos.awr294x.r5f.ti-arm-clang.debug.lib : tasks.obj (.rodata.str1.1179690219950103224.1)
                  102c2b3c    00000015                                                 : timers.obj (.rodata.str1.1862016452340430421.1)
                  102c2b51    00000015     drivers.awr294x.r5f.ti-arm-clang.debug.lib : ipc_notify_v1.obj (.rodata.str1.2749849238461102323.1)
                  102c2b66    00000015     freertos.awr294x.r5f.ti-arm-clang.debug.lib : tasks.obj (.rodata.str1.3834493932173273458.1)
                  102c2b7b    00000015                                                 : queue.obj (.rodata.str1.733373753318541697.1)
                  102c2b90    00000014     drivers.awr294x.r5f.ti-arm-clang.debug.lib : soc_rcm.obj (.rodata.str1.11890050604266936394.1)
                  102c2ba4    00000014     freertos.awr294x.r5f.ti-arm-clang.debug.lib : timers.obj (.rodata.str1.12862578983123979947.1)
                  102c2bb8    00000014                                                 : tasks.obj (.rodata.str1.1590280515097235757.1)
                  102c2bcc    00000014     drivers.awr294x.r5f.ti-arm-clang.debug.lib : ipc_rpmsg.obj (.rodata.str1.168554633486331424.1)
                  102c2be0    00000014                                                : ipc_notify_v1.obj (.rodata.str1.17722115868992979254.1)
                  102c2bf4    00000014     freertos.awr294x.r5f.ti-arm-clang.debug.lib : timers.obj (.rodata.str1.2835172901334304404.1)
                  102c2c08    00000014                                                 : queue.obj (.rodata.str1.3905706667075460799.1)
                  102c2c1c    00000014     drivers.awr294x.r5f.ti-arm-clang.debug.lib : ipc_notify_v1.obj (.rodata.str1.5235938544388580736.1)
                  102c2c30    00000014     freertos.awr294x.r5f.ti-arm-clang.debug.lib : queue.obj (.rodata.str1.7843261785982681291.1)
                  102c2c44    00000014                                                 : queue.obj (.rodata.str1.9215182567506272009.1)
                  102c2c58    00000014                                                 : timers.obj (.rodata.str1.9298715925424931114.1)
                  102c2c6c    00000013                                                 : tasks.obj (.rodata.str1.11231016557412941470.1)
                  102c2c7f    00000013                                                 : tasks.obj (.rodata.str1.13310467261413824673.1)
                  102c2c92    00000013     drivers.awr294x.r5f.ti-arm-clang.debug.lib : soc_rcm.obj (.rodata.str1.1513614241493853460.1)
                  102c2ca5    00000013     freertos.awr294x.r5f.ti-arm-clang.debug.lib : queue.obj (.rodata.str1.7393829526960650191.1)
                  102c2cb8    00000013                                                 : timers.obj (.rodata.str1.8150608600152831395.1)
                  102c2ccb    00000012     drivers.awr294x.r5f.ti-arm-clang.debug.lib : soc_rcm.obj (.rodata.str1.11522297560260873926.1)
[...]
102ba101  xQueueGiveFromISR                    
102bed31  xQueueGiveMutexRecursive             
102b84b1  xQueueReceive                        
102bae41  xQueueReceiveFromISR                 
102a6fd8  xQueueRegistry                       
102b7841  xQueueSemaphoreTake                  
102bec31  xQueueTakeMutexRecursive             
102bc1e1  xTaskCheckForTimeOut                 
102bc0f1  xTaskCreateStatic                    
102c1011  xTaskGetCurrentTaskHandle            
102c0021  xTaskGetIdleTaskHandle               
102c03b1  xTaskGetSchedulerState               
102c0dc1  xTaskGetTickCount                    
102b9131  xTaskIncrementTick                   
102bbbf1  xTaskPriorityDisinherit              
102bb9d1  xTaskPriorityInherit                 
102bc4b1  xTaskRemoveFromEventList             
102b9e01  xTaskResumeAll                       
102bdbe1  xTimerCreateTimerTask                
102bd221  xTimerGenericCommand                 


GLOBAL SYMBOLS: SORTED BY Symbol Address 

address   name                                 
-------   ----                                 
00000000  __TI_ATRegion0_region_sz             
00000000  __TI_ATRegion0_src_addr              
00000000  __TI_ATRegion0_trg_addr              
00000000  __TI_ATRegion1_region_sz             
00000000  __TI_ATRegion1_src_addr              
00000000  __TI_ATRegion1_trg_addr              
00000000  __TI_ATRegion2_region_sz             
00000000  __TI_ATRegion2_src_addr              
00000000  __TI_ATRegion2_trg_addr              
00000000  __TI_static_base__                   
00000000  _vectors                             
00000100  __ABORT_STACK_SIZE                   
00000100  __FIQ_STACK_SIZE                     
00000100  __IRQ_STACK_SIZE                     
00000100  __UNDEFINED_STACK_SIZE               
00001000  __SVC_STACK_SIZE                     
00004000  __STACK_SIZE                         
00008000  __SYSMEM_SIZE                        
102a0000  __BSS_START                          
102a0000  gMainTaskStack                       
102a4000  gHwiCtrl                             
102a6008  gIpcRpmsgCtrl                        
102a6db8  _CIOBUF_                             
102a6db8  __CIOBUF_                            
102a6fd8  xQueueRegistry                       
102a70d8  __TI_tmpnams                         
102a7178  gTaskP_ctrl                          
102a73c8  gMainTaskObj                         
102a74a4  gRovDummyQueue                       
102a74f8  gClockCtrl                           
102a75bc  parmbuf                              
102a75e4  gMainTask                            
102a7600  __BSS_END                            
102a7600  _sys_memory                          
102af600  __stack                              
102b3600  __STACK_END                          
102b3600  __TI_scanfi                          
102b4928  C$$EXIT                              
102b4928  HOSTexit                             
102b5364  __aeabi_errno_addr                   
102b5891  IpcNotify_init                       
102b5da8  strtod                               
102b5da8  strtold                              
102b627c  __aeabi_idiv0                        
102b66f8  __aeabi_ldiv0                        
102b66fc  __aeabi_memcpy                       
102b66fc  __aeabi_memcpy4                      
102b66fc  __aeabi_memcpy8                      
102b6700  strcmp                               
102b6e01  IpcNotify_isr                        
102b713c  strtoll                              
102b73b8  strtoull                             
102b7841  xQueueSemaphoreTake                  
102b7a7c  _nop                                 
102b7a81  xQueueGenericSend                    
102b7ca8  fseek                                
102b7cac  remove                               
102b7cb1  SOC_controlModuleUnlockMMR           
102b7ec1  RPMessage_send                       
102b80c0  strtol                               
102b82b8  strtoul                              
102b84a4  __aeabi_memclr                       
102b84a4  __aeabi_memclr4                      
102b84a4  __aeabi_memclr8                      
102b84b1  xQueueReceive                        
102b8691  TimerP_setup                         
102b8868  __aeabi_uidiv                        
102b8868  __udivsi3                            
102b8c04  malloc                               
102b8c11  SOC_controlModuleLockMMR             
102b8dd1  RPMessage_recv                       
102b8f80  free                                 
102b9131  xTaskIncrementTick                   
102b92d8  aligned_alloc                        
102b92d8  memalign                             
102b9481  RPMessage_init                       
102b97c1  ClockP_init                          
102b9951  vTaskSwitchContext                   
102b9ae1  xQueueGenericSendFromISR             
102b9c71  RPMessage_vringResetInternal         
102b9e01  xTaskResumeAll                       
102b9f81  RPMessage_recvHandler                
102ba101  xQueueGiveFromISR                    
102ba261  IpcNotify_sendMsg                    
102ba3c1  IpcNotify_trigInterrupt_ack          
102ba521  vTaskPriorityDisinheritAfterTimeout  
102ba678  ldexp                                
102ba678  ldexpl                               
102ba678  scalbn                               
102ba678  scalbnl                              
102ba921  xQueueGenericCreateStatic            
102babb8  setvbuf                              
102bad01  IpcNotify_trigInterrupt              
102bae41  xQueueReceiveFromISR                 
102bb0c1  RPMessage_vringReset                 
102bb201  pxPortInitialiseStack                
102bb331  eTaskGetState                        
102bb571  TaskP_loadUpdateAll                  
102bb688  __udivmoddi4                         
102bb9d1  xTaskPriorityInherit                 
102bbae1  vTaskDelete                          
102bbbf1  xTaskPriorityDisinherit              
102bbe11  RPMessage_vringPutFullTxBuf          
102bbf04  fputc                                
102bc001  vTaskStartScheduler                  
102bc0f1  xTaskCreateStatic                    
102bc1e1  xTaskCheckForTimeOut                 
102bc3c1  vTaskGetInfo                         
102bc4b1  xTaskRemoveFromEventList             
102bc591  RPMessage_vringGetFullRxBuf          
102bc911  System_init                          
102bc9f1  RPMessage_construct                  
102bcc81  RPMessage_vringPutEmptyRxBuf         
102bce31  RPMessage_vringGetEmptyTxBuf         
102bcef8  getdevice                            
102bcfc1  RPMessage_coreInit                   
102bd091  IpcNotify_readAckCallback            
102bd221  xTimerGenericCommand                 
102bd2e1  xQueueGenericReset                   
102bd398  fseeko                               
102bd511  SOC_rcmSetPeripheralClock            
102bd5c0  __TI_closefile                       
102bd721  SemaphoreP_constructBinary           
102bda91  CycleCounterP_init                   
102bdab1  CycleCounterP_reset                  
102bdb01  CycleCounterP_nsToTicks              
102bdbe1  xTimerCreateTimerTask                
102bdde4  HOSTrename                           
102bdf30  __TI_wrt_ok                          
102bdfcc  HOSTlseek                            
102be071  IpcNotify_registerClient             
102be108  HOSTopen                             
102be1a1  IpcNotify_Params_init                
102be241  _DebugP_logZone                      
102be370  close                                
102be401  main                                 
102be48c  __TI_doflush                         
102be521  RPMessage_Params_init                
102be5b1  RPMessage_getEndPtMsg                
102be758  HOSTread                             
102be7dc  HOSTwrite                            
102be861  RPMessage_notifyCallback             
102be8f1  empty_main                           
102bea11  SemaphoreP_pend                      
102beaa1  _DebugP_assert                       
102bebb1  ClockP_getTimeUsec                   
102bec31  xQueueTakeMutexRecursive             
102bed31  xQueueGiveMutexRecursive             
102bedb1  RPMessage_vringIsFullRxBuf           
102beeb1  SemaphoreP_constructMutex            
102bef90  HOSTunlink                           
102bf001  vListInsert                          
102bf06c  atoi                                 
102bf0e1  RPMessage_controlEndPtHandler        
102bf151  vApplicationLoadHook                 
102bf1c1  vQueueWaitForMessageRestricted       
102bf2a1  SemaphoreP_post                      
102bf311  vTaskPlaceOnEventListRestricted      
102bf374  HOSTclose                            
102bf3e1  RPMessage_vringCheckEmptyTxBuf       
102bf441  Module_clockSetFrequency             
102bf4fc  __TI_cleanup                         
102bf554  __TI_readmsg                         
102bf5ac  __TI_writemsg                        
102bf5f8  C$$IO$$                              
102bf611  IpcNotify_getMemoryToWrite           
102bf6c4  exit                                 
102bf718  finddevice                           
102bf76c  __TI_auto_init_nobinit_nopinit       
102bf7c1  Pinmux_config                        
102bf821  RPMessage_allocEndPtMsg              
102bf8e1  vQueueAddToRegistry                  
102bf941  vTaskPlaceOnEventList                
102bf9a1  IpcNotify_getMemoryToRead            
102bfa41  IpcNotify_unregisterClient           
102bfa91  Module_clockEnable                   
102bfadc  sscanf                               
102bfbc8  unlink                               
102bfc11  uxListRemove                         
102bfc61  RPMessage_freeEndPtMsg               
102bfcb1  RPMessage_vringGetSize               
102bfd01  vTaskExitCritical                    
102bfee1  IpcNotify_allocSwQueue               
102c0021  xTaskGetIdleTaskHandle               
102c0071  Dpl_init                             
102c0171  SOC_rcmIsPadDisableRequired          
102c01b1  RPMessage_isLinuxCore                
102c01f1  RPMessage_vringGetRxBufAddr          
102c0231  RPMessage_vringGetTxBufAddr          
102c0271  RPMessage_vringGetTxBufLen           
102c0331  vListInsertEnd                       
102c03b1  xTaskGetSchedulerState               
102c03f1  IpcNotify_syncCallback               
102c0431  RPMessage_controlEndPtInit           
102c04b1  TimerP_Params_init                   
102c0518  lseek                                
102c0551  vPortTimerTickHandler                
102c0584  write                                
102c05c1  ClockP_timerTickIsr                  
102c0681  TimerP_getCount                      
102c06c1  vApplicationStackOverflowHook        
102c0701  vTaskEnterCritical                   
102c0741  xQueueCreateMutexStatic              
102c07e0  CycleCounterP_getCount32             
102c07e8  PmuP_setup                           
102c07f0  PmuP_enableCounters                  
102c07f8  PmuP_disableCounters                 
102c0800  PmuP_getOverflowStatus               
102c0808  PmuP_clearOverflowStatus             
102c08d1  vListInitialise                      
102c0901  DebugP_logZoneEnable                 
102c0931  Pinmux_init                          
102c0991  SOC_rcmGetR5Clock                    
102c0a21  pvTaskIncrementMutexHeldCount        
102c0a51  vApplicationGetIdleTaskMemory        
102c0a81  vApplicationGetTimerTaskMemory       
102c0ab1  IpcNotify_isCoreEnabled              
102c0ae1  RPMessage_putEndPtMsg                
102c0b11  IpcNotify_syncCustomIpcConfig        
102c0ba1  vprintf_                             
102c0c01  IpcNotify_getConfig                  
102c0c24  __aeabi_uldivmod                     
102c0c81  vTaskInternalSetTimeOutState         
102c0ce1  ClockP_usecToTicks                   
102c0d01  IpcNotify_wait                       
102c0d21  RPMessage_CreateParams_init          
102c0d41  vPortFree                            
102c0d61  SOC_moduleSetClockFrequency          
102c0da1  xPortStartScheduler                  
102c0dc1  xTaskGetTickCount                    
102c0e41  vPortYeildFromISR                    
102c0e5c  TI_memcpy_small                      
102c0ec1  TimerP_getReloadCount                
102c0ee1  freertos_main                        
102c0ef8  TI_memset_small                      
102c0f31  SOC_getSelfCpuClk                    
102c0f51  TimerP_start                         
102c0f71  TimerP_stop                          
102c0fd1  TimerP_clearOverflowInt              
102c0ff1  putchar_                             
102c1011  xTaskGetCurrentTaskHandle            
102c1051  uiPortGetRunTimeCounterValue         
102c1091  ClockP_getTimerCount                 
102c10a1  ClockP_timerClearOverflowInt         
102c10c1  SOC_moduleClockEnable                
102c10d0  __aeabi_memset                       
102c10d0  __aeabi_memset4                      
102c10d0  __aeabi_memset8                      
102c1100  putchar                              
102c1111  vTaskSuspendAll                      
102c1121  IpcNotify_isCustomIpcConfigEnabled   
102c1131  vListInitialiseItem                  
102c1141  vTaskMissedYield                     
102c1151  IpcNotify_getSelfCoreId              
102c1161  PowerClock_init                      
102c11c1  vApplicationIdleHook                 
102c11e1  ClockP_getTicks                      
102c1221  Board_init                           
102c1231  vPortConfigTimerForRunTimeStats      
102c1241  vPortValidateInterruptPriority       
102c13f0  __aeabi_ctype_table_                 
102c13f0  __aeabi_ctype_table_C                
102c1768  gCacheConfig                         
102c1770  gMpuConfig                           
102c177c  gMpuRegionConfig                     
102c2ed8  gCacheL1dCacheLineSize               
102c2edc  gCacheL1pCacheLineSize               
102c2eec  uxTopUsedPriority                    
102c2ef1  HwiP_irq_handler_c                   
102c3031  HwiP_fiq_handler                     
102c31a1  HwiP_reserved_handler                
102c31e1  HwiP_user_undefined_handler_c        
102c3221  HwiP_undefined_handler_c             
102c3261  HwiP_user_prefetch_abort_handler_c   
102c32c1  HwiP_prefetch_abort_handler_c        
102c3391  HwiP_user_data_abort_handler_c       
102c3401  HwiP_data_abort_handler_c            
102c34e1  HwiP_enableInt                       
102c3521  HwiP_disableInt                      
102c3581  HwiP_restoreInt                      
102c35b1  HwiP_clearInt                        
102c35f1  HwiP_post                            
102c3631  HwiP_Params_init                     
102c3661  HwiP_construct                       
102c3861  HwiP_destruct                        
102c38d1  HwiP_init                            
102c3a81  HwiP_inISR                           
102c3aa8  vPortRestoreTaskContext              
102c3ae0  HwiP_svc_handler                     
102c3b50  HwiP_irq_handler                     
102c3c94  HwiP_data_abort_handler              
102c3cd8  HwiP_prefetch_abort_handler          
102c3d08  HwiP_undefined_handler               
102c3d50  GET_DFSR                             
102c3d58  GET_ADFSR                            
102c3d60  GET_DFAR                             
102c3d68  GET_IFSR                             
102c3d70  GET_AIFSR                            
102c3d78  GET_IFAR                             
102c3d80  GET_SPSR                             
102c3d94  HwiP_disable                         
102c3da4  HwiP_disableFIQ                      
102c3db4  HwiP_enable                          
102c3dc4  HwiP_enableFIQ                       
102c3dd4  HwiP_restore                         
102c3ddc  HwiP_enableVIC                       
102c3dec  HwiP_disableVIC                      
102c3dfc  HwiP_getCPSR                         
102c3e10  CacheP_disableL1d                    
102c3e38  CacheP_disableL1p                    
102c3e50  CacheP_enableL1d                     
102c3e68  CacheP_enableL1p                     
102c3e80  CacheP_invL1d                        
102c3eb8  CacheP_invL1p                        
102c3ef4  CacheP_invL1dAll                     
102c3efc  CacheP_invL1pAll                     
102c3f04  CacheP_wb                            
102c3f40  CacheP_wbInv                         
102c3f7c  CacheP_wbAll                         
102c4024  CacheP_wbInvAll                      
102c403c  CacheP_wbInvAllAsm                   
102c40dc  CacheP_getEnabled                    
102c4114  CacheP_getCacheLevelInfo             
102c4120  CacheP_configForceWrThru             
102c4140  CacheP_setDLFO                       
102c4151  CacheP_init                          
102c41e1  CacheP_disable                       
102c4231  CacheP_enable                        
102c4271  CacheP_inv                           
102c42b1  MpuP_RegionAttrs_init                
102c42e1  MpuP_setRegion                       
102c43d1  MpuP_isEnable                        
102c43e1  MpuP_disable                         
102c4421  MpuP_enable                          
102c4461  MpuP_init                            
102c44f8  MpuP_disableAsm                      
102c4510  MpuP_disableBRAsm                    
102c4520  MpuP_enableAsm                       
102c4538  MpuP_enableBRAsm                     
102c4548  MpuP_isEnableAsm                     
102c455c  MpuP_setRegionAsm                    
102c4570  _c_int00_sbl                         
102c4594  _c_int00                             
102c4671  _DebugP_assertNoLog                  
102c46a1  _system_pre_init                     
102c46d1  __mpu_init                           
102c46e0  abort                                
102c46e8  gIpcNotifyMailboxConfig              
102c48a8  gIpcNotifyCtrl                       
102c49a4  _ftable                              
102c4b14  _device                              
102c4b8c  gIpcNotifyInterruptConfig_r5fss0_1   
102c4bfc  _stream                              
102c4c84  gClockConfig                         
102c4c9c  gIpcNotifyCoreIntrBitPos             
102c4cac  gSocModulesClockFrequency            
102c4cb8  __TI_cleanup_ptr                     
102c4cbc  __TI_dtors_ptr                       
102c4cd0  FreeRTOS_errno                       
102c4cd4  __TI_ft_end                          
102c4cd8  __aeabi_errno                        
102c4cdc  _lock                                
102c4ce0  _unlock                              
102c4ce8  gDebugLogZone                        
102c4cec  gHwiConfig                           
102c4cf0  gIpcNotifyInterruptConfigNum_r5fss0_1
102c4cf4  gSocModules                          
102c4cfc  pxCurrentTCB                         
102c4d00  ulPortInterruptNesting               
102c4d04  ulPortSchedularRunning               
102c4d08  ulPortTaskHasFPUContext              
102c4d0c  ulPortYieldRequired                  
102c4d58  __IRQ_STACK_START                    
102c4e58  __FIQ_STACK_START                    
102c4e58  __IRQ_STACK_END                      
102c4f58  __FIQ_STACK_END                      
102c4f58  __SVC_STACK_START                    
102c5f58  __ABORT_STACK_START                  
102c5f58  __SVC_STACK_END                      
102c6058  __ABORT_STACK_END                    
102c6058  __UNDEFINED_STACK_START              
102c6158  __UNDEFINED_STACK_END                
c5000200  gIpcSharedMem                        
ffffffff  __TI_pprof_out_hndl                  
ffffffff  __TI_prof_data_size                  
ffffffff  __TI_prof_data_start                 
ffffffff  __binit__                            
ffffffff  binit                                
UNDEFED   __TI_CINIT_Base                      
UNDEFED   __TI_CINIT_Limit                     
UNDEFED   __TI_Handler_Table_Base              
UNDEFED   __TI_Handler_Table_Limit             
UNDEFED   _system_post_cinit                   

[393 symbols]
