******************************************************************************
            TI ARM Clang Linker PC v4.0.3                      
******************************************************************************
>> Linked Wed Oct  1 13:20:12 2025

OUTPUT FILE NAME:   <empty_awr294x-evm_r5fss0-1_freertos_ti-arm-clang.out>
ENTRY POINT SYMBOL: "_vectors"  address: 00000000


MEMORY CONFIGURATION

         name            origin    length      used     unused   attr    fill
----------------------  --------  ---------  --------  --------  ----  --------
  R5F_VECS              00000000   00000040  00000040  00000000  RWIX
  R5F_TCMA              00000040   00003fc0  00000000  00003fc0  RWIX
  R5F_TCMB              00080000   00004000  00000000  00004000  RWIX
  MSS_L2                102a0000   00040000  00022f68  0001d098  RWIX
  USER_SHM_MEM          102e8000   00004000  00000000  00004000  RWIX
  LOG_SHM_MEM           102ec000   00004000  00000000  00004000  RWIX
  MAILBOX_HSM           44000000   000003ce  00000000  000003ce  RWIX
  MAILBOX_R5F           44000400   000003ce  00000000  000003ce  RWIX
  DSS_L3                88000000   00200000  00000000  00200000  RWIX
  RTOS_NORTOS_IPC_SHM_M c5000200   00001d40  000012c0  00000a80  RWIX


SEGMENT ALLOCATION MAP

run origin  load origin   length   init length attrs members
----------  ----------- ---------- ----------- ----- -------
00000000    00000000    00000040   00000040    r-x
  00000000    00000000    00000040   00000040    r-x .vectors
102a0000    102a0000    000135e0   00000000    rw-
  102a0000    102a0000    000075e0   00000000    rw- .bss
  102a75e0    102a75e0    00008000   00000000    rw- .sysmem
  102af5e0    102af5e0    00004000   00000000    rw- .stack
102b35e0    102b35e0    0000c728   0000c728    r-x
  102b35e0    102b35e0    0000afc0   0000afc0    r-x .text
  102be5a0    102be5a0    00001768   00001768    r-- .rodata
102bfd10    102bfd10    000017f8   000017f8    r-x
  102bfd10    102bfd10    00000f20   00000f20    r-x .text.hwi
  102c0c30    102c0c30    000004a0   000004a0    r-x .text.cache
  102c10d0    102c10d0    000002c0   000002c0    r-x .text.mpu
  102c1390    102c1390    00000170   00000170    r-x .text.boot
  102c1500    102c1500    00000008   00000008    r-x .text:abort
102c1508    102c1508    00001a68   00000668    rw-
  102c1508    102c1508    00000668   00000668    rw- .data
  102c1b70    102c1b70    00000100   00000000    rw- .irqstack
  102c1c70    102c1c70    00000100   00000000    rw- .fiqstack
  102c1d70    102c1d70    00001000   00000000    rw- .svcstack
  102c2d70    102c2d70    00000100   00000000    rw- .abortstack
  102c2e70    102c2e70    00000100   00000000    rw- .undefinedstack


SECTION ALLOCATION MAP

 output                                  attributes/
section   page    origin      length       input sections
--------  ----  ----------  ----------   ----------------
.vectors   0    00000000    00000040     
                  00000000    00000040     freertos.awr294x.r5f.ti-arm-clang.debug.lib : HwiP_armv7r_vectors_freertos_asm.obj (.vectors)

.bss       0    102a0000    000075e0     UNINITIALIZED
                  102a0000    00004000     (.common:gMainTaskStack)
                  102a4000    00001008     (.common:gHwiCtrl)
                  102a5008    00001000     freertos.awr294x.r5f.ti-arm-clang.debug.lib : port.obj (.bss.uxIdleTaskStack)
                  102a6008    00000730     (.common:gIpcRpmsgCtrl)
                  102a6738    00000400                                                 : port.obj (.bss.uxTimerTaskStack)
                  102a6b38    00000280                                                 : tasks.obj (.bss.pxReadyTasksLists)
                  102a6db8    00000120     libsysbm.a : trgmsg.c.obj (.bss:_CIOBUF_)
                  102a6ed8    00000100     freertos.awr294x.r5f.ti-arm-clang.debug.lib : timers.obj (.bss.prvCheckForValidListAndQueue.ucStaticTimerQueueStorage)
                  102a6fd8    00000100     (.common:xQueueRegistry)
                  102a70d8    000000a0     libc.a : defs.c.obj (.bss.__TI_tmpnams)
                  102a7178    000000a0     (.common:gTaskP_ctrl)
                  102a7218    00000098     freertos.awr294x.r5f.ti-arm-clang.debug.lib : DebugP_freertos.obj (.bss.gDebugLogLockObj)
                  102a72b0    0000008c                                                 : port.obj (.bss.xIdleTaskTCB)
                  102a733c    0000008c                                                 : port.obj (.bss.xTimerTaskTCB)
                  102a73c8    0000008c     (.common:gMainTaskObj)
                  102a7454    00000050                                                 : timers.obj (.bss.prvCheckForValidListAndQueue.xStaticTimerQueue)
                  102a74a4    00000050     (.common:gRovDummyQueue)
                  102a74f4    00000004                                                 : HwiP_armv7r_handlers_freertos.obj (.bss.gdummy)
                  102a74f8    00000038     (.common:gClockCtrl)
                  102a7530    00000014                                                 : timers.obj (.bss.xActiveTimerList1)
                  102a7544    00000014                                                 : timers.obj (.bss.xActiveTimerList2)
                  102a7558    00000014                                                 : tasks.obj (.bss.xDelayedTaskList1)
                  102a756c    00000014                                                 : tasks.obj (.bss.xDelayedTaskList2)
                  102a7580    00000014                                                 : tasks.obj (.bss.xPendingReadyList)
                  102a7594    00000014                                                 : tasks.obj (.bss.xSuspendedTaskList)
                  102a75a8    00000014                                                 : tasks.obj (.bss.xTasksWaitingTermination)
                  102a75bc    00000008     libsysbm.a : hostopen.c.obj (.bss.parmbuf)
                  102a75c4    00000004     freertos.awr294x.r5f.ti-arm-clang.debug.lib : HwiP_armv7r_vim.obj (.bss.gdummy)
                  102a75c8    00000004                                                 : timers.obj (.bss.pxCurrentTimerList)
                  102a75cc    00000004                                                 : tasks.obj (.bss.pxDelayedTaskList)
                  102a75d0    00000004                                                 : tasks.obj (.bss.pxOverflowDelayedTaskList)
                  102a75d4    00000004                                                 : timers.obj (.bss.pxOverflowTimerList)
                  102a75d8    00000004     libc.a : memory.c.obj (.bss.sys_free)
                  102a75dc    00000004     (.common:gMainTask)

.sysmem    0    102a75e0    00008000     UNINITIALIZED
                  102a75e0    00000010     libc.a : memory.c.obj (.sysmem)
                  102a75f0    00007ff0     --HOLE--

.stack     0    102af5e0    00004000     UNINITIALIZED
                  102af5e0    00000004     freertos.awr294x.r5f.ti-arm-clang.debug.lib : boot_armv7r_asm.obj (.stack)
                  102af5e4    00003ffc     --HOLE--

.text      0    102b35e0    0000afc0     
                  102b35e0    00000a34     freertos.awr294x.r5f.ti-arm-clang.debug.lib : printf.obj (.text._vsnprintf)
                  102b4014    0000000c     libclang_rt.builtins.a : aeabi_memset.S.obj (.text.__aeabi_memclr)
                  102b4020    0000051e     freertos.awr294x.r5f.ti-arm-clang.debug.lib : printf.obj (.text._ftoa)
                  102b453e    00000002     --HOLE-- [fill = 0]
                  102b4540    00000518     drivers.awr294x.r5f.ti-arm-clang.debug.lib : ipc_notify_v1.obj (.text.IpcNotify_init)
                  102b4a58    00000008     libsysbm.a : hostexit.c.obj (.text.HOSTexit)
                  102b4a60    00000478     freertos.awr294x.r5f.ti-arm-clang.debug.lib : printf.obj (.text._etoa)
                  102b4ed8    00000004     libclang_rt.builtins.a : aeabi_div0.c.obj (.text.__aeabi_ldiv0)
                  102b4edc    00000004                            : aeabi_memcpy.S.obj (.text.__aeabi_memcpy)
                  102b4ee0    00000390     libc.a : strcmp32.S.obj (.text:strcmp)
                  102b5270    00000370     drivers.awr294x.r5f.ti-arm-clang.debug.lib : soc_rcm.obj (.text.SOC_rcmGetClkSrcAndDivReg)
                  102b55e0    0000033c                                                : ipc_notify_v1.obj (.text.IpcNotify_isr)
                  102b591c    00000004     libc.a : _lock.c.obj (.text._nop)
                  102b5920    0000023e     freertos.awr294x.r5f.ti-arm-clang.debug.lib : printf.obj (.text._ntoa_format)
                  102b5b5e    00000002     --HOLE-- [fill = 0]
                  102b5b60    0000023c                                                 : queue.obj (.text.xQueueSemaphoreTake)
                  102b5d9c    00000004     libc.a : fseek.c.obj (.text.fseek)
                  102b5da0    00000226     freertos.awr294x.r5f.ti-arm-clang.debug.lib : queue.obj (.text.xQueueGenericSend)
                  102b5fc6    00000002     --HOLE-- [fill = 0]
                  102b5fc8    00000004     libsysbm.a : remove.c.obj (.text.remove)
                  102b5fcc    00000004     --HOLE-- [fill = 0]
                  102b5fd0    0000020c     drivers.awr294x.r5f.ti-arm-clang.debug.lib : soc.obj (.text.SOC_controlModuleUnlockMMR)
                  102b61dc    00000004     --HOLE-- [fill = 0]
                  102b61e0    000001de     freertos.awr294x.r5f.ti-arm-clang.debug.lib : queue.obj (.text.xQueueReceive)
                  102b63be    00000002     --HOLE-- [fill = 0]
                  102b63c0    000001d6                                                 : TimerP_rti.obj (.text.TimerP_setup)
                  102b6596    0000000a     --HOLE-- [fill = 0]
                  102b65a0    000001c2                                                 : timers.obj (.text.prvProcessReceivedCommands)
                  102b6762    00000002     --HOLE-- [fill = 0]
                  102b6764    0000000c     libc.a : memory.c.obj (.text.malloc)
                  102b6770    000001bc     drivers.awr294x.r5f.ti-arm-clang.debug.lib : soc.obj (.text.SOC_controlModuleLockMMR)
                  102b692c    000001a8     libc.a : memory.c.obj (.text.free)
                  102b6ad4    0000000c     --HOLE-- [fill = 0]
                  102b6ae0    000001a6     freertos.awr294x.r5f.ti-arm-clang.debug.lib : tasks.obj (.text.xTaskIncrementTick)
                  102b6c86    00000002     --HOLE-- [fill = 0]
                  102b6c88    000001a4     libc.a : memory.c.obj (.text.aligned_alloc)
                  102b6e2c    00000004     --HOLE-- [fill = 0]
                  102b6e30    00000194     drivers.awr294x.r5f.ti-arm-clang.debug.lib : ipc_rpmsg.obj (.text.RPMessage_init)
                  102b6fc4    0000000c     --HOLE-- [fill = 0]
                  102b6fd0    00000194                                                : soc_rcm.obj (.text.SOC_rcmGetHSDIVClkOutMuxClkSrc)
                  102b7164    0000000c     --HOLE-- [fill = 0]
                  102b7170    0000018e     freertos.awr294x.r5f.ti-arm-clang.debug.lib : ClockP_freertos_r5.obj (.text.ClockP_init)
                  102b72fe    00000002     --HOLE-- [fill = 0]
                  102b7300    0000018a                                                 : tasks.obj (.text.vTaskSwitchContext)
                  102b748a    00000006     --HOLE-- [fill = 0]
                  102b7490    00000188                                                 : queue.obj (.text.xQueueGenericSendFromISR)
                  102b7618    00000008     --HOLE-- [fill = 0]
                  102b7620    00000182     drivers.awr294x.r5f.ti-arm-clang.debug.lib : ipc_rpmsg_vring.obj (.text.RPMessage_vringResetInternal)
                  102b77a2    0000000e     --HOLE-- [fill = 0]
                  102b77b0    0000017e     freertos.awr294x.r5f.ti-arm-clang.debug.lib : tasks.obj (.text.xTaskResumeAll)
                  102b792e    00000002     --HOLE-- [fill = 0]
                  102b7930    00000174     drivers.awr294x.r5f.ti-arm-clang.debug.lib : ipc_rpmsg.obj (.text.RPMessage_recvHandler)
                  102b7aa4    0000000c     --HOLE-- [fill = 0]
                  102b7ab0    0000015e     freertos.awr294x.r5f.ti-arm-clang.debug.lib : queue.obj (.text.xQueueGiveFromISR)
                  102b7c0e    00000002     --HOLE-- [fill = 0]
                  102b7c10    00000156     drivers.awr294x.r5f.ti-arm-clang.debug.lib : ipc_notify_v1.obj (.text.IpcNotify_sendMsg)
                  102b7d66    0000000a     --HOLE-- [fill = 0]
                  102b7d70    00000154                                                : ipc_notify_v1_cfg.obj (.text.IpcNotify_trigInterrupt_ack)
                  102b7ec4    0000000c     --HOLE-- [fill = 0]
                  102b7ed0    00000152     freertos.awr294x.r5f.ti-arm-clang.debug.lib : tasks.obj (.text.vTaskPriorityDisinheritAfterTimeout)
                  102b8022    0000000e     --HOLE-- [fill = 0]
                  102b8030    0000014a                                                 : tasks.obj (.text.prvInitialiseNewTask)
                  102b817a    00000006     --HOLE-- [fill = 0]
                  102b8180    0000014a                                                 : queue.obj (.text.xQueueGenericCreateStatic)
                  102b82ca    00000006     --HOLE-- [fill = 0]
                  102b82d0    00000146     drivers.awr294x.r5f.ti-arm-clang.debug.lib : soc_rcm.obj (.text.SOC_rcmGetDpllHSDivOutFreq)
                  102b8416    00000002     --HOLE-- [fill = 0]
                  102b8418    00000144     libc.a : setvbuf.c.obj (.text.setvbuf)
                  102b855c    00000004     --HOLE-- [fill = 0]
                  102b8560    0000013c     drivers.awr294x.r5f.ti-arm-clang.debug.lib : ipc_notify_v1_cfg.obj (.text.IpcNotify_trigInterrupt)
                  102b869c    00000004     --HOLE-- [fill = 0]
                  102b86a0    0000013a     freertos.awr294x.r5f.ti-arm-clang.debug.lib : queue.obj (.text.xQueueReceiveFromISR)
                  102b87da    00000006     --HOLE-- [fill = 0]
                  102b87e0    00000138                                                 : printf.obj (.text._ntoa_long_long)
                  102b8918    00000008     --HOLE-- [fill = 0]
                  102b8920    00000134     drivers.awr294x.r5f.ti-arm-clang.debug.lib : ipc_rpmsg_vring.obj (.text.RPMessage_vringReset)
                  102b8a54    0000000c     --HOLE-- [fill = 0]
                  102b8a60    00000128     freertos.awr294x.r5f.ti-arm-clang.debug.lib : port.obj (.text.pxPortInitialiseStack)
                  102b8b88    00000008     --HOLE-- [fill = 0]
                  102b8b90    00000120                                                 : tasks.obj (.text.eTaskGetState)
                  102b8cb0    0000011e     drivers.awr294x.r5f.ti-arm-clang.debug.lib : soc_rcm.obj (.text.SOC_rcmGetApllHSDivOutFreq)
                  102b8dce    00000002     --HOLE-- [fill = 0]
                  102b8dd0    00000118     freertos.awr294x.r5f.ti-arm-clang.debug.lib : TaskP_freertos.obj (.text.TaskP_loadUpdateAll)
                  102b8ee8    00000118     libclang_rt.builtins.a : udivmoddi4.S.obj (.text)
                  102b9000    00000114     freertos.awr294x.r5f.ti-arm-clang.debug.lib : printf.obj (.text._ntoa_long)
                  102b9114    0000000c     --HOLE-- [fill = 0]
                  102b9120    0000010e                                                 : tasks.obj (.text.prvAddNewTaskToReadyList)
                  102b922e    00000002     --HOLE-- [fill = 0]
                  102b9230    0000010e                                                 : tasks.obj (.text.xTaskPriorityInherit)
                  102b933e    00000002     --HOLE-- [fill = 0]
                  102b9340    0000010a                                                 : tasks.obj (.text.vTaskDelete)
                  102b944a    00000006     --HOLE-- [fill = 0]
                  102b9450    00000106                                                 : tasks.obj (.text.xTaskPriorityDisinherit)
                  102b9556    0000000a     --HOLE-- [fill = 0]
                  102b9560    00000102     drivers.awr294x.r5f.ti-arm-clang.debug.lib : soc_rcm.obj (.text.SOC_rcmADPLLJGetFOut)
                  102b9662    00000002     --HOLE-- [fill = 0]
                  102b9664    000000f0     libc.a : fputc.c.obj (.text.fputc)
                  102b9754    0000000c     --HOLE-- [fill = 0]
                  102b9760    000000ee     freertos.awr294x.r5f.ti-arm-clang.debug.lib : tasks.obj (.text.vTaskStartScheduler)
                  102b984e    00000002     --HOLE-- [fill = 0]
                  102b9850    000000ee                                                 : tasks.obj (.text.xTaskCreateStatic)
                  102b993e    00000002     --HOLE-- [fill = 0]
                  102b9940    000000ec                                                 : tasks.obj (.text.xTaskCheckForTimeOut)
                  102b9a2c    00000004     --HOLE-- [fill = 0]
                  102b9a30    000000e4                                                 : timers.obj (.text.prvSwitchTimerLists)
                  102b9b14    0000000c     --HOLE-- [fill = 0]
                  102b9b20    000000e2                                                 : tasks.obj (.text.vTaskGetInfo)
                  102b9c02    0000000e     --HOLE-- [fill = 0]
                  102b9c10    000000de                                                 : tasks.obj (.text.xTaskRemoveFromEventList)
                  102b9cee    00000002     --HOLE-- [fill = 0]
                  102b9cf0    000000dc     drivers.awr294x.r5f.ti-arm-clang.debug.lib : ipc_rpmsg_vring.obj (.text.RPMessage_vringGetFullRxBuf)
                  102b9dcc    00000004     --HOLE-- [fill = 0]
                  102b9dd0    000000dc                                                : soc_rcm.obj (.text.SOC_rcmGetCoreFout)
                  102b9eac    00000004     --HOLE-- [fill = 0]
                  102b9eb0    000000dc                                                : soc_rcm.obj (.text.SOC_rcmGetDSSFout)
                  102b9f8c    00000004     --HOLE-- [fill = 0]
                  102b9f90    000000dc                                                : soc_rcm.obj (.text.SOC_rcmGetPerFout)
                  102ba06c    00000004     --HOLE-- [fill = 0]
                  102ba070    000000da     ti_drivers_config.o (.text.System_init)
                  102ba14a    00000006     --HOLE-- [fill = 0]
                  102ba150    000000d4     drivers.awr294x.r5f.ti-arm-clang.debug.lib : ipc_rpmsg.obj (.text.RPMessage_construct)
                  102ba224    0000000c     --HOLE-- [fill = 0]
                  102ba230    000000d4     freertos.awr294x.r5f.ti-arm-clang.debug.lib : tasks.obj (.text.prvAddCurrentTaskToDelayedList)
                  102ba304    0000000c     --HOLE-- [fill = 0]
                  102ba310    000000d2     drivers.awr294x.r5f.ti-arm-clang.debug.lib : ipc_rpmsg_vring.obj (.text.RPMessage_vringPutEmptyRxBuf)
                  102ba3e2    0000000e     --HOLE-- [fill = 0]
                  102ba3f0    000000cc     freertos.awr294x.r5f.ti-arm-clang.debug.lib : queue.obj (.text.prvCopyDataToQueue)
                  102ba4bc    000000c8     libc.a : getdevice.c.obj (.text.getdevice)
                  102ba584    0000000c     --HOLE-- [fill = 0]
                  102ba590    000000c6     drivers.awr294x.r5f.ti-arm-clang.debug.lib : ipc_rpmsg.obj (.text.RPMessage_coreInit)
                  102ba656    0000000a     --HOLE-- [fill = 0]
                  102ba660    000000c4                                                : ipc_notify_v1.obj (.text.IpcNotify_readAckCallback)
                  102ba724    0000000c     --HOLE-- [fill = 0]
                  102ba730    000000c0     freertos.awr294x.r5f.ti-arm-clang.debug.lib : printf.obj (.text._out_rev)
                  102ba7f0    000000c0                                                 : timers.obj (.text.xTimerGenericCommand)
                  102ba8b0    000000b6                                                 : queue.obj (.text.xQueueGenericReset)
                  102ba966    00000002     --HOLE-- [fill = 0]
                  102ba968    000000b4     libc.a : fseek.c.obj (.text.fseeko)
                  102baa1c    00000004     --HOLE-- [fill = 0]
                  102baa20    000000b2     drivers.awr294x.r5f.ti-arm-clang.debug.lib : soc_rcm.obj (.text.SOC_rcmGetXTALFrequency)
                  102baad2    0000000e     --HOLE-- [fill = 0]
                  102baae0    000000b0                                                : soc_rcm.obj (.text.SOC_rcmSetPeripheralClock)
                  102bab90    000000b0     libc.a : fclose.c.obj (.text.__TI_closefile)
                  102bac40    000000ae     freertos.awr294x.r5f.ti-arm-clang.debug.lib : queue.obj (.text.prvUnlockQueue)
                  102bacee    00000002     --HOLE-- [fill = 0]
                  102bacf0    000000ac                                                 : SemaphoreP_freertos.obj (.text.SemaphoreP_constructBinary)
                  102bad9c    00000004     --HOLE-- [fill = 0]
                  102bada0    000000aa     drivers.awr294x.r5f.ti-arm-clang.debug.lib : soc_rcm.obj (.text.SOC_rcmGetFreqLeafNode)
                  102bae4a    00000006     --HOLE-- [fill = 0]
                  102bae50    000000a8                                                : soc_rcm.obj (.text.SOC_rcmGetCoreHSDivOut)
                  102baef8    00000008     --HOLE-- [fill = 0]
                  102baf00    000000a8                                                : soc_rcm.obj (.text.SOC_rcmGetDSSHSDivOut)
                  102bafa8    00000008     --HOLE-- [fill = 0]
                  102bafb0    000000a8                                                : soc_rcm.obj (.text.SOC_rcmGetPerHSDivOut)
                  102bb058    00000008     --HOLE-- [fill = 0]
                  102bb060    000000a8     freertos.awr294x.r5f.ti-arm-clang.debug.lib : PmuP_armv7r.obj (.text.pmu)
                  102bb108    000000a4     libc.a : memory.c.obj (.text.split)
                  102bb1ac    00000004     --HOLE-- [fill = 0]
                  102bb1b0    000000a4     freertos.awr294x.r5f.ti-arm-clang.debug.lib : timers.obj (.text.xTimerCreateTimerTask)
                  102bb254    0000000c     --HOLE-- [fill = 0]
                  102bb260    000000a2     drivers.awr294x.r5f.ti-arm-clang.debug.lib : ipc_notify_v1.obj (.text.IpcNotify_mailboxWrite)
                  102bb302    0000000e     --HOLE-- [fill = 0]
                  102bb310    000000a2     freertos.awr294x.r5f.ti-arm-clang.debug.lib : timers.obj (.text.prvCheckForValidListAndQueue)
                  102bb3b2    00000002     --HOLE-- [fill = 0]
                  102bb3b4    000000a0     libsysbm.a : hostrename.c.obj (.text.HOSTrename)
                  102bb454    0000000c     --HOLE-- [fill = 0]
                  102bb460    0000009e     freertos.awr294x.r5f.ti-arm-clang.debug.lib : timers.obj (.text.prvProcessExpiredTimer)
                  102bb4fe    00000002     --HOLE-- [fill = 0]
                  102bb500    0000009c     libc.a : _io_perm.c.obj (.text.__TI_wrt_ok)
                  102bb59c    00000098     libsysbm.a : hostlseek.c.obj (.text.HOSTlseek)
                  102bb634    0000000c     --HOLE-- [fill = 0]
                  102bb640    00000098     drivers.awr294x.r5f.ti-arm-clang.debug.lib : ipc_notify_v1.obj (.text.IpcNotify_registerClient)
                  102bb6d8    00000094     libsysbm.a : hostopen.c.obj (.text.HOSTopen)
                  102bb76c    00000004     --HOLE-- [fill = 0]
                  102bb770    00000094     drivers.awr294x.r5f.ti-arm-clang.debug.lib : ipc_notify_v1.obj (.text.IpcNotify_Params_init)
                  102bb804    0000000c     --HOLE-- [fill = 0]
                  102bb810    00000092     freertos.awr294x.r5f.ti-arm-clang.debug.lib : DebugP_freertos.obj (.text._DebugP_logZone)
                  102bb8a2    0000000e     --HOLE-- [fill = 0]
                  102bb8b0    0000008e                                                 : tasks.obj (.text.prvInitialiseTaskLists)
                  102bb93e    00000002     --HOLE-- [fill = 0]
                  102bb940    0000008c     libsysbm.a : close.c.obj (.text.close)
                  102bb9cc    00000004     --HOLE-- [fill = 0]
                  102bb9d0    0000008c     main.o (.text.main)
                  102bba5c    00000088     libc.a : fflush.c.obj (.text.__TI_doflush)
                  102bbae4    0000000c     --HOLE-- [fill = 0]
                  102bbaf0    00000086     drivers.awr294x.r5f.ti-arm-clang.debug.lib : ipc_rpmsg.obj (.text.RPMessage_Params_init)
                  102bbb76    0000000a     --HOLE-- [fill = 0]
                  102bbb80    00000086     freertos.awr294x.r5f.ti-arm-clang.debug.lib : timers.obj (.text.prvInsertTimerInActiveList)
                  102bbc06    0000000a     --HOLE-- [fill = 0]
                  102bbc10    00000086                                                 : timers.obj (.text.prvProcessTimerOrBlockTask)
                  102bbc96    00000002     --HOLE-- [fill = 0]
                  102bbc98    00000084     libsysbm.a : hostread.c.obj (.text.HOSTread)
                  102bbd1c    00000084                : hostwrite.c.obj (.text.HOSTwrite)
                  102bbda0    00000084     drivers.awr294x.r5f.ti-arm-clang.debug.lib : ipc_rpmsg.obj (.text.RPMessage_notifyCallback)
                  102bbe24    0000000c     --HOLE-- [fill = 0]
                  102bbe30    00000082                                                : soc_rcm.obj (.text.SOC_rcmGetFreq)
                  102bbeb2    0000000e     --HOLE-- [fill = 0]
                  102bbec0    00000082     freertos.awr294x.r5f.ti-arm-clang.debug.lib : SemaphoreP_freertos.obj (.text.SemaphoreP_pend)
                  102bbf42    0000000e     --HOLE-- [fill = 0]
                  102bbf50    00000082                                                 : DebugP_log.obj (.text._DebugP_assert)
                  102bbfd2    0000000e     --HOLE-- [fill = 0]
                  102bbfe0    00000080     drivers.awr294x.r5f.ti-arm-clang.debug.lib : soc_rcm.obj (.text.SOC_rcmGetR5InFrequency)
                  102bc060    0000007e     freertos.awr294x.r5f.ti-arm-clang.debug.lib : ClockP_freertos.obj (.text.ClockP_getTimeUsec)
                  102bc0de    00000002     --HOLE-- [fill = 0]
                  102bc0e0    0000007e                                                 : queue.obj (.text.xQueueTakeMutexRecursive)
                  102bc15e    00000002     --HOLE-- [fill = 0]
                  102bc160    0000007c     drivers.awr294x.r5f.ti-arm-clang.debug.lib : ipc_notify_v1.obj (.text.IpcNotify_mailboxReadSwQ)
                  102bc1dc    00000004     --HOLE-- [fill = 0]
                  102bc1e0    0000007c     freertos.awr294x.r5f.ti-arm-clang.debug.lib : queue.obj (.text.xQueueGiveMutexRecursive)
                  102bc25c    00000004     --HOLE-- [fill = 0]
                  102bc260    00000076     drivers.awr294x.r5f.ti-arm-clang.debug.lib : ipc_rpmsg_vring.obj (.text.RPMessage_vringIsFullRxBuf)
                  102bc2d6    0000000a     --HOLE-- [fill = 0]
                  102bc2e0    00000072                                                : ipc_notify_v1.obj (.text.IpcNotify_makeMsg)
                  102bc352    0000000e     --HOLE-- [fill = 0]
                  102bc360    0000006e     freertos.awr294x.r5f.ti-arm-clang.debug.lib : SemaphoreP_freertos.obj (.text.SemaphoreP_constructMutex)
                  102bc3ce    00000002     --HOLE-- [fill = 0]
                  102bc3d0    0000006e                                                 : tasks.obj (.text.prvDeleteTCB)
                  102bc43e    00000002     --HOLE-- [fill = 0]
                  102bc440    0000006c     libsysbm.a : hostunlink.c.obj (.text.HOSTunlink)
                  102bc4ac    00000004     --HOLE-- [fill = 0]
                  102bc4b0    0000006a     freertos.awr294x.r5f.ti-arm-clang.debug.lib : list.obj (.text.vListInsert)
                  102bc51a    00000006     --HOLE-- [fill = 0]
                  102bc520    00000064     drivers.awr294x.r5f.ti-arm-clang.debug.lib : ipc_rpmsg.obj (.text.RPMessage_controlEndPtHandler)
                  102bc584    0000000c     --HOLE-- [fill = 0]
                  102bc590    00000064     freertos.awr294x.r5f.ti-arm-clang.debug.lib : TaskP_freertos.obj (.text.vApplicationLoadHook)
                  102bc5f4    0000000c     --HOLE-- [fill = 0]
                  102bc600    00000064                                                 : queue.obj (.text.vQueueWaitForMessageRestricted)
                  102bc664    0000000c     --HOLE-- [fill = 0]
                  102bc670    00000062     drivers.awr294x.r5f.ti-arm-clang.debug.lib : soc_rcm.obj (.text.SOC_rcmInsert16)
                  102bc6d2    0000000e     --HOLE-- [fill = 0]
                  102bc6e0    00000062     freertos.awr294x.r5f.ti-arm-clang.debug.lib : SemaphoreP_freertos.obj (.text.SemaphoreP_post)
                  102bc742    0000000e     --HOLE-- [fill = 0]
                  102bc750    00000062                                                 : tasks.obj (.text.vTaskPlaceOnEventListRestricted)
                  102bc7b2    00000002     --HOLE-- [fill = 0]
                  102bc7b4    00000060     libsysbm.a : hostclose.c.obj (.text.HOSTclose)
                  102bc814    0000000c     --HOLE-- [fill = 0]
                  102bc820    0000005e     drivers.awr294x.r5f.ti-arm-clang.debug.lib : ipc_rpmsg_vring.obj (.text.RPMessage_vringCheckEmptyTxBuf)
                  102bc87e    00000002     --HOLE-- [fill = 0]
                  102bc880    0000005c     ti_power_clock_config.o (.text.Module_clockSetFrequency)
                  102bc8dc    00000004     --HOLE-- [fill = 0]
                  102bc8e0    0000005a     freertos.awr294x.r5f.ti-arm-clang.debug.lib : tasks.obj (.text.prvCheckTasksWaitingTermination)
                  102bc93a    00000002     --HOLE-- [fill = 0]
                  102bc93c    00000058     libc.a : fopen.c.obj (.text.__TI_cleanup)
                  102bc994    00000058     libsysbm.a : trgmsg.c.obj (.text.__TI_readmsg)
                  102bc9ec    00000058                : trgmsg.c.obj (.text.__TI_writemsg)
                  102bca44    0000000c     --HOLE-- [fill = 0]
                  102bca50    00000054     drivers.awr294x.r5f.ti-arm-clang.debug.lib : ipc_notify_v1.obj (.text.IpcNotify_getMemoryToWrite)
                  102bcaa4    0000000c     --HOLE-- [fill = 0]
                  102bcab0    00000054                                                : soc_rcm.obj (.text.SOC_rcmGetModuleClkDivVal)
                  102bcb04    00000054     libc.a : exit.c.obj (.text.exit)
                  102bcb58    00000054            : getdevice.c.obj (.text.finddevice)
                  102bcbac    00000054            : autoinit.c.obj (.text:__TI_auto_init_nobinit_nopinit)
                  102bcc00    00000052     drivers.awr294x.r5f.ti-arm-clang.debug.lib : pinmux.obj (.text.Pinmux_config)
                  102bcc52    0000000e     --HOLE-- [fill = 0]
                  102bcc60    00000052                                                : ipc_rpmsg.obj (.text.RPMessage_allocEndPtMsg)
                  102bccb2    0000000e     --HOLE-- [fill = 0]
                  102bccc0    00000052                                                : soc_rcm.obj (.text.SOC_rcmGetClkSrcFromClkSelVal)
                  102bcd12    0000000e     --HOLE-- [fill = 0]
                  102bcd20    00000052     freertos.awr294x.r5f.ti-arm-clang.debug.lib : queue.obj (.text.vQueueAddToRegistry)
                  102bcd72    0000000e     --HOLE-- [fill = 0]
                  102bcd80    00000052                                                 : tasks.obj (.text.vTaskPlaceOnEventList)
                  102bcdd2    0000000e     --HOLE-- [fill = 0]
                  102bcde0    0000004e     drivers.awr294x.r5f.ti-arm-clang.debug.lib : ipc_notify_v1.obj (.text.IpcNotify_getMemoryToRead)
                  102bce2e    00000002     --HOLE-- [fill = 0]
                  102bce30    0000004c                                                : ipc_notify_v1.obj (.text.IpcNotify_getWriteMailbox)
                  102bce7c    00000004     --HOLE-- [fill = 0]
                  102bce80    0000004c                                                : ipc_notify_v1.obj (.text.IpcNotify_unregisterClient)
                  102bcecc    00000004     --HOLE-- [fill = 0]
                  102bced0    0000004c     ti_power_clock_config.o (.text.Module_clockEnable)
                  102bcf1c    00000004     --HOLE-- [fill = 0]
                  102bcf20    00000048     drivers.awr294x.r5f.ti-arm-clang.debug.lib : ipc_rpmsg.obj (.text.RPMessage_queueGet)
                  102bcf68    00000008     --HOLE-- [fill = 0]
                  102bcf70    00000048     freertos.awr294x.r5f.ti-arm-clang.debug.lib : queue.obj (.text.prvInitialiseNewQueue)
                  102bcfb8    00000048     libsysbm.a : unlink.c.obj (.text.unlink)
                  102bd000    00000048     freertos.awr294x.r5f.ti-arm-clang.debug.lib : list.obj (.text.uxListRemove)
                  102bd048    00000008     --HOLE-- [fill = 0]
                  102bd050    00000046     drivers.awr294x.r5f.ti-arm-clang.debug.lib : ipc_rpmsg.obj (.text.RPMessage_freeEndPtMsg)
                  102bd096    0000000a     --HOLE-- [fill = 0]
                  102bd0a0    00000046                                                : ipc_rpmsg_vring.obj (.text.RPMessage_vringGetSize)
                  102bd0e6    0000000a     --HOLE-- [fill = 0]
                  102bd0f0    00000046     freertos.awr294x.r5f.ti-arm-clang.debug.lib : tasks.obj (.text.vTaskExitCritical)
                  102bd136    0000000a     --HOLE-- [fill = 0]
                  102bd140    00000044     drivers.awr294x.r5f.ti-arm-clang.debug.lib : soc_rcm.obj (.text.SOC_rcmExtract16)
                  102bd184    0000000c     --HOLE-- [fill = 0]
                  102bd190    00000044                                                : soc_rcm.obj (.text.SOC_rcmExtract8)
                  102bd1d4    0000000c     --HOLE-- [fill = 0]
                  102bd1e0    00000044                                                : soc_rcm.obj (.text.SOC_rcmMake16)
                  102bd224    0000000c     --HOLE-- [fill = 0]
                  102bd230    00000044     freertos.awr294x.r5f.ti-arm-clang.debug.lib : printf.obj (.text._strnlen_s)
                  102bd274    0000000c     --HOLE-- [fill = 0]
                  102bd280    00000044                                                 : timers.obj (.text.prvSampleTimeNow)
                  102bd2c4    0000000c     --HOLE-- [fill = 0]
                  102bd2d0    00000042     ti_drivers_config.o (.text.IpcNotify_allocSwQueue)
                  102bd312    0000000e     --HOLE-- [fill = 0]
                  102bd320    00000042     drivers.awr294x.r5f.ti-arm-clang.debug.lib : ipc_notify_v1.obj (.text.IpcNotify_getReadDoneAckMailbox)
                  102bd362    0000000e     --HOLE-- [fill = 0]
                  102bd370    00000042                                                : ipc_notify_v1.obj (.text.IpcNotify_mailboxWriteCustomIpcConfig)
                  102bd3b2    0000000e     --HOLE-- [fill = 0]
                  102bd3c0    00000042     freertos.awr294x.r5f.ti-arm-clang.debug.lib : queue.obj (.text.prvCopyDataFromQueue)
                  102bd402    0000000e     --HOLE-- [fill = 0]
                  102bd410    00000042                                                 : tasks.obj (.text.xTaskGetIdleTaskHandle)
                  102bd452    0000000e     --HOLE-- [fill = 0]
                  102bd460    00000040     ti_dpl_config.o (.text.Dpl_init)
                  102bd4a0    00000040     drivers.awr294x.r5f.ti-arm-clang.debug.lib : soc_rcm.obj (.text.SOC_rcmExtract32)
                  102bd4e0    00000040     libc.a : memory.c.obj (.text.free_list_insert)
                  102bd520    00000040     freertos.awr294x.r5f.ti-arm-clang.debug.lib : timers.obj (.text.prvGetNextExpireTime)
                  102bd560    0000003e     drivers.awr294x.r5f.ti-arm-clang.debug.lib : soc_rcm.obj (.text.SOC_rcmIsPadDisableRequired)
                  102bd59e    00000002     --HOLE-- [fill = 0]
                  102bd5a0    0000003c                                                : ipc_rpmsg.obj (.text.RPMessage_isLinuxCore)
                  102bd5dc    00000004     --HOLE-- [fill = 0]
                  102bd5e0    0000003c                                                : ipc_rpmsg_vring.obj (.text.RPMessage_vringGetRxBufAddr)
                  102bd61c    00000004     --HOLE-- [fill = 0]
                  102bd620    0000003c     freertos.awr294x.r5f.ti-arm-clang.debug.lib : tasks.obj (.text.prvResetNextTaskUnblockTime)
                  102bd65c    00000004     --HOLE-- [fill = 0]
                  102bd660    0000003a                                                 : printf.obj (.text._atoi)
                  102bd69a    00000006     --HOLE-- [fill = 0]
                  102bd6a0    0000003a                                                 : list.obj (.text.vListInsertEnd)
                  102bd6da    00000006     --HOLE-- [fill = 0]
                  102bd6e0    00000038     drivers.awr294x.r5f.ti-arm-clang.debug.lib : ipc_notify_v1.obj (.text.IpcNotify_getReadSwQ)
                  102bd718    00000008     --HOLE-- [fill = 0]
                  102bd720    00000038     freertos.awr294x.r5f.ti-arm-clang.debug.lib : tasks.obj (.text.xTaskGetSchedulerState)
                  102bd758    00000008     --HOLE-- [fill = 0]
                  102bd760    00000036     drivers.awr294x.r5f.ti-arm-clang.debug.lib : ipc_notify_v1.obj (.text.IpcNotify_syncCallback)
                  102bd796    0000000a     --HOLE-- [fill = 0]
                  102bd7a0    00000036                                                : ipc_rpmsg.obj (.text.RPMessage_controlEndPtInit)
                  102bd7d6    0000000a     --HOLE-- [fill = 0]
                  102bd7e0    00000036                                                : ipc_rpmsg.obj (.text.RPMessage_queuePut)
                  102bd816    0000000a     --HOLE-- [fill = 0]
                  102bd820    00000034     freertos.awr294x.r5f.ti-arm-clang.debug.lib : TimerP_rti.obj (.text.TimerP_Params_init)
                  102bd854    00000034     libc.a : memory.c.obj (.text.free_list_remove)
                  102bd888    00000034     libsysbm.a : lseek.c.obj (.text.lseek)
                  102bd8bc    00000004     --HOLE-- [fill = 0]
                  102bd8c0    00000034     freertos.awr294x.r5f.ti-arm-clang.debug.lib : port.obj (.text.vPortTimerTickHandler)
                  102bd8f4    00000034     libsysbm.a : write.c.obj (.text.write)
                  102bd928    00000008     --HOLE-- [fill = 0]
                  102bd930    00000032     freertos.awr294x.r5f.ti-arm-clang.debug.lib : ClockP_freertos.obj (.text.ClockP_timerTickIsr)
                  102bd962    0000000e     --HOLE-- [fill = 0]
                  102bd970    00000032     drivers.awr294x.r5f.ti-arm-clang.debug.lib : ipc_notify_v1.obj (.text.IpcNotify_mailboxIsPendingIntr)
                  102bd9a2    0000000e     --HOLE-- [fill = 0]
                  102bd9b0    00000032                                                : ipc_notify_v1.obj (.text.IpcNotify_mailboxReadCustomIpcConfig)
                  102bd9e2    0000000e     --HOLE-- [fill = 0]
                  102bd9f0    00000032     freertos.awr294x.r5f.ti-arm-clang.debug.lib : TimerP_rti.obj (.text.TimerP_getCount)
                  102bda22    0000000e     --HOLE-- [fill = 0]
                  102bda30    00000032                                                 : port.obj (.text.vApplicationStackOverflowHook)
                  102bda62    0000000e     --HOLE-- [fill = 0]
                  102bda70    00000032                                                 : tasks.obj (.text.vTaskEnterCritical)
                  102bdaa2    0000000e     --HOLE-- [fill = 0]
                  102bdab0    00000032                                                 : queue.obj (.text.xQueueCreateMutexStatic)
                  102bdae2    0000000e     --HOLE-- [fill = 0]
                  102bdaf0    00000030     drivers.awr294x.r5f.ti-arm-clang.debug.lib : ipc_notify_v1.obj (.text.IpcNotify_getReadDoneMailbox)
                  102bdb20    00000030                                                : ipc_notify_v1.obj (.text.IpcNotify_getReadMailbox)
                  102bdb50    00000030     freertos.awr294x.r5f.ti-arm-clang.debug.lib : PmuP_armv7r_asm.obj (.text.pmu)
                  102bdb80    0000002e     drivers.awr294x.r5f.ti-arm-clang.debug.lib : soc_rcm.obj (.text.SOC_rcmGetPeripheralClockFrequency)
                  102bdbae    00000002     --HOLE-- [fill = 0]
                  102bdbb0    0000002e     freertos.awr294x.r5f.ti-arm-clang.debug.lib : printf.obj (.text._is_digit)
                  102bdbde    00000002     --HOLE-- [fill = 0]
                  102bdbe0    0000002e                                                 : queue.obj (.text.prvIsQueueFull)
                  102bdc0e    00000002     --HOLE-- [fill = 0]
                  102bdc10    0000002e                                                 : tasks.obj (.text.prvTaskCheckFreeStackSpace)
                  102bdc3e    00000002     --HOLE-- [fill = 0]
                  102bdc40    0000002e                                                 : list.obj (.text.vListInitialise)
                  102bdc6e    00000002     --HOLE-- [fill = 0]
                  102bdc70    0000002c                                                 : DebugP_log.obj (.text.DebugP_logZoneEnable)
                  102bdc9c    00000004     --HOLE-- [fill = 0]
                  102bdca0    0000002c     ti_pinmux_config.o (.text.Pinmux_init)
                  102bdccc    00000004     --HOLE-- [fill = 0]
                  102bdcd0    0000002c     drivers.awr294x.r5f.ti-arm-clang.debug.lib : soc_rcm.obj (.text.SOC_rcmGetHSDivClkSrc)
                  102bdcfc    00000004     --HOLE-- [fill = 0]
                  102bdd00    0000002c                                                : soc_rcm.obj (.text.SOC_rcmGetR5Clock)
                  102bdd2c    00000004     --HOLE-- [fill = 0]
                  102bdd30    0000002c     freertos.awr294x.r5f.ti-arm-clang.debug.lib : TaskP_freertos.obj (.text.TaskP_calcCounterDiff)
                  102bdd5c    00000004     --HOLE-- [fill = 0]
                  102bdd60    0000002c                                                 : queue.obj (.text.prvInitialiseMutex)
                  102bdd8c    00000004     --HOLE-- [fill = 0]
                  102bdd90    0000002c                                                 : tasks.obj (.text.pvTaskIncrementMutexHeldCount)
                  102bddbc    00000004     --HOLE-- [fill = 0]
                  102bddc0    0000002c                                                 : port.obj (.text.vApplicationGetIdleTaskMemory)
                  102bddec    00000004     --HOLE-- [fill = 0]
                  102bddf0    0000002c                                                 : port.obj (.text.vApplicationGetTimerTaskMemory)
                  102bde1c    00000004     --HOLE-- [fill = 0]
                  102bde20    0000002a     drivers.awr294x.r5f.ti-arm-clang.debug.lib : ipc_notify_v1.obj (.text.IpcNotify_isCoreEnabled)
                  102bde4a    00000006     --HOLE-- [fill = 0]
                  102bde50    0000002a                                                : ipc_rpmsg.obj (.text.RPMessage_putEndPtMsg)
                  102bde7a    00000006     --HOLE-- [fill = 0]
                  102bde80    00000028                                                : ipc_notify_v1.obj (.text.IpcNotify_syncCustomIpcConfig)
                  102bdea8    00000008     --HOLE-- [fill = 0]
                  102bdeb0    00000028     freertos.awr294x.r5f.ti-arm-clang.debug.lib : tasks.obj (.text.prvIdleTask)
                  102bded8    00000008     --HOLE-- [fill = 0]
                  102bdee0    00000028                                                 : queue.obj (.text.prvIsQueueEmpty)
                  102bdf08    00000008     --HOLE-- [fill = 0]
                  102bdf10    00000028                                                 : printf.obj (.text.vprintf_)
                  102bdf38    00000008     --HOLE-- [fill = 0]
                  102bdf40    00000026                                                 : queue.obj (.text.prvGetDisinheritPriorityAfterTimeout)
                  102bdf66    0000000a     --HOLE-- [fill = 0]
                  102bdf70    00000024     ti_drivers_config.o (.text.IpcNotify_getConfig)
                  102bdf94    00000024     libclang_rt.builtins.a : aeabi_uldivmod.S.obj (.text.__aeabi_uldivmod)
                  102bdfb8    00000008     --HOLE-- [fill = 0]
                  102bdfc0    00000024     freertos.awr294x.r5f.ti-arm-clang.debug.lib : printf.obj (.text._out_char)
                  102bdfe4    0000000c     --HOLE-- [fill = 0]
                  102bdff0    00000024                                                 : tasks.obj (.text.vTaskInternalSetTimeOutState)
                  102be014    0000000c     --HOLE-- [fill = 0]
                  102be020    00000022     drivers.awr294x.r5f.ti-arm-clang.debug.lib : soc_rcm.obj (.text.SOC_rcmGetFixedRootClkFout)
                  102be042    0000000e     --HOLE-- [fill = 0]
                  102be050    00000020     freertos.awr294x.r5f.ti-arm-clang.debug.lib : ClockP_freertos.obj (.text.ClockP_usecToTicks)
                  102be070    00000020     drivers.awr294x.r5f.ti-arm-clang.debug.lib : ipc_notify_v1_cfg.obj (.text.IpcNotify_wait)
                  102be090    00000020                                                : ipc_rpmsg.obj (.text.RPMessage_CreateParams_init)
                  102be0b0    00000020     freertos.awr294x.r5f.ti-arm-clang.debug.lib : heap_3.obj (.text.vPortFree)
                  102be0d0    0000001e     drivers.awr294x.r5f.ti-arm-clang.debug.lib : soc.obj (.text.SOC_moduleSetClockFrequency)
                  102be0ee    00000002     --HOLE-- [fill = 0]
                  102be0f0    0000001e     freertos.awr294x.r5f.ti-arm-clang.debug.lib : timers.obj (.text.prvTimerTask)
                  102be10e    00000002     --HOLE-- [fill = 0]
                  102be110    0000001e                                                 : port.obj (.text.xPortStartScheduler)
                  102be12e    00000002     --HOLE-- [fill = 0]
                  102be130    0000001e                                                 : tasks.obj (.text.xTaskGetTickCount)
                  102be14e    00000002     --HOLE-- [fill = 0]
                  102be150    0000001c     libsysbm.a : hostrename.c.obj (.text.strcpy)
                  102be16c    0000001c                : hostrename.c.obj (.text.strlen)
                  102be188    00000008     --HOLE-- [fill = 0]
                  102be190    0000001c     freertos.awr294x.r5f.ti-arm-clang.debug.lib : port.obj (.text.vPortYeildFromISR)
                  102be1ac    0000001c     libc.a : memcpy32.S.obj (.text:TI_memcpy_small)
                  102be1c8    00000008     --HOLE-- [fill = 0]
                  102be1d0    00000018     drivers.awr294x.r5f.ti-arm-clang.debug.lib : soc_rcm.obj (.text.CSL_TopCtrl_readXtalFreqScale)
                  102be1e8    00000008     --HOLE-- [fill = 0]
                  102be1f0    00000018                                                : ipc_notify_v1.obj (.text.IpcNotify_mailboxClearAllInt)
                  102be208    00000008     --HOLE-- [fill = 0]
                  102be210    00000018     freertos.awr294x.r5f.ti-arm-clang.debug.lib : TimerP_rti.obj (.text.TimerP_getReloadCount)
                  102be228    00000008     --HOLE-- [fill = 0]
                  102be230    00000018     main.o (.text.freertos_main)
                  102be248    00000018     libc.a : memset32.S.obj (.text:TI_memset_small)
                  102be260    00000016     drivers.awr294x.r5f.ti-arm-clang.debug.lib : ipc_rpmsg_vring.obj (.text.RPMessage_align)
                  102be276    0000000a     --HOLE-- [fill = 0]
                  102be280    00000016                                                : soc.obj (.text.SOC_getSelfCpuClk)
                  102be296    0000000a     --HOLE-- [fill = 0]
                  102be2a0    00000016     freertos.awr294x.r5f.ti-arm-clang.debug.lib : TimerP_rti.obj (.text.TimerP_start)
                  102be2b6    0000000a     --HOLE-- [fill = 0]
                  102be2c0    00000016                                                 : TimerP_rti.obj (.text.TimerP_stop)
                  102be2d6    0000000a     --HOLE-- [fill = 0]
                  102be2e0    00000014     drivers.awr294x.r5f.ti-arm-clang.debug.lib : ipc_notify_v1.obj (.text.IpcNotify_mailboxClearPendingIntr)
                  102be2f4    0000000c     --HOLE-- [fill = 0]
                  102be300    00000014                                                : soc_rcm.obj (.text.SOC_rcmGetModuleClkDivFromRegVal)
                  102be314    0000000c     --HOLE-- [fill = 0]
                  102be320    00000014     freertos.awr294x.r5f.ti-arm-clang.debug.lib : TimerP_rti.obj (.text.TimerP_clearOverflowInt)
                  102be334    0000000c     --HOLE-- [fill = 0]
                  102be340    00000014     ti_dpl_config.o (.text.putchar_)
                  102be354    0000000c     --HOLE-- [fill = 0]
                  102be360    00000014     freertos.awr294x.r5f.ti-arm-clang.debug.lib : tasks.obj (.text.xTaskGetCurrentTaskHandle)
                  102be374    0000000c     --HOLE-- [fill = 0]
                  102be380    00000012     drivers.awr294x.r5f.ti-arm-clang.debug.lib : ipc_rpmsg.obj (.text.RPMessage_queueReset)
                  102be392    0000000e     --HOLE-- [fill = 0]
                  102be3a0    00000012     freertos.awr294x.r5f.ti-arm-clang.debug.lib : port.obj (.text.uiPortGetRunTimeCounterValue)
                  102be3b2    0000000e     --HOLE-- [fill = 0]
                  102be3c0    00000010     drivers.awr294x.r5f.ti-arm-clang.debug.lib : pinmux.obj (.text.CSL_REG32_WR_RAW)
                  102be3d0    00000010                                                : soc.obj (.text.CSL_REG32_WR_RAW)
                  102be3e0    00000010     freertos.awr294x.r5f.ti-arm-clang.debug.lib : ClockP_freertos_r5.obj (.text.ClockP_getTimerCount)
                  102be3f0    00000010                                                 : ClockP_freertos_r5.obj (.text.ClockP_timerClearOverflowInt)
                  102be400    00000010     drivers.awr294x.r5f.ti-arm-clang.debug.lib : ipc_notify_v1.obj (.text.IpcNotify_mailboxGetPendingIntr)
                  102be410    00000010                                                : soc.obj (.text.SOC_moduleClockEnable)
                  102be420    00000010     libclang_rt.builtins.a : aeabi_memset.S.obj (.text.__aeabi_memset)
                  102be430    00000010     freertos.awr294x.r5f.ti-arm-clang.debug.lib : printf.obj (.text._out_null)
                  102be440    00000010     libc.a : fputc.c.obj (.text.putchar)
                  102be450    00000010     freertos.awr294x.r5f.ti-arm-clang.debug.lib : tasks.obj (.text.vTaskSuspendAll)
                  102be460    0000000e     drivers.awr294x.r5f.ti-arm-clang.debug.lib : ipc_notify_v1.obj (.text.IpcNotify_isCustomIpcConfigEnabled)
                  102be46e    00000002     --HOLE-- [fill = 0]
                  102be470    0000000e     freertos.awr294x.r5f.ti-arm-clang.debug.lib : list.obj (.text.vListInitialiseItem)
                  102be47e    00000002     --HOLE-- [fill = 0]
                  102be480    0000000e                                                 : tasks.obj (.text.vTaskMissedYield)
                  102be48e    00000002     --HOLE-- [fill = 0]
                  102be490    0000000c     drivers.awr294x.r5f.ti-arm-clang.debug.lib : ipc_notify_v1.obj (.text.IpcNotify_getSelfCoreId)
                  102be49c    00000004     --HOLE-- [fill = 0]
                  102be4a0    0000000c     ti_power_clock_config.o (.text.PowerClock_init)
                  102be4ac    00000004     --HOLE-- [fill = 0]
                  102be4b0    0000000a     freertos.awr294x.r5f.ti-arm-clang.debug.lib : HwiP_armv7r_vim.obj (.text.Hwip_dataAndInstructionBarrier)
                  102be4ba    00000006     --HOLE-- [fill = 0]
                  102be4c0    0000000c     libc.a : strcmp32.S.obj (.text)
                  102be4cc    00000004     --HOLE-- [fill = 0]
                  102be4d0    0000000a     drivers.awr294x.r5f.ti-arm-clang.debug.lib : ipc_notify_v1.obj (.text.IpcNotify_dataAndInstructionBarrier)
                  102be4da    00000006     --HOLE-- [fill = 0]
                  102be4e0    0000000a                                                : ipc_rpmsg_vring.obj (.text.IpcRpMsg_dataAndInstructionBarrier)
                  102be4ea    00000006     --HOLE-- [fill = 0]
                  102be4f0    0000000a     freertos.awr294x.r5f.ti-arm-clang.debug.lib : port.obj (.text.prvTaskExitError)
                  102be4fa    00000006     --HOLE-- [fill = 0]
                  102be500    0000000a                                                 : port.obj (.text.vApplicationIdleHook)
                  102be50a    00000006     --HOLE-- [fill = 0]
                  102be510    00000008     drivers.awr294x.r5f.ti-arm-clang.debug.lib : soc_rcm.obj (.text.CSL_TopCtrl_getBaseAddress)
                  102be518    00000008     --HOLE-- [fill = 0]
                  102be520    00000008     empty.o (.text.empty_main)
                  102be528    00000008     --HOLE-- [fill = 0]
                  102be530    00000006     drivers.awr294x.r5f.ti-arm-clang.debug.lib : soc_rcm.obj (.text.CSL_DSSRCM_getBaseAddress)
                  102be536    0000000a     --HOLE-- [fill = 0]
                  102be540    00000006                                                : soc_rcm.obj (.text.CSL_RCM_getBaseAddress)
                  102be546    0000000a     --HOLE-- [fill = 0]
                  102be550    00000006                                                : soc_rcm.obj (.text.CSL_TopRCM_getBaseAddress)
                  102be556    0000000a     --HOLE-- [fill = 0]
                  102be560    00000002     ti_board_config.o (.text.Board_init)
                  102be562    0000000e     --HOLE-- [fill = 0]
                  102be570    00000002     freertos.awr294x.r5f.ti-arm-clang.debug.lib : port.obj (.text.vPortConfigTimerForRunTimeStats)
                  102be572    0000000e     --HOLE-- [fill = 0]
                  102be580    00000002                                                 : port.obj (.text.vPortValidateInterruptPriority)
                  102be582    0000001e     --HOLE-- [fill = 0]

.rodata    0    102be5a0    00001768     
                  102be5a0    00000188     drivers.awr294x.r5f.ti-arm-clang.debug.lib : soc_rcm.obj (.rodata.gSocRcmADPLLJConfigTbl)
                  102be728    00000082     freertos.awr294x.r5f.ti-arm-clang.debug.lib : tasks.obj (.rodata.str1.4565613428165196872.1)
                  102be7aa    00000002     --HOLE-- [fill = 0]
                  102be7ac    00000074     ti_dpl_config.o (.rodata.cfg)
                  102be820    0000006b     freertos.awr294x.r5f.ti-arm-clang.debug.lib : queue.obj (.rodata.str1.9511296674868437406.1)
                  102be88b    00000069     drivers.awr294x.r5f.ti-arm-clang.debug.lib : soc_rcm.obj (.rodata.gSocRcmClkSrcInfoMap)
                  102be8f4    00000065     freertos.awr294x.r5f.ti-arm-clang.debug.lib : queue.obj (.rodata.str1.6603158521343292237.1)
                  102be959    00000062                                                 : queue.obj (.rodata.str1.4808098962482247512.1)
                  102be9bb    0000005f                                                 : queue.obj (.rodata.str1.8056268586134868364.1)
                  102bea1a    0000005d                                                 : queue.obj (.rodata.str1.14947700358493181700.1)
                  102bea77    0000005c                                                 : ClockP_freertos_r5.obj (.rodata.str1.17223520836534051513.1)
                  102bead3    00000059                                                 : queue.obj (.rodata.str1.13478403849926902207.1)
                  102beb2c    00000004                                                 : CacheP_armv7r.obj (.rodata.gCacheL1dCacheLineSize)
                  102beb30    00000050                                                 : printf.obj (.rodata._ftoa.pow10)
                  102beb80    0000004f                                                 : tasks.obj (.rodata.str1.16921125101802676652.1)
                  102bebcf    0000004a                                                 : queue.obj (.rodata.str1.1958022410542202588.1)
                  102bec19    0000004a                                                 : queue.obj (.rodata.str1.9461746748575326763.1)
                  102bec63    00000040     drivers.awr294x.r5f.ti-arm-clang.debug.lib : ipc_notify_v1.obj (.rodata.str1.10118846006578224169.1)
                  102beca3    0000003f     freertos.awr294x.r5f.ti-arm-clang.debug.lib : port.obj (.rodata.str1.2008661137458711816.1)
                  102bece2    0000003e                                                 : tasks.obj (.rodata.str1.9787755677095343714.1)
                  102bed20    0000003d                                                 : TimerP_rti.obj (.rodata.str1.8636677665714190513.1)
                  102bed5d    00000039                                                 : queue.obj (.rodata.str1.12742486800848623484.1)
                  102bed96    00000037                                                 : SemaphoreP_freertos.obj (.rodata.str1.10588615791740875997.1)
                  102bedcd    00000035     drivers.awr294x.r5f.ti-arm-clang.debug.lib : ipc_rpmsg.obj (.rodata.str1.12490517295006761435.1)
                  102bee02    00000031     freertos.awr294x.r5f.ti-arm-clang.debug.lib : timers.obj (.rodata.str1.4254626211159867211.1)
                  102bee33    0000002f     drivers.awr294x.r5f.ti-arm-clang.debug.lib : ipc_notify_v1.obj (.rodata.str1.9418228565027791152.1)
                  102bee62    0000002e     freertos.awr294x.r5f.ti-arm-clang.debug.lib : tasks.obj (.rodata.str1.3110018549871327945.1)
                  102bee90    0000002e                                                 : queue.obj (.rodata.str1.3762774476990514498.1)
                  102beebe    0000002e     drivers.awr294x.r5f.ti-arm-clang.debug.lib : ipc_notify_v1_cfg.obj (.rodata.str1.9333447753637572630.1)
                  102beeec    0000002d                                                : soc_rcm.obj (.rodata.str1.13371245503524111651.1)
                  102bef19    0000002a     freertos.awr294x.r5f.ti-arm-clang.debug.lib : queue.obj (.rodata.str1.13415653334365632560.1)
                  102bef43    0000002a                                                 : queue.obj (.rodata.str1.18282543359674176480.1)
                  102bef6d    0000002a                                                 : DebugP_log.obj (.rodata.str1.227947788441500939.1)
                  102bef97    00000029     drivers.awr294x.r5f.ti-arm-clang.debug.lib : soc_rcm.obj (.rodata.str1.5389960437019493790.1)
                  102befc0    00000029     freertos.awr294x.r5f.ti-arm-clang.debug.lib : tasks.obj (.rodata.str1.9328102173130631220.1)
                  102befe9    00000003     --HOLE-- [fill = 0]
                  102befec    00000028     drivers.awr294x.r5f.ti-arm-clang.debug.lib : soc_rcm.obj (.rodata.gSocRcmFixedClocksTbl)
                  102bf014    00000028     freertos.awr294x.r5f.ti-arm-clang.debug.lib : queue.obj (.rodata.str1.12125964304638706974.1)
                  102bf03c    00000027                                                 : ClockP_freertos_r5.obj (.rodata.str1.4964156252153506440.1)
                  102bf063    00000027                                                 : queue.obj (.rodata.str1.5896517509531954562.1)
                  102bf08a    00000027                                                 : tasks.obj (.rodata.str1.8086631624469926375.1)
                  102bf0b1    00000026                                                 : tasks.obj (.rodata.str1.2823620137245587142.1)
                  102bf0d7    00000025                                                 : queue.obj (.rodata.str1.1299805873427833789.1)
                  102bf0fc    00000025                                                 : tasks.obj (.rodata.str1.16123424699167936419.1)
                  102bf121    00000024     main.o (.rodata.str1.17100691992556644108.1)
                  102bf145    00000024     freertos.awr294x.r5f.ti-arm-clang.debug.lib : tasks.obj (.rodata.str1.7264671426540837297.1)
                  102bf169    00000023                                                 : ClockP_freertos_r5.obj (.rodata.str1.5485111591584040388.1)
                  102bf18c    00000022                                                 : tasks.obj (.rodata.str1.12539733791578942966.1)
                  102bf1ae    00000022                                                 : TimerP_rti.obj (.rodata.str1.4081825994417204303.1)
                  102bf1d0    00000022                                                 : tasks.obj (.rodata.str1.8073734311353135185.1)
                  102bf1f2    00000021                                                 : SemaphoreP_freertos.obj (.rodata.str1.11155737773773580205.1)
                  102bf213    00000021                                                 : tasks.obj (.rodata.str1.1908087408565297158.1)
                  102bf234    00000021                                                 : tasks.obj (.rodata.str1.6403908046155279103.1)
                  102bf255    00000021                                                 : ClockP_freertos_r5.obj (.rodata.str1.7035350789661265746.1)
                  102bf276    00000020     drivers.awr294x.r5f.ti-arm-clang.debug.lib : ipc_notify_v1.obj (.rodata.str1.2046905611612007019.1)
                  102bf296    00000020     freertos.awr294x.r5f.ti-arm-clang.debug.lib : tasks.obj (.rodata.str1.2251723265452542394.1)
                  102bf2b6    0000001f     drivers.awr294x.r5f.ti-arm-clang.debug.lib : ipc_rpmsg_vring.obj (.rodata.str1.14997963732428335466.1)
                  102bf2d5    0000001f     freertos.awr294x.r5f.ti-arm-clang.debug.lib : ClockP_freertos_r5.obj (.rodata.str1.17653911837062842281.1)
                  102bf2f4    0000001f     drivers.awr294x.r5f.ti-arm-clang.debug.lib : soc_rcm.obj (.rodata.str1.4312025440500206638.1)
                  102bf313    0000001e     freertos.awr294x.r5f.ti-arm-clang.debug.lib : tasks.obj (.rodata.str1.12993397357195243110.1)
                  102bf331    0000001e     drivers.awr294x.r5f.ti-arm-clang.debug.lib : ipc_notify_v1.obj (.rodata.str1.16593710740832512674.1)
                  102bf34f    0000001e     freertos.awr294x.r5f.ti-arm-clang.debug.lib : port.obj (.rodata.str1.8643037410225090959.1)
                  102bf36d    0000001e     drivers.awr294x.r5f.ti-arm-clang.debug.lib : ipc_notify_v1.obj (.rodata.str1.9050127465416171240.1)
                  102bf38b    0000001d     freertos.awr294x.r5f.ti-arm-clang.debug.lib : TimerP_rti.obj (.rodata.str1.16072626274289208570.1)
                  102bf3a8    0000001d                                                 : TimerP_rti.obj (.rodata.str1.3969290967820031423.1)
                  102bf3c5    0000001c     drivers.awr294x.r5f.ti-arm-clang.debug.lib : ipc_notify_v1_cfg.obj (.rodata.str1.264689326032831299.1)
                  102bf3e1    0000001c                                                : ipc_rpmsg_vring.obj (.rodata.str1.6129980899926192174.1)
                  102bf3fd    0000001c     freertos.awr294x.r5f.ti-arm-clang.debug.lib : ClockP_freertos_r5.obj (.rodata.str1.6936306138937714152.1)
                  102bf419    0000001b                                                 : SemaphoreP_freertos.obj (.rodata.str1.11544067228989255202.1)
                  102bf434    0000001b                                                 : timers.obj (.rodata.str1.16001437261817787019.1)
                  102bf44f    0000001b                                                 : tasks.obj (.rodata.str1.16487631963213850555.1)
                  102bf46a    0000001b     drivers.awr294x.r5f.ti-arm-clang.debug.lib : soc_rcm.obj (.rodata.str1.16607280105437489952.1)
                  102bf485    0000001b     ti_drivers_config.o (.rodata.str1.7767457247551078139.1)
                  102bf4a0    0000001a     drivers.awr294x.r5f.ti-arm-clang.debug.lib : soc_rcm.obj (.rodata.gSocRcmCpswClkSrcValMap)
                  102bf4ba    0000001a                                                : soc_rcm.obj (.rodata.gSocRcmCptsClkSrcValMap)
                  102bf4d4    0000001a                                                : soc_rcm.obj (.rodata.gSocRcmCsiRxClkSrcValMap)
                  102bf4ee    0000001a                                                : soc_rcm.obj (.rodata.gSocRcmDssHwaClkSrcValMap)
                  102bf508    0000001a                                                : soc_rcm.obj (.rodata.gSocRcmDssRtiClkSrcValMap)
                  102bf522    0000001a                                                : soc_rcm.obj (.rodata.gSocRcmDssSciClkSrcValMap)
                  102bf53c    0000001a                                                : soc_rcm.obj (.rodata.gSocRcmI2CClkSrcValMap)
                  102bf556    0000001a                                                : soc_rcm.obj (.rodata.gSocRcmMcanClkSrcValMap)
                  102bf570    0000001a                                                : soc_rcm.obj (.rodata.gSocRcmQspiClkSrcValMap)
                  102bf58a    0000001a                                                : soc_rcm.obj (.rodata.gSocRcmRtiClkSrcValMap)
                  102bf5a4    0000001a                                                : soc_rcm.obj (.rodata.gSocRcmSciClkSrcValMap)
                  102bf5be    0000001a                                                : soc_rcm.obj (.rodata.gSocRcmSpiClkSrcValMap)
                  102bf5d8    0000001a     freertos.awr294x.r5f.ti-arm-clang.debug.lib : tasks.obj (.rodata.str1.10003396352110772215.1)
                  102bf5f2    0000001a                                                 : SemaphoreP_freertos.obj (.rodata.str1.11022221066391817236.1)
                  102bf60c    0000001a                                                 : queue.obj (.rodata.str1.11765322630372331988.1)
                  102bf626    0000001a     drivers.awr294x.r5f.ti-arm-clang.debug.lib : soc_rcm.obj (.rodata.str1.16907879152045164286.1)
                  102bf640    0000001a     freertos.awr294x.r5f.ti-arm-clang.debug.lib : tasks.obj (.rodata.str1.17181842458667904009.1)
                  102bf65a    00000019                                                 : TimerP_rti.obj (.rodata.str1.12012997325668529457.1)
                  102bf673    00000019     drivers.awr294x.r5f.ti-arm-clang.debug.lib : ipc_notify_v1.obj (.rodata.str1.12253177398743541182.1)
                  102bf68c    00000019     freertos.awr294x.r5f.ti-arm-clang.debug.lib : timers.obj (.rodata.str1.15628002448382055558.1)
                  102bf6a5    00000019                                                 : queue.obj (.rodata.str1.2068208149952083127.1)
                  102bf6be    00000019                                                 : tasks.obj (.rodata.str1.244605201944591920.1)
                  102bf6d7    00000019                                                 : queue.obj (.rodata.str1.2948272999977107176.1)
                  102bf6f0    00000019                                                 : queue.obj (.rodata.str1.3468573994310079257.1)
                  102bf709    00000018                                                 : tasks.obj (.rodata.str1.13344916649340266805.1)
                  102bf721    00000018     drivers.awr294x.r5f.ti-arm-clang.debug.lib : soc_rcm.obj (.rodata.str1.15698070000904087989.1)
                  102bf739    00000018     freertos.awr294x.r5f.ti-arm-clang.debug.lib : tasks.obj (.rodata.str1.15740406556629270602.1)
                  102bf751    00000018                                                 : queue.obj (.rodata.str1.18236504432714223226.1)
                  102bf769    00000018     ti_drivers_config.o (.rodata.str1.2211846465855763212.1)
                  102bf781    00000018     freertos.awr294x.r5f.ti-arm-clang.debug.lib : queue.obj (.rodata.str1.4783428148027574403.1)
                  102bf799    00000018                                                 : tasks.obj (.rodata.str1.4810192888527840656.1)
                  102bf7b1    00000018     drivers.awr294x.r5f.ti-arm-clang.debug.lib : ipc_notify_v1_cfg.obj (.rodata.str1.516174688186082407.1)
                  102bf7c9    00000018                                                : soc_rcm.obj (.rodata.str1.5644146021439259721.1)
                  102bf7e1    00000018                                                : soc_rcm.obj (.rodata.str1.8734959275723459859.1)
                  102bf7f9    00000017                                                : soc_rcm.obj (.rodata.str1.1263028196474875090.1)
                  102bf810    00000017     freertos.awr294x.r5f.ti-arm-clang.debug.lib : tasks.obj (.rodata.str1.1416243454897364710.1)
                  102bf827    00000017     drivers.awr294x.r5f.ti-arm-clang.debug.lib : soc_rcm.obj (.rodata.str1.17538818475614418282.1)
                  102bf83e    00000017     freertos.awr294x.r5f.ti-arm-clang.debug.lib : timers.obj (.rodata.str1.18265711717753411804.1)
                  102bf855    00000017                                                 : timers.obj (.rodata.str1.2312973347762327973.1)
                  102bf86c    00000016     drivers.awr294x.r5f.ti-arm-clang.debug.lib : soc_rcm.obj (.rodata.gSocRcmPllCoreOut2HSDivClkSrcValMap)
                  102bf882    00000016                                                : soc_rcm.obj (.rodata.gSocRcmPllDspOut1HSDivClkSrcValMap)
                  102bf898    00000016                                                : soc_rcm.obj (.rodata.gSocRcmPllDspOut2HSDivClkSrcValMap)
                  102bf8ae    00000016                                                : soc_rcm.obj (.rodata.gSocRcmPllPerOut1HSDivClkSrcValMap)
                  102bf8c4    00000016     freertos.awr294x.r5f.ti-arm-clang.debug.lib : tasks.obj (.rodata.str1.12915494234774218437.1)
                  102bf8da    00000016     drivers.awr294x.r5f.ti-arm-clang.debug.lib : ipc_rpmsg.obj (.rodata.str1.16486853128403771656.1)
                  102bf8f0    00000016                                                : soc_rcm.obj (.rodata.str1.18101715471844446405.1)
                  102bf906    00000016     freertos.awr294x.r5f.ti-arm-clang.debug.lib : timers.obj (.rodata.str1.1863766670952869147.1)
                  102bf91c    00000016                                                 : tasks.obj (.rodata.str1.2834791214610268086.1)
                  102bf932    00000016     drivers.awr294x.r5f.ti-arm-clang.debug.lib : soc_rcm.obj (.rodata.str1.503491203257075565.1)
                  102bf948    00000016                                                : soc_rcm.obj (.rodata.str1.6958094397977218529.1)
                  102bf95e    00000015                                                : ipc_rpmsg_vring.obj (.rodata.str1.10951797515982497648.1)
                  102bf973    00000015     freertos.awr294x.r5f.ti-arm-clang.debug.lib : tasks.obj (.rodata.str1.1179690219950103224.1)
                  102bf988    00000015                                                 : timers.obj (.rodata.str1.1862016452340430421.1)
                  102bf99d    00000015     drivers.awr294x.r5f.ti-arm-clang.debug.lib : ipc_notify_v1.obj (.rodata.str1.2749849238461102323.1)
                  102bf9b2    00000015     freertos.awr294x.r5f.ti-arm-clang.debug.lib : tasks.obj (.rodata.str1.3834493932173273458.1)
                  102bf9c7    00000015                                                 : queue.obj (.rodata.str1.733373753318541697.1)
                  102bf9dc    00000014     drivers.awr294x.r5f.ti-arm-clang.debug.lib : soc_rcm.obj (.rodata.str1.11890050604266936394.1)
                  102bf9f0    00000014     freertos.awr294x.r5f.ti-arm-clang.debug.lib : timers.obj (.rodata.str1.12862578983123979947.1)
                  102bfa04    00000014                                                 : tasks.obj (.rodata.str1.1590280515097235757.1)
                  102bfa18    00000014     drivers.awr294x.r5f.ti-arm-clang.debug.lib : ipc_rpmsg.obj (.rodata.str1.168554633486331424.1)
                  102bfa2c    00000014                                                : ipc_notify_v1.obj (.rodata.str1.17722115868992979254.1)
                  102bfa40    00000014     freertos.awr294x.r5f.ti-arm-clang.debug.lib : timers.obj (.rodata.str1.2835172901334304404.1)
                  102bfa54    00000014                                                 : queue.obj (.rodata.str1.3905706667075460799.1)
                  102bfa68    00000014     drivers.awr294x.r5f.ti-arm-clang.debug.lib : ipc_notify_v1.obj (.rodata.str1.5235938544388580736.1)
                  102bfa7c    00000014     freertos.awr294x.r5f.ti-arm-clang.debug.lib : queue.obj (.rodata.str1.7843261785982681291.1)
                  102bfa90    00000014                                                 : queue.obj (.rodata.str1.9215182567506272009.1)
                  102bfaa4    00000014                                                 : timers.obj (.rodata.str1.9298715925424931114.1)
                  102bfab8    00000013                                                 : tasks.obj (.rodata.str1.11231016557412941470.1)
                  102bfacb    00000013                                                 : tasks.obj (.rodata.str1.13310467261413824673.1)
                  102bfade    00000013     drivers.awr294x.r5f.ti-arm-clang.debug.lib : soc_rcm.obj (.rodata.str1.1513614241493853460.1)
                  102bfaf1    00000013     freertos.awr294x.r5f.ti-arm-clang.debug.lib : queue.obj (.rodata.str1.7393829526960650191.1)
                  102bfb04    00000013                                                 : timers.obj (.rodata.str1.8150608600152831395.1)
                  102bfb17    00000012     drivers.awr294x.r5f.ti-arm-clang.debug.lib : soc_rcm.obj (.rodata.str1.11522297560260873926.1)
                  102bfb29    00000012     freertos.awr294x.r5f.ti-arm-clang.debug.lib : tasks.obj (.rodata.str1.4316595054244273283.1)
                  102bfb3b    00000012     drivers.awr294x.r5f.ti-arm-clang.debug.lib : ipc_notify_v1.obj (.rodata.str1.4922609433019995091.1)
                  102bfb4d    00000012     freertos.awr294x.r5f.ti-arm-clang.debug.lib : queue.obj (.rodata.str1.5113766004027316909.1)
                  102bfb5f    00000012     drivers.awr294x.r5f.ti-arm-clang.debug.lib : soc_rcm.obj (.rodata.str1.6089483996110695684.1)
                  102bfb71    00000012     freertos.awr294x.r5f.ti-arm-clang.debug.lib : queue.obj (.rodata.str1.6729734474146706965.1)
                  102bfb83    00000012                                                 : tasks.obj (.rodata.str1.9183642040402371953.1)
                  102bfb95    00000011                                                 : SemaphoreP_freertos.obj (.rodata.str1.12663718090588439116.1)
                  102bfba6    00000011     drivers.awr294x.r5f.ti-arm-clang.debug.lib : ipc_notify_v1.obj (.rodata.str1.9036292169629118271.1)
                  102bfbb7    00000001     --HOLE-- [fill = 0]
                  102bfbb8    00000010                                                : soc_rcm.obj (.rodata.gSocRcmXTALInfo)
                  102bfbc8    00000010                                                : soc_rcm.obj (.rodata.str1.15837709475095375462.1)
                  102bfbd8    0000000f                                                : ipc_notify_v1.obj (.rodata.str1.4769539187903082080.1)
                  102bfbe7    0000000f     freertos.awr294x.r5f.ti-arm-clang.debug.lib : tasks.obj (.rodata.str1.9703773919170427980.1)
                  102bfbf6    0000000e     main.o (.rodata.str1.15159059442110792349.1)
                  102bfc04    0000000e     freertos.awr294x.r5f.ti-arm-clang.debug.lib : tasks.obj (.rodata.str1.17639782545178793908.1)
                  102bfc12    0000000e                                                 : queue.obj (.rodata.str1.4870389810463987135.1)
                  102bfc20    0000000d     drivers.awr294x.r5f.ti-arm-clang.debug.lib : soc_rcm.obj (.rodata.gSocRcmPeripheralClkSrcInfoMap)
                  102bfc2d    0000000d     freertos.awr294x.r5f.ti-arm-clang.debug.lib : tasks.obj (.rodata.str1.17242638503507280240.1)
                  102bfc3a    0000000d                                                 : TimerP_rti.obj (.rodata.str1.4652010957040956204.1)
                  102bfc47    0000000d                                                 : TimerP_rti.obj (.rodata.str1.8647234761324387433.1)
                  102bfc54    0000000c                                                 : SemaphoreP_freertos.obj (.rodata.str1.1435396952230408608.1)
                  102bfc60    0000000c                                                 : ClockP_freertos_r5.obj (.rodata.str1.163709248249584909.1)
                  102bfc6c    0000000c                                                 : tasks.obj (.rodata.str1.288740206031155615.1)
                  102bfc78    0000000c     ti_drivers_config.o (.rodata.str1.3145245972279493797.1)
                  102bfc84    0000000b     drivers.awr294x.r5f.ti-arm-clang.debug.lib : soc_rcm.obj (.rodata.gSocRcmHsDivMuxClkSrcInfoMap)
                  102bfc8f    0000000b                                                : ipc_notify_v1_cfg.obj (.rodata.str1.10405701647072130080.1)
                  102bfc9a    0000000a                                                : soc_rcm.obj (.rodata.gSocRcmR5ClkSrcValMap)
                  102bfca4    0000000a                                                : soc_rcm.obj (.rodata.str1.6320624314545346468.1)
                  102bfcae    0000000a     main.o (.rodata.str1.8154729771448623357.1)
                  102bfcb8    0000000a     drivers.awr294x.r5f.ti-arm-clang.debug.lib : ipc_notify_v1.obj (.rodata.str1.8751964444192423158.1)
                  102bfcc2    00000002     --HOLE-- [fill = 0]
                  102bfcc4    00000008                                                : soc_rcm.obj (.rodata.gSocRcmXTALFreqTbl)
                  102bfccc    00000008     freertos.awr294x.r5f.ti-arm-clang.debug.lib : timers.obj (.rodata.str1.6031452896567546882.1)
                  102bfcd4    00000006     drivers.awr294x.r5f.ti-arm-clang.debug.lib : soc_rcm.obj (.rodata.str1.6883917863849351830.1)
                  102bfcda    00000005                                                : soc_rcm.obj (.rodata.gSocRcmR5ClkSrcInfoMap)
[...]
102be571  vPortConfigTimerForRunTimeStats      
102be0b1  vPortFree                            
102c08c8  vPortRestoreTaskContext              
102bd8c1  vPortTimerTickHandler                
102be581  vPortValidateInterruptPriority       
102be191  vPortYeildFromISR                    
102bcd21  vQueueAddToRegistry                  
102bc601  vQueueWaitForMessageRestricted       
102b9341  vTaskDelete                          
102bda71  vTaskEnterCritical                   
102bd0f1  vTaskExitCritical                    
102b9b21  vTaskGetInfo                         
102bdff1  vTaskInternalSetTimeOutState         
102be481  vTaskMissedYield                     
102bcd81  vTaskPlaceOnEventList                
102bc751  vTaskPlaceOnEventListRestricted      
102b7ed1  vTaskPriorityDisinheritAfterTimeout  
102b9761  vTaskStartScheduler                  
102be451  vTaskSuspendAll                      
102b7301  vTaskSwitchContext                   
102bdf11  vprintf_                             
102bd8f4  write                                
102be111  xPortStartScheduler                  
102bdab1  xQueueCreateMutexStatic              
102b8181  xQueueGenericCreateStatic            
102ba8b1  xQueueGenericReset                   
102b5da1  xQueueGenericSend                    
102b7491  xQueueGenericSendFromISR             
102b7ab1  xQueueGiveFromISR                    
102bc1e1  xQueueGiveMutexRecursive             
102b61e1  xQueueReceive                        
102b86a1  xQueueReceiveFromISR                 
102a6fd8  xQueueRegistry                       
102b5b61  xQueueSemaphoreTake                  
102bc0e1  xQueueTakeMutexRecursive             
102b9941  xTaskCheckForTimeOut                 
102b9851  xTaskCreateStatic                    
102be361  xTaskGetCurrentTaskHandle            
102bd411  xTaskGetIdleTaskHandle               
102bd721  xTaskGetSchedulerState               
102be131  xTaskGetTickCount                    
102b6ae1  xTaskIncrementTick                   
102b9451  xTaskPriorityDisinherit              
102b9231  xTaskPriorityInherit                 
102b9c11  xTaskRemoveFromEventList             
102b77b1  xTaskResumeAll                       
102bb1b1  xTimerCreateTimerTask                
102ba7f1  xTimerGenericCommand                 


GLOBAL SYMBOLS: SORTED BY Symbol Address 

address   name                                 
-------   ----                                 
00000000  __TI_ATRegion0_region_sz             
00000000  __TI_ATRegion0_src_addr              
00000000  __TI_ATRegion0_trg_addr              
00000000  __TI_ATRegion1_region_sz             
00000000  __TI_ATRegion1_src_addr              
00000000  __TI_ATRegion1_trg_addr              
00000000  __TI_ATRegion2_region_sz             
00000000  __TI_ATRegion2_src_addr              
00000000  __TI_ATRegion2_trg_addr              
00000000  __TI_static_base__                   
00000000  _vectors                             
00000100  __ABORT_STACK_SIZE                   
00000100  __FIQ_STACK_SIZE                     
00000100  __IRQ_STACK_SIZE                     
00000100  __UNDEFINED_STACK_SIZE               
00001000  __SVC_STACK_SIZE                     
00004000  __STACK_SIZE                         
00008000  __SYSMEM_SIZE                        
102a0000  __BSS_START                          
102a0000  gMainTaskStack                       
102a4000  gHwiCtrl                             
102a6008  gIpcRpmsgCtrl                        
102a6db8  _CIOBUF_                             
102a6db8  __CIOBUF_                            
102a6fd8  xQueueRegistry                       
102a70d8  __TI_tmpnams                         
102a7178  gTaskP_ctrl                          
102a73c8  gMainTaskObj                         
102a74a4  gRovDummyQueue                       
102a74f8  gClockCtrl                           
102a75bc  parmbuf                              
102a75dc  gMainTask                            
102a75e0  __BSS_END                            
102a75e0  _sys_memory                          
102af5e0  __stack                              
102b35e0  __STACK_END                          
102b4014  __aeabi_memclr                       
102b4014  __aeabi_memclr4                      
102b4014  __aeabi_memclr8                      
102b4541  IpcNotify_init                       
102b4a58  C$$EXIT                              
102b4a58  HOSTexit                             
102b4ed8  __aeabi_ldiv0                        
102b4edc  __aeabi_memcpy                       
102b4edc  __aeabi_memcpy4                      
102b4edc  __aeabi_memcpy8                      
102b4ee0  strcmp                               
102b55e1  IpcNotify_isr                        
102b591c  _nop                                 
102b5b61  xQueueSemaphoreTake                  
102b5d9c  fseek                                
102b5da1  xQueueGenericSend                    
102b5fc8  remove                               
102b5fd1  SOC_controlModuleUnlockMMR           
102b61e1  xQueueReceive                        
102b63c1  TimerP_setup                         
102b6764  malloc                               
102b6771  SOC_controlModuleLockMMR             
102b692c  free                                 
102b6ae1  xTaskIncrementTick                   
102b6c88  aligned_alloc                        
102b6c88  memalign                             
102b6e31  RPMessage_init                       
102b7171  ClockP_init                          
102b7301  vTaskSwitchContext                   
102b7491  xQueueGenericSendFromISR             
102b7621  RPMessage_vringResetInternal         
102b77b1  xTaskResumeAll                       
102b7931  RPMessage_recvHandler                
102b7ab1  xQueueGiveFromISR                    
102b7c11  IpcNotify_sendMsg                    
102b7d71  IpcNotify_trigInterrupt_ack          
102b7ed1  vTaskPriorityDisinheritAfterTimeout  
102b8181  xQueueGenericCreateStatic            
102b8418  setvbuf                              
102b8561  IpcNotify_trigInterrupt              
102b86a1  xQueueReceiveFromISR                 
102b8921  RPMessage_vringReset                 
102b8a61  pxPortInitialiseStack                
102b8b91  eTaskGetState                        
102b8dd1  TaskP_loadUpdateAll                  
102b8ee8  __udivmoddi4                         
102b9231  xTaskPriorityInherit                 
102b9341  vTaskDelete                          
102b9451  xTaskPriorityDisinherit              
102b9664  fputc                                
102b9761  vTaskStartScheduler                  
102b9851  xTaskCreateStatic                    
102b9941  xTaskCheckForTimeOut                 
102b9b21  vTaskGetInfo                         
102b9c11  xTaskRemoveFromEventList             
102b9cf1  RPMessage_vringGetFullRxBuf          
102ba071  System_init                          
102ba151  RPMessage_construct                  
102ba311  RPMessage_vringPutEmptyRxBuf         
102ba4bc  getdevice                            
102ba591  RPMessage_coreInit                   
102ba661  IpcNotify_readAckCallback            
102ba7f1  xTimerGenericCommand                 
102ba8b1  xQueueGenericReset                   
102ba968  fseeko                               
102baae1  SOC_rcmSetPeripheralClock            
102bab90  __TI_closefile                       
102bacf1  SemaphoreP_constructBinary           
102bb061  CycleCounterP_init                   
102bb081  CycleCounterP_reset                  
102bb0d1  CycleCounterP_nsToTicks              
102bb1b1  xTimerCreateTimerTask                
102bb3b4  HOSTrename                           
102bb500  __TI_wrt_ok                          
102bb59c  HOSTlseek                            
102bb641  IpcNotify_registerClient             
102bb6d8  HOSTopen                             
102bb771  IpcNotify_Params_init                
102bb811  _DebugP_logZone                      
102bb940  close                                
102bb9d1  main                                 
102bba5c  __TI_doflush                         
102bbaf1  RPMessage_Params_init                
102bbc98  HOSTread                             
102bbd1c  HOSTwrite                            
102bbda1  RPMessage_notifyCallback             
102bbec1  SemaphoreP_pend                      
102bbf51  _DebugP_assert                       
102bc061  ClockP_getTimeUsec                   
102bc0e1  xQueueTakeMutexRecursive             
102bc1e1  xQueueGiveMutexRecursive             
102bc261  RPMessage_vringIsFullRxBuf           
102bc361  SemaphoreP_constructMutex            
102bc440  HOSTunlink                           
102bc4b1  vListInsert                          
102bc521  RPMessage_controlEndPtHandler        
102bc591  vApplicationLoadHook                 
102bc601  vQueueWaitForMessageRestricted       
102bc6e1  SemaphoreP_post                      
102bc751  vTaskPlaceOnEventListRestricted      
102bc7b4  HOSTclose                            
102bc821  RPMessage_vringCheckEmptyTxBuf       
102bc881  Module_clockSetFrequency             
102bc93c  __TI_cleanup                         
102bc994  __TI_readmsg                         
102bc9ec  __TI_writemsg                        
102bca38  C$$IO$$                              
102bca51  IpcNotify_getMemoryToWrite           
102bcb04  exit                                 
102bcb58  finddevice                           
102bcbac  __TI_auto_init_nobinit_nopinit       
102bcc01  Pinmux_config                        
102bcc61  RPMessage_allocEndPtMsg              
102bcd21  vQueueAddToRegistry                  
102bcd81  vTaskPlaceOnEventList                
102bcde1  IpcNotify_getMemoryToRead            
102bce81  IpcNotify_unregisterClient           
102bced1  Module_clockEnable                   
102bcfb8  unlink                               
102bd001  uxListRemove                         
102bd051  RPMessage_freeEndPtMsg               
102bd0a1  RPMessage_vringGetSize               
102bd0f1  vTaskExitCritical                    
102bd2d1  IpcNotify_allocSwQueue               
102bd411  xTaskGetIdleTaskHandle               
102bd461  Dpl_init                             
102bd561  SOC_rcmIsPadDisableRequired          
102bd5a1  RPMessage_isLinuxCore                
102bd5e1  RPMessage_vringGetRxBufAddr          
102bd6a1  vListInsertEnd                       
102bd721  xTaskGetSchedulerState               
102bd761  IpcNotify_syncCallback               
102bd7a1  RPMessage_controlEndPtInit           
102bd821  TimerP_Params_init                   
102bd888  lseek                                
102bd8c1  vPortTimerTickHandler                
102bd8f4  write                                
102bd931  ClockP_timerTickIsr                  
102bd9f1  TimerP_getCount                      
102bda31  vApplicationStackOverflowHook        
102bda71  vTaskEnterCritical                   
102bdab1  xQueueCreateMutexStatic              
102bdb50  CycleCounterP_getCount32             
102bdb58  PmuP_setup                           
102bdb60  PmuP_enableCounters                  
102bdb68  PmuP_disableCounters                 
102bdb70  PmuP_getOverflowStatus               
102bdb78  PmuP_clearOverflowStatus             
102bdc41  vListInitialise                      
102bdc71  DebugP_logZoneEnable                 
102bdca1  Pinmux_init                          
102bdd01  SOC_rcmGetR5Clock                    
102bdd91  pvTaskIncrementMutexHeldCount        
102bddc1  vApplicationGetIdleTaskMemory        
102bddf1  vApplicationGetTimerTaskMemory       
102bde21  IpcNotify_isCoreEnabled              
102bde51  RPMessage_putEndPtMsg                
102bde81  IpcNotify_syncCustomIpcConfig        
102bdf11  vprintf_                             
102bdf71  IpcNotify_getConfig                  
102bdf94  __aeabi_uldivmod                     
102bdff1  vTaskInternalSetTimeOutState         
102be051  ClockP_usecToTicks                   
102be071  IpcNotify_wait                       
102be091  RPMessage_CreateParams_init          
102be0b1  vPortFree                            
102be0d1  SOC_moduleSetClockFrequency          
102be111  xPortStartScheduler                  
102be131  xTaskGetTickCount                    
102be191  vPortYeildFromISR                    
102be1ac  TI_memcpy_small                      
102be211  TimerP_getReloadCount                
102be231  freertos_main                        
102be248  TI_memset_small                      
102be281  SOC_getSelfCpuClk                    
102be2a1  TimerP_start                         
102be2c1  TimerP_stop                          
102be321  TimerP_clearOverflowInt              
102be341  putchar_                             
102be361  xTaskGetCurrentTaskHandle            
102be3a1  uiPortGetRunTimeCounterValue         
102be3e1  ClockP_getTimerCount                 
102be3f1  ClockP_timerClearOverflowInt         
102be411  SOC_moduleClockEnable                
102be420  __aeabi_memset                       
102be420  __aeabi_memset4                      
102be420  __aeabi_memset8                      
102be440  putchar                              
102be451  vTaskSuspendAll                      
102be461  IpcNotify_isCustomIpcConfigEnabled   
102be471  vListInitialiseItem                  
102be481  vTaskMissedYield                     
102be491  IpcNotify_getSelfCoreId              
102be4a1  PowerClock_init                      
102be501  vApplicationIdleHook                 
102be521  empty_main                           
102be561  Board_init                           
102be571  vPortConfigTimerForRunTimeStats      
102be581  vPortValidateInterruptPriority       
102be7ac  gCacheConfig                         
102be7b4  gMpuConfig                           
102be7c0  gMpuRegionConfig                     
102beb2c  gCacheL1dCacheLineSize               
102bfcf8  gCacheL1pCacheLineSize               
102bfd04  uxTopUsedPriority                    
102bfd11  HwiP_irq_handler_c                   
102bfe51  HwiP_fiq_handler                     
102bffc1  HwiP_reserved_handler                
102c0001  HwiP_user_undefined_handler_c        
102c0041  HwiP_undefined_handler_c             
102c0081  HwiP_user_prefetch_abort_handler_c   
102c00e1  HwiP_prefetch_abort_handler_c        
102c01b1  HwiP_user_data_abort_handler_c       
102c0221  HwiP_data_abort_handler_c            
102c0301  HwiP_enableInt                       
102c0341  HwiP_disableInt                      
102c03a1  HwiP_restoreInt                      
102c03d1  HwiP_clearInt                        
102c0411  HwiP_post                            
102c0451  HwiP_Params_init                     
102c0481  HwiP_construct                       
102c0681  HwiP_destruct                        
102c06f1  HwiP_init                            
102c08a1  HwiP_inISR                           
102c08c8  vPortRestoreTaskContext              
102c0900  HwiP_svc_handler                     
102c0970  HwiP_irq_handler                     
102c0ab4  HwiP_data_abort_handler              
102c0af8  HwiP_prefetch_abort_handler          
102c0b28  HwiP_undefined_handler               
102c0b70  GET_DFSR                             
102c0b78  GET_ADFSR                            
102c0b80  GET_DFAR                             
102c0b88  GET_IFSR                             
102c0b90  GET_AIFSR                            
102c0b98  GET_IFAR                             
102c0ba0  GET_SPSR                             
102c0bb4  HwiP_disable                         
102c0bc4  HwiP_disableFIQ                      
102c0bd4  HwiP_enable                          
102c0be4  HwiP_enableFIQ                       
102c0bf4  HwiP_restore                         
102c0bfc  HwiP_enableVIC                       
102c0c0c  HwiP_disableVIC                      
102c0c1c  HwiP_getCPSR                         
102c0c30  CacheP_disableL1d                    
102c0c58  CacheP_disableL1p                    
102c0c70  CacheP_enableL1d                     
102c0c88  CacheP_enableL1p                     
102c0ca0  CacheP_invL1d                        
102c0cd8  CacheP_invL1p                        
102c0d14  CacheP_invL1dAll                     
102c0d1c  CacheP_invL1pAll                     
102c0d24  CacheP_wb                            
102c0d60  CacheP_wbInv                         
102c0d9c  CacheP_wbAll                         
102c0e44  CacheP_wbInvAll                      
102c0e5c  CacheP_wbInvAllAsm                   
102c0efc  CacheP_getEnabled                    
102c0f34  CacheP_getCacheLevelInfo             
102c0f40  CacheP_configForceWrThru             
102c0f60  CacheP_setDLFO                       
102c0f71  CacheP_init                          
102c1001  CacheP_disable                       
102c1051  CacheP_enable                        
102c1091  CacheP_inv                           
102c10d1  MpuP_RegionAttrs_init                
102c1101  MpuP_setRegion                       
102c11f1  MpuP_isEnable                        
102c1201  MpuP_disable                         
102c1241  MpuP_enable                          
102c1281  MpuP_init                            
102c1318  MpuP_disableAsm                      
102c1330  MpuP_disableBRAsm                    
102c1340  MpuP_enableAsm                       
102c1358  MpuP_enableBRAsm                     
102c1368  MpuP_isEnableAsm                     
102c137c  MpuP_setRegionAsm                    
102c1390  _c_int00_sbl                         
102c13b4  _c_int00                             
102c1491  _DebugP_assertNoLog                  
102c14c1  _system_pre_init                     
102c14f1  __mpu_init                           
102c1500  abort                                
102c1508  gIpcNotifyMailboxConfig              
102c16c8  gIpcNotifyCtrl                       
102c17c4  _ftable                              
102c1934  _device                              
102c19ac  gIpcNotifyInterruptConfig_r5fss0_1   
102c1a1c  _stream                              
102c1aa4  gClockConfig                         
102c1abc  gIpcNotifyCoreIntrBitPos             
102c1acc  gSocModulesClockFrequency            
102c1ad8  __TI_cleanup_ptr                     
102c1adc  __TI_dtors_ptr                       
102c1af0  FreeRTOS_errno                       
102c1af4  __TI_ft_end                          
102c1af8  _lock                                
102c1afc  _unlock                              
102c1b04  gDebugLogZone                        
102c1b08  gHwiConfig                           
102c1b0c  gIpcNotifyInterruptConfigNum_r5fss0_1
102c1b10  gSocModules                          
102c1b18  pxCurrentTCB                         
102c1b1c  ulPortInterruptNesting               
102c1b20  ulPortSchedularRunning               
102c1b24  ulPortTaskHasFPUContext              
102c1b28  ulPortYieldRequired                  
102c1b70  __IRQ_STACK_START                    
102c1c70  __FIQ_STACK_START                    
102c1c70  __IRQ_STACK_END                      
102c1d70  __FIQ_STACK_END                      
102c1d70  __SVC_STACK_START                    
102c2d70  __ABORT_STACK_START                  
102c2d70  __SVC_STACK_END                      
102c2e70  __ABORT_STACK_END                    
102c2e70  __UNDEFINED_STACK_START              
102c2f70  __UNDEFINED_STACK_END                
c5000200  gIpcSharedMem                        
ffffffff  __TI_pprof_out_hndl                  
ffffffff  __TI_prof_data_size                  
ffffffff  __TI_prof_data_start                 
ffffffff  __binit__                            
ffffffff  binit                                
UNDEFED   __TI_CINIT_Base                      
UNDEFED   __TI_CINIT_Limit                     
UNDEFED   __TI_Handler_Table_Base              
UNDEFED   __TI_Handler_Table_Limit             
UNDEFED   _system_post_cinit                   

[365 symbols]
