******************************************************************************
            TI ARM Clang Linker PC v4.0.3                      
******************************************************************************
>> Linked Tue Sep 30 22:50:15 2025

OUTPUT FILE NAME:   <empty_awr294x-evm_r5fss0-1_freertos_ti-arm-clang.out>
ENTRY POINT SYMBOL: "_vectors"  address: 00000000


MEMORY CONFIGURATION

         name            origin    length      used     unused   attr    fill
----------------------  --------  ---------  --------  --------  ----  --------
  R5F_VECS              00000000   00000040  00000040  00000000  RWIX
  R5F_TCMA              00000040   00003fc0  00000000  00003fc0  RWIX
  R5F_TCMB              00080000   00004000  00000000  00004000  RWIX
  MSS_L2                102a0000   00040000  0001fd80  00020280  RWIX
  USER_SHM_MEM          102e8000   00004000  00000000  00004000  RWIX
  LOG_SHM_MEM           102ec000   00004000  00000000  00004000  RWIX
  MAILBOX_HSM           44000000   000003ce  00000000  000003ce  RWIX
  MAILBOX_R5F           44000400   000003ce  00000000  000003ce  RWIX
  DSS_L3                88000000   00200000  00000000  00200000  RWIX
  RTOS_NORTOS_IPC_SHM_M c5000200   00001d40  00000000  00001d40  RWIX


SEGMENT ALLOCATION MAP

run origin  load origin   length   init length attrs members
----------  ----------- ---------- ----------- ----- -------
00000000    00000000    00000040   00000040    r-x
  00000000    00000000    00000040   00000040    r-x .vectors
102a0000    102a0000    00012ec0   00000000    rw-
  102a0000    102a0000    00006ec0   00000000    rw- .bss
  102a6ec0    102a6ec0    00008000   00000000    rw- .sysmem
  102aeec0    102aeec0    00004000   00000000    rw- .stack
102b2ec0    102b2ec0    0000b798   0000b798    r-x
  102b2ec0    102b2ec0    00008b00   00008b00    r-x .text
  102bb9c0    102bb9c0    000014a0   000014a0    r-- .rodata
  102bce60    102bce60    00000f20   00000f20    r-x .text.hwi
  102bdd80    102bdd80    000004a0   000004a0    r-x .text.cache
  102be220    102be220    000002c0   000002c0    r-x .text.mpu
  102be4e0    102be4e0    00000170   00000170    r-x .text.boot
  102be650    102be650    00000008   00000008    r-x .text:abort
102be658    102be658    00001728   00000328    rw-
  102be658    102be658    00000328   00000328    rw- .data
  102be980    102be980    00000100   00000000    rw- .irqstack
  102bea80    102bea80    00000100   00000000    rw- .fiqstack
  102beb80    102beb80    00001000   00000000    rw- .svcstack
  102bfb80    102bfb80    00000100   00000000    rw- .abortstack
  102bfc80    102bfc80    00000100   00000000    rw- .undefinedstack


SECTION ALLOCATION MAP

 output                                  attributes/
section   page    origin      length       input sections
--------  ----  ----------  ----------   ----------------
.vectors   0    00000000    00000040     
                  00000000    00000040     freertos.awr294x.r5f.ti-arm-clang.debug.lib : HwiP_armv7r_vectors_freertos_asm.obj (.vectors)

.bss       0    102a0000    00006ec0     UNINITIALIZED
                  102a0000    00004000     (.common:gMainTaskStack)
                  102a4000    00001008     (.common:gHwiCtrl)
                  102a5008    00001000     freertos.awr294x.r5f.ti-arm-clang.debug.lib : port.obj (.bss.uxIdleTaskStack)
                  102a6008    00000400                                                 : port.obj (.bss.uxTimerTaskStack)
                  102a6408    00000280                                                 : tasks.obj (.bss.pxReadyTasksLists)
                  102a6688    00000120     libsysbm.a : trgmsg.c.obj (.bss:_CIOBUF_)
                  102a67a8    00000100     freertos.awr294x.r5f.ti-arm-clang.debug.lib : timers.obj (.bss.prvCheckForValidListAndQueue.ucStaticTimerQueueStorage)
                  102a68a8    00000100     (.common:xQueueRegistry)
                  102a69a8    000000a0     libc.a : defs.c.obj (.bss.__TI_tmpnams)
                  102a6a48    000000a0     (.common:gTaskP_ctrl)
                  102a6ae8    00000098     freertos.awr294x.r5f.ti-arm-clang.debug.lib : DebugP_freertos.obj (.bss.gDebugLogLockObj)
                  102a6b80    0000008c                                                 : port.obj (.bss.xIdleTaskTCB)
                  102a6c0c    0000008c                                                 : port.obj (.bss.xTimerTaskTCB)
                  102a6c98    0000008c     (.common:gMainTaskObj)
                  102a6d24    00000050                                                 : timers.obj (.bss.prvCheckForValidListAndQueue.xStaticTimerQueue)
                  102a6d74    00000050     (.common:gRovDummyQueue)
                  102a6dc4    00000004                                                 : HwiP_armv7r_handlers_freertos.obj (.bss.gdummy)
                  102a6dc8    00000038     (.common:gClockCtrl)
                  102a6e00    00000014                                                 : timers.obj (.bss.xActiveTimerList1)
                  102a6e14    00000014                                                 : timers.obj (.bss.xActiveTimerList2)
                  102a6e28    00000014                                                 : tasks.obj (.bss.xDelayedTaskList1)
                  102a6e3c    00000014                                                 : tasks.obj (.bss.xDelayedTaskList2)
                  102a6e50    00000014                                                 : tasks.obj (.bss.xPendingReadyList)
                  102a6e64    00000014                                                 : tasks.obj (.bss.xSuspendedTaskList)
                  102a6e78    00000014                                                 : tasks.obj (.bss.xTasksWaitingTermination)
                  102a6e8c    00000008     libsysbm.a : hostopen.c.obj (.bss.parmbuf)
                  102a6e94    00000004     freertos.awr294x.r5f.ti-arm-clang.debug.lib : HwiP_armv7r_vim.obj (.bss.gdummy)
                  102a6e98    00000004                                                 : timers.obj (.bss.pxCurrentTimerList)
                  102a6e9c    00000004                                                 : tasks.obj (.bss.pxDelayedTaskList)
                  102a6ea0    00000004                                                 : tasks.obj (.bss.pxOverflowDelayedTaskList)
                  102a6ea4    00000004                                                 : timers.obj (.bss.pxOverflowTimerList)
                  102a6ea8    00000004     libc.a : memory.c.obj (.bss.sys_free)
                  102a6eac    00000004     (.common:gMainTask)
                  102a6eb0    00000010     --HOLE--

.sysmem    0    102a6ec0    00008000     UNINITIALIZED
                  102a6ec0    00000010     libc.a : memory.c.obj (.sysmem)
                  102a6ed0    00007ff0     --HOLE--

.stack     0    102aeec0    00004000     UNINITIALIZED
                  102aeec0    00000004     freertos.awr294x.r5f.ti-arm-clang.debug.lib : boot_armv7r_asm.obj (.stack)
                  102aeec4    00003ffc     --HOLE--

.text      0    102b2ec0    00008b00     
                  102b2ec0    00000a34     freertos.awr294x.r5f.ti-arm-clang.debug.lib : printf.obj (.text._vsnprintf)
                  102b38f4    0000000c     libclang_rt.builtins.a : aeabi_memset.S.obj (.text.__aeabi_memclr)
                  102b3900    0000051e     freertos.awr294x.r5f.ti-arm-clang.debug.lib : printf.obj (.text._ftoa)
                  102b3e1e    00000002     --HOLE-- [fill = 0]
                  102b3e20    00000478                                                 : printf.obj (.text._etoa)
                  102b4298    00000008     libsysbm.a : hostexit.c.obj (.text.HOSTexit)
                  102b42a0    00000390     libc.a : strcmp32.S.obj (.text:strcmp)
                  102b4630    00000370     drivers.awr294x.r5f.ti-arm-clang.debug.lib : soc_rcm.obj (.text.SOC_rcmGetClkSrcAndDivReg)
                  102b49a0    0000023e     freertos.awr294x.r5f.ti-arm-clang.debug.lib : printf.obj (.text._ntoa_format)
                  102b4bde    00000002     --HOLE-- [fill = 0]
                  102b4be0    0000023c                                                 : queue.obj (.text.xQueueSemaphoreTake)
                  102b4e1c    00000004     libclang_rt.builtins.a : aeabi_div0.c.obj (.text.__aeabi_ldiv0)
                  102b4e20    00000226     freertos.awr294x.r5f.ti-arm-clang.debug.lib : queue.obj (.text.xQueueGenericSend)
                  102b5046    00000002     --HOLE-- [fill = 0]
                  102b5048    00000004     libclang_rt.builtins.a : aeabi_memcpy.S.obj (.text.__aeabi_memcpy)
                  102b504c    00000004     libc.a : _lock.c.obj (.text._nop)
                  102b5050    0000020c     drivers.awr294x.r5f.ti-arm-clang.debug.lib : soc.obj (.text.SOC_controlModuleUnlockMMR)
                  102b525c    00000004     libc.a : fseek.c.obj (.text.fseek)
                  102b5260    000001de     freertos.awr294x.r5f.ti-arm-clang.debug.lib : queue.obj (.text.xQueueReceive)
                  102b543e    00000002     --HOLE-- [fill = 0]
                  102b5440    000001d6                                                 : TimerP_rti.obj (.text.TimerP_setup)
                  102b5616    00000002     --HOLE-- [fill = 0]
                  102b5618    00000004     libsysbm.a : remove.c.obj (.text.remove)
                  102b561c    00000004     --HOLE-- [fill = 0]
                  102b5620    000001c2     freertos.awr294x.r5f.ti-arm-clang.debug.lib : timers.obj (.text.prvProcessReceivedCommands)
                  102b57e2    00000002     --HOLE-- [fill = 0]
                  102b57e4    0000000c     libc.a : memory.c.obj (.text.malloc)
                  102b57f0    000001bc     drivers.awr294x.r5f.ti-arm-clang.debug.lib : soc.obj (.text.SOC_controlModuleLockMMR)
                  102b59ac    000001a8     libc.a : memory.c.obj (.text.free)
                  102b5b54    0000000c     --HOLE-- [fill = 0]
                  102b5b60    000001a6     freertos.awr294x.r5f.ti-arm-clang.debug.lib : tasks.obj (.text.xTaskIncrementTick)
                  102b5d06    00000002     --HOLE-- [fill = 0]
                  102b5d08    000001a4     libc.a : memory.c.obj (.text.aligned_alloc)
                  102b5eac    00000004     --HOLE-- [fill = 0]
                  102b5eb0    00000194     drivers.awr294x.r5f.ti-arm-clang.debug.lib : soc_rcm.obj (.text.SOC_rcmGetHSDIVClkOutMuxClkSrc)
                  102b6044    0000000c     --HOLE-- [fill = 0]
                  102b6050    0000018e     freertos.awr294x.r5f.ti-arm-clang.debug.lib : ClockP_freertos_r5.obj (.text.ClockP_init)
                  102b61de    00000002     --HOLE-- [fill = 0]
                  102b61e0    0000018a                                                 : tasks.obj (.text.vTaskSwitchContext)
                  102b636a    00000006     --HOLE-- [fill = 0]
                  102b6370    00000188                                                 : queue.obj (.text.xQueueGenericSendFromISR)
                  102b64f8    00000008     --HOLE-- [fill = 0]
                  102b6500    0000017e                                                 : tasks.obj (.text.xTaskResumeAll)
                  102b667e    00000002     --HOLE-- [fill = 0]
                  102b6680    0000015e                                                 : queue.obj (.text.xQueueGiveFromISR)
                  102b67de    00000002     --HOLE-- [fill = 0]
                  102b67e0    00000152                                                 : tasks.obj (.text.vTaskPriorityDisinheritAfterTimeout)
                  102b6932    0000000e     --HOLE-- [fill = 0]
                  102b6940    0000014a                                                 : tasks.obj (.text.prvInitialiseNewTask)
                  102b6a8a    00000006     --HOLE-- [fill = 0]
                  102b6a90    0000014a                                                 : queue.obj (.text.xQueueGenericCreateStatic)
                  102b6bda    00000006     --HOLE-- [fill = 0]
                  102b6be0    00000146     drivers.awr294x.r5f.ti-arm-clang.debug.lib : soc_rcm.obj (.text.SOC_rcmGetDpllHSDivOutFreq)
                  102b6d26    00000002     --HOLE-- [fill = 0]
                  102b6d28    00000144     libc.a : setvbuf.c.obj (.text.setvbuf)
                  102b6e6c    00000004     --HOLE-- [fill = 0]
                  102b6e70    0000013a     freertos.awr294x.r5f.ti-arm-clang.debug.lib : queue.obj (.text.xQueueReceiveFromISR)
                  102b6faa    00000006     --HOLE-- [fill = 0]
                  102b6fb0    00000138                                                 : printf.obj (.text._ntoa_long_long)
                  102b70e8    00000008     --HOLE-- [fill = 0]
                  102b70f0    00000128                                                 : port.obj (.text.pxPortInitialiseStack)
                  102b7218    00000008     --HOLE-- [fill = 0]
                  102b7220    00000120                                                 : tasks.obj (.text.eTaskGetState)
                  102b7340    0000011e     drivers.awr294x.r5f.ti-arm-clang.debug.lib : soc_rcm.obj (.text.SOC_rcmGetApllHSDivOutFreq)
                  102b745e    00000002     --HOLE-- [fill = 0]
                  102b7460    00000118     freertos.awr294x.r5f.ti-arm-clang.debug.lib : TaskP_freertos.obj (.text.TaskP_loadUpdateAll)
                  102b7578    00000118     libclang_rt.builtins.a : udivmoddi4.S.obj (.text)
                  102b7690    00000114     freertos.awr294x.r5f.ti-arm-clang.debug.lib : printf.obj (.text._ntoa_long)
                  102b77a4    0000000c     --HOLE-- [fill = 0]
                  102b77b0    0000010e                                                 : tasks.obj (.text.prvAddNewTaskToReadyList)
                  102b78be    00000002     --HOLE-- [fill = 0]
                  102b78c0    0000010e                                                 : tasks.obj (.text.xTaskPriorityInherit)
                  102b79ce    00000002     --HOLE-- [fill = 0]
                  102b79d0    0000010a                                                 : tasks.obj (.text.vTaskDelete)
                  102b7ada    00000006     --HOLE-- [fill = 0]
                  102b7ae0    00000106                                                 : tasks.obj (.text.xTaskPriorityDisinherit)
                  102b7be6    0000000a     --HOLE-- [fill = 0]
                  102b7bf0    00000102     drivers.awr294x.r5f.ti-arm-clang.debug.lib : soc_rcm.obj (.text.SOC_rcmADPLLJGetFOut)
                  102b7cf2    00000002     --HOLE-- [fill = 0]
                  102b7cf4    000000f0     libc.a : fputc.c.obj (.text.fputc)
                  102b7de4    0000000c     --HOLE-- [fill = 0]
                  102b7df0    000000ee     freertos.awr294x.r5f.ti-arm-clang.debug.lib : tasks.obj (.text.vTaskStartScheduler)
                  102b7ede    00000002     --HOLE-- [fill = 0]
                  102b7ee0    000000ee                                                 : tasks.obj (.text.xTaskCreateStatic)
                  102b7fce    00000002     --HOLE-- [fill = 0]
                  102b7fd0    000000ec                                                 : tasks.obj (.text.xTaskCheckForTimeOut)
                  102b80bc    00000004     --HOLE-- [fill = 0]
                  102b80c0    000000e4                                                 : timers.obj (.text.prvSwitchTimerLists)
                  102b81a4    0000000c     --HOLE-- [fill = 0]
                  102b81b0    000000e2                                                 : tasks.obj (.text.vTaskGetInfo)
                  102b8292    0000000e     --HOLE-- [fill = 0]
                  102b82a0    000000de                                                 : tasks.obj (.text.xTaskRemoveFromEventList)
                  102b837e    00000002     --HOLE-- [fill = 0]
                  102b8380    000000dc     drivers.awr294x.r5f.ti-arm-clang.debug.lib : soc_rcm.obj (.text.SOC_rcmGetCoreFout)
                  102b845c    00000004     --HOLE-- [fill = 0]
                  102b8460    000000dc                                                : soc_rcm.obj (.text.SOC_rcmGetDSSFout)
                  102b853c    00000004     --HOLE-- [fill = 0]
                  102b8540    000000dc                                                : soc_rcm.obj (.text.SOC_rcmGetPerFout)
                  102b861c    00000004     --HOLE-- [fill = 0]
                  102b8620    000000d4     freertos.awr294x.r5f.ti-arm-clang.debug.lib : tasks.obj (.text.prvAddCurrentTaskToDelayedList)
                  102b86f4    0000000c     --HOLE-- [fill = 0]
                  102b8700    000000cc                                                 : queue.obj (.text.prvCopyDataToQueue)
                  102b87cc    000000c8     libc.a : getdevice.c.obj (.text.getdevice)
                  102b8894    0000000c     --HOLE-- [fill = 0]
                  102b88a0    000000c0     freertos.awr294x.r5f.ti-arm-clang.debug.lib : printf.obj (.text._out_rev)
                  102b8960    000000c0                                                 : timers.obj (.text.xTimerGenericCommand)
                  102b8a20    000000b6                                                 : queue.obj (.text.xQueueGenericReset)
                  102b8ad6    00000002     --HOLE-- [fill = 0]
                  102b8ad8    000000b4     libc.a : fseek.c.obj (.text.fseeko)
                  102b8b8c    00000004     --HOLE-- [fill = 0]
                  102b8b90    000000b2     drivers.awr294x.r5f.ti-arm-clang.debug.lib : soc_rcm.obj (.text.SOC_rcmGetXTALFrequency)
                  102b8c42    0000000e     --HOLE-- [fill = 0]
                  102b8c50    000000b0                                                : soc_rcm.obj (.text.SOC_rcmSetPeripheralClock)
                  102b8d00    000000b0     libc.a : fclose.c.obj (.text.__TI_closefile)
                  102b8db0    000000ae     freertos.awr294x.r5f.ti-arm-clang.debug.lib : queue.obj (.text.prvUnlockQueue)
                  102b8e5e    00000002     --HOLE-- [fill = 0]
                  102b8e60    000000aa     drivers.awr294x.r5f.ti-arm-clang.debug.lib : soc_rcm.obj (.text.SOC_rcmGetFreqLeafNode)
                  102b8f0a    00000006     --HOLE-- [fill = 0]
                  102b8f10    000000a8                                                : soc_rcm.obj (.text.SOC_rcmGetCoreHSDivOut)
                  102b8fb8    00000008     --HOLE-- [fill = 0]
                  102b8fc0    000000a8                                                : soc_rcm.obj (.text.SOC_rcmGetDSSHSDivOut)
                  102b9068    00000008     --HOLE-- [fill = 0]
                  102b9070    000000a8                                                : soc_rcm.obj (.text.SOC_rcmGetPerHSDivOut)
                  102b9118    00000008     --HOLE-- [fill = 0]
                  102b9120    000000a8     freertos.awr294x.r5f.ti-arm-clang.debug.lib : PmuP_armv7r.obj (.text.pmu)
                  102b91c8    000000a4     libc.a : memory.c.obj (.text.split)
                  102b926c    00000004     --HOLE-- [fill = 0]
                  102b9270    000000a4     freertos.awr294x.r5f.ti-arm-clang.debug.lib : timers.obj (.text.xTimerCreateTimerTask)
                  102b9314    0000000c     --HOLE-- [fill = 0]
                  102b9320    000000a2                                                 : timers.obj (.text.prvCheckForValidListAndQueue)
                  102b93c2    00000002     --HOLE-- [fill = 0]
                  102b93c4    000000a0     libsysbm.a : hostrename.c.obj (.text.HOSTrename)
                  102b9464    0000000c     --HOLE-- [fill = 0]
                  102b9470    0000009e     freertos.awr294x.r5f.ti-arm-clang.debug.lib : timers.obj (.text.prvProcessExpiredTimer)
                  102b950e    00000002     --HOLE-- [fill = 0]
                  102b9510    0000009c     libc.a : _io_perm.c.obj (.text.__TI_wrt_ok)
                  102b95ac    00000098     libsysbm.a : hostlseek.c.obj (.text.HOSTlseek)
                  102b9644    00000094                : hostopen.c.obj (.text.HOSTopen)
                  102b96d8    00000008     --HOLE-- [fill = 0]
                  102b96e0    00000092     freertos.awr294x.r5f.ti-arm-clang.debug.lib : DebugP_freertos.obj (.text._DebugP_logZone)
                  102b9772    0000000e     --HOLE-- [fill = 0]
                  102b9780    0000008e                                                 : tasks.obj (.text.prvInitialiseTaskLists)
                  102b980e    00000002     --HOLE-- [fill = 0]
                  102b9810    0000008c     libsysbm.a : close.c.obj (.text.close)
                  102b989c    00000004     --HOLE-- [fill = 0]
                  102b98a0    0000008c     main.o (.text.main)
                  102b992c    00000088     libc.a : fflush.c.obj (.text.__TI_doflush)
                  102b99b4    0000000c     --HOLE-- [fill = 0]
                  102b99c0    00000086     freertos.awr294x.r5f.ti-arm-clang.debug.lib : timers.obj (.text.prvInsertTimerInActiveList)
                  102b9a46    0000000a     --HOLE-- [fill = 0]
                  102b9a50    00000086                                                 : timers.obj (.text.prvProcessTimerOrBlockTask)
                  102b9ad6    00000002     --HOLE-- [fill = 0]
                  102b9ad8    00000084     libsysbm.a : hostread.c.obj (.text.HOSTread)
                  102b9b5c    00000084                : hostwrite.c.obj (.text.HOSTwrite)
                  102b9be0    00000082     drivers.awr294x.r5f.ti-arm-clang.debug.lib : soc_rcm.obj (.text.SOC_rcmGetFreq)
                  102b9c62    0000000e     --HOLE-- [fill = 0]
                  102b9c70    00000082     freertos.awr294x.r5f.ti-arm-clang.debug.lib : SemaphoreP_freertos.obj (.text.SemaphoreP_pend)
                  102b9cf2    0000000e     --HOLE-- [fill = 0]
                  102b9d00    00000082                                                 : DebugP_log.obj (.text._DebugP_assert)
                  102b9d82    0000000e     --HOLE-- [fill = 0]
                  102b9d90    00000080     drivers.awr294x.r5f.ti-arm-clang.debug.lib : soc_rcm.obj (.text.SOC_rcmGetR5InFrequency)
                  102b9e10    0000007e     freertos.awr294x.r5f.ti-arm-clang.debug.lib : ClockP_freertos.obj (.text.ClockP_getTimeUsec)
                  102b9e8e    00000002     --HOLE-- [fill = 0]
                  102b9e90    0000007e                                                 : queue.obj (.text.xQueueTakeMutexRecursive)
                  102b9f0e    00000002     --HOLE-- [fill = 0]
                  102b9f10    0000007c                                                 : queue.obj (.text.xQueueGiveMutexRecursive)
                  102b9f8c    00000004     --HOLE-- [fill = 0]
                  102b9f90    0000006e                                                 : SemaphoreP_freertos.obj (.text.SemaphoreP_constructMutex)
                  102b9ffe    00000002     --HOLE-- [fill = 0]
                  102ba000    0000006e                                                 : tasks.obj (.text.prvDeleteTCB)
                  102ba06e    00000002     --HOLE-- [fill = 0]
                  102ba070    0000006c     libsysbm.a : hostunlink.c.obj (.text.HOSTunlink)
                  102ba0dc    00000004     --HOLE-- [fill = 0]
                  102ba0e0    0000006a     freertos.awr294x.r5f.ti-arm-clang.debug.lib : list.obj (.text.vListInsert)
                  102ba14a    00000006     --HOLE-- [fill = 0]
                  102ba150    00000064                                                 : TaskP_freertos.obj (.text.vApplicationLoadHook)
                  102ba1b4    0000000c     --HOLE-- [fill = 0]
                  102ba1c0    00000064                                                 : queue.obj (.text.vQueueWaitForMessageRestricted)
                  102ba224    0000000c     --HOLE-- [fill = 0]
                  102ba230    00000062     drivers.awr294x.r5f.ti-arm-clang.debug.lib : soc_rcm.obj (.text.SOC_rcmInsert16)
                  102ba292    0000000e     --HOLE-- [fill = 0]
                  102ba2a0    00000062     freertos.awr294x.r5f.ti-arm-clang.debug.lib : SemaphoreP_freertos.obj (.text.SemaphoreP_post)
                  102ba302    0000000e     --HOLE-- [fill = 0]
                  102ba310    00000062                                                 : tasks.obj (.text.vTaskPlaceOnEventListRestricted)
                  102ba372    00000002     --HOLE-- [fill = 0]
                  102ba374    00000060     libsysbm.a : hostclose.c.obj (.text.HOSTclose)
                  102ba3d4    0000000c     --HOLE-- [fill = 0]
                  102ba3e0    0000005c     ti_power_clock_config.o (.text.Module_clockSetFrequency)
                  102ba43c    00000004     --HOLE-- [fill = 0]
                  102ba440    0000005a     freertos.awr294x.r5f.ti-arm-clang.debug.lib : tasks.obj (.text.prvCheckTasksWaitingTermination)
                  102ba49a    00000002     --HOLE-- [fill = 0]
                  102ba49c    00000058     libc.a : fopen.c.obj (.text.__TI_cleanup)
                  102ba4f4    00000058     libsysbm.a : trgmsg.c.obj (.text.__TI_readmsg)
                  102ba54c    00000058                : trgmsg.c.obj (.text.__TI_writemsg)
                  102ba5a4    0000000c     --HOLE-- [fill = 0]
                  102ba5b0    00000054     drivers.awr294x.r5f.ti-arm-clang.debug.lib : soc_rcm.obj (.text.SOC_rcmGetModuleClkDivVal)
                  102ba604    00000054     libc.a : exit.c.obj (.text.exit)
                  102ba658    00000054            : getdevice.c.obj (.text.finddevice)
                  102ba6ac    00000054            : autoinit.c.obj (.text:__TI_auto_init_nobinit_nopinit)
                  102ba700    00000052     drivers.awr294x.r5f.ti-arm-clang.debug.lib : pinmux.obj (.text.Pinmux_config)
                  102ba752    0000000e     --HOLE-- [fill = 0]
                  102ba760    00000052                                                : soc_rcm.obj (.text.SOC_rcmGetClkSrcFromClkSelVal)
                  102ba7b2    0000000e     --HOLE-- [fill = 0]
                  102ba7c0    00000052     freertos.awr294x.r5f.ti-arm-clang.debug.lib : queue.obj (.text.vQueueAddToRegistry)
                  102ba812    0000000e     --HOLE-- [fill = 0]
                  102ba820    00000052                                                 : tasks.obj (.text.vTaskPlaceOnEventList)
                  102ba872    0000000e     --HOLE-- [fill = 0]
                  102ba880    0000004c     ti_power_clock_config.o (.text.Module_clockEnable)
                  102ba8cc    00000004     --HOLE-- [fill = 0]
                  102ba8d0    00000048     freertos.awr294x.r5f.ti-arm-clang.debug.lib : queue.obj (.text.prvInitialiseNewQueue)
                  102ba918    00000048     libsysbm.a : unlink.c.obj (.text.unlink)
                  102ba960    00000048     freertos.awr294x.r5f.ti-arm-clang.debug.lib : list.obj (.text.uxListRemove)
                  102ba9a8    00000008     --HOLE-- [fill = 0]
                  102ba9b0    00000046                                                 : tasks.obj (.text.vTaskExitCritical)
                  102ba9f6    0000000a     --HOLE-- [fill = 0]
                  102baa00    00000044     drivers.awr294x.r5f.ti-arm-clang.debug.lib : soc_rcm.obj (.text.SOC_rcmExtract16)
                  102baa44    0000000c     --HOLE-- [fill = 0]
                  102baa50    00000044                                                : soc_rcm.obj (.text.SOC_rcmExtract8)
                  102baa94    0000000c     --HOLE-- [fill = 0]
                  102baaa0    00000044                                                : soc_rcm.obj (.text.SOC_rcmMake16)
                  102baae4    0000000c     --HOLE-- [fill = 0]
                  102baaf0    00000044     freertos.awr294x.r5f.ti-arm-clang.debug.lib : printf.obj (.text._strnlen_s)
                  102bab34    0000000c     --HOLE-- [fill = 0]
                  102bab40    00000044                                                 : timers.obj (.text.prvSampleTimeNow)
                  102bab84    0000000c     --HOLE-- [fill = 0]
                  102bab90    00000042                                                 : queue.obj (.text.prvCopyDataFromQueue)
                  102babd2    0000000e     --HOLE-- [fill = 0]
                  102babe0    00000042                                                 : tasks.obj (.text.xTaskGetIdleTaskHandle)
                  102bac22    0000000e     --HOLE-- [fill = 0]
                  102bac30    00000040     ti_dpl_config.o (.text.Dpl_init)
                  102bac70    00000040     drivers.awr294x.r5f.ti-arm-clang.debug.lib : soc_rcm.obj (.text.SOC_rcmExtract32)
                  102bacb0    00000040     libc.a : memory.c.obj (.text.free_list_insert)
                  102bacf0    00000040     freertos.awr294x.r5f.ti-arm-clang.debug.lib : timers.obj (.text.prvGetNextExpireTime)
                  102bad30    0000003e     drivers.awr294x.r5f.ti-arm-clang.debug.lib : soc_rcm.obj (.text.SOC_rcmIsPadDisableRequired)
                  102bad6e    00000002     --HOLE-- [fill = 0]
                  102bad70    0000003c     freertos.awr294x.r5f.ti-arm-clang.debug.lib : tasks.obj (.text.prvResetNextTaskUnblockTime)
                  102badac    00000004     --HOLE-- [fill = 0]
                  102badb0    0000003a                                                 : printf.obj (.text._atoi)
                  102badea    00000006     --HOLE-- [fill = 0]
                  102badf0    0000003a                                                 : list.obj (.text.vListInsertEnd)
                  102bae2a    00000006     --HOLE-- [fill = 0]
                  102bae30    00000038                                                 : tasks.obj (.text.xTaskGetSchedulerState)
                  102bae68    00000008     --HOLE-- [fill = 0]
                  102bae70    00000034                                                 : TimerP_rti.obj (.text.TimerP_Params_init)
                  102baea4    00000034     libc.a : memory.c.obj (.text.free_list_remove)
                  102baed8    00000034     libsysbm.a : lseek.c.obj (.text.lseek)
                  102baf0c    00000004     --HOLE-- [fill = 0]
                  102baf10    00000034     freertos.awr294x.r5f.ti-arm-clang.debug.lib : port.obj (.text.vPortTimerTickHandler)
                  102baf44    00000034     libsysbm.a : write.c.obj (.text.write)
                  102baf78    00000008     --HOLE-- [fill = 0]
                  102baf80    00000032     freertos.awr294x.r5f.ti-arm-clang.debug.lib : ClockP_freertos.obj (.text.ClockP_timerTickIsr)
                  102bafb2    0000000e     --HOLE-- [fill = 0]
                  102bafc0    00000032                                                 : TimerP_rti.obj (.text.TimerP_getCount)
                  102baff2    0000000e     --HOLE-- [fill = 0]
                  102bb000    00000032                                                 : port.obj (.text.vApplicationStackOverflowHook)
                  102bb032    0000000e     --HOLE-- [fill = 0]
                  102bb040    00000032                                                 : tasks.obj (.text.vTaskEnterCritical)
                  102bb072    0000000e     --HOLE-- [fill = 0]
                  102bb080    00000032                                                 : queue.obj (.text.xQueueCreateMutexStatic)
                  102bb0b2    00000002     --HOLE-- [fill = 0]
                  102bb0b4    00000030                                                 : PmuP_armv7r_asm.obj (.text.pmu)
                  102bb0e4    0000000c     --HOLE-- [fill = 0]
                  102bb0f0    0000002e     drivers.awr294x.r5f.ti-arm-clang.debug.lib : soc_rcm.obj (.text.SOC_rcmGetPeripheralClockFrequency)
                  102bb11e    00000002     --HOLE-- [fill = 0]
                  102bb120    0000002e     freertos.awr294x.r5f.ti-arm-clang.debug.lib : printf.obj (.text._is_digit)
                  102bb14e    00000002     --HOLE-- [fill = 0]
                  102bb150    0000002e                                                 : queue.obj (.text.prvIsQueueFull)
                  102bb17e    00000002     --HOLE-- [fill = 0]
                  102bb180    0000002e                                                 : tasks.obj (.text.prvTaskCheckFreeStackSpace)
                  102bb1ae    00000002     --HOLE-- [fill = 0]
                  102bb1b0    0000002e                                                 : list.obj (.text.vListInitialise)
                  102bb1de    00000002     --HOLE-- [fill = 0]
                  102bb1e0    0000002c                                                 : DebugP_log.obj (.text.DebugP_logZoneEnable)
                  102bb20c    00000004     --HOLE-- [fill = 0]
                  102bb210    0000002c     ti_pinmux_config.o (.text.Pinmux_init)
                  102bb23c    00000004     --HOLE-- [fill = 0]
                  102bb240    0000002c     drivers.awr294x.r5f.ti-arm-clang.debug.lib : soc_rcm.obj (.text.SOC_rcmGetHSDivClkSrc)
                  102bb26c    00000004     --HOLE-- [fill = 0]
                  102bb270    0000002c                                                : soc_rcm.obj (.text.SOC_rcmGetR5Clock)
                  102bb29c    00000004     --HOLE-- [fill = 0]
                  102bb2a0    0000002c     freertos.awr294x.r5f.ti-arm-clang.debug.lib : TaskP_freertos.obj (.text.TaskP_calcCounterDiff)
                  102bb2cc    00000004     --HOLE-- [fill = 0]
                  102bb2d0    0000002c                                                 : queue.obj (.text.prvInitialiseMutex)
                  102bb2fc    00000004     --HOLE-- [fill = 0]
                  102bb300    0000002c                                                 : tasks.obj (.text.pvTaskIncrementMutexHeldCount)
                  102bb32c    00000004     --HOLE-- [fill = 0]
                  102bb330    0000002c                                                 : port.obj (.text.vApplicationGetIdleTaskMemory)
                  102bb35c    00000004     --HOLE-- [fill = 0]
                  102bb360    0000002c                                                 : port.obj (.text.vApplicationGetTimerTaskMemory)
                  102bb38c    00000004     --HOLE-- [fill = 0]
                  102bb390    00000028     empty.o (.text.empty_main)
                  102bb3b8    00000008     --HOLE-- [fill = 0]
                  102bb3c0    00000028     freertos.awr294x.r5f.ti-arm-clang.debug.lib : tasks.obj (.text.prvIdleTask)
                  102bb3e8    00000008     --HOLE-- [fill = 0]
                  102bb3f0    00000028                                                 : queue.obj (.text.prvIsQueueEmpty)
                  102bb418    00000008     --HOLE-- [fill = 0]
                  102bb420    00000028                                                 : printf.obj (.text.vprintf_)
                  102bb448    00000008     --HOLE-- [fill = 0]
                  102bb450    00000026                                                 : queue.obj (.text.prvGetDisinheritPriorityAfterTimeout)
                  102bb476    00000002     --HOLE-- [fill = 0]
                  102bb478    00000024     libclang_rt.builtins.a : aeabi_uldivmod.S.obj (.text.__aeabi_uldivmod)
                  102bb49c    00000004     --HOLE-- [fill = 0]
                  102bb4a0    00000024     freertos.awr294x.r5f.ti-arm-clang.debug.lib : printf.obj (.text._out_char)
                  102bb4c4    0000000c     --HOLE-- [fill = 0]
                  102bb4d0    00000024                                                 : tasks.obj (.text.vTaskInternalSetTimeOutState)
                  102bb4f4    0000000c     --HOLE-- [fill = 0]
                  102bb500    00000022     drivers.awr294x.r5f.ti-arm-clang.debug.lib : soc_rcm.obj (.text.SOC_rcmGetFixedRootClkFout)
                  102bb522    0000000e     --HOLE-- [fill = 0]
                  102bb530    00000020     freertos.awr294x.r5f.ti-arm-clang.debug.lib : ClockP_freertos.obj (.text.ClockP_usecToTicks)
                  102bb550    00000020                                                 : heap_3.obj (.text.vPortFree)
                  102bb570    0000001e     drivers.awr294x.r5f.ti-arm-clang.debug.lib : soc.obj (.text.SOC_moduleSetClockFrequency)
                  102bb58e    00000002     --HOLE-- [fill = 0]
                  102bb590    0000001e     freertos.awr294x.r5f.ti-arm-clang.debug.lib : timers.obj (.text.prvTimerTask)
                  102bb5ae    00000002     --HOLE-- [fill = 0]
                  102bb5b0    0000001e                                                 : port.obj (.text.xPortStartScheduler)
                  102bb5ce    00000002     --HOLE-- [fill = 0]
                  102bb5d0    0000001e                                                 : tasks.obj (.text.xTaskGetTickCount)
                  102bb5ee    00000002     --HOLE-- [fill = 0]
                  102bb5f0    0000001c     libsysbm.a : hostrename.c.obj (.text.strcpy)
                  102bb60c    0000001c                : hostrename.c.obj (.text.strlen)
                  102bb628    00000008     --HOLE-- [fill = 0]
                  102bb630    0000001c     freertos.awr294x.r5f.ti-arm-clang.debug.lib : port.obj (.text.vPortYeildFromISR)
                  102bb64c    0000001c     libc.a : memcpy32.S.obj (.text:TI_memcpy_small)
                  102bb668    00000008     --HOLE-- [fill = 0]
                  102bb670    00000018     drivers.awr294x.r5f.ti-arm-clang.debug.lib : soc_rcm.obj (.text.CSL_TopCtrl_readXtalFreqScale)
                  102bb688    00000008     --HOLE-- [fill = 0]
                  102bb690    00000018     ti_drivers_config.o (.text.System_init)
                  102bb6a8    00000008     --HOLE-- [fill = 0]
                  102bb6b0    00000018     freertos.awr294x.r5f.ti-arm-clang.debug.lib : TimerP_rti.obj (.text.TimerP_getReloadCount)
                  102bb6c8    00000008     --HOLE-- [fill = 0]
                  102bb6d0    00000018     main.o (.text.freertos_main)
                  102bb6e8    00000018     libc.a : memset32.S.obj (.text:TI_memset_small)
                  102bb700    00000016     drivers.awr294x.r5f.ti-arm-clang.debug.lib : soc.obj (.text.SOC_getSelfCpuClk)
                  102bb716    0000000a     --HOLE-- [fill = 0]
                  102bb720    00000016     freertos.awr294x.r5f.ti-arm-clang.debug.lib : TimerP_rti.obj (.text.TimerP_start)
                  102bb736    0000000a     --HOLE-- [fill = 0]
                  102bb740    00000016                                                 : TimerP_rti.obj (.text.TimerP_stop)
                  102bb756    0000000a     --HOLE-- [fill = 0]
                  102bb760    00000014     drivers.awr294x.r5f.ti-arm-clang.debug.lib : soc_rcm.obj (.text.SOC_rcmGetModuleClkDivFromRegVal)
                  102bb774    0000000c     --HOLE-- [fill = 0]
                  102bb780    00000014     freertos.awr294x.r5f.ti-arm-clang.debug.lib : TimerP_rti.obj (.text.TimerP_clearOverflowInt)
                  102bb794    0000000c     --HOLE-- [fill = 0]
                  102bb7a0    00000014     ti_dpl_config.o (.text.putchar_)
                  102bb7b4    0000000c     --HOLE-- [fill = 0]
                  102bb7c0    00000014     freertos.awr294x.r5f.ti-arm-clang.debug.lib : tasks.obj (.text.xTaskGetCurrentTaskHandle)
                  102bb7d4    0000000c     --HOLE-- [fill = 0]
                  102bb7e0    00000012                                                 : port.obj (.text.uiPortGetRunTimeCounterValue)
                  102bb7f2    0000000e     --HOLE-- [fill = 0]
                  102bb800    00000010     drivers.awr294x.r5f.ti-arm-clang.debug.lib : pinmux.obj (.text.CSL_REG32_WR_RAW)
                  102bb810    00000010                                                : soc.obj (.text.CSL_REG32_WR_RAW)
                  102bb820    00000010     freertos.awr294x.r5f.ti-arm-clang.debug.lib : ClockP_freertos_r5.obj (.text.ClockP_getTimerCount)
                  102bb830    00000010                                                 : ClockP_freertos_r5.obj (.text.ClockP_timerClearOverflowInt)
                  102bb840    00000010     drivers.awr294x.r5f.ti-arm-clang.debug.lib : soc.obj (.text.SOC_moduleClockEnable)
                  102bb850    00000010     libclang_rt.builtins.a : aeabi_memset.S.obj (.text.__aeabi_memset)
                  102bb860    00000010     freertos.awr294x.r5f.ti-arm-clang.debug.lib : printf.obj (.text._out_null)
                  102bb870    00000010     libc.a : fputc.c.obj (.text.putchar)
                  102bb880    00000010     freertos.awr294x.r5f.ti-arm-clang.debug.lib : tasks.obj (.text.vTaskSuspendAll)
                  102bb890    0000000e                                                 : list.obj (.text.vListInitialiseItem)
                  102bb89e    00000002     --HOLE-- [fill = 0]
                  102bb8a0    0000000e                                                 : tasks.obj (.text.vTaskMissedYield)
                  102bb8ae    00000002     --HOLE-- [fill = 0]
                  102bb8b0    0000000c     ti_board_open_close.o (.text.Board_driversOpen)
                  102bb8bc    00000004     --HOLE-- [fill = 0]
                  102bb8c0    0000000c     ti_power_clock_config.o (.text.PowerClock_init)
                  102bb8cc    00000004     --HOLE-- [fill = 0]
                  102bb8d0    0000000a     freertos.awr294x.r5f.ti-arm-clang.debug.lib : HwiP_armv7r_vim.obj (.text.Hwip_dataAndInstructionBarrier)
                  102bb8da    00000006     --HOLE-- [fill = 0]
                  102bb8e0    0000000c     libc.a : strcmp32.S.obj (.text)
                  102bb8ec    00000004     --HOLE-- [fill = 0]
                  102bb8f0    0000000a     freertos.awr294x.r5f.ti-arm-clang.debug.lib : port.obj (.text.prvTaskExitError)
                  102bb8fa    00000006     --HOLE-- [fill = 0]
                  102bb900    0000000a                                                 : port.obj (.text.vApplicationIdleHook)
                  102bb90a    00000006     --HOLE-- [fill = 0]
                  102bb910    00000008     drivers.awr294x.r5f.ti-arm-clang.debug.lib : soc_rcm.obj (.text.CSL_TopCtrl_getBaseAddress)
                  102bb918    00000008     --HOLE-- [fill = 0]
                  102bb920    00000006                                                : soc_rcm.obj (.text.CSL_DSSRCM_getBaseAddress)
                  102bb926    0000000a     --HOLE-- [fill = 0]
                  102bb930    00000006                                                : soc_rcm.obj (.text.CSL_RCM_getBaseAddress)
                  102bb936    0000000a     --HOLE-- [fill = 0]
                  102bb940    00000006                                                : soc_rcm.obj (.text.CSL_TopRCM_getBaseAddress)
                  102bb946    0000000a     --HOLE-- [fill = 0]
                  102bb950    00000002     ti_board_open_close.o (.text.Board_driversClose)
                  102bb952    0000000e     --HOLE-- [fill = 0]
                  102bb960    00000002     ti_board_config.o (.text.Board_init)
                  102bb962    0000000e     --HOLE-- [fill = 0]
                  102bb970    00000002     ti_drivers_open_close.o (.text.Drivers_close)
                  102bb972    0000000e     --HOLE-- [fill = 0]
                  102bb980    00000002     ti_drivers_open_close.o (.text.Drivers_open)
                  102bb982    0000000e     --HOLE-- [fill = 0]
                  102bb990    00000002     freertos.awr294x.r5f.ti-arm-clang.debug.lib : port.obj (.text.vPortConfigTimerForRunTimeStats)
                  102bb992    0000000e     --HOLE-- [fill = 0]
                  102bb9a0    00000002                                                 : port.obj (.text.vPortValidateInterruptPriority)
                  102bb9a2    0000001e     --HOLE-- [fill = 0]

.rodata    0    102bb9c0    000014a0     
                  102bb9c0    00000188     drivers.awr294x.r5f.ti-arm-clang.debug.lib : soc_rcm.obj (.rodata.gSocRcmADPLLJConfigTbl)
                  102bbb48    00000082     freertos.awr294x.r5f.ti-arm-clang.debug.lib : tasks.obj (.rodata.str1.4565613428165196872.1)
                  102bbbca    00000002     --HOLE-- [fill = 0]
                  102bbbcc    00000074     ti_dpl_config.o (.rodata.cfg)
                  102bbc40    0000006b     freertos.awr294x.r5f.ti-arm-clang.debug.lib : queue.obj (.rodata.str1.9511296674868437406.1)
                  102bbcab    00000069     drivers.awr294x.r5f.ti-arm-clang.debug.lib : soc_rcm.obj (.rodata.gSocRcmClkSrcInfoMap)
                  102bbd14    00000065     freertos.awr294x.r5f.ti-arm-clang.debug.lib : queue.obj (.rodata.str1.6603158521343292237.1)
                  102bbd79    00000062                                                 : queue.obj (.rodata.str1.4808098962482247512.1)
                  102bbddb    0000005f                                                 : queue.obj (.rodata.str1.8056268586134868364.1)
                  102bbe3a    0000005d                                                 : queue.obj (.rodata.str1.14947700358493181700.1)
                  102bbe97    0000005c                                                 : ClockP_freertos_r5.obj (.rodata.str1.17223520836534051513.1)
                  102bbef3    00000059                                                 : queue.obj (.rodata.str1.13478403849926902207.1)
                  102bbf4c    00000004                                                 : CacheP_armv7r.obj (.rodata.gCacheL1dCacheLineSize)
                  102bbf50    00000050                                                 : printf.obj (.rodata._ftoa.pow10)
                  102bbfa0    0000004f                                                 : tasks.obj (.rodata.str1.16921125101802676652.1)
                  102bbfef    0000004a                                                 : queue.obj (.rodata.str1.1958022410542202588.1)
                  102bc039    0000004a                                                 : queue.obj (.rodata.str1.9461746748575326763.1)
                  102bc083    0000003f                                                 : port.obj (.rodata.str1.2008661137458711816.1)
                  102bc0c2    0000003e                                                 : tasks.obj (.rodata.str1.9787755677095343714.1)
                  102bc100    0000003d                                                 : TimerP_rti.obj (.rodata.str1.8636677665714190513.1)
                  102bc13d    00000039                                                 : queue.obj (.rodata.str1.12742486800848623484.1)
                  102bc176    00000037                                                 : SemaphoreP_freertos.obj (.rodata.str1.10588615791740875997.1)
                  102bc1ad    00000031                                                 : timers.obj (.rodata.str1.4254626211159867211.1)
                  102bc1de    0000002e                                                 : tasks.obj (.rodata.str1.3110018549871327945.1)
                  102bc20c    0000002e                                                 : queue.obj (.rodata.str1.3762774476990514498.1)
                  102bc23a    0000002d     drivers.awr294x.r5f.ti-arm-clang.debug.lib : soc_rcm.obj (.rodata.str1.13371245503524111651.1)
                  102bc267    0000002a     freertos.awr294x.r5f.ti-arm-clang.debug.lib : queue.obj (.rodata.str1.13415653334365632560.1)
                  102bc291    0000002a                                                 : queue.obj (.rodata.str1.18282543359674176480.1)
                  102bc2bb    0000002a                                                 : DebugP_log.obj (.rodata.str1.227947788441500939.1)
                  102bc2e5    00000029     drivers.awr294x.r5f.ti-arm-clang.debug.lib : soc_rcm.obj (.rodata.str1.5389960437019493790.1)
                  102bc30e    00000029     freertos.awr294x.r5f.ti-arm-clang.debug.lib : tasks.obj (.rodata.str1.9328102173130631220.1)
                  102bc337    00000001     --HOLE-- [fill = 0]
                  102bc338    00000028     drivers.awr294x.r5f.ti-arm-clang.debug.lib : soc_rcm.obj (.rodata.gSocRcmFixedClocksTbl)
                  102bc360    00000028     freertos.awr294x.r5f.ti-arm-clang.debug.lib : queue.obj (.rodata.str1.12125964304638706974.1)
                  102bc388    00000027                                                 : ClockP_freertos_r5.obj (.rodata.str1.4964156252153506440.1)
                  102bc3af    00000027                                                 : queue.obj (.rodata.str1.5896517509531954562.1)
                  102bc3d6    00000027                                                 : tasks.obj (.rodata.str1.8086631624469926375.1)
                  102bc3fd    00000026                                                 : tasks.obj (.rodata.str1.2823620137245587142.1)
                  102bc423    00000025                                                 : queue.obj (.rodata.str1.1299805873427833789.1)
                  102bc448    00000025                                                 : tasks.obj (.rodata.str1.16123424699167936419.1)
                  102bc46d    00000024     main.o (.rodata.str1.17100691992556644108.1)
                  102bc491    00000024     freertos.awr294x.r5f.ti-arm-clang.debug.lib : tasks.obj (.rodata.str1.7264671426540837297.1)
                  102bc4b5    00000023                                                 : ClockP_freertos_r5.obj (.rodata.str1.5485111591584040388.1)
                  102bc4d8    00000022                                                 : tasks.obj (.rodata.str1.12539733791578942966.1)
                  102bc4fa    00000022                                                 : TimerP_rti.obj (.rodata.str1.4081825994417204303.1)
                  102bc51c    00000022                                                 : tasks.obj (.rodata.str1.8073734311353135185.1)
                  102bc53e    00000021                                                 : SemaphoreP_freertos.obj (.rodata.str1.11155737773773580205.1)
                  102bc55f    00000021                                                 : tasks.obj (.rodata.str1.1908087408565297158.1)
                  102bc580    00000021                                                 : tasks.obj (.rodata.str1.6403908046155279103.1)
                  102bc5a1    00000021                                                 : ClockP_freertos_r5.obj (.rodata.str1.7035350789661265746.1)
                  102bc5c2    00000020                                                 : tasks.obj (.rodata.str1.2251723265452542394.1)
                  102bc5e2    0000001f                                                 : ClockP_freertos_r5.obj (.rodata.str1.17653911837062842281.1)
                  102bc601    0000001f     drivers.awr294x.r5f.ti-arm-clang.debug.lib : soc_rcm.obj (.rodata.str1.4312025440500206638.1)
                  102bc620    0000001e     freertos.awr294x.r5f.ti-arm-clang.debug.lib : tasks.obj (.rodata.str1.12993397357195243110.1)
                  102bc63e    0000001e                                                 : port.obj (.rodata.str1.8643037410225090959.1)
                  102bc65c    0000001d                                                 : TimerP_rti.obj (.rodata.str1.16072626274289208570.1)
                  102bc679    0000001d                                                 : TimerP_rti.obj (.rodata.str1.3969290967820031423.1)
                  102bc696    0000001c                                                 : ClockP_freertos_r5.obj (.rodata.str1.6936306138937714152.1)
                  102bc6b2    0000001b                                                 : timers.obj (.rodata.str1.16001437261817787019.1)
                  102bc6cd    0000001b                                                 : tasks.obj (.rodata.str1.16487631963213850555.1)
                  102bc6e8    0000001b     drivers.awr294x.r5f.ti-arm-clang.debug.lib : soc_rcm.obj (.rodata.str1.16607280105437489952.1)
                  102bc703    00000001     --HOLE-- [fill = 0]
                  102bc704    0000001a                                                : soc_rcm.obj (.rodata.gSocRcmCpswClkSrcValMap)
                  102bc71e    0000001a                                                : soc_rcm.obj (.rodata.gSocRcmCptsClkSrcValMap)
                  102bc738    0000001a                                                : soc_rcm.obj (.rodata.gSocRcmCsiRxClkSrcValMap)
                  102bc752    0000001a                                                : soc_rcm.obj (.rodata.gSocRcmDssHwaClkSrcValMap)
                  102bc76c    0000001a                                                : soc_rcm.obj (.rodata.gSocRcmDssRtiClkSrcValMap)
                  102bc786    0000001a                                                : soc_rcm.obj (.rodata.gSocRcmDssSciClkSrcValMap)
                  102bc7a0    0000001a                                                : soc_rcm.obj (.rodata.gSocRcmI2CClkSrcValMap)
                  102bc7ba    0000001a                                                : soc_rcm.obj (.rodata.gSocRcmMcanClkSrcValMap)
                  102bc7d4    0000001a                                                : soc_rcm.obj (.rodata.gSocRcmQspiClkSrcValMap)
                  102bc7ee    0000001a                                                : soc_rcm.obj (.rodata.gSocRcmRtiClkSrcValMap)
                  102bc808    0000001a                                                : soc_rcm.obj (.rodata.gSocRcmSciClkSrcValMap)
                  102bc822    0000001a                                                : soc_rcm.obj (.rodata.gSocRcmSpiClkSrcValMap)
                  102bc83c    0000001a     freertos.awr294x.r5f.ti-arm-clang.debug.lib : tasks.obj (.rodata.str1.10003396352110772215.1)
                  102bc856    0000001a                                                 : SemaphoreP_freertos.obj (.rodata.str1.11022221066391817236.1)
                  102bc870    0000001a                                                 : queue.obj (.rodata.str1.11765322630372331988.1)
                  102bc88a    0000001a     drivers.awr294x.r5f.ti-arm-clang.debug.lib : soc_rcm.obj (.rodata.str1.16907879152045164286.1)
                  102bc8a4    0000001a     freertos.awr294x.r5f.ti-arm-clang.debug.lib : tasks.obj (.rodata.str1.17181842458667904009.1)
                  102bc8be    0000001a     empty.o (.rodata.str1.9517790425240694019.1)
                  102bc8d8    00000019     freertos.awr294x.r5f.ti-arm-clang.debug.lib : TimerP_rti.obj (.rodata.str1.12012997325668529457.1)
                  102bc8f1    00000019                                                 : timers.obj (.rodata.str1.15628002448382055558.1)
                  102bc90a    00000019                                                 : queue.obj (.rodata.str1.2068208149952083127.1)
                  102bc923    00000019                                                 : tasks.obj (.rodata.str1.244605201944591920.1)
                  102bc93c    00000019                                                 : queue.obj (.rodata.str1.2948272999977107176.1)
                  102bc955    00000019                                                 : queue.obj (.rodata.str1.3468573994310079257.1)
                  102bc96e    00000018                                                 : tasks.obj (.rodata.str1.13344916649340266805.1)
                  102bc986    00000018     drivers.awr294x.r5f.ti-arm-clang.debug.lib : soc_rcm.obj (.rodata.str1.15698070000904087989.1)
                  102bc99e    00000018     freertos.awr294x.r5f.ti-arm-clang.debug.lib : tasks.obj (.rodata.str1.15740406556629270602.1)
                  102bc9b6    00000018                                                 : queue.obj (.rodata.str1.18236504432714223226.1)
                  102bc9ce    00000018                                                 : queue.obj (.rodata.str1.4783428148027574403.1)
                  102bc9e6    00000018                                                 : tasks.obj (.rodata.str1.4810192888527840656.1)
                  102bc9fe    00000018     drivers.awr294x.r5f.ti-arm-clang.debug.lib : soc_rcm.obj (.rodata.str1.5644146021439259721.1)
                  102bca16    00000018                                                : soc_rcm.obj (.rodata.str1.8734959275723459859.1)
                  102bca2e    00000017                                                : soc_rcm.obj (.rodata.str1.1263028196474875090.1)
                  102bca45    00000017     freertos.awr294x.r5f.ti-arm-clang.debug.lib : tasks.obj (.rodata.str1.1416243454897364710.1)
                  102bca5c    00000017     drivers.awr294x.r5f.ti-arm-clang.debug.lib : soc_rcm.obj (.rodata.str1.17538818475614418282.1)
                  102bca73    00000017     freertos.awr294x.r5f.ti-arm-clang.debug.lib : timers.obj (.rodata.str1.18265711717753411804.1)
                  102bca8a    00000017                                                 : timers.obj (.rodata.str1.2312973347762327973.1)
                  102bcaa1    00000001     --HOLE-- [fill = 0]
                  102bcaa2    00000016     drivers.awr294x.r5f.ti-arm-clang.debug.lib : soc_rcm.obj (.rodata.gSocRcmPllCoreOut2HSDivClkSrcValMap)
                  102bcab8    00000016                                                : soc_rcm.obj (.rodata.gSocRcmPllDspOut1HSDivClkSrcValMap)
                  102bcace    00000016                                                : soc_rcm.obj (.rodata.gSocRcmPllDspOut2HSDivClkSrcValMap)
                  102bcae4    00000016                                                : soc_rcm.obj (.rodata.gSocRcmPllPerOut1HSDivClkSrcValMap)
                  102bcafa    00000016     freertos.awr294x.r5f.ti-arm-clang.debug.lib : tasks.obj (.rodata.str1.12915494234774218437.1)
                  102bcb10    00000016     drivers.awr294x.r5f.ti-arm-clang.debug.lib : soc_rcm.obj (.rodata.str1.18101715471844446405.1)
                  102bcb26    00000016     freertos.awr294x.r5f.ti-arm-clang.debug.lib : timers.obj (.rodata.str1.1863766670952869147.1)
                  102bcb3c    00000016                                                 : tasks.obj (.rodata.str1.2834791214610268086.1)
                  102bcb52    00000016     drivers.awr294x.r5f.ti-arm-clang.debug.lib : soc_rcm.obj (.rodata.str1.503491203257075565.1)
                  102bcb68    00000016                                                : soc_rcm.obj (.rodata.str1.6958094397977218529.1)
                  102bcb7e    00000015     freertos.awr294x.r5f.ti-arm-clang.debug.lib : tasks.obj (.rodata.str1.1179690219950103224.1)
                  102bcb93    00000015                                                 : timers.obj (.rodata.str1.1862016452340430421.1)
                  102bcba8    00000015                                                 : tasks.obj (.rodata.str1.3834493932173273458.1)
                  102bcbbd    00000015                                                 : queue.obj (.rodata.str1.733373753318541697.1)
                  102bcbd2    00000014     drivers.awr294x.r5f.ti-arm-clang.debug.lib : soc_rcm.obj (.rodata.str1.11890050604266936394.1)
                  102bcbe6    00000014     freertos.awr294x.r5f.ti-arm-clang.debug.lib : timers.obj (.rodata.str1.12862578983123979947.1)
                  102bcbfa    00000014                                                 : tasks.obj (.rodata.str1.1590280515097235757.1)
                  102bcc0e    00000014                                                 : timers.obj (.rodata.str1.2835172901334304404.1)
                  102bcc22    00000014                                                 : queue.obj (.rodata.str1.3905706667075460799.1)
                  102bcc36    00000014                                                 : queue.obj (.rodata.str1.7843261785982681291.1)
                  102bcc4a    00000014                                                 : queue.obj (.rodata.str1.9215182567506272009.1)
                  102bcc5e    00000014                                                 : timers.obj (.rodata.str1.9298715925424931114.1)
                  102bcc72    00000013                                                 : tasks.obj (.rodata.str1.11231016557412941470.1)
                  102bcc85    00000013                                                 : tasks.obj (.rodata.str1.13310467261413824673.1)
                  102bcc98    00000013     drivers.awr294x.r5f.ti-arm-clang.debug.lib : soc_rcm.obj (.rodata.str1.1513614241493853460.1)
                  102bccab    00000013     freertos.awr294x.r5f.ti-arm-clang.debug.lib : queue.obj (.rodata.str1.7393829526960650191.1)
                  102bccbe    00000013                                                 : timers.obj (.rodata.str1.8150608600152831395.1)
                  102bccd1    00000012     drivers.awr294x.r5f.ti-arm-clang.debug.lib : soc_rcm.obj (.rodata.str1.11522297560260873926.1)
                  102bcce3    00000012     freertos.awr294x.r5f.ti-arm-clang.debug.lib : tasks.obj (.rodata.str1.4316595054244273283.1)
                  102bccf5    00000012                                                 : queue.obj (.rodata.str1.5113766004027316909.1)
                  102bcd07    00000012     drivers.awr294x.r5f.ti-arm-clang.debug.lib : soc_rcm.obj (.rodata.str1.6089483996110695684.1)
                  102bcd19    00000012     freertos.awr294x.r5f.ti-arm-clang.debug.lib : queue.obj (.rodata.str1.6729734474146706965.1)
                  102bcd2b    00000012                                                 : tasks.obj (.rodata.str1.9183642040402371953.1)
                  102bcd3d    00000003     --HOLE-- [fill = 0]
                  102bcd40    00000010     drivers.awr294x.r5f.ti-arm-clang.debug.lib : soc_rcm.obj (.rodata.gSocRcmXTALInfo)
                  102bcd50    00000010                                                : soc_rcm.obj (.rodata.str1.15837709475095375462.1)
                  102bcd60    0000000f     freertos.awr294x.r5f.ti-arm-clang.debug.lib : tasks.obj (.rodata.str1.9703773919170427980.1)
                  102bcd6f    0000000e     main.o (.rodata.str1.15159059442110792349.1)
                  102bcd7d    0000000e     freertos.awr294x.r5f.ti-arm-clang.debug.lib : tasks.obj (.rodata.str1.17639782545178793908.1)
                  102bcd8b    0000000e                                                 : queue.obj (.rodata.str1.4870389810463987135.1)
                  102bcd99    0000000d     drivers.awr294x.r5f.ti-arm-clang.debug.lib : soc_rcm.obj (.rodata.gSocRcmPeripheralClkSrcInfoMap)
                  102bcda6    0000000d     freertos.awr294x.r5f.ti-arm-clang.debug.lib : tasks.obj (.rodata.str1.17242638503507280240.1)
                  102bcdb3    0000000d                                                 : TimerP_rti.obj (.rodata.str1.4652010957040956204.1)
                  102bcdc0    0000000d                                                 : TimerP_rti.obj (.rodata.str1.8647234761324387433.1)
                  102bcdcd    0000000c                                                 : SemaphoreP_freertos.obj (.rodata.str1.1435396952230408608.1)
                  102bcdd9    0000000c                                                 : ClockP_freertos_r5.obj (.rodata.str1.163709248249584909.1)
                  102bcde5    0000000c                                                 : tasks.obj (.rodata.str1.288740206031155615.1)
                  102bcdf1    0000000b     drivers.awr294x.r5f.ti-arm-clang.debug.lib : soc_rcm.obj (.rodata.gSocRcmHsDivMuxClkSrcInfoMap)
                  102bcdfc    0000000a                                                : soc_rcm.obj (.rodata.gSocRcmR5ClkSrcValMap)
                  102bce06    0000000a                                                : soc_rcm.obj (.rodata.str1.6320624314545346468.1)
                  102bce10    0000000a     main.o (.rodata.str1.8154729771448623357.1)
                  102bce1a    00000002     --HOLE-- [fill = 0]
                  102bce1c    00000008     drivers.awr294x.r5f.ti-arm-clang.debug.lib : soc_rcm.obj (.rodata.gSocRcmXTALFreqTbl)
                  102bce24    00000008     freertos.awr294x.r5f.ti-arm-clang.debug.lib : timers.obj (.rodata.str1.6031452896567546882.1)
                  102bce2c    00000006     drivers.awr294x.r5f.ti-arm-clang.debug.lib : soc_rcm.obj (.rodata.str1.6883917863849351830.1)
                  102bce32    00000005                                                : soc_rcm.obj (.rodata.gSocRcmR5ClkSrcInfoMap)
                  102bce37    00000005     freertos.awr294x.r5f.ti-arm-clang.debug.lib : tasks.obj (.rodata.str1.17790062339596940786.1)
                  102bce3c    00000005     main.o (.rodata.str1.8309300403304547201.1)
                  102bce41    00000005     freertos.awr294x.r5f.ti-arm-clang.debug.lib : printf.obj (.rodata.str1.8544352122861784523.1)
                  102bce46    00000005                                                 : timers.obj (.rodata.str1.8630227424645744516.1)
                  102bce4b    00000005                                                 : printf.obj (.rodata.str1.8812429412984920041.1)
                  102bce50    00000004                                                 : CacheP_armv7r.obj (.rodata.gCacheL1pCacheLineSize)
                  102bce54    00000004                                                 : printf.obj (.rodata.str1.13278797451342649413.1)
                  102bce58    00000004                                                 : printf.obj (.rodata.str1.17155598869870286803.1)
                  102bce5c    00000004                                                 : tasks.obj (.rodata.uxTopUsedPriority)

.text.hwi 
*          0    102bce60    00000f20     
                  102bce60    000005ee     freertos.awr294x.r5f.ti-arm-clang.debug.lib : HwiP_armv7r_handlers_freertos.obj (.text.hwi)
                  102bd44e    00000002     --HOLE-- [fill = 0]
                  102bd450    000005c6                                                 : HwiP_armv7r_vim.obj (.text.hwi)
                  102bda16    00000002     --HOLE-- [fill = 0]
                  102bda18    000001ec                                                 : portASM.obj (.text.hwi)
                  102bdc04    00000100                                                 : HwiP_armv7r_handlers_freertos_asm.obj (.text.hwi)
                  102bdd04    00000070                                                 : HwiP_armv7r_asm.obj (.text.hwi)
                  102bdd74    0000000c     --HOLE-- [fill = 0]

.text.cache 
*          0    102bdd80    000004a0     
                  102bdd80    00000340     freertos.awr294x.r5f.ti-arm-clang.debug.lib : CacheP_armv7r_asm.obj (.text.cache)
                  102be0c0    00000158                                                 : CacheP_armv7r.obj (.text.cache)
                  102be218    00000008     --HOLE-- [fill = 0]

.text.mpu 
*          0    102be220    000002c0     
                  102be220    00000246     freertos.awr294x.r5f.ti-arm-clang.debug.lib : MpuP_armv7r.obj (.text.mpu)
                  102be466    00000002     --HOLE-- [fill = 0]
                  102be468    00000078                                                 : MpuP_armv7r_asm.obj (.text.mpu)

.text.boot 
*          0    102be4e0    00000170     
                  102be4e0    000000fc     freertos.awr294x.r5f.ti-arm-clang.debug.lib : boot_armv7r_asm.obj (.text.boot)
                  102be5dc    00000004     --HOLE-- [fill = 0]
                  102be5e0    0000002a                                                 : DebugP_log.obj (.text.boot)
                  102be60a    00000006     --HOLE-- [fill = 0]
                  102be610    00000024                                                 : boot_armv7r.obj (.text.boot)
                  102be634    0000000c     --HOLE-- [fill = 0]
                  102be640    0000000c     ti_dpl_config.o (.text.boot)
                  102be64c    00000004     --HOLE-- [fill = 0]

.text:abort 
*          0    102be650    00000008     
                  102be650    00000008     libc.a : exit.c.obj (.text:abort)

.data      0    102be658    00000328     
                  102be658    000000f0     libc.a : defs.c.obj (.data._ftable)
                  102be748    00000080     ti_pinmux_config.o (.data.gPinMuxMainDomainCfg)
                  102be7c8    00000078     libsysbm.a : host_device.c.obj (.data._device)
                  102be840    00000050                : host_device.c.obj (.data._stream)
                  102be890    00000038     ti_pinmux_config.o (.data.gPinMuxMainDomainCfg1)
                  102be8c8    00000018     ti_dpl_config.o (.data.gClockConfig)
                  102be8e0    0000000c     ti_power_clock_config.o (.data.gSocModulesClockFrequency)
                  102be8ec    00000008     libc.a : exit.c.obj (.data..L_MergedGlobals)
                  102be8f4    00000004     freertos.awr294x.r5f.ti-arm-clang.debug.lib : tasks.obj (.data.FreeRTOS_errno)
                  102be8f8    00000008                                                 : PmuP_armv7r.obj (.data.pmu)
                  102be900    00000008                                                 : TaskP_freertos.obj (.data.vApplicationLoadHook.lastUpdateTime)
                  102be908    00000004     libc.a : defs.c.obj (.data.__TI_ft_end)
                  102be90c    00000004            : _lock.c.obj (.data._lock)
                  102be910    00000004            : _lock.c.obj (.data._unlock)
                  102be914    00000004     freertos.awr294x.r5f.ti-arm-clang.debug.lib : DebugP_freertos.obj (.data.gDebugLogIsInitDone)
                  102be918    00000004                                                 : DebugP_log.obj (.data.gDebugLogZone)
                  102be91c    00000004     ti_dpl_config.o (.data.gHwiConfig)
                  102be920    00000004     ti_power_clock_config.o (.data.gSocModules)
                  102be924    00000004     freertos.awr294x.r5f.ti-arm-clang.debug.lib : timers.obj (.data.prvSampleTimeNow.xLastTime)
                  102be928    00000004                                                 : tasks.obj (.data.pxCurrentTCB)
                  102be92c    00000004                                                 : port.obj (.data.ulPortInterruptNesting)
                  102be930    00000004                                                 : port.obj (.data.ulPortSchedularRunning)
                  102be934    00000004                                                 : port.obj (.data.ulPortTaskHasFPUContext)
                  102be938    00000004                                                 : port.obj (.data.ulPortYieldRequired)
                  102be93c    00000004                                                 : tasks.obj (.data.ulTaskSwitchedInTime)
                  102be940    00000004                                                 : tasks.obj (.data.ulTotalRunTime)
                  102be944    00000004                                                 : tasks.obj (.data.uxCurrentNumberOfTasks)
                  102be948    00000004                                                 : tasks.obj (.data.uxDeletedTasksWaitingCleanUp)
                  102be94c    00000004                                                 : tasks.obj (.data.uxSchedulerSuspended)
                  102be950    00000004                                                 : tasks.obj (.data.uxTaskNumber)
                  102be954    00000004                                                 : tasks.obj (.data.uxTopReadyPriority)
                  102be958    00000004                                                 : tasks.obj (.data.xIdleTaskHandle)
                  102be95c    00000004                                                 : tasks.obj (.data.xNextTaskUnblockTime)
                  102be960    00000004                                                 : tasks.obj (.data.xNumOfOverflows)
                  102be964    00000004                                                 : tasks.obj (.data.xPendedTicks)
                  102be968    00000004                                                 : tasks.obj (.data.xSchedulerRunning)
                  102be96c    00000004                                                 : tasks.obj (.data.xTickCount)
                  102be970    00000004                                                 : timers.obj (.data.xTimerQueue)
                  102be974    00000004                                                 : timers.obj (.data.xTimerTaskHandle)
                  102be978    00000004                                                 : tasks.obj (.data.xYieldPending)
                  102be97c    00000001     libc.a : memory.c.obj (.data.memory_is_initialized)
                  102be97d    00000003     --HOLE-- [fill = 0]

.irqstack 
*          0    102be980    00000100     UNINITIALIZED
                  102be980    00000100     --HOLE--

.fiqstack 
*          0    102bea80    00000100     UNINITIALIZED
                  102bea80    00000100     --HOLE--

.svcstack 
*          0    102beb80    00001000     UNINITIALIZED
                  102beb80    00001000     --HOLE--

.abortstack 
*          0    102bfb80    00000100     UNINITIALIZED
                  102bfb80    00000100     --HOLE--

.undefinedstack 
*          0    102bfc80    00000100     UNINITIALIZED
                  102bfc80    00000100     --HOLE--

.init_array 
*          0    102a0000    00000000     UNINITIALIZED

MODULE SUMMARY

       Module                                  code    ro data   rw data
       ------                                  ----    -------   -------
    .\
       main.o                                  164     65        16528  
       empty.o                                 40      26        0      
    +--+---------------------------------------+-------+---------+---------+
       Total:                                  204     91        16528  
                                                                        
    .\syscfg\
       ti_dpl_config.o                         96      116       28     
       ti_pinmux_config.o                      44      0         184    
       ti_power_clock_config.o                 180     0         16     
       ti_drivers_config.o                     24      0         0      
       ti_board_open_close.o                   14      0         0      
       ti_drivers_open_close.o                 4       0         0      
       ti_board_config.o                       2       0         0      
    +--+---------------------------------------+-------+---------+---------+
       Total:                                  364     116       228    
                                                                        
    C:/ti/mmwave_mcuplus_sdk_04_07_01_04/mcu_plus_sdk_awr294x_10_01_00_04/source/drivers/lib/drivers.awr294x.r5f.ti-arm-clang.debug.lib
       soc_rcm.obj                             4932    1461      0      
       soc.obj                                 1052    0         0      
       pinmux.obj                              98      0         0      
    +--+---------------------------------------+-------+---------+---------+
       Total:                                  6082    1461      0      
                                                                        
    C:/ti/mmwave_mcuplus_sdk_04_07_01_04/mcu_plus_sdk_awr294x_10_01_00_04/source/kernel/freertos/lib/freertos.awr294x.r5f.ti-arm-clang.debug.lib
       tasks.obj                               5664    1146      812    
       printf.obj                              6684    98        0      
       port.obj                                586     93        5416   
       queue.obj                               4334    1333      256    
       HwiP_armv7r_vim.obj                     1488    0         4108   
       timers.obj                              1784    282       396    
       HwiP_armv7r_handlers_freertos.obj       1518    0         4      
       TimerP_rti.obj                          660     204       0      
       CacheP_armv7r_asm.obj                   832     0         0      
       ClockP_freertos_r5.obj                  430     270       0      
       TaskP_freertos.obj                      424     0         168    
       MpuP_armv7r.obj                         582     0         0      
       SemaphoreP_freertos.obj                 338     126       80     
       portASM.obj                             492     0         0      
       CacheP_armv7r.obj                       344     8         0      
       DebugP_freertos.obj                     146     0         156    
       list.obj                                296     0         0      
       ClockP_freertos.obj                     208     0         56     
       DebugP_log.obj                          216     42        4      
       HwiP_armv7r_handlers_freertos_asm.obj   256     0         0      
       boot_armv7r_asm.obj                     252     0         0      
       PmuP_armv7r.obj                         168     0         8      
       MpuP_armv7r_asm.obj                     120     0         0      
       HwiP_armv7r_asm.obj                     112     0         0      
       HwiP_armv7r_vectors_freertos_asm.obj    64      0         0      
       PmuP_armv7r_asm.obj                     48      0         0      
       boot_armv7r.obj                         36      0         0      
       heap_3.obj                              32      0         0      
    +--+---------------------------------------+-------+---------+---------+
       Total:                                  28114   3602      11464  
                                                                        
    C:\ti\ccs2030\ccs\tools\compiler\ti-cgt-armllvm_4.0.3.LTS\lib\armv7r-ti-none-eabihf/c/libc.a
       memory.c.obj                            1136    0         5      
       strcmp32.S.obj                          924     0         0      
       defs.c.obj                              0       0         404    
       setvbuf.c.obj                           324     0         0      
       getdevice.c.obj                         284     0         0      
       fputc.c.obj                             256     0         0      
       fseek.c.obj                             184     0         0      
       fclose.c.obj                            176     0         0      
       _io_perm.c.obj                          156     0         0      
       fflush.c.obj                            136     0         0      
       exit.c.obj                              92      0         8      
       fopen.c.obj                             88      0         0      
       autoinit.c.obj                          84      0         0      
       memcpy32.S.obj                          28      0         0      
       memset32.S.obj                          24      0         0      
       _lock.c.obj                             4       0         8      
    +--+---------------------------------------+-------+---------+---------+
       Total:                                  3896    0         425    
                                                                        
    C:\ti\ccs2030\ccs\tools\compiler\ti-cgt-armllvm_4.0.3.LTS\lib\armv7r-ti-none-eabihf/c/libsysbm.a
[...]
00000000  _vectors                           
102be650  abort                              
102b5d08  aligned_alloc                      
ffffffff  binit                              
102b9810  close                              
102b7221  eTaskGetState                      
102bb391  empty_main                         
102ba604  exit                               
102ba658  finddevice                         
102b7cf4  fputc                              
102b59ac  free                               
102bb6d1  freertos_main                      
102b525c  fseek                              
102b8ad8  fseeko                             
102bbbcc  gCacheConfig                       
102bbf4c  gCacheL1dCacheLineSize             
102bce50  gCacheL1pCacheLineSize             
102be8c8  gClockConfig                       
102a6dc8  gClockCtrl                         
102be918  gDebugLogZone                      
102be91c  gHwiConfig                         
102a4000  gHwiCtrl                           
102a6eac  gMainTask                          
102a6c98  gMainTaskObj                       
102a0000  gMainTaskStack                     
102bbbd4  gMpuConfig                         
102bbbe0  gMpuRegionConfig                   
102a6d74  gRovDummyQueue                     
102be920  gSocModules                        
102be8e0  gSocModulesClockFrequency          
102a6a48  gTaskP_ctrl                        
102b87cc  getdevice                          
102baed8  lseek                              
102b98a1  main                               
102b57e4  malloc                             
102b5d08  memalign                           
102a6e8c  parmbuf                            
102bb870  putchar                            
102bb7a1  putchar_                           
102bb301  pvTaskIncrementMutexHeldCount      
102be928  pxCurrentTCB                       
102b70f1  pxPortInitialiseStack              
102b5618  remove                             
102b6d28  setvbuf                            
102b42a0  strcmp                             
102bb7e1  uiPortGetRunTimeCounterValue       
102be92c  ulPortInterruptNesting             
102be930  ulPortSchedularRunning             
102be934  ulPortTaskHasFPUContext            
102be938  ulPortYieldRequired                
102ba918  unlink                             
102ba961  uxListRemove                       
102bce5c  uxTopUsedPriority                  
102bb331  vApplicationGetIdleTaskMemory      
102bb361  vApplicationGetTimerTaskMemory     
102bb901  vApplicationIdleHook               
102ba151  vApplicationLoadHook               
102bb001  vApplicationStackOverflowHook      
102bb1b1  vListInitialise                    
102bb891  vListInitialiseItem                
102ba0e1  vListInsert                        
102badf1  vListInsertEnd                     
102bb991  vPortConfigTimerForRunTimeStats    
102bb551  vPortFree                          
102bda18  vPortRestoreTaskContext            
102baf11  vPortTimerTickHandler              
102bb9a1  vPortValidateInterruptPriority     
102bb631  vPortYeildFromISR                  
102ba7c1  vQueueAddToRegistry                
102ba1c1  vQueueWaitForMessageRestricted     
102b79d1  vTaskDelete                        
102bb041  vTaskEnterCritical                 
102ba9b1  vTaskExitCritical                  
102b81b1  vTaskGetInfo                       
102bb4d1  vTaskInternalSetTimeOutState       
102bb8a1  vTaskMissedYield                   
102ba821  vTaskPlaceOnEventList              
102ba311  vTaskPlaceOnEventListRestricted    
102b67e1  vTaskPriorityDisinheritAfterTimeout
102b7df1  vTaskStartScheduler                
102bb881  vTaskSuspendAll                    
102b61e1  vTaskSwitchContext                 
102bb421  vprintf_                           
102baf44  write                              
102bb5b1  xPortStartScheduler                
102bb081  xQueueCreateMutexStatic            
102b6a91  xQueueGenericCreateStatic          
102b8a21  xQueueGenericReset                 
102b4e21  xQueueGenericSend                  
102b6371  xQueueGenericSendFromISR           
102b6681  xQueueGiveFromISR                  
102b9f11  xQueueGiveMutexRecursive           
102b5261  xQueueReceive                      
102b6e71  xQueueReceiveFromISR               
102a68a8  xQueueRegistry                     
102b4be1  xQueueSemaphoreTake                
102b9e91  xQueueTakeMutexRecursive           
102b7fd1  xTaskCheckForTimeOut               
102b7ee1  xTaskCreateStatic                  
102bb7c1  xTaskGetCurrentTaskHandle          
102babe1  xTaskGetIdleTaskHandle             
102bae31  xTaskGetSchedulerState             
102bb5d1  xTaskGetTickCount                  
102b5b61  xTaskIncrementTick                 
102b7ae1  xTaskPriorityDisinherit            
102b78c1  xTaskPriorityInherit               
102b82a1  xTaskRemoveFromEventList           
102b6501  xTaskResumeAll                     
102b9271  xTimerCreateTimerTask              
102b8961  xTimerGenericCommand               


GLOBAL SYMBOLS: SORTED BY Symbol Address 

address   name                               
-------   ----                               
00000000  __TI_ATRegion0_region_sz           
00000000  __TI_ATRegion0_src_addr            
00000000  __TI_ATRegion0_trg_addr            
00000000  __TI_ATRegion1_region_sz           
00000000  __TI_ATRegion1_src_addr            
00000000  __TI_ATRegion1_trg_addr            
00000000  __TI_ATRegion2_region_sz           
00000000  __TI_ATRegion2_src_addr            
00000000  __TI_ATRegion2_trg_addr            
00000000  __TI_static_base__                 
00000000  _vectors                           
00000100  __ABORT_STACK_SIZE                 
00000100  __FIQ_STACK_SIZE                   
00000100  __IRQ_STACK_SIZE                   
00000100  __UNDEFINED_STACK_SIZE             
00001000  __SVC_STACK_SIZE                   
00004000  __STACK_SIZE                       
00008000  __SYSMEM_SIZE                      
102a0000  __BSS_START                        
102a0000  gMainTaskStack                     
102a4000  gHwiCtrl                           
102a6688  _CIOBUF_                           
102a6688  __CIOBUF_                          
102a68a8  xQueueRegistry                     
102a69a8  __TI_tmpnams                       
102a6a48  gTaskP_ctrl                        
102a6c98  gMainTaskObj                       
102a6d74  gRovDummyQueue                     
102a6dc8  gClockCtrl                         
102a6e8c  parmbuf                            
102a6eac  gMainTask                          
102a6ec0  __BSS_END                          
102a6ec0  _sys_memory                        
102aeec0  __stack                            
102b2ec0  __STACK_END                        
102b38f4  __aeabi_memclr                     
102b38f4  __aeabi_memclr4                    
102b38f4  __aeabi_memclr8                    
102b4298  C$$EXIT                            
102b4298  HOSTexit                           
102b42a0  strcmp                             
102b4be1  xQueueSemaphoreTake                
102b4e1c  __aeabi_ldiv0                      
102b4e21  xQueueGenericSend                  
102b5048  __aeabi_memcpy                     
102b5048  __aeabi_memcpy4                    
102b5048  __aeabi_memcpy8                    
102b504c  _nop                               
102b5051  SOC_controlModuleUnlockMMR         
102b525c  fseek                              
102b5261  xQueueReceive                      
102b5441  TimerP_setup                       
102b5618  remove                             
102b57e4  malloc                             
102b57f1  SOC_controlModuleLockMMR           
102b59ac  free                               
102b5b61  xTaskIncrementTick                 
102b5d08  aligned_alloc                      
102b5d08  memalign                           
102b6051  ClockP_init                        
102b61e1  vTaskSwitchContext                 
102b6371  xQueueGenericSendFromISR           
102b6501  xTaskResumeAll                     
102b6681  xQueueGiveFromISR                  
102b67e1  vTaskPriorityDisinheritAfterTimeout
102b6a91  xQueueGenericCreateStatic          
102b6d28  setvbuf                            
102b6e71  xQueueReceiveFromISR               
102b70f1  pxPortInitialiseStack              
102b7221  eTaskGetState                      
102b7461  TaskP_loadUpdateAll                
102b7578  __udivmoddi4                       
102b78c1  xTaskPriorityInherit               
102b79d1  vTaskDelete                        
102b7ae1  xTaskPriorityDisinherit            
102b7cf4  fputc                              
102b7df1  vTaskStartScheduler                
102b7ee1  xTaskCreateStatic                  
102b7fd1  xTaskCheckForTimeOut               
102b81b1  vTaskGetInfo                       
102b82a1  xTaskRemoveFromEventList           
102b87cc  getdevice                          
102b8961  xTimerGenericCommand               
102b8a21  xQueueGenericReset                 
102b8ad8  fseeko                             
102b8c51  SOC_rcmSetPeripheralClock          
102b8d00  __TI_closefile                     
102b9121  CycleCounterP_init                 
102b9141  CycleCounterP_reset                
102b9191  CycleCounterP_nsToTicks            
102b9271  xTimerCreateTimerTask              
102b93c4  HOSTrename                         
102b9510  __TI_wrt_ok                        
102b95ac  HOSTlseek                          
102b9644  HOSTopen                           
102b96e1  _DebugP_logZone                    
102b9810  close                              
102b98a1  main                               
102b992c  __TI_doflush                       
102b9ad8  HOSTread                           
102b9b5c  HOSTwrite                          
102b9c71  SemaphoreP_pend                    
102b9d01  _DebugP_assert                     
102b9e11  ClockP_getTimeUsec                 
102b9e91  xQueueTakeMutexRecursive           
102b9f11  xQueueGiveMutexRecursive           
102b9f91  SemaphoreP_constructMutex          
102ba070  HOSTunlink                         
102ba0e1  vListInsert                        
102ba151  vApplicationLoadHook               
102ba1c1  vQueueWaitForMessageRestricted     
102ba2a1  SemaphoreP_post                    
102ba311  vTaskPlaceOnEventListRestricted    
102ba374  HOSTclose                          
102ba3e1  Module_clockSetFrequency           
102ba49c  __TI_cleanup                       
102ba4f4  __TI_readmsg                       
102ba54c  __TI_writemsg                      
102ba598  C$$IO$$                            
102ba604  exit                               
102ba658  finddevice                         
102ba6ac  __TI_auto_init_nobinit_nopinit     
102ba701  Pinmux_config                      
102ba7c1  vQueueAddToRegistry                
102ba821  vTaskPlaceOnEventList              
102ba881  Module_clockEnable                 
102ba918  unlink                             
102ba961  uxListRemove                       
102ba9b1  vTaskExitCritical                  
102babe1  xTaskGetIdleTaskHandle             
102bac31  Dpl_init                           
102bad31  SOC_rcmIsPadDisableRequired        
102badf1  vListInsertEnd                     
102bae31  xTaskGetSchedulerState             
102bae71  TimerP_Params_init                 
102baed8  lseek                              
102baf11  vPortTimerTickHandler              
102baf44  write                              
102baf81  ClockP_timerTickIsr                
102bafc1  TimerP_getCount                    
102bb001  vApplicationStackOverflowHook      
102bb041  vTaskEnterCritical                 
102bb081  xQueueCreateMutexStatic            
102bb0b4  CycleCounterP_getCount32           
102bb0bc  PmuP_setup                         
102bb0c4  PmuP_enableCounters                
102bb0cc  PmuP_disableCounters               
102bb0d4  PmuP_getOverflowStatus             
102bb0dc  PmuP_clearOverflowStatus           
102bb1b1  vListInitialise                    
102bb1e1  DebugP_logZoneEnable               
102bb211  Pinmux_init                        
102bb271  SOC_rcmGetR5Clock                  
102bb301  pvTaskIncrementMutexHeldCount      
102bb331  vApplicationGetIdleTaskMemory      
102bb361  vApplicationGetTimerTaskMemory     
102bb391  empty_main                         
102bb421  vprintf_                           
102bb478  __aeabi_uldivmod                   
102bb4d1  vTaskInternalSetTimeOutState       
102bb531  ClockP_usecToTicks                 
102bb551  vPortFree                          
102bb571  SOC_moduleSetClockFrequency        
102bb5b1  xPortStartScheduler                
102bb5d1  xTaskGetTickCount                  
102bb631  vPortYeildFromISR                  
102bb64c  TI_memcpy_small                    
102bb691  System_init                        
102bb6b1  TimerP_getReloadCount              
102bb6d1  freertos_main                      
102bb6e8  TI_memset_small                    
102bb701  SOC_getSelfCpuClk                  
102bb721  TimerP_start                       
102bb741  TimerP_stop                        
102bb781  TimerP_clearOverflowInt            
102bb7a1  putchar_                           
102bb7c1  xTaskGetCurrentTaskHandle          
102bb7e1  uiPortGetRunTimeCounterValue       
102bb821  ClockP_getTimerCount               
102bb831  ClockP_timerClearOverflowInt       
102bb841  SOC_moduleClockEnable              
102bb850  __aeabi_memset                     
102bb850  __aeabi_memset4                    
102bb850  __aeabi_memset8                    
102bb870  putchar                            
102bb881  vTaskSuspendAll                    
102bb891  vListInitialiseItem                
102bb8a1  vTaskMissedYield                   
102bb8b1  Board_driversOpen                  
102bb8c1  PowerClock_init                    
102bb901  vApplicationIdleHook               
102bb951  Board_driversClose                 
102bb961  Board_init                         
102bb971  Drivers_close                      
102bb981  Drivers_open                       
102bb991  vPortConfigTimerForRunTimeStats    
102bb9a1  vPortValidateInterruptPriority     
102bbbcc  gCacheConfig                       
102bbbd4  gMpuConfig                         
102bbbe0  gMpuRegionConfig                   
102bbf4c  gCacheL1dCacheLineSize             
102bce50  gCacheL1pCacheLineSize             
102bce5c  uxTopUsedPriority                  
102bce61  HwiP_irq_handler_c                 
102bcfa1  HwiP_fiq_handler                   
102bd111  HwiP_reserved_handler              
102bd151  HwiP_user_undefined_handler_c      
102bd191  HwiP_undefined_handler_c           
102bd1d1  HwiP_user_prefetch_abort_handler_c 
102bd231  HwiP_prefetch_abort_handler_c      
102bd301  HwiP_user_data_abort_handler_c     
102bd371  HwiP_data_abort_handler_c          
102bd451  HwiP_enableInt                     
102bd491  HwiP_disableInt                    
102bd4f1  HwiP_restoreInt                    
102bd521  HwiP_clearInt                      
102bd561  HwiP_post                          
102bd5a1  HwiP_Params_init                   
102bd5d1  HwiP_construct                     
102bd7d1  HwiP_destruct                      
102bd841  HwiP_init                          
102bd9f1  HwiP_inISR                         
102bda18  vPortRestoreTaskContext            
102bda50  HwiP_svc_handler                   
102bdac0  HwiP_irq_handler                   
102bdc04  HwiP_data_abort_handler            
102bdc48  HwiP_prefetch_abort_handler        
102bdc78  HwiP_undefined_handler             
102bdcc0  GET_DFSR                           
102bdcc8  GET_ADFSR                          
102bdcd0  GET_DFAR                           
102bdcd8  GET_IFSR                           
102bdce0  GET_AIFSR                          
102bdce8  GET_IFAR                           
102bdcf0  GET_SPSR                           
102bdd04  HwiP_disable                       
102bdd14  HwiP_disableFIQ                    
102bdd24  HwiP_enable                        
102bdd34  HwiP_enableFIQ                     
102bdd44  HwiP_restore                       
102bdd4c  HwiP_enableVIC                     
102bdd5c  HwiP_disableVIC                    
102bdd6c  HwiP_getCPSR                       
102bdd80  CacheP_disableL1d                  
102bdda8  CacheP_disableL1p                  
102bddc0  CacheP_enableL1d                   
102bddd8  CacheP_enableL1p                   
102bddf0  CacheP_invL1d                      
102bde28  CacheP_invL1p                      
102bde64  CacheP_invL1dAll                   
102bde6c  CacheP_invL1pAll                   
102bde74  CacheP_wb                          
102bdeb0  CacheP_wbInv                       
102bdeec  CacheP_wbAll                       
102bdf94  CacheP_wbInvAll                    
102bdfac  CacheP_wbInvAllAsm                 
102be04c  CacheP_getEnabled                  
102be084  CacheP_getCacheLevelInfo           
102be090  CacheP_configForceWrThru           
102be0b0  CacheP_setDLFO                     
102be0c1  CacheP_init                        
102be151  CacheP_disable                     
102be1a1  CacheP_enable                      
102be1e1  CacheP_inv                         
102be221  MpuP_RegionAttrs_init              
102be251  MpuP_setRegion                     
102be341  MpuP_isEnable                      
102be351  MpuP_disable                       
102be391  MpuP_enable                        
102be3d1  MpuP_init                          
102be468  MpuP_disableAsm                    
102be480  MpuP_disableBRAsm                  
102be490  MpuP_enableAsm                     
102be4a8  MpuP_enableBRAsm                   
102be4b8  MpuP_isEnableAsm                   
102be4cc  MpuP_setRegionAsm                  
102be4e0  _c_int00_sbl                       
102be504  _c_int00                           
102be5e1  _DebugP_assertNoLog                
102be611  _system_pre_init                   
102be641  __mpu_init                         
102be650  abort                              
102be658  _ftable                            
102be7c8  _device                            
102be840  _stream                            
102be8c8  gClockConfig                       
102be8e0  gSocModulesClockFrequency          
102be8ec  __TI_cleanup_ptr                   
102be8f0  __TI_dtors_ptr                     
102be8f4  FreeRTOS_errno                     
102be908  __TI_ft_end                        
102be90c  _lock                              
102be910  _unlock                            
102be918  gDebugLogZone                      
102be91c  gHwiConfig                         
102be920  gSocModules                        
102be928  pxCurrentTCB                       
102be92c  ulPortInterruptNesting             
102be930  ulPortSchedularRunning             
102be934  ulPortTaskHasFPUContext            
102be938  ulPortYieldRequired                
102be980  __IRQ_STACK_START                  
102bea80  __FIQ_STACK_START                  
102bea80  __IRQ_STACK_END                    
102beb80  __FIQ_STACK_END                    
102beb80  __SVC_STACK_START                  
102bfb80  __ABORT_STACK_START                
102bfb80  __SVC_STACK_END                    
102bfc80  __ABORT_STACK_END                  
102bfc80  __UNDEFINED_STACK_START            
102bfd80  __UNDEFINED_STACK_END              
ffffffff  __TI_pprof_out_hndl                
ffffffff  __TI_prof_data_size                
ffffffff  __TI_prof_data_start               
ffffffff  __binit__                          
ffffffff  binit                              
UNDEFED   __TI_CINIT_Base                    
UNDEFED   __TI_CINIT_Limit                   
UNDEFED   __TI_Handler_Table_Base            
UNDEFED   __TI_Handler_Table_Limit           
UNDEFED   _system_post_cinit                 

[321 symbols]
