******************************************************************************
            TI ARM Clang Linker PC v4.0.3                      
******************************************************************************
>> Linked Thu Oct  2 17:45:11 2025

OUTPUT FILE NAME:   <empty_awr294x-evm_r5fss0-0_freertos_ti-arm-clang.out>
ENTRY POINT SYMBOL: "_vectors"  address: 00000000


MEMORY CONFIGURATION

         name            origin    length      used     unused   attr    fill
----------------------  --------  ---------  --------  --------  ----  --------
  R5F_VECS              00000000   00000040  00000040  00000000  RWIX
  R5F_TCMA              00000040   00003fc0  00000000  00003fc0  RWIX
  R5F_TCMB              00080000   00004000  00000000  00004000  RWIX
  MSS_L2                10260000   00040000  00038e78  00007188  RWIX
  USER_SHM_MEM          102e8000   00004000  00000000  00004000  RWIX
  LOG_SHM_MEM           102ec000   00004000  00000000  00004000  RWIX
  MAILBOX_HSM           44000000   000003ce  00000000  000003ce  RWIX
  MAILBOX_R5F           44000400   000003ce  00000000  000003ce  RWIX
  DSS_L3                88000000   00200000  00000000  00200000  RWIX
  RTOS_NORTOS_IPC_SHM_M c5000200   00001d40  000012c0  00000a80  RWIX


SEGMENT ALLOCATION MAP

run origin  load origin   length   init length attrs members
----------  ----------- ---------- ----------- ----- -------
00000000    00000000    00000040   00000040    r-x
  00000000    00000000    00000040   00000040    r-x .vectors
10260000    10260000    0001b300   0001b300    r-x
  10260000    10260000    00017ea0   00017ea0    r-x .text
  10277ea0    10277ea0    00003460   00003460    r-- .rodata
1027b300    1027b300    00018100   00000000    rw-
  1027b300    1027b300    0000c100   00000000    rw- .bss
  10287400    10287400    00008000   00000000    rw- .sysmem
  1028f400    1028f400    00004000   00000000    rw- .stack
10293400    10293400    00002e80   00002e80    rw-
  10293400    10293400    00002e80   00002e80    rw- .data
10296280    10296280    000017f8   000017f8    r-x
  10296280    10296280    00000f20   00000f20    r-x .text.hwi
  102971a0    102971a0    000004a0   000004a0    r-x .text.cache
  10297640    10297640    000002c0   000002c0    r-x .text.mpu
  10297900    10297900    00000170   00000170    r-x .text.boot
  10297a70    10297a70    00000008   00000008    r-x .text:abort
10297a78    10297a78    00001400   00000000    rw-
  10297a78    10297a78    00000100   00000000    rw- .irqstack
  10297b78    10297b78    00000100   00000000    rw- .fiqstack
  10297c78    10297c78    00001000   00000000    rw- .svcstack
  10298c78    10298c78    00000100   00000000    rw- .abortstack
  10298d78    10298d78    00000100   00000000    rw- .undefinedstack


SECTION ALLOCATION MAP

 output                                  attributes/
section   page    origin      length       input sections
--------  ----  ----------  ----------   ----------------
.vectors   0    00000000    00000040     
                  00000000    00000040     freertos.awr294x.r5f.ti-arm-clang.debug.lib : HwiP_armv7r_vectors_freertos_asm.obj (.vectors)

.text      0    10260000    00017ea0     
                  10260000    00000fc0     libc.a : _printfi.c.obj (.text:__TI_printfi)
                  10260fc0    00000a34     freertos.awr294x.r5f.ti-arm-clang.debug.lib : printf.obj (.text._vsnprintf)
                  102619f4    0000000c     libc.a : aeabi_portable.c.obj (.text.__aeabi_errno_addr)
                  10261a00    00000740     drivers.awr294x.r5f.ti-arm-clang.debug.lib : soc_rcm.obj (.text.SOC_rcmGetClkSrcAndDivValue)
                  10262140    00000664     cli_mmwave.o (.text.CLI_MMWaveAdvChirpCfg)
                  102627a4    0000000c     libclang_rt.builtins.a : aeabi_memset.S.obj (.text.__aeabi_memclr)
                  102627b0    0000051e     freertos.awr294x.r5f.ti-arm-clang.debug.lib : printf.obj (.text._ftoa)
                  10262cce    00000002     --HOLE-- [fill = 0]
                  10262cd0    00000518     drivers.awr294x.r5f.ti-arm-clang.debug.lib : ipc_notify_v1.obj (.text.IpcNotify_init)
                  102631e8    000004d4     libc.a : strtod.c.obj (.text.strtod)
                  102636bc    00000004     libclang_rt.builtins.a : aeabi_div0.c.obj (.text.__aeabi_idiv0)
                  102636c0    00000478     freertos.awr294x.r5f.ti-arm-clang.debug.lib : printf.obj (.text._etoa)
                  10263b38    00000008     libsysbm.a : hostexit.c.obj (.text.HOSTexit)
                  10263b40    000003dc     cli_mmwave.o (.text.CLI_MMWaveLUTDataCfg)
                  10263f1c    00000004     libclang_rt.builtins.a : aeabi_div0.c.obj (.text.__aeabi_ldiv0)
                  10263f20    00000390     libc.a : strcmp32.S.obj (.text:strcmp)
                  102642b0    00000370     drivers.awr294x.r5f.ti-arm-clang.debug.lib : soc_rcm.obj (.text.SOC_rcmGetClkSrcAndDivReg)
                  10264620    0000033c                                                : ipc_notify_v1.obj (.text.IpcNotify_isr)
                  1026495c    00000004     libclang_rt.builtins.a : aeabi_memcpy.S.obj (.text.__aeabi_memcpy)
                  10264960    00000336     drivers.awr294x.r5f.ti-arm-clang.debug.lib : edma.obj (.text.EDMA_initialize)
                  10264c96    00000002     --HOLE-- [fill = 0]
                  10264c98    00000008     libc.a : atof.c.obj (.text.atof)
                  10264ca0    000002e8     rl_driver.o (.text.rlDriverCmdInvoke)
                  10264f88    00000004     libc.a : _lock.c.obj (.text._nop)
                  10264f8c    00000004            : fseek.c.obj (.text.fseek)
                  10264f90    000002d2     rl_driver.o (.text.rlDriverMsgRead)
                  10265262    00000002     --HOLE-- [fill = 0]
                  10265264    0000000c     libc.a : memory.c.obj (.text.malloc)
                  10265270    000002ce     drivers.awr294x.r5f.ti-arm-clang.debug.lib : uart_sci_edma.obj (.text.UART_edmaChannelConfig)
                  1026553e    00000002     --HOLE-- [fill = 0]
                  10265540    000002cc     cli_mmwave.o (.text.CLI_MMWaveProfileCfg)
                  1026580c    00000004     libsysbm.a : remove.c.obj (.text.remove)
                  10265810    0000029e     drivers.awr294x.r5f.ti-arm-clang.debug.lib : uart_sci.obj (.text.UART_open)
                  10265aae    00000002     --HOLE-- [fill = 0]
                  10265ab0    00000282                                                : edma.obj (.text.EDMA_open)
                  10265d32    00000006     --HOLE-- [fill = 0]
                  10265d38    00000280     libc.a : _printfi.c.obj (.text._pconv_a)
                  10265fb8    00000008     --HOLE-- [fill = 0]
                  10265fc0    00000250     drivers.awr294x.r5f.ti-arm-clang.debug.lib : edma.obj (.text.Alloc_resource)
                  10266210    0000024a     rl_driver.o (.text.rlDriverRdVerifyMsg)
                  1026645a    00000006     --HOLE-- [fill = 0]
                  10266460    0000023e     drivers.awr294x.r5f.ti-arm-clang.debug.lib : uart_sci.obj (.text.UART_controllerIsr)
                  1026669e    00000002     --HOLE-- [fill = 0]
                  102666a0    0000023e     freertos.awr294x.r5f.ti-arm-clang.debug.lib : printf.obj (.text._ntoa_format)
                  102668de    00000002     --HOLE-- [fill = 0]
                  102668e0    0000023c                                                 : queue.obj (.text.xQueueSemaphoreTake)
                  10266b1c    00000004     --HOLE-- [fill = 0]
                  10266b20    00000238     libc.a : _printfi.c.obj (.text._pconv_g)
                  10266d58    00000008     --HOLE-- [fill = 0]
                  10266d60    00000226     freertos.awr294x.r5f.ti-arm-clang.debug.lib : queue.obj (.text.xQueueGenericSend)
                  10266f86    0000000a     --HOLE-- [fill = 0]
                  10266f90    0000020c     drivers.awr294x.r5f.ti-arm-clang.debug.lib : soc.obj (.text.SOC_controlModuleUnlockMMR)
                  1026719c    00000004     --HOLE-- [fill = 0]
                  102671a0    00000200                                                : ipc_rpmsg.obj (.text.RPMessage_send)
                  102673a0    000001e4     cli_mmwave.o (.text.CLI_MMWaveChirpCfg)
                  10267584    0000000c     freertos.awr294x.r5f.ti-arm-clang.debug.lib : CpuId_armv7r_asm.obj (.text)
                  10267590    000001e0     rl_driver.o (.text.rlDriverMsgWrite)
                  10267770    000001de     freertos.awr294x.r5f.ti-arm-clang.debug.lib : queue.obj (.text.xQueueReceive)
                  1026794e    00000002     --HOLE-- [fill = 0]
                  10267950    000001d6                                                 : TimerP_rti.obj (.text.TimerP_setup)
                  10267b26    0000000a     --HOLE-- [fill = 0]
                  10267b30    000001d4     cli_mmwave.o (.text.CLI_MMWaveVersion)
                  10267d04    000001d0     libclang_rt.builtins.a : udivsi3.S.obj (.text.__udivsi3)
                  10267ed4    0000000c     --HOLE-- [fill = 0]
                  10267ee0    000001c8     drivers.awr294x.r5f.ti-arm-clang.debug.lib : soc.obj (.text.SOC_virtToPhy)
                  102680a8    00000008     --HOLE-- [fill = 0]
                  102680b0    000001c2     freertos.awr294x.r5f.ti-arm-clang.debug.lib : timers.obj (.text.prvProcessReceivedCommands)
                  10268272    0000000e     --HOLE-- [fill = 0]
                  10268280    000001bc     drivers.awr294x.r5f.ti-arm-clang.debug.lib : soc.obj (.text.SOC_controlModuleLockMMR)
                  1026843c    00000004     --HOLE-- [fill = 0]
                  10268440    000001b6     rl_driver.o (.text.rlDriverMsgCmdReply)
                  102685f6    0000000a     --HOLE-- [fill = 0]
                  10268600    000001b4     freertos.awr294x.r5f.ti-arm-clang.debug.lib : HeapP_internal.obj (.text.pvHeapMalloc)
                  102687b4    0000000c     --HOLE-- [fill = 0]
                  102687c0    000001ae     cli.o (.text.CLI_task)
                  1026896e    00000002     --HOLE-- [fill = 0]
                  10268970    000001ae     drivers.awr294x.r5f.ti-arm-clang.debug.lib : ipc_rpmsg.obj (.text.RPMessage_recv)
                  10268b1e    00000002     --HOLE-- [fill = 0]
                  10268b20    000001ac                                                : edma.obj (.text.EDMA_transferCompletionMasterIsrFxn)
                  10268ccc    00000004     --HOLE-- [fill = 0]
                  10268cd0    000001aa                                                : uart_sci.obj (.text.UART_close)
                  10268e7a    00000002     --HOLE-- [fill = 0]
                  10268e7c    000001a8     libc.a : memory.c.obj (.text.free)
                  10269024    0000000c     --HOLE-- [fill = 0]
                  10269030    000001a6     freertos.awr294x.r5f.ti-arm-clang.debug.lib : tasks.obj (.text.xTaskIncrementTick)
                  102691d6    00000002     --HOLE-- [fill = 0]
                  102691d8    000001a4     libc.a : memory.c.obj (.text.aligned_alloc)
                  1026937c    00000004     --HOLE-- [fill = 0]
                  10269380    000001a2     rl_driver.o (.text.rlDriverRxHdrRead)
                  10269522    0000000e     --HOLE-- [fill = 0]
                  10269530    00000198     drivers.awr294x.r5f.ti-arm-clang.debug.lib : uart_sci.obj (.text.UART_configInstance)
                  102696c8    00000008     --HOLE-- [fill = 0]
                  102696d0    00000198     rl_driver.o (.text.rlDriverReceiveSync)
                  10269868    00000008     --HOLE-- [fill = 0]
                  10269870    00000194     drivers.awr294x.r5f.ti-arm-clang.debug.lib : ipc_rpmsg.obj (.text.RPMessage_init)
                  10269a04    0000000c     --HOLE-- [fill = 0]
                  10269a10    00000194                                                : soc_rcm.obj (.text.SOC_rcmGetHSDIVClkOutMuxClkSrc)
                  10269ba4    0000000c     --HOLE-- [fill = 0]
                  10269bb0    0000018e     freertos.awr294x.r5f.ti-arm-clang.debug.lib : ClockP_freertos_r5.obj (.text.ClockP_init)
                  10269d3e    00000002     --HOLE-- [fill = 0]
                  10269d40    0000018c     cli.o (.text.CLI_open)
                  10269ecc    00000004     --HOLE-- [fill = 0]
                  10269ed0    0000018a     rl_driver.o (.text.rlDriverCmdWriter)
                  1026a05a    00000006     --HOLE-- [fill = 0]
                  1026a060    0000018a     freertos.awr294x.r5f.ti-arm-clang.debug.lib : tasks.obj (.text.vTaskSwitchContext)
                  1026a1ea    00000006     --HOLE-- [fill = 0]
                  1026a1f0    00000188                                                 : queue.obj (.text.xQueueGenericSendFromISR)
                  1026a378    00000008     --HOLE-- [fill = 0]
                  1026a380    00000184     cli_mmwave.o (.text.CLI_MMWaveSubFrameCfg)
                  1026a504    0000000c     --HOLE-- [fill = 0]
                  1026a510    00000182     drivers.awr294x.r5f.ti-arm-clang.debug.lib : ipc_rpmsg_vring.obj (.text.RPMessage_vringResetInternal)
                  1026a692    0000000e     --HOLE-- [fill = 0]
                  1026a6a0    0000017e     freertos.awr294x.r5f.ti-arm-clang.debug.lib : tasks.obj (.text.xTaskResumeAll)
                  1026a81e    00000002     --HOLE-- [fill = 0]
                  1026a820    00000178     drivers.awr294x.r5f.ti-arm-clang.debug.lib : edma.obj (.text.EDMA_errorIsrFxn)
                  1026a998    00000008     --HOLE-- [fill = 0]
                  1026a9a0    00000174                                                : ipc_rpmsg.obj (.text.RPMessage_recvHandler)
                  1026ab14    0000000c     --HOLE-- [fill = 0]
                  1026ab20    00000172                                                : uart_sci.obj (.text.UART_write)
                  1026ac92    0000000e     --HOLE-- [fill = 0]
                  1026aca0    00000162     mmwave_fullcfg.o (.text.MMWave_flushCfg)
                  1026ae02    0000000e     --HOLE-- [fill = 0]
                  1026ae10    0000015e     freertos.awr294x.r5f.ti-arm-clang.debug.lib : queue.obj (.text.xQueueGiveFromISR)
                  1026af6e    00000002     --HOLE-- [fill = 0]
                  1026af70    0000015c     cli_mmwave.o (.text.CLI_MMWaveFrameCfg)
                  1026b0cc    00000004     --HOLE-- [fill = 0]
                  1026b0d0    00000156     drivers.awr294x.r5f.ti-arm-clang.debug.lib : ipc_notify_v1.obj (.text.IpcNotify_sendMsg)
                  1026b226    0000000a     --HOLE-- [fill = 0]
                  1026b230    00000156                                                : uart_sci.obj (.text.UART_read)
                  1026b386    0000000a     --HOLE-- [fill = 0]
                  1026b390    00000154                                                : ipc_notify_v1_cfg.obj (.text.IpcNotify_trigInterrupt_ack)
                  1026b4e4    0000000c     --HOLE-- [fill = 0]
                  1026b4f0    00000152     freertos.awr294x.r5f.ti-arm-clang.debug.lib : tasks.obj (.text.vTaskPriorityDisinheritAfterTimeout)
                  1026b642    00000006     --HOLE-- [fill = 0]
                  1026b648    00000150     libc.a : s_scalbn.c.obj (.text.scalbn)
                  1026b798    00000008     --HOLE-- [fill = 0]
                  1026b7a0    0000014a     freertos.awr294x.r5f.ti-arm-clang.debug.lib : tasks.obj (.text.prvInitialiseNewTask)
                  1026b8ea    00000006     --HOLE-- [fill = 0]
                  1026b8f0    0000014a                                                 : queue.obj (.text.xQueueGenericCreateStatic)
                  1026ba3a    00000006     --HOLE-- [fill = 0]
                  1026ba40    00000148     libc.a : _printfi.c.obj (.text.fcvt)
                  1026bb88    00000008     --HOLE-- [fill = 0]
                  1026bb90    00000146     drivers.awr294x.r5f.ti-arm-clang.debug.lib : soc_rcm.obj (.text.SOC_rcmGetDpllHSDivOutFreq)
                  1026bcd6    00000002     --HOLE-- [fill = 0]
                  1026bcd8    00000144     libc.a : setvbuf.c.obj (.text.setvbuf)
                  1026be1c    00000004     --HOLE-- [fill = 0]
                  1026be20    00000140            : _printfi.c.obj (.text._pconv_e)
                  1026bf60    00000140     rl_driver.o (.text.rlDriverWaitForResponse)
                  1026c0a0    0000013c     drivers.awr294x.r5f.ti-arm-clang.debug.lib : ipc_notify_v1_cfg.obj (.text.IpcNotify_trigInterrupt)
                  1026c1dc    00000004     --HOLE-- [fill = 0]
                  1026c1e0    0000013a                                                : uart_sci_edma.obj (.text.UART_readDma)
                  1026c31a    00000006     --HOLE-- [fill = 0]
                  1026c320    0000013a                                                : uart_sci_edma.obj (.text.UART_writeDma)
                  1026c45a    00000006     --HOLE-- [fill = 0]
                  1026c460    0000013a     freertos.awr294x.r5f.ti-arm-clang.debug.lib : queue.obj (.text.xQueueReceiveFromISR)
                  1026c59a    00000006     --HOLE-- [fill = 0]
                  1026c5a0    00000138                                                 : printf.obj (.text._ntoa_long_long)
                  1026c6d8    00000008     --HOLE-- [fill = 0]
                  1026c6e0    00000134     drivers.awr294x.r5f.ti-arm-clang.debug.lib : ipc_rpmsg_vring.obj (.text.RPMessage_vringReset)
                  1026c814    0000000c     --HOLE-- [fill = 0]
                  1026c820    00000132     rl_driver.o (.text.rlDriverMsgReadCmdCtx)
                  1026c952    0000000e     --HOLE-- [fill = 0]
                  1026c960    00000128     freertos.awr294x.r5f.ti-arm-clang.debug.lib : port.obj (.text.pxPortInitialiseStack)
                  1026ca88    00000008     --HOLE-- [fill = 0]
                  1026ca90    00000120                                                 : tasks.obj (.text.eTaskGetState)
                  1026cbb0    0000011e     mmwave_fullcfg.o (.text.MMWave_addChirp)
                  1026ccce    00000002     --HOLE-- [fill = 0]
                  1026ccd0    0000011e     drivers.awr294x.r5f.ti-arm-clang.debug.lib : soc_rcm.obj (.text.SOC_rcmGetApllHSDivOutFreq)
                  1026cdee    00000002     --HOLE-- [fill = 0]
                  1026cdf0    00000118     cli.o (.text.CLI_readLine)
                  1026cf08    00000008     --HOLE-- [fill = 0]
                  1026cf10    00000118     ti_drivers_config.o (.text.System_init)
                  1026d028    00000008     --HOLE-- [fill = 0]
                  1026d030    00000118     freertos.awr294x.r5f.ti-arm-clang.debug.lib : TaskP_freertos.obj (.text.TaskP_loadUpdateAll)
                  1026d148    00000118     libclang_rt.builtins.a : udivmoddi4.S.obj (.text)
                  1026d260    00000114     mmwave_fullcfg.o (.text.MMWave_addProfile)
                  1026d374    0000000c     --HOLE-- [fill = 0]
                  1026d380    00000114     freertos.awr294x.r5f.ti-arm-clang.debug.lib : printf.obj (.text._ntoa_long)
                  1026d494    0000000c     --HOLE-- [fill = 0]
                  1026d4a0    0000010e                                                 : tasks.obj (.text.prvAddNewTaskToReadyList)
                  1026d5ae    00000002     --HOLE-- [fill = 0]
                  1026d5b0    0000010e                                                 : tasks.obj (.text.xTaskPriorityInherit)
                  1026d6be    00000002     --HOLE-- [fill = 0]
                  1026d6c0    0000010a                                                 : tasks.obj (.text.vTaskDelete)
                  1026d7ca    00000006     --HOLE-- [fill = 0]
                  1026d7d0    00000106                                                 : tasks.obj (.text.xTaskPriorityDisinherit)
                  1026d8d6    0000000a     --HOLE-- [fill = 0]
                  1026d8e0    00000102     drivers.awr294x.r5f.ti-arm-clang.debug.lib : soc_rcm.obj (.text.SOC_rcmADPLLJGetFOut)
                  1026d9e2    0000000e     --HOLE-- [fill = 0]
                  1026d9f0    00000102     rl_driver.o (.text.rlDriverAppendDummyByte)
                  1026daf2    0000000e     --HOLE-- [fill = 0]
                  1026db00    000000fa     drivers.awr294x.r5f.ti-arm-clang.debug.lib : edma.obj (.text.EDMA_clearCcErrors)
                  1026dbfa    00000006     --HOLE-- [fill = 0]
                  1026dc00    000000f8     rl_driver.o (.text.rlDriverProcRdMsg)
                  1026dcf8    00000008     --HOLE-- [fill = 0]
                  1026dd00    000000f6     drivers.awr294x.r5f.ti-arm-clang.debug.lib : edma.obj (.text.EDMA_registerIntr)
                  1026ddf6    0000000a     --HOLE-- [fill = 0]
                  1026de00    000000f6     mmwave_fullcfg.o (.text.MMWave_addAdvChirpLUTData)
                  1026def6    0000000a     --HOLE-- [fill = 0]
                  1026df00    000000f6     rl_driver.o (.text.rlDriverMsgReadSpawnCtx)
                  1026dff6    0000000a     --HOLE-- [fill = 0]
                  1026e000    000000f4     cli_mmwave.o (.text.CLI_MMWaveAdvFrameCfg)
                  1026e0f4    0000000c     --HOLE-- [fill = 0]
                  1026e100    000000f2     drivers.awr294x.r5f.ti-arm-clang.debug.lib : ipc_rpmsg_vring.obj (.text.RPMessage_vringPutFullTxBuf)
                  1026e1f2    0000000e     --HOLE-- [fill = 0]
                  1026e200    000000f0     cli_mmwave.o (.text.CLI_MMWaveContModeCfg)
                  1026e2f0    000000f0     libc.a : fputc.c.obj (.text.fputc)
                  1026e3e0    000000ee     freertos.awr294x.r5f.ti-arm-clang.debug.lib : tasks.obj (.text.vTaskStartScheduler)
                  1026e4ce    00000002     --HOLE-- [fill = 0]
                  1026e4d0    000000ee                                                 : tasks.obj (.text.xTaskCreateStatic)
                  1026e5be    00000002     --HOLE-- [fill = 0]
                  1026e5c0    000000ec                                                 : tasks.obj (.text.xTaskCheckForTimeOut)
                  1026e6ac    00000004     --HOLE-- [fill = 0]
                  1026e6b0    000000ea     drivers.awr294x.r5f.ti-arm-clang.debug.lib : uart_sci.obj (.text.UART_readPolling)
                  1026e79a    00000006     --HOLE-- [fill = 0]
                  1026e7a0    000000e6     mmwave_fullcfg.o (.text.MMWave_getAdvChirpHandle)
                  1026e886    0000000a     --HOLE-- [fill = 0]
                  1026e890    000000e4     mmwave_fullcfg.o (.text.MMWave_addBpmChirp)
                  1026e974    0000000c     --HOLE-- [fill = 0]
                  1026e980    000000e4     mmwave_fullcfg.o (.text.MMWave_getProfileHandle)
                  1026ea64    0000000c     --HOLE-- [fill = 0]
                  1026ea70    000000e4     freertos.awr294x.r5f.ti-arm-clang.debug.lib : timers.obj (.text.prvSwitchTimerLists)
                  1026eb54    0000000c     --HOLE-- [fill = 0]
                  1026eb60    000000e2     drivers.awr294x.r5f.ti-arm-clang.debug.lib : edma.obj (.text.EDMA_freeParam)
                  1026ec42    0000000e     --HOLE-- [fill = 0]
                  1026ec50    000000e2     empty.o (.text.empty_main)
                  1026ed32    0000000e     --HOLE-- [fill = 0]
                  1026ed40    000000e2     freertos.awr294x.r5f.ti-arm-clang.debug.lib : tasks.obj (.text.vTaskGetInfo)
                  1026ee22    0000000e     --HOLE-- [fill = 0]
                  1026ee30    000000e0     drivers.awr294x.r5f.ti-arm-clang.debug.lib : edma.obj (.text.EDMA_freeDmaChannel)
                  1026ef10    000000e0                                                : edma.obj (.text.EDMA_freeTcc)
                  1026eff0    000000e0                                                : mailbox.obj (.text.Mailbox_init)
                  1026f0d0    000000e0                                                : uart_sci.obj (.text.UART_writeInterrupt)
                  1026f1b0    000000de     mmwave_fullcfg.o (.text.MMWave_addAdvChirpParam)
                  1026f28e    00000002     --HOLE-- [fill = 0]
                  1026f290    000000de     drivers.awr294x.r5f.ti-arm-clang.debug.lib : uart_sci.obj (.text.UART_flushTxFifo)
                  1026f36e    00000002     --HOLE-- [fill = 0]
                  1026f370    000000de     freertos.awr294x.r5f.ti-arm-clang.debug.lib : tasks.obj (.text.xTaskRemoveFromEventList)
                  1026f44e    00000002     --HOLE-- [fill = 0]
                  1026f450    000000dc     drivers.awr294x.r5f.ti-arm-clang.debug.lib : ipc_rpmsg_vring.obj (.text.RPMessage_vringGetFullRxBuf)
                  1026f52c    00000004     --HOLE-- [fill = 0]
                  1026f530    000000dc                                                : soc_rcm.obj (.text.SOC_rcmGetCoreFout)
                  1026f60c    00000004     --HOLE-- [fill = 0]
                  1026f610    000000dc                                                : soc_rcm.obj (.text.SOC_rcmGetDSSFout)
                  1026f6ec    00000004     --HOLE-- [fill = 0]
                  1026f6f0    000000dc                                                : soc_rcm.obj (.text.SOC_rcmGetPerFout)
                  1026f7cc    00000004     --HOLE-- [fill = 0]
                  1026f7d0    000000d8                                                : uart_sci.obj (.text.UART_writePolling)
                  1026f8a8    00000008     --HOLE-- [fill = 0]
                  1026f8b0    000000d6     cli_mmwave.o (.text.CLI_MMWaveAdvFrameDataCfg)
                  1026f986    0000000a     --HOLE-- [fill = 0]
                  1026f990    000000d4     drivers.awr294x.r5f.ti-arm-clang.debug.lib : ipc_rpmsg.obj (.text.RPMessage_construct)
                  1026fa64    0000000c     --HOLE-- [fill = 0]
                  1026fa70    000000d4     freertos.awr294x.r5f.ti-arm-clang.debug.lib : tasks.obj (.text.prvAddCurrentTaskToDelayedList)
                  1026fb44    0000000c     --HOLE-- [fill = 0]
                  1026fb50    000000d2     drivers.awr294x.r5f.ti-arm-clang.debug.lib : ipc_rpmsg_vring.obj (.text.RPMessage_vringPutEmptyRxBuf)
                  1026fc22    0000000e     --HOLE-- [fill = 0]
                  1026fc30    000000cc                                                : edma.obj (.text.EDMA_enableChInShadowRegRegion)
                  1026fcfc    00000004     --HOLE-- [fill = 0]
                  1026fd00    000000cc     freertos.awr294x.r5f.ti-arm-clang.debug.lib : queue.obj (.text.prvCopyDataToQueue)
                  1026fdcc    00000004     --HOLE-- [fill = 0]
                  1026fdd0    000000c8     drivers.awr294x.r5f.ti-arm-clang.debug.lib : ipc_rpmsg_vring.obj (.text.RPMessage_vringGetEmptyTxBuf)
                  1026fe98    00000008     --HOLE-- [fill = 0]
                  1026fea0    000000c8     empty.o (.text.cmd_sub)
                  1026ff68    000000c8     libc.a : getdevice.c.obj (.text.getdevice)
                  10270030    000000c8     rl_driver.o (.text.rlDriverAsyncEventHandler)
                  102700f8    00000008     --HOLE-- [fill = 0]
                  10270100    000000c6     drivers.awr294x.r5f.ti-arm-clang.debug.lib : ipc_rpmsg.obj (.text.RPMessage_coreInit)
                  102701c6    0000000a     --HOLE-- [fill = 0]
                  102701d0    000000c4                                                : edma.obj (.text.EDMA_mapChToEvtQ)
                  10270294    0000000c     --HOLE-- [fill = 0]
                  102702a0    000000c4                                                : ipc_notify_v1.obj (.text.IpcNotify_readAckCallback)
                  10270364    0000000c     --HOLE-- [fill = 0]
                  10270370    000000c4     rl_driver.o (.text.rlDeviceIdentifyCmdDir)
                  10270434    0000000c     --HOLE-- [fill = 0]
                  10270440    000000c2     drivers.awr294x.r5f.ti-arm-clang.debug.lib : edma.obj (.text.EDMA_close)
                  10270502    0000000e     --HOLE-- [fill = 0]
                  10270510    000000c0                                                : edma.obj (.text.EDMA_configureChannelRegion)
                  102705d0    000000c0     freertos.awr294x.r5f.ti-arm-clang.debug.lib : printf.obj (.text._out_rev)
                  10270690    000000c0                                                 : timers.obj (.text.xTimerGenericCommand)
                  10270750    000000be     cli_mmwave.o (.text.CLI_MMWaveDataOutputMode)
                  1027080e    00000002     --HOLE-- [fill = 0]
                  10270810    000000be     rl_driver.o (.text.rlDriverOriginDirCheck)
                  102708ce    00000002     --HOLE-- [fill = 0]
                  102708d0    000000be     freertos.awr294x.r5f.ti-arm-clang.debug.lib : HeapP_internal.obj (.text.vHeapFree)
                  1027098e    00000002     --HOLE-- [fill = 0]
                  10270990    000000bc     libc.a : _printfi.c.obj (.text._mcpy)
                  10270a4c    00000004     --HOLE-- [fill = 0]
                  10270a50    000000b6     drivers.awr294x.r5f.ti-arm-clang.debug.lib : uart_sci.obj (.text.UART_readInterrupt)
                  10270b06    0000000a     --HOLE-- [fill = 0]
                  10270b10    000000b6     freertos.awr294x.r5f.ti-arm-clang.debug.lib : HeapP_internal.obj (.text.prvInsertBlockIntoFreeList)
                  10270bc6    0000000a     --HOLE-- [fill = 0]
                  10270bd0    000000b6                                                 : queue.obj (.text.xQueueGenericReset)
                  10270c86    00000002     --HOLE-- [fill = 0]
                  10270c88    000000b4     libc.a : fseek.c.obj (.text.fseeko)
                  10270d3c    00000004     --HOLE-- [fill = 0]
                  10270d40    000000b2     cli_mmwave.o (.text.CLI_MMWaveBPMCfgAdvanced)
                  10270df2    0000000e     --HOLE-- [fill = 0]
                  10270e00    000000b2     drivers.awr294x.r5f.ti-arm-clang.debug.lib : soc_rcm.obj (.text.SOC_rcmGetXTALFrequency)
                  10270eb2    0000000e     --HOLE-- [fill = 0]
                  10270ec0    000000b0     cli.o (.text.CLI_help)
                  10270f70    000000b0     drivers.awr294x.r5f.ti-arm-clang.debug.lib : soc_rcm.obj (.text.SOC_rcmSetPeripheralClock)
                  10271020    000000b0                                                : uart_sci.obj (.text.UART_init)
                  102710d0    000000b0     libc.a : fclose.c.obj (.text.__TI_closefile)
                  10271180    000000ae     cli_mmwave.o (.text.CLI_MMWaveApllSynthBwConfig)
                  1027122e    00000002     --HOLE-- [fill = 0]
                  10271230    000000ae     ti_drivers_config.o (.text.Drivers_uartInit)
                  102712de    00000002     --HOLE-- [fill = 0]
                  102712e0    000000ae     freertos.awr294x.r5f.ti-arm-clang.debug.lib : queue.obj (.text.prvUnlockQueue)
                  1027138e    00000002     --HOLE-- [fill = 0]
                  10271390    000000ac                                                 : SemaphoreP_freertos.obj (.text.SemaphoreP_constructBinary)
                  1027143c    00000004     --HOLE-- [fill = 0]
                  10271440    000000aa     ti_drivers_open_close.o (.text.Drivers_uartOpen)
                  102714ea    00000006     --HOLE-- [fill = 0]
                  102714f0    000000aa     drivers.awr294x.r5f.ti-arm-clang.debug.lib : soc_rcm.obj (.text.SOC_rcmGetFreqLeafNode)
                  1027159a    00000006     --HOLE-- [fill = 0]
                  102715a0    000000a8                                                : soc_rcm.obj (.text.SOC_rcmGetCoreHSDivOut)
                  10271648    00000008     --HOLE-- [fill = 0]
                  10271650    000000a8                                                : soc_rcm.obj (.text.SOC_rcmGetDSSHSDivOut)
                  102716f8    00000008     --HOLE-- [fill = 0]
                  10271700    000000a8                                                : soc_rcm.obj (.text.SOC_rcmGetPerHSDivOut)
                  102717a8    00000008     --HOLE-- [fill = 0]
                  102717b0    000000a8     freertos.awr294x.r5f.ti-arm-clang.debug.lib : PmuP_armv7r.obj (.text.pmu)
                  10271858    00000008     --HOLE-- [fill = 0]
                  10271860    000000a6     ti_drivers_open_close.o (.text.Drivers_edmaOpen)
                  10271906    0000000a     --HOLE-- [fill = 0]
                  10271910    000000a6     drivers.awr294x.r5f.ti-arm-clang.debug.lib : uart_sci_edma.obj (.text.UART_txEdmaIsrFxn)
                  102719b6    00000002     --HOLE-- [fill = 0]
                  102719b8    000000a4     libc.a : memory.c.obj (.text.split)
                  10271a5c    00000004     --HOLE-- [fill = 0]
                  10271a60    000000a4     freertos.awr294x.r5f.ti-arm-clang.debug.lib : timers.obj (.text.xTimerCreateTimerTask)
                  10271b04    0000000c     --HOLE-- [fill = 0]
                  10271b10    000000a2     drivers.awr294x.r5f.ti-arm-clang.debug.lib : ipc_notify_v1.obj (.text.IpcNotify_mailboxWrite)
                  10271bb2    0000000e     --HOLE-- [fill = 0]
                  10271bc0    000000a2                                                : uart_sci_edma.obj (.text.UART_rxEdmaIsrFxn)
                  10271c62    0000000e     --HOLE-- [fill = 0]
                  10271c70    000000a2     freertos.awr294x.r5f.ti-arm-clang.debug.lib : timers.obj (.text.prvCheckForValidListAndQueue)
                  10271d12    0000000e     --HOLE-- [fill = 0]
                  10271d20    000000a2     rl_driver.o (.text.rlDriverExecuteGetApi)
                  10271dc2    00000002     --HOLE-- [fill = 0]
                  10271dc4    000000a0     libsysbm.a : hostrename.c.obj (.text.HOSTrename)
                  10271e64    0000000c     --HOLE-- [fill = 0]
                  10271e70    000000a0     freertos.awr294x.r5f.ti-arm-clang.debug.lib : HeapP_internal.obj (.text.prvHeapInit)
                  10271f10    0000009e                                                 : timers.obj (.text.prvProcessExpiredTimer)
                  10271fae    00000002     --HOLE-- [fill = 0]
                  10271fb0    0000009e     rl_driver.o (.text.rlDriverCalChkSum)
                  1027204e    00000002     --HOLE-- [fill = 0]
                  10272050    0000009c     libc.a : _io_perm.c.obj (.text.__TI_wrt_ok)
                  102720ec    00000098     libsysbm.a : hostlseek.c.obj (.text.HOSTlseek)
                  10272184    0000000c     --HOLE-- [fill = 0]
                  10272190    00000098     drivers.awr294x.r5f.ti-arm-clang.debug.lib : ipc_notify_v1.obj (.text.IpcNotify_registerClient)
                  10272228    00000094     libsysbm.a : hostopen.c.obj (.text.HOSTopen)
                  102722bc    00000004     --HOLE-- [fill = 0]
                  102722c0    00000094     drivers.awr294x.r5f.ti-arm-clang.debug.lib : ipc_notify_v1.obj (.text.IpcNotify_Params_init)
                  10272354    0000000c     --HOLE-- [fill = 0]
                  10272360    00000092     freertos.awr294x.r5f.ti-arm-clang.debug.lib : DebugP_freertos.obj (.text._DebugP_logZone)
                  102723f2    0000000e     --HOLE-- [fill = 0]
                  10272400    00000090     drivers.awr294x.r5f.ti-arm-clang.debug.lib : uart_sci.obj (.text.UART_readCancelNoCB)
                  10272490    00000090                                                : uart_sci.obj (.text.UART_writeCancelNoCB)
                  10272520    0000008e                                                : edma.obj (.text.EDMA_init)
                  102725ae    00000002     --HOLE-- [fill = 0]
                  102725b0    0000008e     freertos.awr294x.r5f.ti-arm-clang.debug.lib : tasks.obj (.text.prvInitialiseTaskLists)
                  1027263e    00000002     --HOLE-- [fill = 0]
                  10272640    0000008c     drivers.awr294x.r5f.ti-arm-clang.debug.lib : edma.obj (.text.EDMA_enableTransferRegion)
                  102726cc    0000008c     libsysbm.a : close.c.obj (.text.close)
                  10272758    00000008     --HOLE-- [fill = 0]
                  10272760    0000008c     main.o (.text.main)
                  102727ec    00000088     libc.a : fflush.c.obj (.text.__TI_doflush)
                  10272874    00000088            : _ltoa.c.obj (.text.__TI_ltoa)
                  102728fc    00000088            : _printfi.c.obj (.text._ecpy)
                  10272984    0000000c     --HOLE-- [fill = 0]
                  10272990    00000088     rl_driver.o (.text.rlDriverVerifyCRC)
                  10272a18    00000008     --HOLE-- [fill = 0]
                  10272a20    00000086     mmwave_fullcfg.o (.text.MMWave_getAdvChirpParams)
                  10272aa6    0000000a     --HOLE-- [fill = 0]
                  10272ab0    00000086     drivers.awr294x.r5f.ti-arm-clang.debug.lib : ipc_rpmsg.obj (.text.RPMessage_Params_init)
                  10272b36    0000000a     --HOLE-- [fill = 0]
                  10272b40    00000086                                                : ipc_rpmsg.obj (.text.RPMessage_getEndPtMsg)
                  10272bc6    0000000a     --HOLE-- [fill = 0]
                  10272bd0    00000086     freertos.awr294x.r5f.ti-arm-clang.debug.lib : timers.obj (.text.prvInsertTimerInActiveList)
                  10272c56    0000000a     --HOLE-- [fill = 0]
                  10272c60    00000086                                                 : timers.obj (.text.prvProcessTimerOrBlockTask)
                  10272ce6    0000000a     --HOLE-- [fill = 0]
                  10272cf0    00000086     rl_controller.o (.text.rlGetSubBlock)
                  10272d76    00000002     --HOLE-- [fill = 0]
                  10272d78    00000084     libsysbm.a : hostread.c.obj (.text.HOSTread)
                  10272dfc    00000084                : hostwrite.c.obj (.text.HOSTwrite)
                  10272e80    00000084     drivers.awr294x.r5f.ti-arm-clang.debug.lib : ipc_rpmsg.obj (.text.RPMessage_notifyCallback)
                  10272f04    0000000c     --HOLE-- [fill = 0]
                  10272f10    00000082                                                : edma.obj (.text.EDMA_allocDmaChannel)
                  10272f92    0000000e     --HOLE-- [fill = 0]
                  10272fa0    00000082                                                : edma.obj (.text.EDMA_allocParam)
                  10273022    0000000e     --HOLE-- [fill = 0]
                  10273030    00000082                                                : edma.obj (.text.EDMA_allocTcc)
                  102730b2    0000000e     --HOLE-- [fill = 0]
                  102730c0    00000082                                                : edma.obj (.text.EDMA_enableTccInShadowRegRegion)
                  10273142    0000000e     --HOLE-- [fill = 0]
                  10273150    00000082                                                : soc_rcm.obj (.text.SOC_rcmGetFreq)
                  102731d2    0000000e     --HOLE-- [fill = 0]
                  102731e0    00000082     freertos.awr294x.r5f.ti-arm-clang.debug.lib : SemaphoreP_freertos.obj (.text.SemaphoreP_pend)
                  10273262    0000000e     --HOLE-- [fill = 0]
                  10273270    00000082                                                 : DebugP_log.obj (.text._DebugP_assert)
                  102732f2    0000000e     --HOLE-- [fill = 0]
                  10273300    00000082     rl_controller.o (.text.rlAppendSubBlock)
                  10273382    0000000e     --HOLE-- [fill = 0]
                  10273390    00000080     cli_mmwave.o (.text.CLI_MMWaveExtensionHandler)
                  10273410    00000080     drivers.awr294x.r5f.ti-arm-clang.debug.lib : soc_rcm.obj (.text.SOC_rcmGetR5InFrequency)
                  10273490    00000080     libc.a : _printfi.c.obj (.text._pconv_f)
                  10273510    0000007e     freertos.awr294x.r5f.ti-arm-clang.debug.lib : ClockP_freertos.obj (.text.ClockP_getTimeUsec)
                  1027358e    00000002     --HOLE-- [fill = 0]
                  10273590    0000007e     rl_driver.o (.text.rlDriverExecuteSetApi)
                  1027360e    00000002     --HOLE-- [fill = 0]
                  10273610    0000007e     freertos.awr294x.r5f.ti-arm-clang.debug.lib : queue.obj (.text.xQueueTakeMutexRecursive)
                  1027368e    00000002     --HOLE-- [fill = 0]
                  10273690    0000007c     drivers.awr294x.r5f.ti-arm-clang.debug.lib : ipc_notify_v1.obj (.text.IpcNotify_mailboxReadSwQ)
                  1027370c    00000004     --HOLE-- [fill = 0]
                  10273710    0000007c     libc.a : s_frexp.c.obj (.text.frexp)
                  1027378c    00000004     --HOLE-- [fill = 0]
                  10273790    0000007c     rl_device.o (.text.rlDeviceGetVersion)
                  1027380c    00000004     --HOLE-- [fill = 0]
                  10273810    0000007c     freertos.awr294x.r5f.ti-arm-clang.debug.lib : queue.obj (.text.xQueueGiveMutexRecursive)
                  1027388c    00000004     --HOLE-- [fill = 0]
                  10273890    00000078     cli_mmwave.o (.text.CLI_MMWaveChannelCfg)
                  10273908    00000008     --HOLE-- [fill = 0]
                  10273910    00000078     cli_mmwave.o (.text.CLI_MMWaveSetLdoBypassConfig)
                  10273988    00000078     libc.a : snprintf.c.obj (.text.snprintf)
                  10273a00    00000078            : strtok.c.obj (.text.strtok)
                  10273a78    00000008     --HOLE-- [fill = 0]
                  10273a80    00000076     cli_mmwave.o (.text.CLI_MMWaveADCCfg)
                  10273af6    0000000a     --HOLE-- [fill = 0]
                  10273b00    00000076     drivers.awr294x.r5f.ti-arm-clang.debug.lib : ipc_rpmsg_vring.obj (.text.RPMessage_vringIsFullRxBuf)
                  10273b76    0000000a     --HOLE-- [fill = 0]
                  10273b80    00000076                                                : uart_sci.obj (.text.UART_checkOpenParams)
                  10273bf6    0000000a     --HOLE-- [fill = 0]
                  10273c00    00000074     cli_mmwave.o (.text.CLI_MMWaveExtensionHelp)
                  10273c74    0000000c     --HOLE-- [fill = 0]
                  10273c80    00000072     drivers.awr294x.r5f.ti-arm-clang.debug.lib : edma.obj (.text.EDMA_clrMissEvtRegion)
                  10273cf2    0000000e     --HOLE-- [fill = 0]
                  10273d00    00000072                                                : edma.obj (.text.EDMA_getTcErrorInfo)
                  10273d72    0000000e     --HOLE-- [fill = 0]
                  10273d80    00000072                                                : ipc_notify_v1.obj (.text.IpcNotify_makeMsg)
                  10273df2    0000000e     --HOLE-- [fill = 0]
                  10273e00    0000006e     freertos.awr294x.r5f.ti-arm-clang.debug.lib : SemaphoreP_freertos.obj (.text.SemaphoreP_constructMutex)
                  10273e6e    00000002     --HOLE-- [fill = 0]
                  10273e70    0000006e                                                 : tasks.obj (.text.prvDeleteTCB)
                  10273ede    00000002     --HOLE-- [fill = 0]
                  10273ee0    0000006c     libsysbm.a : hostunlink.c.obj (.text.HOSTunlink)
                  10273f4c    00000004     --HOLE-- [fill = 0]
                  10273f50    0000006c     mmwave_listlib.o (.text.MMWave_listRemoveNode)
                  10273fbc    00000004     --HOLE-- [fill = 0]
                  10273fc0    0000006c     rl_driver.o (.text.rlDriverCmdSendRetry)
                  1027402c    00000004     --HOLE-- [fill = 0]
                  10274030    0000006a     freertos.awr294x.r5f.ti-arm-clang.debug.lib : list.obj (.text.vListInsert)
                  1027409a    00000006     --HOLE-- [fill = 0]
                  102740a0    0000006a                                                 : tasks.obj (.text.vTaskDelay)
                  1027410a    00000006     --HOLE-- [fill = 0]
                  10274110    00000068     drivers.awr294x.r5f.ti-arm-clang.debug.lib : edma.obj (.text.EDMA_getBaseAddr)
                  10274178    00000068     libc.a : atoi.c.obj (.text.atoi)
                  102741e0    00000064     drivers.awr294x.r5f.ti-arm-clang.debug.lib : ipc_rpmsg.obj (.text.RPMessage_controlEndPtHandler)
                  10274244    0000000c     --HOLE-- [fill = 0]
                  10274250    00000064     freertos.awr294x.r5f.ti-arm-clang.debug.lib : TaskP_freertos.obj (.text.vApplicationLoadHook)
                  102742b4    0000000c     --HOLE-- [fill = 0]
                  102742c0    00000064                                                 : queue.obj (.text.vQueueWaitForMessageRestricted)
                  10274324    0000000c     --HOLE-- [fill = 0]
                  10274330    00000062     drivers.awr294x.r5f.ti-arm-clang.debug.lib : soc_rcm.obj (.text.SOC_rcmInsert16)
                  10274392    0000000e     --HOLE-- [fill = 0]
                  102743a0    00000062     freertos.awr294x.r5f.ti-arm-clang.debug.lib : SemaphoreP_freertos.obj (.text.SemaphoreP_post)
                  10274402    0000000e     --HOLE-- [fill = 0]
                  10274410    00000062                                                 : tasks.obj (.text.vTaskPlaceOnEventListRestricted)
                  10274472    00000002     --HOLE-- [fill = 0]
                  10274474    00000060     libsysbm.a : hostclose.c.obj (.text.HOSTclose)
                  102744d4    00000060     libc.a : _printfi.c.obj (.text._fcpy)
                  10274534    0000000c     --HOLE-- [fill = 0]
                  10274540    00000060     empty.o (.text.cmd_add)
                  102745a0    00000060     libc.a : vsnprintf.c.obj (.text.vsnprintf)
                  10274600    0000005e     drivers.awr294x.r5f.ti-arm-clang.debug.lib : ipc_rpmsg_vring.obj (.text.RPMessage_vringCheckEmptyTxBuf)
                  1027465e    00000002     --HOLE-- [fill = 0]
                  10274660    0000005c     cli.o (.text.CLI_write)
                  102746bc    00000004     --HOLE-- [fill = 0]
                  102746c0    0000005c     ti_power_clock_config.o (.text.Module_clockSetFrequency)
                  1027471c    00000004     --HOLE-- [fill = 0]
                  10274720    0000005a     freertos.awr294x.r5f.ti-arm-clang.debug.lib : tasks.obj (.text.prvCheckTasksWaitingTermination)
                  1027477a    00000002     --HOLE-- [fill = 0]
                  1027477c    00000058     libc.a : fopen.c.obj (.text.__TI_cleanup)
                  102747d4    00000058     libsysbm.a : trgmsg.c.obj (.text.__TI_readmsg)
                  1027482c    00000058                : trgmsg.c.obj (.text.__TI_writemsg)
                  10274884    00000058     libc.a : snprintf.c.obj (.text._outs)
                  102748dc    00000058            : vsnprintf.c.obj (.text._outs)
                  10274934    0000000c     --HOLE-- [fill = 0]
                  10274940    00000056     drivers.awr294x.r5f.ti-arm-clang.debug.lib : edma.obj (.text.EDMA_getHandle)
                  10274996    0000000a     --HOLE-- [fill = 0]
                  102749a0    00000056     mmwave_listlib.o (.text.MMWave_listCat)
                  102749f6    0000000a     --HOLE-- [fill = 0]
                  10274a00    00000056     rl_driver.o (.text.rlDriverConstructInMsg)
                  10274a56    0000000a     --HOLE-- [fill = 0]
                  10274a60    00000054     drivers.awr294x.r5f.ti-arm-clang.debug.lib : edma.obj (.text.EDMA_setPaRAM)
                  10274ab4    0000000c     --HOLE-- [fill = 0]
                  10274ac0    00000054                                                : ipc_notify_v1.obj (.text.IpcNotify_getMemoryToWrite)
                  10274b14    0000000c     --HOLE-- [fill = 0]
                  10274b20    00000054                                                : soc_rcm.obj (.text.SOC_rcmGetModuleClkDivVal)
                  10274b74    00000054     libc.a : exit.c.obj (.text.exit)
                  10274bc8    00000054            : getdevice.c.obj (.text.finddevice)
                  10274c1c    00000004     --HOLE-- [fill = 0]
                  10274c20    00000054     freertos.awr294x.r5f.ti-arm-clang.debug.lib : queue.obj (.text.vQueueDelete)
                  10274c74    0000000c     --HOLE-- [fill = 0]
                  10274c80    00000054                                                 : queue.obj (.text.vQueueUnregisterQueue)
                  10274cd4    00000054     libc.a : autoinit.c.obj (.text:__TI_auto_init_nobinit_nopinit)
                  10274d28    00000008     --HOLE-- [fill = 0]
                  10274d30    00000052     drivers.awr294x.r5f.ti-arm-clang.debug.lib : edma.obj (.text.EDMA_readIntrStatusRegion)
                  10274d82    0000000e     --HOLE-- [fill = 0]
                  10274d90    00000052     mmwave.o (.text.MMWave_decodeError)
                  10274de2    0000000e     --HOLE-- [fill = 0]
                  10274df0    00000052     drivers.awr294x.r5f.ti-arm-clang.debug.lib : pinmux.obj (.text.Pinmux_config)
                  10274e42    0000000e     --HOLE-- [fill = 0]
                  10274e50    00000052                                                : ipc_rpmsg.obj (.text.RPMessage_allocEndPtMsg)
                  10274ea2    0000000e     --HOLE-- [fill = 0]
                  10274eb0    00000052                                                : soc_rcm.obj (.text.SOC_rcmGetClkSrcFromClkSelVal)
                  10274f02    0000000e     --HOLE-- [fill = 0]
                  10274f10    00000052     freertos.awr294x.r5f.ti-arm-clang.debug.lib : queue.obj (.text.vQueueAddToRegistry)
                  10274f62    0000000e     --HOLE-- [fill = 0]
                  10274f70    00000052                                                 : tasks.obj (.text.vTaskPlaceOnEventList)
                  10274fc2    0000000e     --HOLE-- [fill = 0]
                  10274fd0    00000050     cli_mmwave.o (.text.CLI_MMWaveLowPowerCfg)
                  10275020    00000050     ti_drivers_open_close.o (.text.Drivers_edmaClose)
                  10275070    00000050     ti_drivers_open_close.o (.text.Drivers_uartClose)
                  102750c0    0000004e     cli_mmwave.o (.text.CLI_MMWaveFlushCfg)
                  1027510e    00000002     --HOLE-- [fill = 0]
                  10275110    0000004e     drivers.awr294x.r5f.ti-arm-clang.debug.lib : edma.obj (.text.EDMA_clrEvtRegion)
                  1027515e    00000002     --HOLE-- [fill = 0]
                  10275160    0000004e                                                : edma.obj (.text.EDMA_clrIntrRegion)
                  102751ae    00000002     --HOLE-- [fill = 0]
                  102751b0    0000004e                                                : edma.obj (.text.EDMA_disableDmaEvtRegion)
                  102751fe    00000002     --HOLE-- [fill = 0]
                  10275200    0000004e                                                : edma.obj (.text.EDMA_disableEvtIntrRegion)
                  1027524e    00000002     --HOLE-- [fill = 0]
                  10275250    0000004e                                                : edma.obj (.text.EDMA_enableDmaEvtRegion)
                  1027529e    00000002     --HOLE-- [fill = 0]
                  102752a0    0000004e                                                : edma.obj (.text.EDMA_enableEvtIntrRegion)
                  102752ee    00000002     --HOLE-- [fill = 0]
                  102752f0    0000004e                                                : edma.obj (.text.EDMA_getCcErrorInfo)
                  1027533e    00000002     --HOLE-- [fill = 0]
                  10275340    0000004e                                                : edma.obj (.text.EDMA_setEvtRegion)
                  1027538e    00000002     --HOLE-- [fill = 0]
                  10275390    0000004e                                                : ipc_notify_v1.obj (.text.IpcNotify_getMemoryToRead)
                  102753de    00000002     --HOLE-- [fill = 0]
                  102753e0    0000004c     cli_mmwave.o (.text.CLI_MMWaveExtensionInit)
                  1027542c    00000004     --HOLE-- [fill = 0]
                  10275430    0000004c     drivers.awr294x.r5f.ti-arm-clang.debug.lib : edma.obj (.text.EDMA_ccPaRAMEntry_init)
                  1027547c    00000004     --HOLE-- [fill = 0]
                  10275480    0000004c                                                : edma.obj (.text.EDMA_mapQdmaChToPaRAM)
                  102754cc    00000004     --HOLE-- [fill = 0]
                  102754d0    0000004c                                                : ipc_notify_v1.obj (.text.IpcNotify_getWriteMailbox)
                  1027551c    00000004     --HOLE-- [fill = 0]
                  10275520    0000004c                                                : ipc_notify_v1.obj (.text.IpcNotify_unregisterClient)
                  1027556c    00000004     --HOLE-- [fill = 0]
                  10275570    0000004c     ti_power_clock_config.o (.text.Module_clockEnable)
                  102755bc    00000004     --HOLE-- [fill = 0]
                  102755c0    0000004c     drivers.awr294x.r5f.ti-arm-clang.debug.lib : uart_sci.obj (.text.UART_Params_init)
                  1027560c    00000004     --HOLE-- [fill = 0]
                  10275610    0000004c                                                : uart_sci.obj (.text.UART_getHandle)
                  1027565c    0000004c     libc.a : memccpy.c.obj (.text.memccpy)
                  102756a8    00000008     --HOLE-- [fill = 0]
                  102756b0    0000004c     rl_driver.o (.text.rlDriverCalCRC)
                  102756fc    00000004     --HOLE-- [fill = 0]
                  10275700    0000004c     rl_driver.o (.text.rlDriverValidateHdr)
                  1027574c    00000004     --HOLE-- [fill = 0]
                  10275750    0000004a     empty.o (.text.send_to_core)
                  1027579a    00000006     --HOLE-- [fill = 0]
                  102757a0    00000048     drivers.awr294x.r5f.ti-arm-clang.debug.lib : edma.obj (.text.EDMA_clearTcErrors)
                  102757e8    00000008     --HOLE-- [fill = 0]
                  102757f0    00000048                                                : mailbox.obj (.text.Mailbox_readCallback)
                  10275838    00000008     --HOLE-- [fill = 0]
                  10275840    00000048                                                : ipc_rpmsg.obj (.text.RPMessage_queueGet)
                  10275888    00000008     --HOLE-- [fill = 0]
                  10275890    00000048     freertos.awr294x.r5f.ti-arm-clang.debug.lib : queue.obj (.text.prvInitialiseNewQueue)
                  102758d8    00000008     --HOLE-- [fill = 0]
                  102758e0    00000048     rl_device.o (.text.rlDeviceGetMmWaveLinkVersion)
                  10275928    00000008     --HOLE-- [fill = 0]
                  10275930    00000048     rl_device.o (.text.rlDeviceGetMssVersion)
                  10275978    00000048     libc.a : strcspn.c.obj (.text.strcspn)
                  102759c0    00000048     libsysbm.a : unlink.c.obj (.text.unlink)
                  10275a08    00000008     --HOLE-- [fill = 0]
                  10275a10    00000048     freertos.awr294x.r5f.ti-arm-clang.debug.lib : list.obj (.text.uxListRemove)
                  10275a58    00000008     --HOLE-- [fill = 0]
                  10275a60    00000046                                                 : DebugP_uartLogWriter.obj (.text.DebugP_uartLogWriterPutChar)
                  10275aa6    0000000a     --HOLE-- [fill = 0]
                  10275ab0    00000046     ti_dpl_config.o (.text.Dpl_init)
                  10275af6    0000000a     --HOLE-- [fill = 0]
                  10275b00    00000046     mmwave.o (.text.MMWave_encodeError)
                  10275b46    0000000a     --HOLE-- [fill = 0]
                  10275b50    00000046     drivers.awr294x.r5f.ti-arm-clang.debug.lib : mailbox_cfg.obj (.text.Mailbox_getRemoteCoreObj)
                  10275b96    0000000a     --HOLE-- [fill = 0]
                  10275ba0    00000046                                                : ipc_rpmsg.obj (.text.RPMessage_freeEndPtMsg)
                  10275be6    0000000a     --HOLE-- [fill = 0]
                  10275bf0    00000046                                                : ipc_rpmsg_vring.obj (.text.RPMessage_vringGetSize)
                  10275c36    0000000a     --HOLE-- [fill = 0]
                  10275c40    00000046                                                : soc_rcm.obj (.text.SOC_rcmGetPeripheralClock)
                  10275c86    0000000a     --HOLE-- [fill = 0]
                  10275c90    00000046                                                : uart_sci.obj (.text.UART_rxChar)
                  10275cd6    0000000a     --HOLE-- [fill = 0]
                  10275ce0    00000046     freertos.awr294x.r5f.ti-arm-clang.debug.lib : tasks.obj (.text.vTaskExitCritical)
                  10275d26    0000000a     --HOLE-- [fill = 0]
                  10275d30    00000044     mmwave_listlib.o (.text.MMWave_listAdd)
                  10275d74    0000000c     --HOLE-- [fill = 0]
                  10275d80    00000044     drivers.awr294x.r5f.ti-arm-clang.debug.lib : soc_rcm.obj (.text.SOC_rcmExtract16)
                  10275dc4    0000000c     --HOLE-- [fill = 0]
                  10275dd0    00000044                                                : soc_rcm.obj (.text.SOC_rcmExtract8)
                  10275e14    0000000c     --HOLE-- [fill = 0]
                  10275e20    00000044                                                : soc_rcm.obj (.text.SOC_rcmMake16)
                  10275e64    0000000c     --HOLE-- [fill = 0]
                  10275e70    00000044                                                : uart_sci.obj (.text.UART_txChar)
                  10275eb4    0000000c     --HOLE-- [fill = 0]
                  10275ec0    00000044     freertos.awr294x.r5f.ti-arm-clang.debug.lib : printf.obj (.text._strnlen_s)
                  10275f04    0000000c     --HOLE-- [fill = 0]
                  10275f10    00000044                                                 : timers.obj (.text.prvSampleTimeNow)
                  10275f54    0000000c     --HOLE-- [fill = 0]
                  10275f60    00000044     rl_driver.o (.text.rlDriverFillPayload)
                  10275fa4    00000044     libc.a : strspn.c.obj (.text.strspn)
                  10275fe8    00000008     --HOLE-- [fill = 0]
                  10275ff0    00000042     drivers.awr294x.r5f.ti-arm-clang.debug.lib : ipc_notify_v1.obj (.text.IpcNotify_getReadDoneAckMailbox)
                  10276032    0000000e     --HOLE-- [fill = 0]
                  10276040    00000042                                                : ipc_notify_v1.obj (.text.IpcNotify_mailboxWriteCustomIpcConfig)
                  10276082    0000000e     --HOLE-- [fill = 0]
                  10276090    00000042     mmwave_listlib.o (.text.MMWave_listRemove)
                  102760d2    0000000e     --HOLE-- [fill = 0]
                  102760e0    00000042     freertos.awr294x.r5f.ti-arm-clang.debug.lib : queue.obj (.text.prvCopyDataFromQueue)
                  10276122    0000000e     --HOLE-- [fill = 0]
                  10276130    00000042     rl_sensor.o (.text.rlRfApllSynthBwCtlConfig)
                  10276172    0000000e     --HOLE-- [fill = 0]
                  10276180    00000042     rl_sensor.o (.text.rlRfSetLdoBypassConfig)
                  102761c2    0000000e     --HOLE-- [fill = 0]
                  102761d0    00000042     freertos.awr294x.r5f.ti-arm-clang.debug.lib : tasks.obj (.text.xTaskGetIdleTaskHandle)
                  10276212    0000000e     --HOLE-- [fill = 0]
                  10276220    00000040     ti_drivers_config.o (.text.IpcNotify_allocSwQueue)
                  10276260    00000040     drivers.awr294x.r5f.ti-arm-clang.debug.lib : soc_rcm.obj (.text.SOC_rcmExtract32)
                  102762a0    00000040     libc.a : memory.c.obj (.text.free_list_insert)
                  102762e0    00000040     freertos.awr294x.r5f.ti-arm-clang.debug.lib : timers.obj (.text.prvGetNextExpireTime)
                  10276320    0000003e     drivers.awr294x.r5f.ti-arm-clang.debug.lib : soc_rcm.obj (.text.SOC_rcmIsPadDisableRequired)
                  1027635e    00000002     --HOLE-- [fill = 0]
                  10276360    0000003e                                                : soc_rcm.obj (.text.SOC_rcmIsR5FInLockStepMode)
                  1027639e    00000002     --HOLE-- [fill = 0]
                  102763a0    0000003c     freertos.awr294x.r5f.ti-arm-clang.debug.lib : HeapP_freertos.obj (.text.HeapP_construct)
                  102763dc    00000004     --HOLE-- [fill = 0]
                  102763e0    0000003c     drivers.awr294x.r5f.ti-arm-clang.debug.lib : ipc_rpmsg.obj (.text.RPMessage_isLinuxCore)
                  1027641c    00000004     --HOLE-- [fill = 0]
                  10276420    0000003c                                                : ipc_rpmsg_vring.obj (.text.RPMessage_vringGetRxBufAddr)
                  1027645c    00000004     --HOLE-- [fill = 0]
                  10276460    0000003c                                                : ipc_rpmsg_vring.obj (.text.RPMessage_vringGetTxBufAddr)
                  1027649c    00000004     --HOLE-- [fill = 0]
                  102764a0    0000003c                                                : ipc_rpmsg_vring.obj (.text.RPMessage_vringGetTxBufLen)
                  102764dc    00000004     --HOLE-- [fill = 0]
                  102764e0    0000003c     freertos.awr294x.r5f.ti-arm-clang.debug.lib : tasks.obj (.text.prvResetNextTaskUnblockTime)
                  1027651c    00000004     --HOLE-- [fill = 0]
                  10276520    0000003c     rl_controller.o (.text.rlAppendDummy)
                  1027655c    00000004     --HOLE-- [fill = 0]
                  10276560    0000003a     freertos.awr294x.r5f.ti-arm-clang.debug.lib : printf.obj (.text._atoi)
                  1027659a    00000006     --HOLE-- [fill = 0]
                  102765a0    0000003a     rl_driver.o (.text.rlDriverShiftDWord)
                  102765da    00000006     --HOLE-- [fill = 0]
                  102765e0    0000003a     freertos.awr294x.r5f.ti-arm-clang.debug.lib : list.obj (.text.vListInsertEnd)
                  1027661a    00000006     --HOLE-- [fill = 0]
                  10276620    00000038     drivers.awr294x.r5f.ti-arm-clang.debug.lib : edma.obj (.text.EDMA_qdmaClrMissEvtRegion)
                  10276658    00000008     --HOLE-- [fill = 0]
                  10276660    00000038                                                : ipc_notify_v1.obj (.text.IpcNotify_getReadSwQ)
                  10276698    00000008     --HOLE-- [fill = 0]
                  102766a0    00000038     rl_driver.o (.text.rlDriverIsDeviceMapValid)
                  102766d8    00000008     --HOLE-- [fill = 0]
                  102766e0    00000038     freertos.awr294x.r5f.ti-arm-clang.debug.lib : tasks.obj (.text.xTaskGetSchedulerState)
                  10276718    00000008     --HOLE-- [fill = 0]
                  10276720    00000036     drivers.awr294x.r5f.ti-arm-clang.debug.lib : edma.obj (.text.EDMA_getRegionId)
                  10276756    0000000a     --HOLE-- [fill = 0]
                  10276760    00000036                                                : ipc_notify_v1.obj (.text.IpcNotify_syncCallback)
                  10276796    0000000a     --HOLE-- [fill = 0]
                  102767a0    00000036                                                : ipc_rpmsg.obj (.text.RPMessage_controlEndPtInit)
                  102767d6    0000000a     --HOLE-- [fill = 0]
                  102767e0    00000036                                                : ipc_rpmsg.obj (.text.RPMessage_queuePut)
                  10276816    0000000a     --HOLE-- [fill = 0]
                  10276820    00000036                                                : uart_sci.obj (.text.UART_checkTransaction)
                  10276856    0000000a     --HOLE-- [fill = 0]
                  10276860    00000036     rl_sensor.o (.text.rlGetRfDieId)
                  10276896    0000000a     --HOLE-- [fill = 0]
                  102768a0    00000034     freertos.awr294x.r5f.ti-arm-clang.debug.lib : TimerP_rti.obj (.text.TimerP_Params_init)
                  102768d4    00000034     libc.a : memory.c.obj (.text.free_list_remove)
                  10276908    00000034     libsysbm.a : lseek.c.obj (.text.lseek)
                  1027693c    00000004     --HOLE-- [fill = 0]
                  10276940    00000034     rl_device.o (.text.rlDeviceGetRfVersion)
                  10276974    0000000c     --HOLE-- [fill = 0]
                  10276980    00000034     freertos.awr294x.r5f.ti-arm-clang.debug.lib : port.obj (.text.vPortTimerTickHandler)
                  102769b4    00000034     libsysbm.a : write.c.obj (.text.write)
                  102769e8    00000008     --HOLE-- [fill = 0]
                  102769f0    00000032     freertos.awr294x.r5f.ti-arm-clang.debug.lib : ClockP_freertos.obj (.text.ClockP_timerTickIsr)
                  10276a22    0000000e     --HOLE-- [fill = 0]
                  10276a30    00000032     drivers.awr294x.r5f.ti-arm-clang.debug.lib : edma.obj (.text.HW_WR_FIELD32_RAW)
                  10276a62    0000000e     --HOLE-- [fill = 0]
                  10276a70    00000032                                                : ipc_notify_v1.obj (.text.IpcNotify_mailboxIsPendingIntr)
                  10276aa2    0000000e     --HOLE-- [fill = 0]
                  10276ab0    00000032                                                : ipc_notify_v1.obj (.text.IpcNotify_mailboxReadCustomIpcConfig)
                  10276ae2    0000000e     --HOLE-- [fill = 0]
                  10276af0    00000032     freertos.awr294x.r5f.ti-arm-clang.debug.lib : TimerP_rti.obj (.text.TimerP_getCount)
                  10276b22    0000000e     --HOLE-- [fill = 0]
                  10276b30    00000032                                                 : port.obj (.text.vApplicationStackOverflowHook)
                  10276b62    0000000e     --HOLE-- [fill = 0]
                  10276b70    00000032                                                 : tasks.obj (.text.vTaskEnterCritical)
                  10276ba2    0000000e     --HOLE-- [fill = 0]
                  10276bb0    00000032                                                 : queue.obj (.text.xQueueCreateMutexStatic)
                  10276be2    0000000e     --HOLE-- [fill = 0]
                  10276bf0    00000030     drivers.awr294x.r5f.ti-arm-clang.debug.lib : ipc_notify_v1.obj (.text.IpcNotify_getReadDoneMailbox)
                  10276c20    00000030                                                : ipc_notify_v1.obj (.text.IpcNotify_getReadMailbox)
                  10276c50    00000030     freertos.awr294x.r5f.ti-arm-clang.debug.lib : PmuP_armv7r_asm.obj (.text.pmu)
                  10276c80    0000002e     drivers.awr294x.r5f.ti-arm-clang.debug.lib : mailbox.obj (.text.Mailbox_isCoreEnabled)
                  10276cae    00000002     --HOLE-- [fill = 0]
                  10276cb0    0000002e                                                : soc_rcm.obj (.text.SOC_rcmGetPeripheralClockFrequency)
                  10276cde    00000002     --HOLE-- [fill = 0]
                  10276ce0    0000002e     freertos.awr294x.r5f.ti-arm-clang.debug.lib : printf.obj (.text._is_digit)
                  10276d0e    00000002     --HOLE-- [fill = 0]
                  10276d10    0000002e                                                 : queue.obj (.text.prvIsQueueFull)
                  10276d3e    00000002     --HOLE-- [fill = 0]
                  10276d40    0000002e                                                 : tasks.obj (.text.prvTaskCheckFreeStackSpace)
                  10276d6e    00000002     --HOLE-- [fill = 0]
                  10276d70    0000002e                                                 : list.obj (.text.vListInitialise)
                  10276d9e    00000002     --HOLE-- [fill = 0]
                  10276da0    0000002c                                                 : DebugP_log.obj (.text.DebugP_logZoneEnable)
                  10276dcc    00000004     --HOLE-- [fill = 0]
                  10276dd0    0000002c     mmwave_fullcfg.o (.text.MMWave_internalDelChirp)
                  10276dfc    00000004     --HOLE-- [fill = 0]
                  10276e00    0000002c     ti_pinmux_config.o (.text.Pinmux_init)
                  10276e2c    00000004     --HOLE-- [fill = 0]
                  10276e30    0000002c     drivers.awr294x.r5f.ti-arm-clang.debug.lib : soc_rcm.obj (.text.SOC_rcmGetHSDivClkSrc)
                  10276e5c    00000004     --HOLE-- [fill = 0]
                  10276e60    0000002c                                                : soc_rcm.obj (.text.SOC_rcmGetR5Clock)
                  10276e8c    00000004     --HOLE-- [fill = 0]
                  10276e90    0000002c     freertos.awr294x.r5f.ti-arm-clang.debug.lib : TaskP_freertos.obj (.text.TaskP_calcCounterDiff)
                  10276ebc    00000004     --HOLE-- [fill = 0]
                  10276ec0    0000002c     libclang_rt.builtins.a : divsi3.S.obj (.text.__divsi3)
                  10276eec    0000002c     libc.a : snprintf.c.obj (.text._outc)
                  10276f18    0000002c            : vsnprintf.c.obj (.text._outc)
                  10276f44    0000000c     --HOLE-- [fill = 0]
                  10276f50    0000002c     freertos.awr294x.r5f.ti-arm-clang.debug.lib : queue.obj (.text.prvInitialiseMutex)
                  10276f7c    00000004     --HOLE-- [fill = 0]
                  10276f80    0000002c                                                 : tasks.obj (.text.pvTaskIncrementMutexHeldCount)
                  10276fac    00000004     --HOLE-- [fill = 0]
                  10276fb0    0000002c                                                 : port.obj (.text.vApplicationGetIdleTaskMemory)
                  10276fdc    00000004     --HOLE-- [fill = 0]
                  10276fe0    0000002c                                                 : port.obj (.text.vApplicationGetTimerTaskMemory)
                  1027700c    00000004     --HOLE-- [fill = 0]
                  10277010    0000002a     drivers.awr294x.r5f.ti-arm-clang.debug.lib : ipc_notify_v1.obj (.text.IpcNotify_isCoreEnabled)
                  1027703a    00000006     --HOLE-- [fill = 0]
                  10277040    0000002a                                                : ipc_rpmsg.obj (.text.RPMessage_putEndPtMsg)
                  1027706a    00000006     --HOLE-- [fill = 0]
                  10277070    0000002a     cli.o (.text.UART_Transaction_init)
                  1027709a    00000006     --HOLE-- [fill = 0]
                  102770a0    0000002a     freertos.awr294x.r5f.ti-arm-clang.debug.lib : DebugP_uartLogWriter.obj (.text.UART_Transaction_init)
                  102770ca    00000006     --HOLE-- [fill = 0]
                  102770d0    00000028                                                 : CpuId_armv7r.obj (.text.CSL_armR5GetCpuID)
                  102770f8    00000008     --HOLE-- [fill = 0]
                  10277100    00000028     drivers.awr294x.r5f.ti-arm-clang.debug.lib : ipc_notify_v1.obj (.text.IpcNotify_syncCustomIpcConfig)
                  10277128    00000008     --HOLE-- [fill = 0]
                  10277130    00000028     freertos.awr294x.r5f.ti-arm-clang.debug.lib : tasks.obj (.text.prvIdleTask)
                  10277158    00000008     --HOLE-- [fill = 0]
                  10277160    00000028                                                 : queue.obj (.text.prvIsQueueEmpty)
                  10277188    00000028     libc.a : _printfi.c.obj (.text.strchr)
                  102771b0    00000028     freertos.awr294x.r5f.ti-arm-clang.debug.lib : printf.obj (.text.vprintf_)
                  102771d8    00000008     --HOLE-- [fill = 0]
                  102771e0    00000026     drivers.awr294x.r5f.ti-arm-clang.debug.lib : edma.obj (.text.EDMA_disableQdmaEvtRegion)
                  10277206    0000000a     --HOLE-- [fill = 0]
                  10277210    00000026                                                : edma.obj (.text.EDMA_enableQdmaEvtRegion)
                  10277236    0000000a     --HOLE-- [fill = 0]
                  10277240    00000026                                                : edma.obj (.text.EDMA_getEnabledIntrHighRegion)
                  10277266    0000000a     --HOLE-- [fill = 0]
                  10277270    00000026                                                : edma.obj (.text.EDMA_getEnabledIntrRegion)
                  10277296    0000000a     --HOLE-- [fill = 0]
                  102772a0    00000026                                                : edma.obj (.text.EDMA_getIntrStatusRegion)
                  102772c6    0000000a     --HOLE-- [fill = 0]
                  102772d0    00000026                                                : edma.obj (.text.EDMA_intrStatusHighGetRegion)
                  102772f6    0000000a     --HOLE-- [fill = 0]
                  10277300    00000026                                                : edma.obj (.text.EDMA_validateIntrObject)
                  10277326    0000000a     --HOLE-- [fill = 0]
                  10277330    00000026     mmwave_fullcfg.o (.text.MMWave_internalDelAdvChirp)
                  10277356    0000000a     --HOLE-- [fill = 0]
                  10277360    00000026     mmwave_fullcfg.o (.text.MMWave_internalDelBpmChirp)
                  10277386    0000000a     --HOLE-- [fill = 0]
                  10277390    00000026     mmwave_fullcfg.o (.text.MMWave_internalDelPhaseShiftChirp)
                  102773b6    0000000a     --HOLE-- [fill = 0]
                  102773c0    00000026     mmwave_fullcfg.o (.text.MMWave_internalDelProfile)
                  102773e6    0000000a     --HOLE-- [fill = 0]
                  102773f0    00000026     freertos.awr294x.r5f.ti-arm-clang.debug.lib : queue.obj (.text.prvGetDisinheritPriorityAfterTimeout)
                  10277416    0000000a     --HOLE-- [fill = 0]
                  10277420    00000026     rl_driver.o (.text.rlDriverConstructOutMsg)
                  10277446    0000000a     --HOLE-- [fill = 0]
                  10277450    00000026     freertos.awr294x.r5f.ti-arm-clang.debug.lib : HeapP_internal.obj (.text.vHeapCreateStatic)
                  10277476    0000000a     --HOLE-- [fill = 0]
                  10277480    00000024     ti_drivers_config.o (.text.IpcNotify_getConfig)
                  102774a4    00000024     libclang_rt.builtins.a : aeabi_uldivmod.S.obj (.text.__aeabi_uldivmod)
                  102774c8    00000008     --HOLE-- [fill = 0]
                  102774d0    00000024     freertos.awr294x.r5f.ti-arm-clang.debug.lib : printf.obj (.text._out_char)
                  102774f4    0000000c     --HOLE-- [fill = 0]
                  10277500    00000024                                                 : tasks.obj (.text.vTaskInternalSetTimeOutState)
                  10277524    0000000c     --HOLE-- [fill = 0]
                  10277530    00000022     drivers.awr294x.r5f.ti-arm-clang.debug.lib : edma.obj (.text.EDMA_channelToParamMap)
                  10277552    0000000e     --HOLE-- [fill = 0]
                  10277560    00000022                                                : soc_rcm.obj (.text.SOC_rcmGetFixedRootClkFout)
                  10277582    0000000e     --HOLE-- [fill = 0]
                  10277590    00000020     freertos.awr294x.r5f.ti-arm-clang.debug.lib : ClockP_freertos.obj (.text.ClockP_usecToTicks)
                  102775b0    00000020                                                 : HeapP_freertos.obj (.text.HeapP_alloc)
                  102775d0    00000020     drivers.awr294x.r5f.ti-arm-clang.debug.lib : ipc_notify_v1_cfg.obj (.text.IpcNotify_wait)
                  102775f0    00000020                                                : ipc_rpmsg.obj (.text.RPMessage_CreateParams_init)
                  10277610    00000020     freertos.awr294x.r5f.ti-arm-clang.debug.lib : heap_3.obj (.text.vPortFree)
                  10277630    00000020     libc.a : wcslen.c.obj (.text.wcslen)
                  10277650    0000001e     drivers.awr294x.r5f.ti-arm-clang.debug.lib : soc.obj (.text.SOC_moduleSetClockFrequency)
                  1027766e    00000002     --HOLE-- [fill = 0]
                  10277670    0000001e     freertos.awr294x.r5f.ti-arm-clang.debug.lib : timers.obj (.text.prvTimerTask)
                  1027768e    00000002     --HOLE-- [fill = 0]
                  10277690    0000001e                                                 : port.obj (.text.xPortStartScheduler)
                  102776ae    00000002     --HOLE-- [fill = 0]
                  102776b0    0000001e                                                 : tasks.obj (.text.xTaskGetTickCount)
                  102776ce    00000002     --HOLE-- [fill = 0]
                  102776d0    0000001c     drivers.awr294x.r5f.ti-arm-clang.debug.lib : edma.obj (.text.EDMA_errIntrHighStatusGet)
                  102776ec    00000004     --HOLE-- [fill = 0]
                  102776f0    0000001c                                                : edma.obj (.text.EDMA_getCCErrStatus)
                  1027770c    00000004     --HOLE-- [fill = 0]
                  10277710    0000001c                                                : edma.obj (.text.EDMA_getErrIntrStatus)
                  1027772c    00000004     --HOLE-- [fill = 0]
                  10277730    0000001c                                                : edma.obj (.text.EDMA_qdmaGetErrIntrStatus)
                  1027774c    00000004     --HOLE-- [fill = 0]
                  10277750    0000001c     freertos.awr294x.r5f.ti-arm-clang.debug.lib : HeapP_freertos.obj (.text.HeapP_free)
                  1027776c    00000004     --HOLE-- [fill = 0]
                  10277770    0000001c     ti_dpl_config.o (.text.putchar_)
                  1027778c    0000001c     libsysbm.a : hostrename.c.obj (.text.strcpy)
                  102777a8    0000001c     libc.a : _printfi.c.obj (.text.strlen)
                  102777c4    0000001c            : strlen.c.obj (.text.strlen)
                  102777e0    0000001c     libsysbm.a : hostrename.c.obj (.text.strlen)
                  102777fc    00000004     --HOLE-- [fill = 0]
                  10277800    0000001c     freertos.awr294x.r5f.ti-arm-clang.debug.lib : port.obj (.text.vPortYeildFromISR)
                  1027781c    0000001c     libc.a : memcpy32.S.obj (.text:TI_memcpy_small)
                  10277838    00000008     --HOLE-- [fill = 0]
                  10277840    00000018     drivers.awr294x.r5f.ti-arm-clang.debug.lib : soc_rcm.obj (.text.CSL_TopCtrl_readXtalFreqScale)
                  10277858    00000008     --HOLE-- [fill = 0]
                  10277860    00000018                                                : edma.obj (.text.EDMA_clrCCErr)
                  10277878    00000008     --HOLE-- [fill = 0]
                  10277880    00000018                                                : edma.obj (.text.EDMA_isInterruptEnabled)
[...]
10272b41  RPMessage_getEndPtMsg                  
10272cf1  rlGetSubBlock                          
10272d78  HOSTread                               
10272dfc  HOSTwrite                              
10272e81  RPMessage_notifyCallback               
10272f11  EDMA_allocDmaChannel                   
10272fa1  EDMA_allocParam                        
10273031  EDMA_allocTcc                          
102731e1  SemaphoreP_pend                        
10273271  _DebugP_assert                         
10273301  rlAppendSubBlock                       
10273391  CLI_MMWaveExtensionHandler             
10273511  ClockP_getTimeUsec                     
10273591  rlDriverExecuteSetApi                  
10273611  xQueueTakeMutexRecursive               
10273710  frexp                                  
10273710  frexpl                                 
10273791  rlDeviceGetVersion                     
10273811  xQueueGiveMutexRecursive               
10273988  snprintf                               
10273a00  strtok                                 
10273b01  RPMessage_vringIsFullRxBuf             
10273c01  CLI_MMWaveExtensionHelp                
10273c81  EDMA_clrMissEvtRegion                  
10273e01  SemaphoreP_constructMutex              
10273ee0  HOSTunlink                             
10273f51  MMWave_listRemoveNode                  
10273fc1  rlDriverCmdSendRetry                   
10274031  vListInsert                            
102740a1  vTaskDelay                             
10274111  EDMA_getBaseAddr                       
10274178  atoi                                   
102741e1  RPMessage_controlEndPtHandler          
10274251  vApplicationLoadHook                   
102742c1  vQueueWaitForMessageRestricted         
102743a1  SemaphoreP_post                        
10274411  vTaskPlaceOnEventListRestricted        
10274474  HOSTclose                              
102745a0  vsnprintf                              
10274601  RPMessage_vringCheckEmptyTxBuf         
10274661  CLI_write                              
102746c1  Module_clockSetFrequency               
1027477c  __TI_cleanup                           
102747d4  __TI_readmsg                           
1027482c  __TI_writemsg                          
10274878  C$$IO$$                                
10274941  EDMA_getHandle                         
102749a1  MMWave_listCat                         
10274a01  rlDriverConstructInMsg                 
10274a61  EDMA_setPaRAM                          
10274ac1  IpcNotify_getMemoryToWrite             
10274b74  exit                                   
10274bc8  finddevice                             
10274c21  vQueueDelete                           
10274c81  vQueueUnregisterQueue                  
10274cd4  __TI_auto_init_nobinit_nopinit         
10274d31  EDMA_readIntrStatusRegion              
10274d91  MMWave_decodeError                     
10274df1  Pinmux_config                          
10274e51  RPMessage_allocEndPtMsg                
10274f11  vQueueAddToRegistry                    
10274f71  vTaskPlaceOnEventList                  
10275021  Drivers_edmaClose                      
10275071  Drivers_uartClose                      
10275111  EDMA_clrEvtRegion                      
10275161  EDMA_clrIntrRegion                     
102751b1  EDMA_disableDmaEvtRegion               
10275201  EDMA_disableEvtIntrRegion              
10275251  EDMA_enableDmaEvtRegion                
102752a1  EDMA_enableEvtIntrRegion               
10275341  EDMA_setEvtRegion                      
10275391  IpcNotify_getMemoryToRead              
102753e1  CLI_MMWaveExtensionInit                
10275431  EDMA_ccPaRAMEntry_init                 
10275481  EDMA_mapQdmaChToPaRAM                  
10275521  IpcNotify_unregisterClient             
10275571  Module_clockEnable                     
10275611  UART_getHandle                         
1027565c  memccpy                                
102756b1  rlDriverCalCRC                         
10275701  rlDriverValidateHdr                    
102757f1  Mailbox_readCallback                   
102758e1  rlDeviceGetMmWaveLinkVersion           
10275931  rlDeviceGetMssVersion                  
10275978  strcspn                                
102759c0  unlink                                 
10275a11  uxListRemove                           
10275a61  DebugP_uartLogWriterPutChar            
10275ab1  Dpl_init                               
10275b01  MMWave_encodeError                     
10275b51  Mailbox_getRemoteCoreObj               
10275ba1  RPMessage_freeEndPtMsg                 
10275bf1  RPMessage_vringGetSize                 
10275c41  SOC_rcmGetPeripheralClock              
10275ce1  vTaskExitCritical                      
10275d31  MMWave_listAdd                         
10275f61  rlDriverFillPayload                    
10275fa4  strspn                                 
10276091  MMWave_listRemove                      
10276131  rlRfApllSynthBwCtlConfig               
10276181  rlRfSetLdoBypassConfig                 
102761d1  xTaskGetIdleTaskHandle                 
10276221  IpcNotify_allocSwQueue                 
10276321  SOC_rcmIsPadDisableRequired            
10276361  SOC_rcmIsR5FInLockStepMode             
102763a1  HeapP_construct                        
102763e1  RPMessage_isLinuxCore                  
10276421  RPMessage_vringGetRxBufAddr            
10276461  RPMessage_vringGetTxBufAddr            
102764a1  RPMessage_vringGetTxBufLen             
10276521  rlAppendDummy                          
102765a1  rlDriverShiftDWord                     
102765e1  vListInsertEnd                         
10276621  EDMA_qdmaClrMissEvtRegion              
102766a1  rlDriverIsDeviceMapValid               
102766e1  xTaskGetSchedulerState                 
10276721  EDMA_getRegionId                       
10276761  IpcNotify_syncCallback                 
102767a1  RPMessage_controlEndPtInit             
10276861  rlGetRfDieId                           
102768a1  TimerP_Params_init                     
10276908  lseek                                  
10276941  rlDeviceGetRfVersion                   
10276981  vPortTimerTickHandler                  
102769b4  write                                  
102769f1  ClockP_timerTickIsr                    
10276af1  TimerP_getCount                        
10276b31  vApplicationStackOverflowHook          
10276b71  vTaskEnterCritical                     
10276bb1  xQueueCreateMutexStatic                
10276c50  CycleCounterP_getCount32               
10276c58  PmuP_setup                             
10276c60  PmuP_enableCounters                    
10276c68  PmuP_disableCounters                   
10276c70  PmuP_getOverflowStatus                 
10276c78  PmuP_clearOverflowStatus               
10276c81  Mailbox_isCoreEnabled                  
10276d71  vListInitialise                        
10276da1  DebugP_logZoneEnable                   
10276e01  Pinmux_init                            
10276e61  SOC_rcmGetR5Clock                      
10276ec0  __aeabi_idiv                           
10276ec0  __divsi3                               
10276f81  pvTaskIncrementMutexHeldCount          
10276fb1  vApplicationGetIdleTaskMemory          
10276fe1  vApplicationGetTimerTaskMemory         
10277011  IpcNotify_isCoreEnabled                
10277041  RPMessage_putEndPtMsg                  
102770d1  CSL_armR5GetCpuID                      
10277101  IpcNotify_syncCustomIpcConfig          
102771b1  vprintf_                               
102771e1  EDMA_disableQdmaEvtRegion              
10277211  EDMA_enableQdmaEvtRegion               
10277241  EDMA_getEnabledIntrHighRegion          
10277271  EDMA_getEnabledIntrRegion              
102772a1  EDMA_getIntrStatusRegion               
102772d1  EDMA_intrStatusHighGetRegion           
10277421  rlDriverConstructOutMsg                
10277451  vHeapCreateStatic                      
10277481  IpcNotify_getConfig                    
102774a4  __aeabi_uldivmod                       
10277501  vTaskInternalSetTimeOutState           
10277531  EDMA_channelToParamMap                 
10277591  ClockP_usecToTicks                     
102775b1  HeapP_alloc                            
102775d1  IpcNotify_wait                         
102775f1  RPMessage_CreateParams_init            
10277611  vPortFree                              
10277630  wcslen                                 
10277651  SOC_moduleSetClockFrequency            
10277691  xPortStartScheduler                    
102776b1  xTaskGetTickCount                      
102776d1  EDMA_errIntrHighStatusGet              
102776f1  EDMA_getCCErrStatus                    
10277711  EDMA_getErrIntrStatus                  
10277731  EDMA_qdmaGetErrIntrStatus              
10277751  HeapP_free                             
10277771  putchar_                               
102777c4  strlen                                 
10277801  vPortYeildFromISR                      
1027781c  TI_memcpy_small                        
10277861  EDMA_clrCCErr                          
10277881  EDMA_isInterruptEnabled                
102778e1  TimerP_getReloadCount                  
10277941  freertos_main                          
10277958  TI_memset_small                        
10277971  IpcNotify_registerNonNotifyCallback    
102779b1  SOC_getSelfCpuClk                      
102779d1  SemaphoreP_destruct                    
102779f1  TimerP_start                           
10277a11  TimerP_stop                            
10277a31  DebugP_uartSetDrvIndex                 
10277a91  TimerP_clearOverflowInt                
10277af1  xTaskGetCurrentTaskHandle              
10277b31  rlGetSubBlockId                        
10277b51  rlGetSubBlockLen                       
10277b71  uiPortGetRunTimeCounterValue           
10277b91  AddrTranslateP_getLocalAddr            
10277bc1  ClockP_getTimerCount                   
10277bd1  ClockP_timerClearOverflowInt           
10277c11  SOC_moduleClockEnable                  
10277ca0  __aeabi_memset                         
10277ca0  __aeabi_memset4                        
10277ca0  __aeabi_memset8                        
10277cc0  putchar                                
10277cd1  vTaskSuspendAll                        
10277ce1  IpcNotify_isCustomIpcConfigEnabled     
10277cf1  Mailbox_Params_init                    
10277d01  rlDriverGetPlatformId                  
10277d11  vListInitialiseItem                    
10277d21  vTaskMissedYield                       
10277d31  Board_driversOpen                      
10277d41  Drivers_open                           
10277d51  IpcNotify_getSelfCoreId                
10277d61  MMWave_listGetHead                     
10277d71  MMWave_listGetNext                     
10277d81  PowerClock_init                        
10277de1  rlDriverGetHandle                      
10277df1  vApplicationIdleHook                   
10277e21  ClockP_getTicks                        
10277e61  TaskP_yield                            
10277e71  Board_init                             
10277e81  vPortConfigTimerForRunTimeStats        
10277e91  vPortValidateInterruptPriority         
10278180  __aeabi_ctype_table_                   
10278180  __aeabi_ctype_table_C                  
102787ec  gCacheConfig                           
102787f4  gMpuConfig                             
10278800  gMpuRegionConfig                       
1027b2e4  gCacheL1dCacheLineSize                 
1027b2e8  gCacheL1pCacheLineSize                 
1027b2fc  uxTopUsedPriority                      
1027b300  __BSS_START                            
1027b300  gCliTskStack                           
1027f300  gMainTaskStack                         
10283300  gHwiCtrl                               
10285308  gIpcRpmsgCtrl                          
102860ec  gCLI                                   
102867ec  _CIOBUF_                               
102867ec  __CIOBUF_                              
10286a0c  xQueueRegistry                         
10286b0c  gCLIMMWaveControlCfg                   
10286d60  __TI_tmpnams                           
10286e00  gTaskP_ctrl                            
10287050  gCliTaskObj                            
102870dc  gMainTaskObj                           
10287238  gRovDummyQueue                         
10287288  gCLIMMWaveOpenCfg                      
102872d0  gClockCtrl                             
10287308  gMailbox_ctrl                          
102873ac  virtToPhymap                           
102873bc  parmbuf                                
102873c8  gCLI_mmwave_freq_scale_factor          
102873e4  gCliTask                               
102873e8  gEdmaHandle                            
102873ec  gMainTask                              
102873f0  gUartHandle                            
10287400  __BSS_END                              
10287400  _sys_memory                            
1028f400  __stack                                
10293400  __STACK_END                            
102955ec  gIpcNotifyMailboxConfig                
102957ac  rl_rxMsg                               
102958ac  rl_txMsg                               
102959ac  gIpcNotifyCtrl                         
10295aa8  _ftable                                
10295b98  gCLIMMWaveExtensionTable               
10295c7c  gMailboxRemoteCoreObj_c66ss0_to_rss_r4 
10295d3c  gMailboxRemoteCoreObj_r5ss0_0_to_rss_r4
10295fa8  _device                                
10296020  gIpcNotifyInterruptConfig_r5fss0_0     
10296090  _stream                                
10296118  gUartParams                            
10296150  gClockConfig                           
10296168  gSocModulesClockFrequency              
10296180  gIpcNotifyCoreIntrBitPos               
10296190  __TI_cleanup_ptr                       
10296194  __TI_dtors_ptr                         
10296198  gEdmaConfig                            
102961a0  gEdmaParams                            
102961a8  gSocModules                            
102961b8  gUartConfig                            
102961d0  FreeRTOS_errno                         
102961d4  __TI_ft_end                            
102961d8  __aeabi_errno                          
102961dc  _lock                                  
102961e0  _unlock                                
102961e8  gDebugLogZone                          
102961ec  gDebugP_uartDrvIndex                   
102961f0  gEdmaConfigNum                         
102961f4  gHwiConfig                             
102961f8  gIpcNotifyInterruptConfigNum_r5fss0_0  
102961fc  gUartConfigNum                         
10296208  pxCurrentTCB                           
1029620c  ulPortInterruptNesting                 
10296210  ulPortSchedularRunning                 
10296214  ulPortTaskHasFPUContext                
10296218  ulPortYieldRequired                    
10296265  isMapAvailable                         
10296281  HwiP_irq_handler_c                     
102963c1  HwiP_fiq_handler                       
10296531  HwiP_reserved_handler                  
10296571  HwiP_user_undefined_handler_c          
102965b1  HwiP_undefined_handler_c               
102965f1  HwiP_user_prefetch_abort_handler_c     
10296651  HwiP_prefetch_abort_handler_c          
10296721  HwiP_user_data_abort_handler_c         
10296791  HwiP_data_abort_handler_c              
10296871  HwiP_enableInt                         
102968b1  HwiP_disableInt                        
10296911  HwiP_restoreInt                        
10296941  HwiP_clearInt                          
10296981  HwiP_post                              
102969c1  HwiP_Params_init                       
102969f1  HwiP_construct                         
10296bf1  HwiP_destruct                          
10296c61  HwiP_init                              
10296e11  HwiP_inISR                             
10296e38  vPortRestoreTaskContext                
10296e70  HwiP_svc_handler                       
10296ee0  HwiP_irq_handler                       
10297024  HwiP_data_abort_handler                
10297068  HwiP_prefetch_abort_handler            
10297098  HwiP_undefined_handler                 
102970e0  GET_DFSR                               
102970e8  GET_ADFSR                              
102970f0  GET_DFAR                               
102970f8  GET_IFSR                               
10297100  GET_AIFSR                              
10297108  GET_IFAR                               
10297110  GET_SPSR                               
10297124  HwiP_disable                           
10297134  HwiP_disableFIQ                        
10297144  HwiP_enable                            
10297154  HwiP_enableFIQ                         
10297164  HwiP_restore                           
1029716c  HwiP_enableVIC                         
1029717c  HwiP_disableVIC                        
1029718c  HwiP_getCPSR                           
102971a0  CacheP_disableL1d                      
102971c8  CacheP_disableL1p                      
102971e0  CacheP_enableL1d                       
102971f8  CacheP_enableL1p                       
10297210  CacheP_invL1d                          
10297248  CacheP_invL1p                          
10297284  CacheP_invL1dAll                       
1029728c  CacheP_invL1pAll                       
10297294  CacheP_wb                              
102972d0  CacheP_wbInv                           
1029730c  CacheP_wbAll                           
102973b4  CacheP_wbInvAll                        
102973cc  CacheP_wbInvAllAsm                     
1029746c  CacheP_getEnabled                      
102974a4  CacheP_getCacheLevelInfo               
102974b0  CacheP_configForceWrThru               
102974d0  CacheP_setDLFO                         
102974e1  CacheP_init                            
10297571  CacheP_disable                         
102975c1  CacheP_enable                          
10297601  CacheP_inv                             
10297641  MpuP_RegionAttrs_init                  
10297671  MpuP_setRegion                         
10297761  MpuP_isEnable                          
10297771  MpuP_disable                           
102977b1  MpuP_enable                            
102977f1  MpuP_init                              
10297888  MpuP_disableAsm                        
102978a0  MpuP_disableBRAsm                      
102978b0  MpuP_enableAsm                         
102978c8  MpuP_enableBRAsm                       
102978d8  MpuP_isEnableAsm                       
102978ec  MpuP_setRegionAsm                      
10297900  _c_int00_sbl                           
10297924  _c_int00                               
10297a01  _DebugP_assertNoLog                    
10297a31  _system_pre_init                       
10297a61  __mpu_init                             
10297a70  abort                                  
10297a78  __IRQ_STACK_START                      
10297b78  __FIQ_STACK_START                      
10297b78  __IRQ_STACK_END                        
10297c78  __FIQ_STACK_END                        
10297c78  __SVC_STACK_START                      
10298c78  __ABORT_STACK_START                    
10298c78  __SVC_STACK_END                        
10298d78  __ABORT_STACK_END                      
10298d78  __UNDEFINED_STACK_START                
10298e78  __UNDEFINED_STACK_END                  
c5000200  gIpcSharedMem                          
ffffffff  __TI_pprof_out_hndl                    
ffffffff  __TI_prof_data_size                    
ffffffff  __TI_prof_data_start                   
ffffffff  __binit__                              
ffffffff  binit                                  
UNDEFED   __TI_CINIT_Base                        
UNDEFED   __TI_CINIT_Limit                       
UNDEFED   __TI_Handler_Table_Base                
UNDEFED   __TI_Handler_Table_Limit               
UNDEFED   _system_post_cinit                     

[571 symbols]
