******************************************************************************
            TI ARM Clang Linker PC v4.0.3                      
******************************************************************************
>> Linked Wed Oct  1 13:20:07 2025

OUTPUT FILE NAME:   <empty_awr294x-evm_r5fss0-0_freertos_ti-arm-clang.out>
ENTRY POINT SYMBOL: "_vectors"  address: 00000000


MEMORY CONFIGURATION

         name            origin    length      used     unused   attr    fill
----------------------  --------  ---------  --------  --------  ----  --------
  R5F_VECS              00000000   00000040  00000040  00000000  RWIX
  R5F_TCMA              00000040   00003fc0  00000000  00003fc0  RWIX
  R5F_TCMB              00080000   00004000  00000000  00004000  RWIX
  MSS_L2                10260000   00040000  00037fe8  00008018  RWIX
  USER_SHM_MEM          102e8000   00004000  00000000  00004000  RWIX
  LOG_SHM_MEM           102ec000   00004000  00000000  00004000  RWIX
  MAILBOX_HSM           44000000   000003ce  00000000  000003ce  RWIX
  MAILBOX_R5F           44000400   000003ce  00000000  000003ce  RWIX
  DSS_L3                88000000   00200000  00000000  00200000  RWIX
  RTOS_NORTOS_IPC_SHM_M c5000200   00001d40  000012c0  00000a80  RWIX


SEGMENT ALLOCATION MAP

run origin  load origin   length   init length attrs members
----------  ----------- ---------- ----------- ----- -------
00000000    00000000    00000040   00000040    r-x
  00000000    00000000    00000040   00000040    r-x .vectors
10260000    10260000    0001a5f0   0001a5f0    r-x
  10260000    10260000    00017540   00017540    r-x .text
  10277540    10277540    000030b0   000030b0    r-- .rodata
1027a600    1027a600    00017f80   00000000    rw-
  1027a600    1027a600    0000bf80   00000000    rw- .bss
  10286580    10286580    00008000   00000000    rw- .sysmem
  1028e580    1028e580    00004000   00000000    rw- .stack
10292580    10292580    00002e80   00002e80    rw-
  10292580    10292580    00002e80   00002e80    rw- .data
10295400    10295400    000017f8   000017f8    r-x
  10295400    10295400    00000f20   00000f20    r-x .text.hwi
  10296320    10296320    000004a0   000004a0    r-x .text.cache
  102967c0    102967c0    000002c0   000002c0    r-x .text.mpu
  10296a80    10296a80    00000170   00000170    r-x .text.boot
  10296bf0    10296bf0    00000008   00000008    r-x .text:abort
10296bf8    10296bf8    00001400   00000000    rw-
  10296bf8    10296bf8    00000100   00000000    rw- .irqstack
  10296cf8    10296cf8    00000100   00000000    rw- .fiqstack
  10296df8    10296df8    00001000   00000000    rw- .svcstack
  10297df8    10297df8    00000100   00000000    rw- .abortstack
  10297ef8    10297ef8    00000100   00000000    rw- .undefinedstack


SECTION ALLOCATION MAP

 output                                  attributes/
section   page    origin      length       input sections
--------  ----  ----------  ----------   ----------------
.vectors   0    00000000    00000040     
                  00000000    00000040     freertos.awr294x.r5f.ti-arm-clang.debug.lib : HwiP_armv7r_vectors_freertos_asm.obj (.vectors)

.text      0    10260000    00017540     
                  10260000    00000fc0     libc.a : _printfi.c.obj (.text:__TI_printfi)
                  10260fc0    00000a34     freertos.awr294x.r5f.ti-arm-clang.debug.lib : printf.obj (.text._vsnprintf)
                  102619f4    0000000c     libc.a : aeabi_portable.c.obj (.text.__aeabi_errno_addr)
                  10261a00    00000740     drivers.awr294x.r5f.ti-arm-clang.debug.lib : soc_rcm.obj (.text.SOC_rcmGetClkSrcAndDivValue)
                  10262140    00000664     cli_mmwave.o (.text.CLI_MMWaveAdvChirpCfg)
                  102627a4    0000000c     libclang_rt.builtins.a : aeabi_memset.S.obj (.text.__aeabi_memclr)
                  102627b0    0000051e     freertos.awr294x.r5f.ti-arm-clang.debug.lib : printf.obj (.text._ftoa)
                  10262cce    00000002     --HOLE-- [fill = 0]
                  10262cd0    00000518     drivers.awr294x.r5f.ti-arm-clang.debug.lib : ipc_notify_v1.obj (.text.IpcNotify_init)
                  102631e8    000004d4     libc.a : strtod.c.obj (.text.strtod)
                  102636bc    00000004     libclang_rt.builtins.a : aeabi_div0.c.obj (.text.__aeabi_idiv0)
                  102636c0    00000478     freertos.awr294x.r5f.ti-arm-clang.debug.lib : printf.obj (.text._etoa)
                  10263b38    00000008     libsysbm.a : hostexit.c.obj (.text.HOSTexit)
                  10263b40    000003dc     cli_mmwave.o (.text.CLI_MMWaveLUTDataCfg)
                  10263f1c    00000004     libclang_rt.builtins.a : aeabi_div0.c.obj (.text.__aeabi_ldiv0)
                  10263f20    00000390     libc.a : strcmp32.S.obj (.text:strcmp)
                  102642b0    00000370     drivers.awr294x.r5f.ti-arm-clang.debug.lib : soc_rcm.obj (.text.SOC_rcmGetClkSrcAndDivReg)
                  10264620    0000033c                                                : ipc_notify_v1.obj (.text.IpcNotify_isr)
                  1026495c    00000004     libclang_rt.builtins.a : aeabi_memcpy.S.obj (.text.__aeabi_memcpy)
                  10264960    00000336     drivers.awr294x.r5f.ti-arm-clang.debug.lib : edma.obj (.text.EDMA_initialize)
                  10264c96    00000002     --HOLE-- [fill = 0]
                  10264c98    00000008     libc.a : atof.c.obj (.text.atof)
                  10264ca0    000002e8     rl_driver.o (.text.rlDriverCmdInvoke)
                  10264f88    00000004     libc.a : _lock.c.obj (.text._nop)
                  10264f8c    00000004            : fseek.c.obj (.text.fseek)
                  10264f90    000002d2     rl_driver.o (.text.rlDriverMsgRead)
                  10265262    00000002     --HOLE-- [fill = 0]
                  10265264    0000000c     libc.a : memory.c.obj (.text.malloc)
                  10265270    000002ce     drivers.awr294x.r5f.ti-arm-clang.debug.lib : uart_sci_edma.obj (.text.UART_edmaChannelConfig)
                  1026553e    00000002     --HOLE-- [fill = 0]
                  10265540    000002cc     cli_mmwave.o (.text.CLI_MMWaveProfileCfg)
                  1026580c    00000004     libsysbm.a : remove.c.obj (.text.remove)
                  10265810    0000029e     drivers.awr294x.r5f.ti-arm-clang.debug.lib : uart_sci.obj (.text.UART_open)
                  10265aae    00000002     --HOLE-- [fill = 0]
                  10265ab0    00000282                                                : edma.obj (.text.EDMA_open)
                  10265d32    00000006     --HOLE-- [fill = 0]
                  10265d38    00000280     libc.a : _printfi.c.obj (.text._pconv_a)
                  10265fb8    00000008     --HOLE-- [fill = 0]
                  10265fc0    00000250     drivers.awr294x.r5f.ti-arm-clang.debug.lib : edma.obj (.text.Alloc_resource)
                  10266210    0000024a     rl_driver.o (.text.rlDriverRdVerifyMsg)
                  1026645a    00000006     --HOLE-- [fill = 0]
                  10266460    0000023e     drivers.awr294x.r5f.ti-arm-clang.debug.lib : uart_sci.obj (.text.UART_controllerIsr)
                  1026669e    00000002     --HOLE-- [fill = 0]
                  102666a0    0000023e     freertos.awr294x.r5f.ti-arm-clang.debug.lib : printf.obj (.text._ntoa_format)
                  102668de    00000002     --HOLE-- [fill = 0]
                  102668e0    0000023c                                                 : queue.obj (.text.xQueueSemaphoreTake)
                  10266b1c    00000004     --HOLE-- [fill = 0]
                  10266b20    00000238     libc.a : _printfi.c.obj (.text._pconv_g)
                  10266d58    00000008     --HOLE-- [fill = 0]
                  10266d60    00000226     freertos.awr294x.r5f.ti-arm-clang.debug.lib : queue.obj (.text.xQueueGenericSend)
                  10266f86    0000000a     --HOLE-- [fill = 0]
                  10266f90    0000020c     drivers.awr294x.r5f.ti-arm-clang.debug.lib : soc.obj (.text.SOC_controlModuleUnlockMMR)
                  1026719c    00000004     --HOLE-- [fill = 0]
                  102671a0    000001e4     cli_mmwave.o (.text.CLI_MMWaveChirpCfg)
                  10267384    0000000c     freertos.awr294x.r5f.ti-arm-clang.debug.lib : CpuId_armv7r_asm.obj (.text)
                  10267390    000001e0     rl_driver.o (.text.rlDriverMsgWrite)
                  10267570    000001de     freertos.awr294x.r5f.ti-arm-clang.debug.lib : queue.obj (.text.xQueueReceive)
                  1026774e    00000002     --HOLE-- [fill = 0]
                  10267750    000001d6                                                 : TimerP_rti.obj (.text.TimerP_setup)
                  10267926    0000000a     --HOLE-- [fill = 0]
                  10267930    000001d4     cli_mmwave.o (.text.CLI_MMWaveVersion)
                  10267b04    000001d0     libclang_rt.builtins.a : udivsi3.S.obj (.text.__udivsi3)
                  10267cd4    0000000c     --HOLE-- [fill = 0]
                  10267ce0    000001c8     drivers.awr294x.r5f.ti-arm-clang.debug.lib : soc.obj (.text.SOC_virtToPhy)
                  10267ea8    00000008     --HOLE-- [fill = 0]
                  10267eb0    000001c2     freertos.awr294x.r5f.ti-arm-clang.debug.lib : timers.obj (.text.prvProcessReceivedCommands)
                  10268072    0000000e     --HOLE-- [fill = 0]
                  10268080    000001bc     drivers.awr294x.r5f.ti-arm-clang.debug.lib : soc.obj (.text.SOC_controlModuleLockMMR)
                  1026823c    00000004     --HOLE-- [fill = 0]
                  10268240    000001b6     rl_driver.o (.text.rlDriverMsgCmdReply)
                  102683f6    0000000a     --HOLE-- [fill = 0]
                  10268400    000001b4     freertos.awr294x.r5f.ti-arm-clang.debug.lib : HeapP_internal.obj (.text.pvHeapMalloc)
                  102685b4    0000000c     --HOLE-- [fill = 0]
                  102685c0    000001ae     cli.o (.text.CLI_task)
                  1026876e    00000002     --HOLE-- [fill = 0]
                  10268770    000001ac     drivers.awr294x.r5f.ti-arm-clang.debug.lib : edma.obj (.text.EDMA_transferCompletionMasterIsrFxn)
                  1026891c    00000004     --HOLE-- [fill = 0]
                  10268920    000001aa                                                : uart_sci.obj (.text.UART_close)
                  10268aca    00000002     --HOLE-- [fill = 0]
                  10268acc    000001a8     libc.a : memory.c.obj (.text.free)
                  10268c74    0000000c     --HOLE-- [fill = 0]
                  10268c80    000001a6     freertos.awr294x.r5f.ti-arm-clang.debug.lib : tasks.obj (.text.xTaskIncrementTick)
                  10268e26    00000002     --HOLE-- [fill = 0]
                  10268e28    000001a4     libc.a : memory.c.obj (.text.aligned_alloc)
                  10268fcc    00000004     --HOLE-- [fill = 0]
                  10268fd0    000001a2     rl_driver.o (.text.rlDriverRxHdrRead)
                  10269172    0000000e     --HOLE-- [fill = 0]
                  10269180    00000198     drivers.awr294x.r5f.ti-arm-clang.debug.lib : uart_sci.obj (.text.UART_configInstance)
                  10269318    00000008     --HOLE-- [fill = 0]
                  10269320    00000198     rl_driver.o (.text.rlDriverReceiveSync)
                  102694b8    00000008     --HOLE-- [fill = 0]
                  102694c0    00000194     drivers.awr294x.r5f.ti-arm-clang.debug.lib : ipc_rpmsg.obj (.text.RPMessage_init)
                  10269654    0000000c     --HOLE-- [fill = 0]
                  10269660    00000194                                                : soc_rcm.obj (.text.SOC_rcmGetHSDIVClkOutMuxClkSrc)
                  102697f4    0000000c     --HOLE-- [fill = 0]
                  10269800    0000018e     freertos.awr294x.r5f.ti-arm-clang.debug.lib : ClockP_freertos_r5.obj (.text.ClockP_init)
                  1026998e    00000002     --HOLE-- [fill = 0]
                  10269990    0000018c     cli.o (.text.CLI_open)
                  10269b1c    00000004     --HOLE-- [fill = 0]
                  10269b20    0000018a     rl_driver.o (.text.rlDriverCmdWriter)
                  10269caa    00000006     --HOLE-- [fill = 0]
                  10269cb0    0000018a     freertos.awr294x.r5f.ti-arm-clang.debug.lib : tasks.obj (.text.vTaskSwitchContext)
                  10269e3a    00000006     --HOLE-- [fill = 0]
                  10269e40    00000188                                                 : queue.obj (.text.xQueueGenericSendFromISR)
                  10269fc8    00000008     --HOLE-- [fill = 0]
                  10269fd0    00000184     cli_mmwave.o (.text.CLI_MMWaveSubFrameCfg)
                  1026a154    0000000c     --HOLE-- [fill = 0]
                  1026a160    00000182     drivers.awr294x.r5f.ti-arm-clang.debug.lib : ipc_rpmsg_vring.obj (.text.RPMessage_vringResetInternal)
                  1026a2e2    0000000e     --HOLE-- [fill = 0]
                  1026a2f0    0000017e     freertos.awr294x.r5f.ti-arm-clang.debug.lib : tasks.obj (.text.xTaskResumeAll)
                  1026a46e    00000002     --HOLE-- [fill = 0]
                  1026a470    00000178     drivers.awr294x.r5f.ti-arm-clang.debug.lib : edma.obj (.text.EDMA_errorIsrFxn)
                  1026a5e8    00000008     --HOLE-- [fill = 0]
                  1026a5f0    00000174                                                : ipc_rpmsg.obj (.text.RPMessage_recvHandler)
                  1026a764    0000000c     --HOLE-- [fill = 0]
                  1026a770    00000172                                                : uart_sci.obj (.text.UART_write)
                  1026a8e2    0000000e     --HOLE-- [fill = 0]
                  1026a8f0    00000162     mmwave_fullcfg.o (.text.MMWave_flushCfg)
                  1026aa52    0000000e     --HOLE-- [fill = 0]
                  1026aa60    0000015e     freertos.awr294x.r5f.ti-arm-clang.debug.lib : queue.obj (.text.xQueueGiveFromISR)
                  1026abbe    00000002     --HOLE-- [fill = 0]
                  1026abc0    0000015c     cli_mmwave.o (.text.CLI_MMWaveFrameCfg)
                  1026ad1c    00000004     --HOLE-- [fill = 0]
                  1026ad20    00000156     drivers.awr294x.r5f.ti-arm-clang.debug.lib : ipc_notify_v1.obj (.text.IpcNotify_sendMsg)
                  1026ae76    0000000a     --HOLE-- [fill = 0]
                  1026ae80    00000156                                                : uart_sci.obj (.text.UART_read)
                  1026afd6    0000000a     --HOLE-- [fill = 0]
                  1026afe0    00000154                                                : ipc_notify_v1_cfg.obj (.text.IpcNotify_trigInterrupt_ack)
                  1026b134    0000000c     --HOLE-- [fill = 0]
                  1026b140    00000152     freertos.awr294x.r5f.ti-arm-clang.debug.lib : tasks.obj (.text.vTaskPriorityDisinheritAfterTimeout)
                  1026b292    00000006     --HOLE-- [fill = 0]
                  1026b298    00000150     libc.a : s_scalbn.c.obj (.text.scalbn)
                  1026b3e8    00000008     --HOLE-- [fill = 0]
                  1026b3f0    0000014a     freertos.awr294x.r5f.ti-arm-clang.debug.lib : tasks.obj (.text.prvInitialiseNewTask)
                  1026b53a    00000006     --HOLE-- [fill = 0]
                  1026b540    0000014a                                                 : queue.obj (.text.xQueueGenericCreateStatic)
                  1026b68a    00000006     --HOLE-- [fill = 0]
                  1026b690    00000148     libc.a : _printfi.c.obj (.text.fcvt)
                  1026b7d8    00000008     --HOLE-- [fill = 0]
                  1026b7e0    00000146     drivers.awr294x.r5f.ti-arm-clang.debug.lib : soc_rcm.obj (.text.SOC_rcmGetDpllHSDivOutFreq)
                  1026b926    00000002     --HOLE-- [fill = 0]
                  1026b928    00000144     libc.a : setvbuf.c.obj (.text.setvbuf)
                  1026ba6c    00000004     --HOLE-- [fill = 0]
                  1026ba70    00000140            : _printfi.c.obj (.text._pconv_e)
                  1026bbb0    00000140     rl_driver.o (.text.rlDriverWaitForResponse)
                  1026bcf0    0000013c     drivers.awr294x.r5f.ti-arm-clang.debug.lib : ipc_notify_v1_cfg.obj (.text.IpcNotify_trigInterrupt)
                  1026be2c    00000004     --HOLE-- [fill = 0]
                  1026be30    0000013a                                                : uart_sci_edma.obj (.text.UART_readDma)
                  1026bf6a    00000006     --HOLE-- [fill = 0]
                  1026bf70    0000013a                                                : uart_sci_edma.obj (.text.UART_writeDma)
                  1026c0aa    00000006     --HOLE-- [fill = 0]
                  1026c0b0    0000013a     freertos.awr294x.r5f.ti-arm-clang.debug.lib : queue.obj (.text.xQueueReceiveFromISR)
                  1026c1ea    00000006     --HOLE-- [fill = 0]
                  1026c1f0    00000138                                                 : printf.obj (.text._ntoa_long_long)
                  1026c328    00000008     --HOLE-- [fill = 0]
                  1026c330    00000134     drivers.awr294x.r5f.ti-arm-clang.debug.lib : ipc_rpmsg_vring.obj (.text.RPMessage_vringReset)
                  1026c464    0000000c     --HOLE-- [fill = 0]
                  1026c470    00000132     rl_driver.o (.text.rlDriverMsgReadCmdCtx)
                  1026c5a2    0000000e     --HOLE-- [fill = 0]
                  1026c5b0    00000128     freertos.awr294x.r5f.ti-arm-clang.debug.lib : port.obj (.text.pxPortInitialiseStack)
                  1026c6d8    00000008     --HOLE-- [fill = 0]
                  1026c6e0    00000120                                                 : tasks.obj (.text.eTaskGetState)
                  1026c800    0000011e     mmwave_fullcfg.o (.text.MMWave_addChirp)
                  1026c91e    00000002     --HOLE-- [fill = 0]
                  1026c920    0000011e     drivers.awr294x.r5f.ti-arm-clang.debug.lib : soc_rcm.obj (.text.SOC_rcmGetApllHSDivOutFreq)
                  1026ca3e    00000002     --HOLE-- [fill = 0]
                  1026ca40    00000118     cli.o (.text.CLI_readLine)
                  1026cb58    00000008     --HOLE-- [fill = 0]
                  1026cb60    00000118     ti_drivers_config.o (.text.System_init)
                  1026cc78    00000008     --HOLE-- [fill = 0]
                  1026cc80    00000118     freertos.awr294x.r5f.ti-arm-clang.debug.lib : TaskP_freertos.obj (.text.TaskP_loadUpdateAll)
                  1026cd98    00000118     libclang_rt.builtins.a : udivmoddi4.S.obj (.text)
                  1026ceb0    00000114     mmwave_fullcfg.o (.text.MMWave_addProfile)
                  1026cfc4    0000000c     --HOLE-- [fill = 0]
                  1026cfd0    00000114     freertos.awr294x.r5f.ti-arm-clang.debug.lib : printf.obj (.text._ntoa_long)
                  1026d0e4    0000000c     --HOLE-- [fill = 0]
                  1026d0f0    0000010e                                                 : tasks.obj (.text.prvAddNewTaskToReadyList)
                  1026d1fe    00000002     --HOLE-- [fill = 0]
                  1026d200    0000010e                                                 : tasks.obj (.text.xTaskPriorityInherit)
                  1026d30e    00000002     --HOLE-- [fill = 0]
                  1026d310    0000010a                                                 : tasks.obj (.text.vTaskDelete)
                  1026d41a    00000006     --HOLE-- [fill = 0]
                  1026d420    00000106                                                 : tasks.obj (.text.xTaskPriorityDisinherit)
                  1026d526    0000000a     --HOLE-- [fill = 0]
                  1026d530    00000102     drivers.awr294x.r5f.ti-arm-clang.debug.lib : soc_rcm.obj (.text.SOC_rcmADPLLJGetFOut)
                  1026d632    0000000e     --HOLE-- [fill = 0]
                  1026d640    00000102     rl_driver.o (.text.rlDriverAppendDummyByte)
                  1026d742    0000000e     --HOLE-- [fill = 0]
                  1026d750    000000fa     drivers.awr294x.r5f.ti-arm-clang.debug.lib : edma.obj (.text.EDMA_clearCcErrors)
                  1026d84a    00000006     --HOLE-- [fill = 0]
                  1026d850    000000f8     rl_driver.o (.text.rlDriverProcRdMsg)
                  1026d948    00000008     --HOLE-- [fill = 0]
                  1026d950    000000f6     drivers.awr294x.r5f.ti-arm-clang.debug.lib : edma.obj (.text.EDMA_registerIntr)
                  1026da46    0000000a     --HOLE-- [fill = 0]
                  1026da50    000000f6     mmwave_fullcfg.o (.text.MMWave_addAdvChirpLUTData)
                  1026db46    0000000a     --HOLE-- [fill = 0]
                  1026db50    000000f6     rl_driver.o (.text.rlDriverMsgReadSpawnCtx)
                  1026dc46    0000000a     --HOLE-- [fill = 0]
                  1026dc50    000000f4     cli_mmwave.o (.text.CLI_MMWaveAdvFrameCfg)
                  1026dd44    0000000c     --HOLE-- [fill = 0]
                  1026dd50    000000f0     cli_mmwave.o (.text.CLI_MMWaveContModeCfg)
                  1026de40    000000f0     libc.a : fputc.c.obj (.text.fputc)
                  1026df30    000000ee     freertos.awr294x.r5f.ti-arm-clang.debug.lib : tasks.obj (.text.vTaskStartScheduler)
                  1026e01e    00000002     --HOLE-- [fill = 0]
                  1026e020    000000ee                                                 : tasks.obj (.text.xTaskCreateStatic)
                  1026e10e    00000002     --HOLE-- [fill = 0]
                  1026e110    000000ec                                                 : tasks.obj (.text.xTaskCheckForTimeOut)
                  1026e1fc    00000004     --HOLE-- [fill = 0]
                  1026e200    000000ea     drivers.awr294x.r5f.ti-arm-clang.debug.lib : uart_sci.obj (.text.UART_readPolling)
                  1026e2ea    00000006     --HOLE-- [fill = 0]
                  1026e2f0    000000e6     mmwave_fullcfg.o (.text.MMWave_getAdvChirpHandle)
                  1026e3d6    0000000a     --HOLE-- [fill = 0]
                  1026e3e0    000000e4     mmwave_fullcfg.o (.text.MMWave_addBpmChirp)
                  1026e4c4    0000000c     --HOLE-- [fill = 0]
                  1026e4d0    000000e4     mmwave_fullcfg.o (.text.MMWave_getProfileHandle)
                  1026e5b4    0000000c     --HOLE-- [fill = 0]
                  1026e5c0    000000e4     freertos.awr294x.r5f.ti-arm-clang.debug.lib : timers.obj (.text.prvSwitchTimerLists)
                  1026e6a4    0000000c     --HOLE-- [fill = 0]
                  1026e6b0    000000e2     drivers.awr294x.r5f.ti-arm-clang.debug.lib : edma.obj (.text.EDMA_freeParam)
                  1026e792    0000000e     --HOLE-- [fill = 0]
                  1026e7a0    000000e2     freertos.awr294x.r5f.ti-arm-clang.debug.lib : tasks.obj (.text.vTaskGetInfo)
                  1026e882    0000000e     --HOLE-- [fill = 0]
                  1026e890    000000e0     drivers.awr294x.r5f.ti-arm-clang.debug.lib : edma.obj (.text.EDMA_freeDmaChannel)
                  1026e970    000000e0                                                : edma.obj (.text.EDMA_freeTcc)
                  1026ea50    000000e0                                                : mailbox.obj (.text.Mailbox_init)
                  1026eb30    000000e0                                                : uart_sci.obj (.text.UART_writeInterrupt)
                  1026ec10    000000de     mmwave_fullcfg.o (.text.MMWave_addAdvChirpParam)
                  1026ecee    00000002     --HOLE-- [fill = 0]
                  1026ecf0    000000de     drivers.awr294x.r5f.ti-arm-clang.debug.lib : uart_sci.obj (.text.UART_flushTxFifo)
                  1026edce    00000002     --HOLE-- [fill = 0]
                  1026edd0    000000de     freertos.awr294x.r5f.ti-arm-clang.debug.lib : tasks.obj (.text.xTaskRemoveFromEventList)
                  1026eeae    00000002     --HOLE-- [fill = 0]
                  1026eeb0    000000dc     drivers.awr294x.r5f.ti-arm-clang.debug.lib : ipc_rpmsg_vring.obj (.text.RPMessage_vringGetFullRxBuf)
                  1026ef8c    00000004     --HOLE-- [fill = 0]
                  1026ef90    000000dc                                                : soc_rcm.obj (.text.SOC_rcmGetCoreFout)
                  1026f06c    00000004     --HOLE-- [fill = 0]
                  1026f070    000000dc                                                : soc_rcm.obj (.text.SOC_rcmGetDSSFout)
                  1026f14c    00000004     --HOLE-- [fill = 0]
                  1026f150    000000dc                                                : soc_rcm.obj (.text.SOC_rcmGetPerFout)
                  1026f22c    00000004     --HOLE-- [fill = 0]
                  1026f230    000000d8                                                : uart_sci.obj (.text.UART_writePolling)
                  1026f308    00000008     --HOLE-- [fill = 0]
                  1026f310    000000d6     cli_mmwave.o (.text.CLI_MMWaveAdvFrameDataCfg)
                  1026f3e6    0000000a     --HOLE-- [fill = 0]
                  1026f3f0    000000d4     drivers.awr294x.r5f.ti-arm-clang.debug.lib : ipc_rpmsg.obj (.text.RPMessage_construct)
                  1026f4c4    0000000c     --HOLE-- [fill = 0]
                  1026f4d0    000000d4     freertos.awr294x.r5f.ti-arm-clang.debug.lib : tasks.obj (.text.prvAddCurrentTaskToDelayedList)
                  1026f5a4    0000000c     --HOLE-- [fill = 0]
                  1026f5b0    000000d2     drivers.awr294x.r5f.ti-arm-clang.debug.lib : ipc_rpmsg_vring.obj (.text.RPMessage_vringPutEmptyRxBuf)
                  1026f682    0000000e     --HOLE-- [fill = 0]
                  1026f690    000000cc                                                : edma.obj (.text.EDMA_enableChInShadowRegRegion)
                  1026f75c    00000004     --HOLE-- [fill = 0]
                  1026f760    000000cc     freertos.awr294x.r5f.ti-arm-clang.debug.lib : queue.obj (.text.prvCopyDataToQueue)
                  1026f82c    000000c8     libc.a : getdevice.c.obj (.text.getdevice)
                  1026f8f4    0000000c     --HOLE-- [fill = 0]
                  1026f900    000000c8     rl_driver.o (.text.rlDriverAsyncEventHandler)
                  1026f9c8    00000008     --HOLE-- [fill = 0]
                  1026f9d0    000000c6     drivers.awr294x.r5f.ti-arm-clang.debug.lib : ipc_rpmsg.obj (.text.RPMessage_coreInit)
                  1026fa96    0000000a     --HOLE-- [fill = 0]
                  1026faa0    000000c4                                                : edma.obj (.text.EDMA_mapChToEvtQ)
                  1026fb64    0000000c     --HOLE-- [fill = 0]
                  1026fb70    000000c4                                                : ipc_notify_v1.obj (.text.IpcNotify_readAckCallback)
                  1026fc34    0000000c     --HOLE-- [fill = 0]
                  1026fc40    000000c4     rl_driver.o (.text.rlDeviceIdentifyCmdDir)
                  1026fd04    0000000c     --HOLE-- [fill = 0]
                  1026fd10    000000c2     drivers.awr294x.r5f.ti-arm-clang.debug.lib : edma.obj (.text.EDMA_close)
                  1026fdd2    0000000e     --HOLE-- [fill = 0]
                  1026fde0    000000c0                                                : edma.obj (.text.EDMA_configureChannelRegion)
                  1026fea0    000000c0     freertos.awr294x.r5f.ti-arm-clang.debug.lib : printf.obj (.text._out_rev)
                  1026ff60    000000c0                                                 : timers.obj (.text.xTimerGenericCommand)
                  10270020    000000be     cli_mmwave.o (.text.CLI_MMWaveDataOutputMode)
                  102700de    00000002     --HOLE-- [fill = 0]
                  102700e0    000000be     rl_driver.o (.text.rlDriverOriginDirCheck)
                  1027019e    00000002     --HOLE-- [fill = 0]
                  102701a0    000000be     freertos.awr294x.r5f.ti-arm-clang.debug.lib : HeapP_internal.obj (.text.vHeapFree)
                  1027025e    00000002     --HOLE-- [fill = 0]
                  10270260    000000bc     libc.a : _printfi.c.obj (.text._mcpy)
                  1027031c    00000004     --HOLE-- [fill = 0]
                  10270320    000000b6     drivers.awr294x.r5f.ti-arm-clang.debug.lib : uart_sci.obj (.text.UART_readInterrupt)
                  102703d6    0000000a     --HOLE-- [fill = 0]
                  102703e0    000000b6     freertos.awr294x.r5f.ti-arm-clang.debug.lib : HeapP_internal.obj (.text.prvInsertBlockIntoFreeList)
                  10270496    0000000a     --HOLE-- [fill = 0]
                  102704a0    000000b6                                                 : queue.obj (.text.xQueueGenericReset)
                  10270556    00000002     --HOLE-- [fill = 0]
                  10270558    000000b4     libc.a : fseek.c.obj (.text.fseeko)
                  1027060c    00000004     --HOLE-- [fill = 0]
                  10270610    000000b2     cli_mmwave.o (.text.CLI_MMWaveBPMCfgAdvanced)
                  102706c2    0000000e     --HOLE-- [fill = 0]
                  102706d0    000000b2     drivers.awr294x.r5f.ti-arm-clang.debug.lib : soc_rcm.obj (.text.SOC_rcmGetXTALFrequency)
                  10270782    0000000e     --HOLE-- [fill = 0]
                  10270790    000000b0     cli.o (.text.CLI_help)
                  10270840    000000b0     drivers.awr294x.r5f.ti-arm-clang.debug.lib : soc_rcm.obj (.text.SOC_rcmSetPeripheralClock)
                  102708f0    000000b0                                                : uart_sci.obj (.text.UART_init)
                  102709a0    000000b0     libc.a : fclose.c.obj (.text.__TI_closefile)
                  10270a50    000000ae     cli_mmwave.o (.text.CLI_MMWaveApllSynthBwConfig)
                  10270afe    00000002     --HOLE-- [fill = 0]
                  10270b00    000000ae     ti_drivers_config.o (.text.Drivers_uartInit)
                  10270bae    00000002     --HOLE-- [fill = 0]
                  10270bb0    000000ae     freertos.awr294x.r5f.ti-arm-clang.debug.lib : queue.obj (.text.prvUnlockQueue)
                  10270c5e    00000002     --HOLE-- [fill = 0]
                  10270c60    000000ac                                                 : SemaphoreP_freertos.obj (.text.SemaphoreP_constructBinary)
                  10270d0c    00000004     --HOLE-- [fill = 0]
                  10270d10    000000aa     ti_drivers_open_close.o (.text.Drivers_uartOpen)
                  10270dba    00000006     --HOLE-- [fill = 0]
                  10270dc0    000000aa     drivers.awr294x.r5f.ti-arm-clang.debug.lib : soc_rcm.obj (.text.SOC_rcmGetFreqLeafNode)
                  10270e6a    00000006     --HOLE-- [fill = 0]
                  10270e70    000000a8                                                : soc_rcm.obj (.text.SOC_rcmGetCoreHSDivOut)
                  10270f18    00000008     --HOLE-- [fill = 0]
                  10270f20    000000a8                                                : soc_rcm.obj (.text.SOC_rcmGetDSSHSDivOut)
                  10270fc8    00000008     --HOLE-- [fill = 0]
                  10270fd0    000000a8                                                : soc_rcm.obj (.text.SOC_rcmGetPerHSDivOut)
                  10271078    00000008     --HOLE-- [fill = 0]
                  10271080    000000a8     freertos.awr294x.r5f.ti-arm-clang.debug.lib : PmuP_armv7r.obj (.text.pmu)
                  10271128    00000008     --HOLE-- [fill = 0]
                  10271130    000000a6     ti_drivers_open_close.o (.text.Drivers_edmaOpen)
                  102711d6    0000000a     --HOLE-- [fill = 0]
                  102711e0    000000a6     drivers.awr294x.r5f.ti-arm-clang.debug.lib : uart_sci_edma.obj (.text.UART_txEdmaIsrFxn)
                  10271286    00000002     --HOLE-- [fill = 0]
                  10271288    000000a4     libc.a : memory.c.obj (.text.split)
                  1027132c    00000004     --HOLE-- [fill = 0]
                  10271330    000000a4     freertos.awr294x.r5f.ti-arm-clang.debug.lib : timers.obj (.text.xTimerCreateTimerTask)
                  102713d4    0000000c     --HOLE-- [fill = 0]
                  102713e0    000000a2     drivers.awr294x.r5f.ti-arm-clang.debug.lib : ipc_notify_v1.obj (.text.IpcNotify_mailboxWrite)
                  10271482    0000000e     --HOLE-- [fill = 0]
                  10271490    000000a2                                                : uart_sci_edma.obj (.text.UART_rxEdmaIsrFxn)
                  10271532    0000000e     --HOLE-- [fill = 0]
                  10271540    000000a2     freertos.awr294x.r5f.ti-arm-clang.debug.lib : timers.obj (.text.prvCheckForValidListAndQueue)
                  102715e2    0000000e     --HOLE-- [fill = 0]
                  102715f0    000000a2     rl_driver.o (.text.rlDriverExecuteGetApi)
                  10271692    00000002     --HOLE-- [fill = 0]
                  10271694    000000a0     libsysbm.a : hostrename.c.obj (.text.HOSTrename)
                  10271734    0000000c     --HOLE-- [fill = 0]
                  10271740    000000a0     freertos.awr294x.r5f.ti-arm-clang.debug.lib : HeapP_internal.obj (.text.prvHeapInit)
                  102717e0    0000009e                                                 : timers.obj (.text.prvProcessExpiredTimer)
                  1027187e    00000002     --HOLE-- [fill = 0]
                  10271880    0000009e     rl_driver.o (.text.rlDriverCalChkSum)
                  1027191e    00000002     --HOLE-- [fill = 0]
                  10271920    0000009c     libc.a : _io_perm.c.obj (.text.__TI_wrt_ok)
                  102719bc    00000098     libsysbm.a : hostlseek.c.obj (.text.HOSTlseek)
                  10271a54    0000000c     --HOLE-- [fill = 0]
                  10271a60    00000098     drivers.awr294x.r5f.ti-arm-clang.debug.lib : ipc_notify_v1.obj (.text.IpcNotify_registerClient)
                  10271af8    00000094     libsysbm.a : hostopen.c.obj (.text.HOSTopen)
                  10271b8c    00000004     --HOLE-- [fill = 0]
                  10271b90    00000094     drivers.awr294x.r5f.ti-arm-clang.debug.lib : ipc_notify_v1.obj (.text.IpcNotify_Params_init)
                  10271c24    0000000c     --HOLE-- [fill = 0]
                  10271c30    00000092     freertos.awr294x.r5f.ti-arm-clang.debug.lib : DebugP_freertos.obj (.text._DebugP_logZone)
                  10271cc2    0000000e     --HOLE-- [fill = 0]
                  10271cd0    00000090     drivers.awr294x.r5f.ti-arm-clang.debug.lib : uart_sci.obj (.text.UART_readCancelNoCB)
                  10271d60    00000090                                                : uart_sci.obj (.text.UART_writeCancelNoCB)
                  10271df0    0000008e                                                : edma.obj (.text.EDMA_init)
                  10271e7e    00000002     --HOLE-- [fill = 0]
                  10271e80    0000008e     freertos.awr294x.r5f.ti-arm-clang.debug.lib : tasks.obj (.text.prvInitialiseTaskLists)
                  10271f0e    00000002     --HOLE-- [fill = 0]
                  10271f10    0000008c     drivers.awr294x.r5f.ti-arm-clang.debug.lib : edma.obj (.text.EDMA_enableTransferRegion)
                  10271f9c    0000008c     libsysbm.a : close.c.obj (.text.close)
                  10272028    00000008     --HOLE-- [fill = 0]
                  10272030    0000008c     main.o (.text.main)
                  102720bc    00000088     libc.a : fflush.c.obj (.text.__TI_doflush)
                  10272144    00000088            : _ltoa.c.obj (.text.__TI_ltoa)
                  102721cc    00000088            : _printfi.c.obj (.text._ecpy)
                  10272254    0000000c     --HOLE-- [fill = 0]
                  10272260    00000088     rl_driver.o (.text.rlDriverVerifyCRC)
                  102722e8    00000008     --HOLE-- [fill = 0]
                  102722f0    00000086     mmwave_fullcfg.o (.text.MMWave_getAdvChirpParams)
                  10272376    0000000a     --HOLE-- [fill = 0]
                  10272380    00000086     drivers.awr294x.r5f.ti-arm-clang.debug.lib : ipc_rpmsg.obj (.text.RPMessage_Params_init)
                  10272406    0000000a     --HOLE-- [fill = 0]
                  10272410    00000086     freertos.awr294x.r5f.ti-arm-clang.debug.lib : timers.obj (.text.prvInsertTimerInActiveList)
                  10272496    0000000a     --HOLE-- [fill = 0]
                  102724a0    00000086                                                 : timers.obj (.text.prvProcessTimerOrBlockTask)
                  10272526    0000000a     --HOLE-- [fill = 0]
                  10272530    00000086     rl_controller.o (.text.rlGetSubBlock)
                  102725b6    00000002     --HOLE-- [fill = 0]
                  102725b8    00000084     libsysbm.a : hostread.c.obj (.text.HOSTread)
                  1027263c    00000084                : hostwrite.c.obj (.text.HOSTwrite)
                  102726c0    00000084     drivers.awr294x.r5f.ti-arm-clang.debug.lib : ipc_rpmsg.obj (.text.RPMessage_notifyCallback)
                  10272744    0000000c     --HOLE-- [fill = 0]
                  10272750    00000082                                                : edma.obj (.text.EDMA_allocDmaChannel)
                  102727d2    0000000e     --HOLE-- [fill = 0]
                  102727e0    00000082                                                : edma.obj (.text.EDMA_allocParam)
                  10272862    0000000e     --HOLE-- [fill = 0]
                  10272870    00000082                                                : edma.obj (.text.EDMA_allocTcc)
                  102728f2    0000000e     --HOLE-- [fill = 0]
                  10272900    00000082                                                : edma.obj (.text.EDMA_enableTccInShadowRegRegion)
                  10272982    0000000e     --HOLE-- [fill = 0]
                  10272990    00000082                                                : soc_rcm.obj (.text.SOC_rcmGetFreq)
                  10272a12    0000000e     --HOLE-- [fill = 0]
                  10272a20    00000082     freertos.awr294x.r5f.ti-arm-clang.debug.lib : SemaphoreP_freertos.obj (.text.SemaphoreP_pend)
                  10272aa2    0000000e     --HOLE-- [fill = 0]
                  10272ab0    00000082                                                 : DebugP_log.obj (.text._DebugP_assert)
                  10272b32    0000000e     --HOLE-- [fill = 0]
                  10272b40    00000082     rl_controller.o (.text.rlAppendSubBlock)
                  10272bc2    0000000e     --HOLE-- [fill = 0]
                  10272bd0    00000080     cli_mmwave.o (.text.CLI_MMWaveExtensionHandler)
                  10272c50    00000080     drivers.awr294x.r5f.ti-arm-clang.debug.lib : soc_rcm.obj (.text.SOC_rcmGetR5InFrequency)
                  10272cd0    00000080     libc.a : _printfi.c.obj (.text._pconv_f)
                  10272d50    0000007e     freertos.awr294x.r5f.ti-arm-clang.debug.lib : ClockP_freertos.obj (.text.ClockP_getTimeUsec)
                  10272dce    00000002     --HOLE-- [fill = 0]
                  10272dd0    0000007e     rl_driver.o (.text.rlDriverExecuteSetApi)
                  10272e4e    00000002     --HOLE-- [fill = 0]
                  10272e50    0000007e     freertos.awr294x.r5f.ti-arm-clang.debug.lib : queue.obj (.text.xQueueTakeMutexRecursive)
                  10272ece    00000002     --HOLE-- [fill = 0]
                  10272ed0    0000007c     drivers.awr294x.r5f.ti-arm-clang.debug.lib : ipc_notify_v1.obj (.text.IpcNotify_mailboxReadSwQ)
                  10272f4c    00000004     --HOLE-- [fill = 0]
                  10272f50    0000007c     libc.a : s_frexp.c.obj (.text.frexp)
                  10272fcc    00000004     --HOLE-- [fill = 0]
                  10272fd0    0000007c     rl_device.o (.text.rlDeviceGetVersion)
                  1027304c    00000004     --HOLE-- [fill = 0]
                  10273050    0000007c     freertos.awr294x.r5f.ti-arm-clang.debug.lib : queue.obj (.text.xQueueGiveMutexRecursive)
                  102730cc    00000004     --HOLE-- [fill = 0]
                  102730d0    00000078     cli_mmwave.o (.text.CLI_MMWaveChannelCfg)
                  10273148    00000008     --HOLE-- [fill = 0]
                  10273150    00000078     cli_mmwave.o (.text.CLI_MMWaveSetLdoBypassConfig)
                  102731c8    00000078     libc.a : strtok.c.obj (.text.strtok)
                  10273240    00000076     cli_mmwave.o (.text.CLI_MMWaveADCCfg)
                  102732b6    0000000a     --HOLE-- [fill = 0]
                  102732c0    00000076     drivers.awr294x.r5f.ti-arm-clang.debug.lib : ipc_rpmsg_vring.obj (.text.RPMessage_vringIsFullRxBuf)
                  10273336    0000000a     --HOLE-- [fill = 0]
                  10273340    00000076                                                : uart_sci.obj (.text.UART_checkOpenParams)
                  102733b6    0000000a     --HOLE-- [fill = 0]
                  102733c0    00000074     cli_mmwave.o (.text.CLI_MMWaveExtensionHelp)
                  10273434    0000000c     --HOLE-- [fill = 0]
                  10273440    00000072     drivers.awr294x.r5f.ti-arm-clang.debug.lib : edma.obj (.text.EDMA_clrMissEvtRegion)
                  102734b2    0000000e     --HOLE-- [fill = 0]
                  102734c0    00000072                                                : edma.obj (.text.EDMA_getTcErrorInfo)
                  10273532    0000000e     --HOLE-- [fill = 0]
                  10273540    00000072                                                : ipc_notify_v1.obj (.text.IpcNotify_makeMsg)
                  102735b2    0000000e     --HOLE-- [fill = 0]
                  102735c0    0000006e     freertos.awr294x.r5f.ti-arm-clang.debug.lib : SemaphoreP_freertos.obj (.text.SemaphoreP_constructMutex)
                  1027362e    00000002     --HOLE-- [fill = 0]
                  10273630    0000006e                                                 : tasks.obj (.text.prvDeleteTCB)
                  1027369e    00000002     --HOLE-- [fill = 0]
                  102736a0    0000006c     libsysbm.a : hostunlink.c.obj (.text.HOSTunlink)
                  1027370c    00000004     --HOLE-- [fill = 0]
                  10273710    0000006c     mmwave_listlib.o (.text.MMWave_listRemoveNode)
                  1027377c    00000004     --HOLE-- [fill = 0]
                  10273780    0000006c     rl_driver.o (.text.rlDriverCmdSendRetry)
                  102737ec    00000004     --HOLE-- [fill = 0]
                  102737f0    0000006a     freertos.awr294x.r5f.ti-arm-clang.debug.lib : list.obj (.text.vListInsert)
                  1027385a    00000006     --HOLE-- [fill = 0]
                  10273860    0000006a                                                 : tasks.obj (.text.vTaskDelay)
                  102738ca    00000006     --HOLE-- [fill = 0]
                  102738d0    00000068     drivers.awr294x.r5f.ti-arm-clang.debug.lib : edma.obj (.text.EDMA_getBaseAddr)
                  10273938    00000068     libc.a : atoi.c.obj (.text.atoi)
                  102739a0    00000068     empty.o (.text.empty_main)
                  10273a08    00000008     --HOLE-- [fill = 0]
                  10273a10    00000064     drivers.awr294x.r5f.ti-arm-clang.debug.lib : ipc_rpmsg.obj (.text.RPMessage_controlEndPtHandler)
                  10273a74    0000000c     --HOLE-- [fill = 0]
                  10273a80    00000064     freertos.awr294x.r5f.ti-arm-clang.debug.lib : TaskP_freertos.obj (.text.vApplicationLoadHook)
                  10273ae4    0000000c     --HOLE-- [fill = 0]
                  10273af0    00000064                                                 : queue.obj (.text.vQueueWaitForMessageRestricted)
                  10273b54    0000000c     --HOLE-- [fill = 0]
                  10273b60    00000062     drivers.awr294x.r5f.ti-arm-clang.debug.lib : soc_rcm.obj (.text.SOC_rcmInsert16)
                  10273bc2    0000000e     --HOLE-- [fill = 0]
                  10273bd0    00000062     freertos.awr294x.r5f.ti-arm-clang.debug.lib : SemaphoreP_freertos.obj (.text.SemaphoreP_post)
                  10273c32    0000000e     --HOLE-- [fill = 0]
                  10273c40    00000062                                                 : tasks.obj (.text.vTaskPlaceOnEventListRestricted)
                  10273ca2    00000002     --HOLE-- [fill = 0]
                  10273ca4    00000060     libsysbm.a : hostclose.c.obj (.text.HOSTclose)
                  10273d04    00000060     libc.a : _printfi.c.obj (.text._fcpy)
                  10273d64    00000060            : vsnprintf.c.obj (.text.vsnprintf)
                  10273dc4    0000000c     --HOLE-- [fill = 0]
                  10273dd0    0000005e     drivers.awr294x.r5f.ti-arm-clang.debug.lib : ipc_rpmsg_vring.obj (.text.RPMessage_vringCheckEmptyTxBuf)
                  10273e2e    00000002     --HOLE-- [fill = 0]
                  10273e30    0000005c     cli.o (.text.CLI_write)
                  10273e8c    00000004     --HOLE-- [fill = 0]
                  10273e90    0000005c     ti_power_clock_config.o (.text.Module_clockSetFrequency)
                  10273eec    00000004     --HOLE-- [fill = 0]
                  10273ef0    0000005a     freertos.awr294x.r5f.ti-arm-clang.debug.lib : tasks.obj (.text.prvCheckTasksWaitingTermination)
                  10273f4a    00000002     --HOLE-- [fill = 0]
                  10273f4c    00000058     libc.a : fopen.c.obj (.text.__TI_cleanup)
                  10273fa4    00000058     libsysbm.a : trgmsg.c.obj (.text.__TI_readmsg)
                  10273ffc    00000058                : trgmsg.c.obj (.text.__TI_writemsg)
                  10274054    00000058     libc.a : vsnprintf.c.obj (.text._outs)
                  102740ac    00000004     --HOLE-- [fill = 0]
                  102740b0    00000056     drivers.awr294x.r5f.ti-arm-clang.debug.lib : edma.obj (.text.EDMA_getHandle)
                  10274106    0000000a     --HOLE-- [fill = 0]
                  10274110    00000056     mmwave_listlib.o (.text.MMWave_listCat)
                  10274166    0000000a     --HOLE-- [fill = 0]
                  10274170    00000056     rl_driver.o (.text.rlDriverConstructInMsg)
                  102741c6    0000000a     --HOLE-- [fill = 0]
                  102741d0    00000054     drivers.awr294x.r5f.ti-arm-clang.debug.lib : edma.obj (.text.EDMA_setPaRAM)
                  10274224    0000000c     --HOLE-- [fill = 0]
                  10274230    00000054                                                : ipc_notify_v1.obj (.text.IpcNotify_getMemoryToWrite)
                  10274284    0000000c     --HOLE-- [fill = 0]
                  10274290    00000054                                                : soc_rcm.obj (.text.SOC_rcmGetModuleClkDivVal)
                  102742e4    00000054     libc.a : exit.c.obj (.text.exit)
                  10274338    00000054            : getdevice.c.obj (.text.finddevice)
                  1027438c    00000004     --HOLE-- [fill = 0]
                  10274390    00000054     freertos.awr294x.r5f.ti-arm-clang.debug.lib : queue.obj (.text.vQueueDelete)
                  102743e4    0000000c     --HOLE-- [fill = 0]
                  102743f0    00000054                                                 : queue.obj (.text.vQueueUnregisterQueue)
                  10274444    00000054     libc.a : autoinit.c.obj (.text:__TI_auto_init_nobinit_nopinit)
                  10274498    00000008     --HOLE-- [fill = 0]
                  102744a0    00000052     drivers.awr294x.r5f.ti-arm-clang.debug.lib : edma.obj (.text.EDMA_readIntrStatusRegion)
                  102744f2    0000000e     --HOLE-- [fill = 0]
                  10274500    00000052     mmwave.o (.text.MMWave_decodeError)
                  10274552    0000000e     --HOLE-- [fill = 0]
                  10274560    00000052     drivers.awr294x.r5f.ti-arm-clang.debug.lib : pinmux.obj (.text.Pinmux_config)
                  102745b2    0000000e     --HOLE-- [fill = 0]
                  102745c0    00000052                                                : ipc_rpmsg.obj (.text.RPMessage_allocEndPtMsg)
                  10274612    0000000e     --HOLE-- [fill = 0]
                  10274620    00000052                                                : soc_rcm.obj (.text.SOC_rcmGetClkSrcFromClkSelVal)
                  10274672    0000000e     --HOLE-- [fill = 0]
                  10274680    00000052     freertos.awr294x.r5f.ti-arm-clang.debug.lib : queue.obj (.text.vQueueAddToRegistry)
                  102746d2    0000000e     --HOLE-- [fill = 0]
                  102746e0    00000052                                                 : tasks.obj (.text.vTaskPlaceOnEventList)
                  10274732    0000000e     --HOLE-- [fill = 0]
                  10274740    00000050     cli_mmwave.o (.text.CLI_MMWaveLowPowerCfg)
                  10274790    00000050     ti_drivers_open_close.o (.text.Drivers_edmaClose)
                  102747e0    00000050     ti_drivers_open_close.o (.text.Drivers_uartClose)
                  10274830    0000004e     cli_mmwave.o (.text.CLI_MMWaveFlushCfg)
                  1027487e    00000002     --HOLE-- [fill = 0]
                  10274880    0000004e     drivers.awr294x.r5f.ti-arm-clang.debug.lib : edma.obj (.text.EDMA_clrEvtRegion)
                  102748ce    00000002     --HOLE-- [fill = 0]
                  102748d0    0000004e                                                : edma.obj (.text.EDMA_clrIntrRegion)
                  1027491e    00000002     --HOLE-- [fill = 0]
                  10274920    0000004e                                                : edma.obj (.text.EDMA_disableDmaEvtRegion)
                  1027496e    00000002     --HOLE-- [fill = 0]
                  10274970    0000004e                                                : edma.obj (.text.EDMA_disableEvtIntrRegion)
                  102749be    00000002     --HOLE-- [fill = 0]
                  102749c0    0000004e                                                : edma.obj (.text.EDMA_enableDmaEvtRegion)
                  10274a0e    00000002     --HOLE-- [fill = 0]
                  10274a10    0000004e                                                : edma.obj (.text.EDMA_enableEvtIntrRegion)
                  10274a5e    00000002     --HOLE-- [fill = 0]
                  10274a60    0000004e                                                : edma.obj (.text.EDMA_getCcErrorInfo)
                  10274aae    00000002     --HOLE-- [fill = 0]
                  10274ab0    0000004e                                                : edma.obj (.text.EDMA_setEvtRegion)
                  10274afe    00000002     --HOLE-- [fill = 0]
                  10274b00    0000004e                                                : ipc_notify_v1.obj (.text.IpcNotify_getMemoryToRead)
                  10274b4e    00000002     --HOLE-- [fill = 0]
                  10274b50    0000004c     cli_mmwave.o (.text.CLI_MMWaveExtensionInit)
                  10274b9c    00000004     --HOLE-- [fill = 0]
                  10274ba0    0000004c     drivers.awr294x.r5f.ti-arm-clang.debug.lib : edma.obj (.text.EDMA_ccPaRAMEntry_init)
                  10274bec    00000004     --HOLE-- [fill = 0]
                  10274bf0    0000004c                                                : edma.obj (.text.EDMA_mapQdmaChToPaRAM)
                  10274c3c    00000004     --HOLE-- [fill = 0]
                  10274c40    0000004c                                                : ipc_notify_v1.obj (.text.IpcNotify_getWriteMailbox)
                  10274c8c    00000004     --HOLE-- [fill = 0]
                  10274c90    0000004c                                                : ipc_notify_v1.obj (.text.IpcNotify_unregisterClient)
                  10274cdc    00000004     --HOLE-- [fill = 0]
                  10274ce0    0000004c     ti_power_clock_config.o (.text.Module_clockEnable)
                  10274d2c    00000004     --HOLE-- [fill = 0]
                  10274d30    0000004c     drivers.awr294x.r5f.ti-arm-clang.debug.lib : uart_sci.obj (.text.UART_Params_init)
                  10274d7c    00000004     --HOLE-- [fill = 0]
                  10274d80    0000004c                                                : uart_sci.obj (.text.UART_getHandle)
                  10274dcc    0000004c     libc.a : memccpy.c.obj (.text.memccpy)
                  10274e18    00000008     --HOLE-- [fill = 0]
                  10274e20    0000004c     rl_driver.o (.text.rlDriverCalCRC)
                  10274e6c    00000004     --HOLE-- [fill = 0]
                  10274e70    0000004c     rl_driver.o (.text.rlDriverValidateHdr)
                  10274ebc    00000004     --HOLE-- [fill = 0]
                  10274ec0    00000048     drivers.awr294x.r5f.ti-arm-clang.debug.lib : edma.obj (.text.EDMA_clearTcErrors)
                  10274f08    00000008     --HOLE-- [fill = 0]
                  10274f10    00000048                                                : mailbox.obj (.text.Mailbox_readCallback)
                  10274f58    00000008     --HOLE-- [fill = 0]
                  10274f60    00000048                                                : ipc_rpmsg.obj (.text.RPMessage_queueGet)
                  10274fa8    00000008     --HOLE-- [fill = 0]
                  10274fb0    00000048     freertos.awr294x.r5f.ti-arm-clang.debug.lib : queue.obj (.text.prvInitialiseNewQueue)
                  10274ff8    00000008     --HOLE-- [fill = 0]
                  10275000    00000048     rl_device.o (.text.rlDeviceGetMmWaveLinkVersion)
                  10275048    00000008     --HOLE-- [fill = 0]
                  10275050    00000048     rl_device.o (.text.rlDeviceGetMssVersion)
                  10275098    00000048     libc.a : strcspn.c.obj (.text.strcspn)
                  102750e0    00000048     libsysbm.a : unlink.c.obj (.text.unlink)
                  10275128    00000008     --HOLE-- [fill = 0]
                  10275130    00000048     freertos.awr294x.r5f.ti-arm-clang.debug.lib : list.obj (.text.uxListRemove)
                  10275178    00000008     --HOLE-- [fill = 0]
                  10275180    00000046                                                 : DebugP_uartLogWriter.obj (.text.DebugP_uartLogWriterPutChar)
                  102751c6    0000000a     --HOLE-- [fill = 0]
                  102751d0    00000046     ti_dpl_config.o (.text.Dpl_init)
                  10275216    0000000a     --HOLE-- [fill = 0]
                  10275220    00000046     mmwave.o (.text.MMWave_encodeError)
                  10275266    0000000a     --HOLE-- [fill = 0]
                  10275270    00000046     drivers.awr294x.r5f.ti-arm-clang.debug.lib : mailbox_cfg.obj (.text.Mailbox_getRemoteCoreObj)
                  102752b6    0000000a     --HOLE-- [fill = 0]
                  102752c0    00000046                                                : ipc_rpmsg.obj (.text.RPMessage_freeEndPtMsg)
                  10275306    0000000a     --HOLE-- [fill = 0]
                  10275310    00000046                                                : ipc_rpmsg_vring.obj (.text.RPMessage_vringGetSize)
                  10275356    0000000a     --HOLE-- [fill = 0]
                  10275360    00000046                                                : soc_rcm.obj (.text.SOC_rcmGetPeripheralClock)
                  102753a6    0000000a     --HOLE-- [fill = 0]
                  102753b0    00000046                                                : uart_sci.obj (.text.UART_rxChar)
                  102753f6    0000000a     --HOLE-- [fill = 0]
                  10275400    00000046     freertos.awr294x.r5f.ti-arm-clang.debug.lib : tasks.obj (.text.vTaskExitCritical)
                  10275446    0000000a     --HOLE-- [fill = 0]
                  10275450    00000044     mmwave_listlib.o (.text.MMWave_listAdd)
                  10275494    0000000c     --HOLE-- [fill = 0]
                  102754a0    00000044     drivers.awr294x.r5f.ti-arm-clang.debug.lib : soc_rcm.obj (.text.SOC_rcmExtract16)
                  102754e4    0000000c     --HOLE-- [fill = 0]
                  102754f0    00000044                                                : soc_rcm.obj (.text.SOC_rcmExtract8)
                  10275534    0000000c     --HOLE-- [fill = 0]
                  10275540    00000044                                                : soc_rcm.obj (.text.SOC_rcmMake16)
                  10275584    0000000c     --HOLE-- [fill = 0]
                  10275590    00000044                                                : uart_sci.obj (.text.UART_txChar)
                  102755d4    0000000c     --HOLE-- [fill = 0]
                  102755e0    00000044     freertos.awr294x.r5f.ti-arm-clang.debug.lib : printf.obj (.text._strnlen_s)
                  10275624    0000000c     --HOLE-- [fill = 0]
                  10275630    00000044     empty.o (.text.cmd_add)
                  10275674    0000000c     --HOLE-- [fill = 0]
                  10275680    00000044     freertos.awr294x.r5f.ti-arm-clang.debug.lib : timers.obj (.text.prvSampleTimeNow)
                  102756c4    0000000c     --HOLE-- [fill = 0]
                  102756d0    00000044     rl_driver.o (.text.rlDriverFillPayload)
                  10275714    00000044     libc.a : strspn.c.obj (.text.strspn)
                  10275758    00000008     --HOLE-- [fill = 0]
                  10275760    00000042     drivers.awr294x.r5f.ti-arm-clang.debug.lib : ipc_notify_v1.obj (.text.IpcNotify_getReadDoneAckMailbox)
                  102757a2    0000000e     --HOLE-- [fill = 0]
                  102757b0    00000042                                                : ipc_notify_v1.obj (.text.IpcNotify_mailboxWriteCustomIpcConfig)
                  102757f2    0000000e     --HOLE-- [fill = 0]
                  10275800    00000042     mmwave_listlib.o (.text.MMWave_listRemove)
                  10275842    0000000e     --HOLE-- [fill = 0]
                  10275850    00000042     freertos.awr294x.r5f.ti-arm-clang.debug.lib : queue.obj (.text.prvCopyDataFromQueue)
                  10275892    0000000e     --HOLE-- [fill = 0]
                  102758a0    00000042     rl_sensor.o (.text.rlRfApllSynthBwCtlConfig)
                  102758e2    0000000e     --HOLE-- [fill = 0]
                  102758f0    00000042     rl_sensor.o (.text.rlRfSetLdoBypassConfig)
                  10275932    0000000e     --HOLE-- [fill = 0]
                  10275940    00000042     freertos.awr294x.r5f.ti-arm-clang.debug.lib : tasks.obj (.text.xTaskGetIdleTaskHandle)
                  10275982    0000000e     --HOLE-- [fill = 0]
                  10275990    00000040     ti_drivers_config.o (.text.IpcNotify_allocSwQueue)
                  102759d0    00000040     drivers.awr294x.r5f.ti-arm-clang.debug.lib : soc_rcm.obj (.text.SOC_rcmExtract32)
                  10275a10    00000040     libc.a : memory.c.obj (.text.free_list_insert)
                  10275a50    00000040     freertos.awr294x.r5f.ti-arm-clang.debug.lib : timers.obj (.text.prvGetNextExpireTime)
                  10275a90    0000003e     drivers.awr294x.r5f.ti-arm-clang.debug.lib : soc_rcm.obj (.text.SOC_rcmIsPadDisableRequired)
                  10275ace    00000002     --HOLE-- [fill = 0]
                  10275ad0    0000003e                                                : soc_rcm.obj (.text.SOC_rcmIsR5FInLockStepMode)
                  10275b0e    00000002     --HOLE-- [fill = 0]
                  10275b10    0000003c     freertos.awr294x.r5f.ti-arm-clang.debug.lib : HeapP_freertos.obj (.text.HeapP_construct)
                  10275b4c    00000004     --HOLE-- [fill = 0]
                  10275b50    0000003c     drivers.awr294x.r5f.ti-arm-clang.debug.lib : ipc_rpmsg.obj (.text.RPMessage_isLinuxCore)
                  10275b8c    00000004     --HOLE-- [fill = 0]
                  10275b90    0000003c                                                : ipc_rpmsg_vring.obj (.text.RPMessage_vringGetRxBufAddr)
                  10275bcc    00000004     --HOLE-- [fill = 0]
                  10275bd0    0000003c     freertos.awr294x.r5f.ti-arm-clang.debug.lib : tasks.obj (.text.prvResetNextTaskUnblockTime)
                  10275c0c    00000004     --HOLE-- [fill = 0]
                  10275c10    0000003c     rl_controller.o (.text.rlAppendDummy)
                  10275c4c    00000004     --HOLE-- [fill = 0]
                  10275c50    0000003a     freertos.awr294x.r5f.ti-arm-clang.debug.lib : printf.obj (.text._atoi)
                  10275c8a    00000006     --HOLE-- [fill = 0]
                  10275c90    0000003a     rl_driver.o (.text.rlDriverShiftDWord)
                  10275cca    00000006     --HOLE-- [fill = 0]
                  10275cd0    0000003a     freertos.awr294x.r5f.ti-arm-clang.debug.lib : list.obj (.text.vListInsertEnd)
                  10275d0a    00000006     --HOLE-- [fill = 0]
                  10275d10    00000038     drivers.awr294x.r5f.ti-arm-clang.debug.lib : edma.obj (.text.EDMA_qdmaClrMissEvtRegion)
                  10275d48    00000008     --HOLE-- [fill = 0]
                  10275d50    00000038                                                : ipc_notify_v1.obj (.text.IpcNotify_getReadSwQ)
                  10275d88    00000008     --HOLE-- [fill = 0]
                  10275d90    00000038     rl_driver.o (.text.rlDriverIsDeviceMapValid)
                  10275dc8    00000008     --HOLE-- [fill = 0]
                  10275dd0    00000038     freertos.awr294x.r5f.ti-arm-clang.debug.lib : tasks.obj (.text.xTaskGetSchedulerState)
                  10275e08    00000008     --HOLE-- [fill = 0]
                  10275e10    00000036     drivers.awr294x.r5f.ti-arm-clang.debug.lib : edma.obj (.text.EDMA_getRegionId)
                  10275e46    0000000a     --HOLE-- [fill = 0]
                  10275e50    00000036                                                : ipc_notify_v1.obj (.text.IpcNotify_syncCallback)
                  10275e86    0000000a     --HOLE-- [fill = 0]
                  10275e90    00000036                                                : ipc_rpmsg.obj (.text.RPMessage_controlEndPtInit)
                  10275ec6    0000000a     --HOLE-- [fill = 0]
                  10275ed0    00000036                                                : ipc_rpmsg.obj (.text.RPMessage_queuePut)
                  10275f06    0000000a     --HOLE-- [fill = 0]
                  10275f10    00000036                                                : uart_sci.obj (.text.UART_checkTransaction)
                  10275f46    0000000a     --HOLE-- [fill = 0]
                  10275f50    00000036     rl_sensor.o (.text.rlGetRfDieId)
                  10275f86    0000000a     --HOLE-- [fill = 0]
                  10275f90    00000034     freertos.awr294x.r5f.ti-arm-clang.debug.lib : TimerP_rti.obj (.text.TimerP_Params_init)
                  10275fc4    00000034     libc.a : memory.c.obj (.text.free_list_remove)
                  10275ff8    00000034     libsysbm.a : lseek.c.obj (.text.lseek)
                  1027602c    00000004     --HOLE-- [fill = 0]
                  10276030    00000034     rl_device.o (.text.rlDeviceGetRfVersion)
                  10276064    0000000c     --HOLE-- [fill = 0]
                  10276070    00000034     freertos.awr294x.r5f.ti-arm-clang.debug.lib : port.obj (.text.vPortTimerTickHandler)
                  102760a4    00000034     libsysbm.a : write.c.obj (.text.write)
                  102760d8    00000008     --HOLE-- [fill = 0]
                  102760e0    00000032     freertos.awr294x.r5f.ti-arm-clang.debug.lib : ClockP_freertos.obj (.text.ClockP_timerTickIsr)
                  10276112    0000000e     --HOLE-- [fill = 0]
                  10276120    00000032     drivers.awr294x.r5f.ti-arm-clang.debug.lib : edma.obj (.text.HW_WR_FIELD32_RAW)
                  10276152    0000000e     --HOLE-- [fill = 0]
                  10276160    00000032                                                : ipc_notify_v1.obj (.text.IpcNotify_mailboxIsPendingIntr)
                  10276192    0000000e     --HOLE-- [fill = 0]
                  102761a0    00000032                                                : ipc_notify_v1.obj (.text.IpcNotify_mailboxReadCustomIpcConfig)
                  102761d2    0000000e     --HOLE-- [fill = 0]
                  102761e0    00000032     freertos.awr294x.r5f.ti-arm-clang.debug.lib : TimerP_rti.obj (.text.TimerP_getCount)
                  10276212    0000000e     --HOLE-- [fill = 0]
                  10276220    00000032                                                 : port.obj (.text.vApplicationStackOverflowHook)
                  10276252    0000000e     --HOLE-- [fill = 0]
                  10276260    00000032                                                 : tasks.obj (.text.vTaskEnterCritical)
                  10276292    0000000e     --HOLE-- [fill = 0]
                  102762a0    00000032                                                 : queue.obj (.text.xQueueCreateMutexStatic)
                  102762d2    0000000e     --HOLE-- [fill = 0]
                  102762e0    00000030     drivers.awr294x.r5f.ti-arm-clang.debug.lib : ipc_notify_v1.obj (.text.IpcNotify_getReadDoneMailbox)
                  10276310    00000030                                                : ipc_notify_v1.obj (.text.IpcNotify_getReadMailbox)
                  10276340    00000030     freertos.awr294x.r5f.ti-arm-clang.debug.lib : PmuP_armv7r_asm.obj (.text.pmu)
                  10276370    0000002e     drivers.awr294x.r5f.ti-arm-clang.debug.lib : mailbox.obj (.text.Mailbox_isCoreEnabled)
                  1027639e    00000002     --HOLE-- [fill = 0]
                  102763a0    0000002e                                                : soc_rcm.obj (.text.SOC_rcmGetPeripheralClockFrequency)
                  102763ce    00000002     --HOLE-- [fill = 0]
                  102763d0    0000002e     freertos.awr294x.r5f.ti-arm-clang.debug.lib : printf.obj (.text._is_digit)
                  102763fe    00000002     --HOLE-- [fill = 0]
                  10276400    0000002e                                                 : queue.obj (.text.prvIsQueueFull)
                  1027642e    00000002     --HOLE-- [fill = 0]
                  10276430    0000002e                                                 : tasks.obj (.text.prvTaskCheckFreeStackSpace)
                  1027645e    00000002     --HOLE-- [fill = 0]
                  10276460    0000002e                                                 : list.obj (.text.vListInitialise)
                  1027648e    00000002     --HOLE-- [fill = 0]
                  10276490    0000002c                                                 : DebugP_log.obj (.text.DebugP_logZoneEnable)
                  102764bc    00000004     --HOLE-- [fill = 0]
                  102764c0    0000002c     mmwave_fullcfg.o (.text.MMWave_internalDelChirp)
                  102764ec    00000004     --HOLE-- [fill = 0]
                  102764f0    0000002c     ti_pinmux_config.o (.text.Pinmux_init)
                  1027651c    00000004     --HOLE-- [fill = 0]
                  10276520    0000002c     drivers.awr294x.r5f.ti-arm-clang.debug.lib : soc_rcm.obj (.text.SOC_rcmGetHSDivClkSrc)
                  1027654c    00000004     --HOLE-- [fill = 0]
                  10276550    0000002c                                                : soc_rcm.obj (.text.SOC_rcmGetR5Clock)
                  1027657c    00000004     --HOLE-- [fill = 0]
                  10276580    0000002c     freertos.awr294x.r5f.ti-arm-clang.debug.lib : TaskP_freertos.obj (.text.TaskP_calcCounterDiff)
                  102765ac    00000004     --HOLE-- [fill = 0]
                  102765b0    0000002c     libclang_rt.builtins.a : divsi3.S.obj (.text.__divsi3)
                  102765dc    0000002c     libc.a : vsnprintf.c.obj (.text._outc)
                  10276608    00000008     --HOLE-- [fill = 0]
                  10276610    0000002c     freertos.awr294x.r5f.ti-arm-clang.debug.lib : queue.obj (.text.prvInitialiseMutex)
                  1027663c    00000004     --HOLE-- [fill = 0]
                  10276640    0000002c                                                 : tasks.obj (.text.pvTaskIncrementMutexHeldCount)
                  1027666c    00000004     --HOLE-- [fill = 0]
                  10276670    0000002c                                                 : port.obj (.text.vApplicationGetIdleTaskMemory)
                  1027669c    00000004     --HOLE-- [fill = 0]
                  102766a0    0000002c                                                 : port.obj (.text.vApplicationGetTimerTaskMemory)
                  102766cc    00000004     --HOLE-- [fill = 0]
                  102766d0    0000002a     drivers.awr294x.r5f.ti-arm-clang.debug.lib : ipc_notify_v1.obj (.text.IpcNotify_isCoreEnabled)
                  102766fa    00000006     --HOLE-- [fill = 0]
                  10276700    0000002a                                                : ipc_rpmsg.obj (.text.RPMessage_putEndPtMsg)
                  1027672a    00000006     --HOLE-- [fill = 0]
                  10276730    0000002a     cli.o (.text.UART_Transaction_init)
                  1027675a    00000006     --HOLE-- [fill = 0]
                  10276760    0000002a     freertos.awr294x.r5f.ti-arm-clang.debug.lib : DebugP_uartLogWriter.obj (.text.UART_Transaction_init)
                  1027678a    00000006     --HOLE-- [fill = 0]
                  10276790    00000028                                                 : CpuId_armv7r.obj (.text.CSL_armR5GetCpuID)
                  102767b8    00000008     --HOLE-- [fill = 0]
                  102767c0    00000028     drivers.awr294x.r5f.ti-arm-clang.debug.lib : ipc_notify_v1.obj (.text.IpcNotify_syncCustomIpcConfig)
                  102767e8    00000008     --HOLE-- [fill = 0]
                  102767f0    00000028     freertos.awr294x.r5f.ti-arm-clang.debug.lib : tasks.obj (.text.prvIdleTask)
                  10276818    00000008     --HOLE-- [fill = 0]
                  10276820    00000028                                                 : queue.obj (.text.prvIsQueueEmpty)
                  10276848    00000028     libc.a : _printfi.c.obj (.text.strchr)
                  10276870    00000028     freertos.awr294x.r5f.ti-arm-clang.debug.lib : printf.obj (.text.vprintf_)
                  10276898    00000008     --HOLE-- [fill = 0]
                  102768a0    00000026     drivers.awr294x.r5f.ti-arm-clang.debug.lib : edma.obj (.text.EDMA_disableQdmaEvtRegion)
                  102768c6    0000000a     --HOLE-- [fill = 0]
                  102768d0    00000026                                                : edma.obj (.text.EDMA_enableQdmaEvtRegion)
                  102768f6    0000000a     --HOLE-- [fill = 0]
                  10276900    00000026                                                : edma.obj (.text.EDMA_getEnabledIntrHighRegion)
                  10276926    0000000a     --HOLE-- [fill = 0]
                  10276930    00000026                                                : edma.obj (.text.EDMA_getEnabledIntrRegion)
                  10276956    0000000a     --HOLE-- [fill = 0]
                  10276960    00000026                                                : edma.obj (.text.EDMA_getIntrStatusRegion)
                  10276986    0000000a     --HOLE-- [fill = 0]
                  10276990    00000026                                                : edma.obj (.text.EDMA_intrStatusHighGetRegion)
                  102769b6    0000000a     --HOLE-- [fill = 0]
                  102769c0    00000026                                                : edma.obj (.text.EDMA_validateIntrObject)
                  102769e6    0000000a     --HOLE-- [fill = 0]
                  102769f0    00000026     mmwave_fullcfg.o (.text.MMWave_internalDelAdvChirp)
                  10276a16    0000000a     --HOLE-- [fill = 0]
                  10276a20    00000026     mmwave_fullcfg.o (.text.MMWave_internalDelBpmChirp)
                  10276a46    0000000a     --HOLE-- [fill = 0]
                  10276a50    00000026     mmwave_fullcfg.o (.text.MMWave_internalDelPhaseShiftChirp)
                  10276a76    0000000a     --HOLE-- [fill = 0]
                  10276a80    00000026     mmwave_fullcfg.o (.text.MMWave_internalDelProfile)
                  10276aa6    0000000a     --HOLE-- [fill = 0]
                  10276ab0    00000026     freertos.awr294x.r5f.ti-arm-clang.debug.lib : queue.obj (.text.prvGetDisinheritPriorityAfterTimeout)
                  10276ad6    0000000a     --HOLE-- [fill = 0]
                  10276ae0    00000026     rl_driver.o (.text.rlDriverConstructOutMsg)
                  10276b06    0000000a     --HOLE-- [fill = 0]
                  10276b10    00000026     freertos.awr294x.r5f.ti-arm-clang.debug.lib : HeapP_internal.obj (.text.vHeapCreateStatic)
                  10276b36    0000000a     --HOLE-- [fill = 0]
                  10276b40    00000024     ti_drivers_config.o (.text.IpcNotify_getConfig)
                  10276b64    00000024     libclang_rt.builtins.a : aeabi_uldivmod.S.obj (.text.__aeabi_uldivmod)
                  10276b88    00000008     --HOLE-- [fill = 0]
                  10276b90    00000024     freertos.awr294x.r5f.ti-arm-clang.debug.lib : printf.obj (.text._out_char)
                  10276bb4    0000000c     --HOLE-- [fill = 0]
                  10276bc0    00000024                                                 : tasks.obj (.text.vTaskInternalSetTimeOutState)
                  10276be4    0000000c     --HOLE-- [fill = 0]
                  10276bf0    00000022     drivers.awr294x.r5f.ti-arm-clang.debug.lib : edma.obj (.text.EDMA_channelToParamMap)
                  10276c12    0000000e     --HOLE-- [fill = 0]
                  10276c20    00000022                                                : soc_rcm.obj (.text.SOC_rcmGetFixedRootClkFout)
                  10276c42    0000000e     --HOLE-- [fill = 0]
                  10276c50    00000020     freertos.awr294x.r5f.ti-arm-clang.debug.lib : ClockP_freertos.obj (.text.ClockP_usecToTicks)
                  10276c70    00000020                                                 : HeapP_freertos.obj (.text.HeapP_alloc)
                  10276c90    00000020     drivers.awr294x.r5f.ti-arm-clang.debug.lib : ipc_notify_v1_cfg.obj (.text.IpcNotify_wait)
                  10276cb0    00000020                                                : ipc_rpmsg.obj (.text.RPMessage_CreateParams_init)
                  10276cd0    00000020     freertos.awr294x.r5f.ti-arm-clang.debug.lib : heap_3.obj (.text.vPortFree)
                  10276cf0    00000020     libc.a : wcslen.c.obj (.text.wcslen)
                  10276d10    0000001e     drivers.awr294x.r5f.ti-arm-clang.debug.lib : soc.obj (.text.SOC_moduleSetClockFrequency)
                  10276d2e    00000002     --HOLE-- [fill = 0]
                  10276d30    0000001e     freertos.awr294x.r5f.ti-arm-clang.debug.lib : timers.obj (.text.prvTimerTask)
                  10276d4e    00000002     --HOLE-- [fill = 0]
                  10276d50    0000001e                                                 : port.obj (.text.xPortStartScheduler)
                  10276d6e    00000002     --HOLE-- [fill = 0]
                  10276d70    0000001e                                                 : tasks.obj (.text.xTaskGetTickCount)
                  10276d8e    00000002     --HOLE-- [fill = 0]
                  10276d90    0000001c     drivers.awr294x.r5f.ti-arm-clang.debug.lib : edma.obj (.text.EDMA_errIntrHighStatusGet)
                  10276dac    00000004     --HOLE-- [fill = 0]
                  10276db0    0000001c                                                : edma.obj (.text.EDMA_getCCErrStatus)
                  10276dcc    00000004     --HOLE-- [fill = 0]
                  10276dd0    0000001c                                                : edma.obj (.text.EDMA_getErrIntrStatus)
                  10276dec    00000004     --HOLE-- [fill = 0]
                  10276df0    0000001c                                                : edma.obj (.text.EDMA_qdmaGetErrIntrStatus)
                  10276e0c    00000004     --HOLE-- [fill = 0]
                  10276e10    0000001c     freertos.awr294x.r5f.ti-arm-clang.debug.lib : HeapP_freertos.obj (.text.HeapP_free)
                  10276e2c    00000004     --HOLE-- [fill = 0]
                  10276e30    0000001c     ti_dpl_config.o (.text.putchar_)
                  10276e4c    0000001c     libsysbm.a : hostrename.c.obj (.text.strcpy)
                  10276e68    0000001c     libc.a : _printfi.c.obj (.text.strlen)
                  10276e84    0000001c     libsysbm.a : hostrename.c.obj (.text.strlen)
                  10276ea0    0000001c     freertos.awr294x.r5f.ti-arm-clang.debug.lib : port.obj (.text.vPortYeildFromISR)
                  10276ebc    0000001c     libc.a : memcpy32.S.obj (.text:TI_memcpy_small)
                  10276ed8    00000008     --HOLE-- [fill = 0]
                  10276ee0    00000018     drivers.awr294x.r5f.ti-arm-clang.debug.lib : soc_rcm.obj (.text.CSL_TopCtrl_readXtalFreqScale)
                  10276ef8    00000008     --HOLE-- [fill = 0]
                  10276f00    00000018                                                : edma.obj (.text.EDMA_clrCCErr)
                  10276f18    00000008     --HOLE-- [fill = 0]
                  10276f20    00000018                                                : edma.obj (.text.EDMA_isInterruptEnabled)
                  10276f38    00000008     --HOLE-- [fill = 0]
                  10276f40    00000018                                                : ipc_notify_v1.obj (.text.IpcNotify_mailboxClearAllInt)
                  10276f58    00000008     --HOLE-- [fill = 0]
                  10276f60    00000018     mmwave_fullcfg.o (.text.MMWave_internalDelAdvChirpLUTData)
                  10276f78    00000008     --HOLE-- [fill = 0]
                  10276f80    00000018     freertos.awr294x.r5f.ti-arm-clang.debug.lib : TimerP_rti.obj (.text.TimerP_getReloadCount)
                  10276f98    00000008     --HOLE-- [fill = 0]
                  10276fa0    00000018     drivers.awr294x.r5f.ti-arm-clang.debug.lib : uart_sci_edma.obj (.text.UART_disableRxDma)
                  10276fb8    00000008     --HOLE-- [fill = 0]
                  10276fc0    00000018                                                : uart_sci_edma.obj (.text.UART_enableRxDma)
                  10276fd8    00000008     --HOLE-- [fill = 0]
                  10276fe0    00000018     main.o (.text.freertos_main)
                  10276ff8    00000018     libc.a : memset32.S.obj (.text:TI_memset_small)
                  10277010    00000016     drivers.awr294x.r5f.ti-arm-clang.debug.lib : ipc_notify_v1.obj (.text.IpcNotify_registerNonNotifyCallback)
                  10277026    0000000a     --HOLE-- [fill = 0]
                  10277030    00000016                                                : ipc_rpmsg_vring.obj (.text.RPMessage_align)
                  10277046    0000000a     --HOLE-- [fill = 0]
                  10277050    00000016                                                : soc.obj (.text.SOC_getSelfCpuClk)
                  10277066    0000000a     --HOLE-- [fill = 0]
                  10277070    00000016     freertos.awr294x.r5f.ti-arm-clang.debug.lib : SemaphoreP_freertos.obj (.text.SemaphoreP_destruct)
[...]
10272144  __TI_ltoa                              
10272261  rlDriverVerifyCRC                      
102722f1  MMWave_getAdvChirpParams               
10272381  RPMessage_Params_init                  
10272531  rlGetSubBlock                          
102725b8  HOSTread                               
1027263c  HOSTwrite                              
102726c1  RPMessage_notifyCallback               
10272751  EDMA_allocDmaChannel                   
102727e1  EDMA_allocParam                        
10272871  EDMA_allocTcc                          
10272a21  SemaphoreP_pend                        
10272ab1  _DebugP_assert                         
10272b41  rlAppendSubBlock                       
10272bd1  CLI_MMWaveExtensionHandler             
10272d51  ClockP_getTimeUsec                     
10272dd1  rlDriverExecuteSetApi                  
10272e51  xQueueTakeMutexRecursive               
10272f50  frexp                                  
10272f50  frexpl                                 
10272fd1  rlDeviceGetVersion                     
10273051  xQueueGiveMutexRecursive               
102731c8  strtok                                 
102732c1  RPMessage_vringIsFullRxBuf             
102733c1  CLI_MMWaveExtensionHelp                
10273441  EDMA_clrMissEvtRegion                  
102735c1  SemaphoreP_constructMutex              
102736a0  HOSTunlink                             
10273711  MMWave_listRemoveNode                  
10273781  rlDriverCmdSendRetry                   
102737f1  vListInsert                            
10273861  vTaskDelay                             
102738d1  EDMA_getBaseAddr                       
10273938  atoi                                   
102739a1  empty_main                             
10273a11  RPMessage_controlEndPtHandler          
10273a81  vApplicationLoadHook                   
10273af1  vQueueWaitForMessageRestricted         
10273bd1  SemaphoreP_post                        
10273c41  vTaskPlaceOnEventListRestricted        
10273ca4  HOSTclose                              
10273d64  vsnprintf                              
10273dd1  RPMessage_vringCheckEmptyTxBuf         
10273e31  CLI_write                              
10273e91  Module_clockSetFrequency               
10273f4c  __TI_cleanup                           
10273fa4  __TI_readmsg                           
10273ffc  __TI_writemsg                          
10274048  C$$IO$$                                
102740b1  EDMA_getHandle                         
10274111  MMWave_listCat                         
10274171  rlDriverConstructInMsg                 
102741d1  EDMA_setPaRAM                          
10274231  IpcNotify_getMemoryToWrite             
102742e4  exit                                   
10274338  finddevice                             
10274391  vQueueDelete                           
102743f1  vQueueUnregisterQueue                  
10274444  __TI_auto_init_nobinit_nopinit         
102744a1  EDMA_readIntrStatusRegion              
10274501  MMWave_decodeError                     
10274561  Pinmux_config                          
102745c1  RPMessage_allocEndPtMsg                
10274681  vQueueAddToRegistry                    
102746e1  vTaskPlaceOnEventList                  
10274791  Drivers_edmaClose                      
102747e1  Drivers_uartClose                      
10274881  EDMA_clrEvtRegion                      
102748d1  EDMA_clrIntrRegion                     
10274921  EDMA_disableDmaEvtRegion               
10274971  EDMA_disableEvtIntrRegion              
102749c1  EDMA_enableDmaEvtRegion                
10274a11  EDMA_enableEvtIntrRegion               
10274ab1  EDMA_setEvtRegion                      
10274b01  IpcNotify_getMemoryToRead              
10274b51  CLI_MMWaveExtensionInit                
10274ba1  EDMA_ccPaRAMEntry_init                 
10274bf1  EDMA_mapQdmaChToPaRAM                  
10274c91  IpcNotify_unregisterClient             
10274ce1  Module_clockEnable                     
10274d81  UART_getHandle                         
10274dcc  memccpy                                
10274e21  rlDriverCalCRC                         
10274e71  rlDriverValidateHdr                    
10274f11  Mailbox_readCallback                   
10275001  rlDeviceGetMmWaveLinkVersion           
10275051  rlDeviceGetMssVersion                  
10275098  strcspn                                
102750e0  unlink                                 
10275131  uxListRemove                           
10275181  DebugP_uartLogWriterPutChar            
102751d1  Dpl_init                               
10275221  MMWave_encodeError                     
10275271  Mailbox_getRemoteCoreObj               
102752c1  RPMessage_freeEndPtMsg                 
10275311  RPMessage_vringGetSize                 
10275361  SOC_rcmGetPeripheralClock              
10275401  vTaskExitCritical                      
10275451  MMWave_listAdd                         
102756d1  rlDriverFillPayload                    
10275714  strspn                                 
10275801  MMWave_listRemove                      
102758a1  rlRfApllSynthBwCtlConfig               
102758f1  rlRfSetLdoBypassConfig                 
10275941  xTaskGetIdleTaskHandle                 
10275991  IpcNotify_allocSwQueue                 
10275a91  SOC_rcmIsPadDisableRequired            
10275ad1  SOC_rcmIsR5FInLockStepMode             
10275b11  HeapP_construct                        
10275b51  RPMessage_isLinuxCore                  
10275b91  RPMessage_vringGetRxBufAddr            
10275c11  rlAppendDummy                          
10275c91  rlDriverShiftDWord                     
10275cd1  vListInsertEnd                         
10275d11  EDMA_qdmaClrMissEvtRegion              
10275d91  rlDriverIsDeviceMapValid               
10275dd1  xTaskGetSchedulerState                 
10275e11  EDMA_getRegionId                       
10275e51  IpcNotify_syncCallback                 
10275e91  RPMessage_controlEndPtInit             
10275f51  rlGetRfDieId                           
10275f91  TimerP_Params_init                     
10275ff8  lseek                                  
10276031  rlDeviceGetRfVersion                   
10276071  vPortTimerTickHandler                  
102760a4  write                                  
102760e1  ClockP_timerTickIsr                    
102761e1  TimerP_getCount                        
10276221  vApplicationStackOverflowHook          
10276261  vTaskEnterCritical                     
102762a1  xQueueCreateMutexStatic                
10276340  CycleCounterP_getCount32               
10276348  PmuP_setup                             
10276350  PmuP_enableCounters                    
10276358  PmuP_disableCounters                   
10276360  PmuP_getOverflowStatus                 
10276368  PmuP_clearOverflowStatus               
10276371  Mailbox_isCoreEnabled                  
10276461  vListInitialise                        
10276491  DebugP_logZoneEnable                   
102764f1  Pinmux_init                            
10276551  SOC_rcmGetR5Clock                      
102765b0  __aeabi_idiv                           
102765b0  __divsi3                               
10276641  pvTaskIncrementMutexHeldCount          
10276671  vApplicationGetIdleTaskMemory          
102766a1  vApplicationGetTimerTaskMemory         
102766d1  IpcNotify_isCoreEnabled                
10276701  RPMessage_putEndPtMsg                  
10276791  CSL_armR5GetCpuID                      
102767c1  IpcNotify_syncCustomIpcConfig          
10276871  vprintf_                               
102768a1  EDMA_disableQdmaEvtRegion              
102768d1  EDMA_enableQdmaEvtRegion               
10276901  EDMA_getEnabledIntrHighRegion          
10276931  EDMA_getEnabledIntrRegion              
10276961  EDMA_getIntrStatusRegion               
10276991  EDMA_intrStatusHighGetRegion           
10276ae1  rlDriverConstructOutMsg                
10276b11  vHeapCreateStatic                      
10276b41  IpcNotify_getConfig                    
10276b64  __aeabi_uldivmod                       
10276bc1  vTaskInternalSetTimeOutState           
10276bf1  EDMA_channelToParamMap                 
10276c51  ClockP_usecToTicks                     
10276c71  HeapP_alloc                            
10276c91  IpcNotify_wait                         
10276cb1  RPMessage_CreateParams_init            
10276cd1  vPortFree                              
10276cf0  wcslen                                 
10276d11  SOC_moduleSetClockFrequency            
10276d51  xPortStartScheduler                    
10276d71  xTaskGetTickCount                      
10276d91  EDMA_errIntrHighStatusGet              
10276db1  EDMA_getCCErrStatus                    
10276dd1  EDMA_getErrIntrStatus                  
10276df1  EDMA_qdmaGetErrIntrStatus              
10276e11  HeapP_free                             
10276e31  putchar_                               
10276ea1  vPortYeildFromISR                      
10276ebc  TI_memcpy_small                        
10276f01  EDMA_clrCCErr                          
10276f21  EDMA_isInterruptEnabled                
10276f81  TimerP_getReloadCount                  
10276fe1  freertos_main                          
10276ff8  TI_memset_small                        
10277011  IpcNotify_registerNonNotifyCallback    
10277051  SOC_getSelfCpuClk                      
10277071  SemaphoreP_destruct                    
10277091  TimerP_start                           
102770b1  TimerP_stop                            
102770d1  DebugP_uartSetDrvIndex                 
10277131  TimerP_clearOverflowInt                
10277191  xTaskGetCurrentTaskHandle              
102771d1  rlGetSubBlockId                        
102771f1  rlGetSubBlockLen                       
10277211  uiPortGetRunTimeCounterValue           
10277231  AddrTranslateP_getLocalAddr            
10277261  ClockP_getTimerCount                   
10277271  ClockP_timerClearOverflowInt           
102772b1  SOC_moduleClockEnable                  
10277340  __aeabi_memset                         
10277340  __aeabi_memset4                        
10277340  __aeabi_memset8                        
10277360  putchar                                
10277371  vTaskSuspendAll                        
10277381  IpcNotify_isCustomIpcConfigEnabled     
10277391  Mailbox_Params_init                    
102773a1  rlDriverGetPlatformId                  
102773b1  vListInitialiseItem                    
102773c1  vTaskMissedYield                       
102773d1  Board_driversOpen                      
102773e1  Drivers_open                           
102773f1  IpcNotify_getSelfCoreId                
10277401  MMWave_listGetHead                     
10277411  MMWave_listGetNext                     
10277421  PowerClock_init                        
10277481  rlDriverGetHandle                      
10277491  vApplicationIdleHook                   
102774c1  ClockP_getTicks                        
10277501  TaskP_yield                            
10277511  Board_init                             
10277521  vPortConfigTimerForRunTimeStats        
10277531  vPortValidateInterruptPriority         
10277820  __aeabi_ctype_table_                   
10277820  __aeabi_ctype_table_C                  
10277d1c  gCacheConfig                           
10277d24  gMpuConfig                             
10277d30  gMpuRegionConfig                       
1027a5d4  gCacheL1dCacheLineSize                 
1027a5d8  gCacheL1pCacheLineSize                 
1027a5e8  uxTopUsedPriority                      
1027a600  __BSS_START                            
1027a600  gCliTskStack                           
1027e600  gMainTaskStack                         
10282600  gHwiCtrl                               
10284608  gIpcRpmsgCtrl                          
102853ec  gCLI                                   
10285aec  _CIOBUF_                               
10285aec  __CIOBUF_                              
10285d0c  xQueueRegistry                         
10285e0c  gCLIMMWaveControlCfg                   
10285ee0  __TI_tmpnams                           
10285f80  gTaskP_ctrl                            
102861d0  gCliTaskObj                            
1028625c  gMainTaskObj                           
102863b8  gRovDummyQueue                         
10286408  gCLIMMWaveOpenCfg                      
10286450  gClockCtrl                             
10286488  gMailbox_ctrl                          
1028652c  virtToPhymap                           
1028653c  parmbuf                                
10286548  gCLI_mmwave_freq_scale_factor          
10286564  gCliTask                               
10286568  gEdmaHandle                            
1028656c  gMainTask                              
10286570  gUartHandle                            
10286580  __BSS_END                              
10286580  _sys_memory                            
1028e580  __stack                                
10292580  __STACK_END                            
1029476c  gIpcNotifyMailboxConfig                
1029492c  rl_rxMsg                               
10294a2c  rl_txMsg                               
10294b2c  gIpcNotifyCtrl                         
10294c28  _ftable                                
10294d18  gCLIMMWaveExtensionTable               
10294dfc  gMailboxRemoteCoreObj_c66ss0_to_rss_r4 
10294ebc  gMailboxRemoteCoreObj_r5ss0_0_to_rss_r4
10295128  _device                                
102951a0  gIpcNotifyInterruptConfig_r5fss0_0     
10295210  _stream                                
10295298  gUartParams                            
102952d0  gClockConfig                           
102952e8  gSocModulesClockFrequency              
10295300  gIpcNotifyCoreIntrBitPos               
10295310  __TI_cleanup_ptr                       
10295314  __TI_dtors_ptr                         
10295318  gEdmaConfig                            
10295320  gEdmaParams                            
10295328  gSocModules                            
10295338  gUartConfig                            
10295350  FreeRTOS_errno                         
10295354  __TI_ft_end                            
10295358  __aeabi_errno                          
1029535c  _lock                                  
10295360  _unlock                                
10295368  gDebugLogZone                          
1029536c  gDebugP_uartDrvIndex                   
10295370  gEdmaConfigNum                         
10295374  gHwiConfig                             
10295378  gIpcNotifyInterruptConfigNum_r5fss0_0  
1029537c  gUartConfigNum                         
10295388  pxCurrentTCB                           
1029538c  ulPortInterruptNesting                 
10295390  ulPortSchedularRunning                 
10295394  ulPortTaskHasFPUContext                
10295398  ulPortYieldRequired                    
102953dd  isMapAvailable                         
10295401  HwiP_irq_handler_c                     
10295541  HwiP_fiq_handler                       
102956b1  HwiP_reserved_handler                  
102956f1  HwiP_user_undefined_handler_c          
10295731  HwiP_undefined_handler_c               
10295771  HwiP_user_prefetch_abort_handler_c     
102957d1  HwiP_prefetch_abort_handler_c          
102958a1  HwiP_user_data_abort_handler_c         
10295911  HwiP_data_abort_handler_c              
102959f1  HwiP_enableInt                         
10295a31  HwiP_disableInt                        
10295a91  HwiP_restoreInt                        
10295ac1  HwiP_clearInt                          
10295b01  HwiP_post                              
10295b41  HwiP_Params_init                       
10295b71  HwiP_construct                         
10295d71  HwiP_destruct                          
10295de1  HwiP_init                              
10295f91  HwiP_inISR                             
10295fb8  vPortRestoreTaskContext                
10295ff0  HwiP_svc_handler                       
10296060  HwiP_irq_handler                       
102961a4  HwiP_data_abort_handler                
102961e8  HwiP_prefetch_abort_handler            
10296218  HwiP_undefined_handler                 
10296260  GET_DFSR                               
10296268  GET_ADFSR                              
10296270  GET_DFAR                               
10296278  GET_IFSR                               
10296280  GET_AIFSR                              
10296288  GET_IFAR                               
10296290  GET_SPSR                               
102962a4  HwiP_disable                           
102962b4  HwiP_disableFIQ                        
102962c4  HwiP_enable                            
102962d4  HwiP_enableFIQ                         
102962e4  HwiP_restore                           
102962ec  HwiP_enableVIC                         
102962fc  HwiP_disableVIC                        
1029630c  HwiP_getCPSR                           
10296320  CacheP_disableL1d                      
10296348  CacheP_disableL1p                      
10296360  CacheP_enableL1d                       
10296378  CacheP_enableL1p                       
10296390  CacheP_invL1d                          
102963c8  CacheP_invL1p                          
10296404  CacheP_invL1dAll                       
1029640c  CacheP_invL1pAll                       
10296414  CacheP_wb                              
10296450  CacheP_wbInv                           
1029648c  CacheP_wbAll                           
10296534  CacheP_wbInvAll                        
1029654c  CacheP_wbInvAllAsm                     
102965ec  CacheP_getEnabled                      
10296624  CacheP_getCacheLevelInfo               
10296630  CacheP_configForceWrThru               
10296650  CacheP_setDLFO                         
10296661  CacheP_init                            
102966f1  CacheP_disable                         
10296741  CacheP_enable                          
10296781  CacheP_inv                             
102967c1  MpuP_RegionAttrs_init                  
102967f1  MpuP_setRegion                         
102968e1  MpuP_isEnable                          
102968f1  MpuP_disable                           
10296931  MpuP_enable                            
10296971  MpuP_init                              
10296a08  MpuP_disableAsm                        
10296a20  MpuP_disableBRAsm                      
10296a30  MpuP_enableAsm                         
10296a48  MpuP_enableBRAsm                       
10296a58  MpuP_isEnableAsm                       
10296a6c  MpuP_setRegionAsm                      
10296a80  _c_int00_sbl                           
10296aa4  _c_int00                               
10296b81  _DebugP_assertNoLog                    
10296bb1  _system_pre_init                       
10296be1  __mpu_init                             
10296bf0  abort                                  
10296bf8  __IRQ_STACK_START                      
10296cf8  __FIQ_STACK_START                      
10296cf8  __IRQ_STACK_END                        
10296df8  __FIQ_STACK_END                        
10296df8  __SVC_STACK_START                      
10297df8  __ABORT_STACK_START                    
10297df8  __SVC_STACK_END                        
10297ef8  __ABORT_STACK_END                      
10297ef8  __UNDEFINED_STACK_START                
10297ff8  __UNDEFINED_STACK_END                  
c5000200  gIpcSharedMem                          
ffffffff  __TI_pprof_out_hndl                    
ffffffff  __TI_prof_data_size                    
ffffffff  __TI_prof_data_start                   
ffffffff  __binit__                              
ffffffff  binit                                  
UNDEFED   __TI_CINIT_Base                        
UNDEFED   __TI_CINIT_Limit                       
UNDEFED   __TI_Handler_Table_Base                
UNDEFED   __TI_Handler_Table_Limit               
UNDEFED   _system_post_cinit                     

[562 symbols]
