<?xml version="1.0" encoding="ISO-8859-1" ?>
<link_info>
   <banner>TI ARM Clang Linker PC v4.0.3.LTS</banner>
   <copyright>Copyright (c) 1996-2018 Texas Instruments Incorporated</copyright>
   <command_line>C:\ti\ccs2030\ccs\tools\compiler\ti-cgt-armllvm_4.0.3.LTS\bin\tiarmlnk -IC:\ti\ccs2030\ccs\tools\compiler\ti-cgt-armllvm_4.0.3.LTS\lib -o empty_awr294x-evm_r5fss0-0_freertos_ti-arm-clang.out -mempty.Debug.map -iC:/ti/mmwave_mcuplus_sdk_04_07_01_04/mcu_plus_sdk_awr294x_10_01_00_04/source/kernel/freertos/lib -iC:/ti/mmwave_mcuplus_sdk_04_07_01_04/mcu_plus_sdk_awr294x_10_01_00_04/source/drivers/lib -iC:/ti/ccs2030/ccs/tools/compiler/ti-cgt-armllvm_4.0.3.LTS/lib --reread_libs --diag_suppress=10063 --diag_wrap=off --display_error_number --warn_sections --xml_link_info=empty_awr294x-evm_r5fss0-0_freertos_ti-arm-clang_linkInfo.xml --ram_model ./cli.o ./cli_mmwave.o ./empty.o ./syscfg/ti_dpl_config.o ./syscfg/ti_drivers_config.o ./syscfg/ti_drivers_open_close.o ./syscfg/ti_pinmux_config.o ./syscfg/ti_power_clock_config.o ./syscfg/ti_board_config.o ./syscfg/ti_board_open_close.o ./syscfg/ti_enet_config.o ./syscfg/ti_enet_open_close.o ./syscfg/ti_enet_soc.o ./syscfg/ti_enet_lwipif.o ./main.o ./mmwave.o ./mmwave_fullcfg.o ./mmwave_link_common.o ./mmwave_link_mailbox.o ./mmwave_listlib.o ./mmwave_osal.o ./rl_controller.o ./rl_device.o ./rl_driver.o ./rl_monitoring.o ./rl_sensor.o ../linker.cmd -lfreertos.awr294x.r5f.ti-arm-clang.debug.lib -ldrivers.awr294x.r5f.ti-arm-clang.debug.lib -llibc.a -llibsysbm.a --start-group -llibc++.a -llibc++abi.a -llibc.a -llibsys.a -llibsysbm.a -llibclang_rt.builtins.a -llibclang_rt.profile.a --end-group</command_line>
   <link_time>0x68dd70d7</link_time>
   <link_errors>0x0</link_errors>
   <output_file>C:\Users\there\Documents\Capstone\RadarFirmware\TestProjects\empty_awr294x-evm_r5fss0-0_freertos_ti-arm-clang\Debug\empty_awr294x-evm_r5fss0-0_freertos_ti-arm-clang.out</output_file>
   <entry_point>
      <name>_vectors</name>
      <address>0x0</address>
   </entry_point>
   <input_file_list>
      <input_file id="fl-1">
         <path>C:\Users\there\Documents\Capstone\RadarFirmware\TestProjects\empty_awr294x-evm_r5fss0-0_freertos_ti-arm-clang\Debug\.\</path>
         <kind>object</kind>
         <file>cli.o</file>
         <name>cli.o</name>
      </input_file>
      <input_file id="fl-2">
         <path>C:\Users\there\Documents\Capstone\RadarFirmware\TestProjects\empty_awr294x-evm_r5fss0-0_freertos_ti-arm-clang\Debug\.\</path>
         <kind>object</kind>
         <file>cli_mmwave.o</file>
         <name>cli_mmwave.o</name>
      </input_file>
      <input_file id="fl-3">
         <path>C:\Users\there\Documents\Capstone\RadarFirmware\TestProjects\empty_awr294x-evm_r5fss0-0_freertos_ti-arm-clang\Debug\.\</path>
         <kind>object</kind>
         <file>empty.o</file>
         <name>empty.o</name>
      </input_file>
      <input_file id="fl-4">
         <path>C:\Users\there\Documents\Capstone\RadarFirmware\TestProjects\empty_awr294x-evm_r5fss0-0_freertos_ti-arm-clang\Debug\.\syscfg\</path>
         <kind>object</kind>
         <file>ti_dpl_config.o</file>
         <name>ti_dpl_config.o</name>
      </input_file>
      <input_file id="fl-5">
         <path>C:\Users\there\Documents\Capstone\RadarFirmware\TestProjects\empty_awr294x-evm_r5fss0-0_freertos_ti-arm-clang\Debug\.\syscfg\</path>
         <kind>object</kind>
         <file>ti_drivers_config.o</file>
         <name>ti_drivers_config.o</name>
      </input_file>
      <input_file id="fl-6">
         <path>C:\Users\there\Documents\Capstone\RadarFirmware\TestProjects\empty_awr294x-evm_r5fss0-0_freertos_ti-arm-clang\Debug\.\syscfg\</path>
         <kind>object</kind>
         <file>ti_drivers_open_close.o</file>
         <name>ti_drivers_open_close.o</name>
      </input_file>
      <input_file id="fl-7">
         <path>C:\Users\there\Documents\Capstone\RadarFirmware\TestProjects\empty_awr294x-evm_r5fss0-0_freertos_ti-arm-clang\Debug\.\syscfg\</path>
         <kind>object</kind>
         <file>ti_pinmux_config.o</file>
         <name>ti_pinmux_config.o</name>
      </input_file>
      <input_file id="fl-8">
         <path>C:\Users\there\Documents\Capstone\RadarFirmware\TestProjects\empty_awr294x-evm_r5fss0-0_freertos_ti-arm-clang\Debug\.\syscfg\</path>
         <kind>object</kind>
         <file>ti_power_clock_config.o</file>
         <name>ti_power_clock_config.o</name>
      </input_file>
      <input_file id="fl-9">
         <path>C:\Users\there\Documents\Capstone\RadarFirmware\TestProjects\empty_awr294x-evm_r5fss0-0_freertos_ti-arm-clang\Debug\.\syscfg\</path>
         <kind>object</kind>
         <file>ti_board_config.o</file>
         <name>ti_board_config.o</name>
      </input_file>
      <input_file id="fl-a">
         <path>C:\Users\there\Documents\Capstone\RadarFirmware\TestProjects\empty_awr294x-evm_r5fss0-0_freertos_ti-arm-clang\Debug\.\syscfg\</path>
         <kind>object</kind>
         <file>ti_board_open_close.o</file>
         <name>ti_board_open_close.o</name>
      </input_file>
      <input_file id="fl-b">
         <path>C:\Users\there\Documents\Capstone\RadarFirmware\TestProjects\empty_awr294x-evm_r5fss0-0_freertos_ti-arm-clang\Debug\.\syscfg\</path>
         <kind>object</kind>
         <file>ti_enet_config.o</file>
         <name>ti_enet_config.o</name>
      </input_file>
      <input_file id="fl-c">
         <path>C:\Users\there\Documents\Capstone\RadarFirmware\TestProjects\empty_awr294x-evm_r5fss0-0_freertos_ti-arm-clang\Debug\.\syscfg\</path>
         <kind>object</kind>
         <file>ti_enet_open_close.o</file>
         <name>ti_enet_open_close.o</name>
      </input_file>
      <input_file id="fl-d">
         <path>C:\Users\there\Documents\Capstone\RadarFirmware\TestProjects\empty_awr294x-evm_r5fss0-0_freertos_ti-arm-clang\Debug\.\syscfg\</path>
         <kind>object</kind>
         <file>ti_enet_soc.o</file>
         <name>ti_enet_soc.o</name>
      </input_file>
      <input_file id="fl-e">
         <path>C:\Users\there\Documents\Capstone\RadarFirmware\TestProjects\empty_awr294x-evm_r5fss0-0_freertos_ti-arm-clang\Debug\.\syscfg\</path>
         <kind>object</kind>
         <file>ti_enet_lwipif.o</file>
         <name>ti_enet_lwipif.o</name>
      </input_file>
      <input_file id="fl-f">
         <path>C:\Users\there\Documents\Capstone\RadarFirmware\TestProjects\empty_awr294x-evm_r5fss0-0_freertos_ti-arm-clang\Debug\.\</path>
         <kind>object</kind>
         <file>main.o</file>
         <name>main.o</name>
      </input_file>
      <input_file id="fl-10">
         <path>C:\Users\there\Documents\Capstone\RadarFirmware\TestProjects\empty_awr294x-evm_r5fss0-0_freertos_ti-arm-clang\Debug\.\</path>
         <kind>object</kind>
         <file>mmwave.o</file>
         <name>mmwave.o</name>
      </input_file>
      <input_file id="fl-11">
         <path>C:\Users\there\Documents\Capstone\RadarFirmware\TestProjects\empty_awr294x-evm_r5fss0-0_freertos_ti-arm-clang\Debug\.\</path>
         <kind>object</kind>
         <file>mmwave_fullcfg.o</file>
         <name>mmwave_fullcfg.o</name>
      </input_file>
      <input_file id="fl-12">
         <path>C:\Users\there\Documents\Capstone\RadarFirmware\TestProjects\empty_awr294x-evm_r5fss0-0_freertos_ti-arm-clang\Debug\.\</path>
         <kind>object</kind>
         <file>mmwave_link_common.o</file>
         <name>mmwave_link_common.o</name>
      </input_file>
      <input_file id="fl-13">
         <path>C:\Users\there\Documents\Capstone\RadarFirmware\TestProjects\empty_awr294x-evm_r5fss0-0_freertos_ti-arm-clang\Debug\.\</path>
         <kind>object</kind>
         <file>mmwave_link_mailbox.o</file>
         <name>mmwave_link_mailbox.o</name>
      </input_file>
      <input_file id="fl-14">
         <path>C:\Users\there\Documents\Capstone\RadarFirmware\TestProjects\empty_awr294x-evm_r5fss0-0_freertos_ti-arm-clang\Debug\.\</path>
         <kind>object</kind>
         <file>mmwave_listlib.o</file>
         <name>mmwave_listlib.o</name>
      </input_file>
      <input_file id="fl-15">
         <path>C:\Users\there\Documents\Capstone\RadarFirmware\TestProjects\empty_awr294x-evm_r5fss0-0_freertos_ti-arm-clang\Debug\.\</path>
         <kind>object</kind>
         <file>mmwave_osal.o</file>
         <name>mmwave_osal.o</name>
      </input_file>
      <input_file id="fl-16">
         <path>C:\Users\there\Documents\Capstone\RadarFirmware\TestProjects\empty_awr294x-evm_r5fss0-0_freertos_ti-arm-clang\Debug\.\</path>
         <kind>object</kind>
         <file>rl_controller.o</file>
         <name>rl_controller.o</name>
      </input_file>
      <input_file id="fl-17">
         <path>C:\Users\there\Documents\Capstone\RadarFirmware\TestProjects\empty_awr294x-evm_r5fss0-0_freertos_ti-arm-clang\Debug\.\</path>
         <kind>object</kind>
         <file>rl_device.o</file>
         <name>rl_device.o</name>
      </input_file>
      <input_file id="fl-18">
         <path>C:\Users\there\Documents\Capstone\RadarFirmware\TestProjects\empty_awr294x-evm_r5fss0-0_freertos_ti-arm-clang\Debug\.\</path>
         <kind>object</kind>
         <file>rl_driver.o</file>
         <name>rl_driver.o</name>
      </input_file>
      <input_file id="fl-19">
         <path>C:\Users\there\Documents\Capstone\RadarFirmware\TestProjects\empty_awr294x-evm_r5fss0-0_freertos_ti-arm-clang\Debug\.\</path>
         <kind>object</kind>
         <file>rl_monitoring.o</file>
         <name>rl_monitoring.o</name>
      </input_file>
      <input_file id="fl-1a">
         <path>C:\Users\there\Documents\Capstone\RadarFirmware\TestProjects\empty_awr294x-evm_r5fss0-0_freertos_ti-arm-clang\Debug\.\</path>
         <kind>object</kind>
         <file>rl_sensor.o</file>
         <name>rl_sensor.o</name>
      </input_file>
      <input_file id="fl-28">
         <path>C:\Users\there\Documents\Capstone\RadarFirmware\TestProjects\empty_awr294x-evm_r5fss0-0_freertos_ti-arm-clang\Debug\</path>
         <kind>object</kind>
         <file>&lt;internal&gt;</file>
         <name>&lt;internal&gt;</name>
      </input_file>
      <input_file id="fl-29">
         <path>C:\ti\mmwave_mcuplus_sdk_04_07_01_04\mcu_plus_sdk_awr294x_10_01_00_04\source\kernel\freertos\lib\</path>
         <kind>archive</kind>
         <file>freertos.awr294x.r5f.ti-arm-clang.debug.lib</file>
         <name>DebugP_uartLogWriter.obj</name>
      </input_file>
      <input_file id="fl-2a">
         <path>C:\ti\mmwave_mcuplus_sdk_04_07_01_04\mcu_plus_sdk_awr294x_10_01_00_04\source\kernel\freertos\lib\</path>
         <kind>archive</kind>
         <file>freertos.awr294x.r5f.ti-arm-clang.debug.lib</file>
         <name>DebugP_log.obj</name>
      </input_file>
      <input_file id="fl-2b">
         <path>C:\ti\mmwave_mcuplus_sdk_04_07_01_04\mcu_plus_sdk_awr294x_10_01_00_04\source\kernel\freertos\lib\</path>
         <kind>archive</kind>
         <file>freertos.awr294x.r5f.ti-arm-clang.debug.lib</file>
         <name>HwiP_armv7r_vim.obj</name>
      </input_file>
      <input_file id="fl-2c">
         <path>C:\ti\mmwave_mcuplus_sdk_04_07_01_04\mcu_plus_sdk_awr294x_10_01_00_04\source\kernel\freertos\lib\</path>
         <kind>archive</kind>
         <file>freertos.awr294x.r5f.ti-arm-clang.debug.lib</file>
         <name>MpuP_armv7r.obj</name>
      </input_file>
      <input_file id="fl-2d">
         <path>C:\ti\mmwave_mcuplus_sdk_04_07_01_04\mcu_plus_sdk_awr294x_10_01_00_04\source\kernel\freertos\lib\</path>
         <kind>archive</kind>
         <file>freertos.awr294x.r5f.ti-arm-clang.debug.lib</file>
         <name>CacheP_armv7r.obj</name>
      </input_file>
      <input_file id="fl-2e">
         <path>C:\ti\mmwave_mcuplus_sdk_04_07_01_04\mcu_plus_sdk_awr294x_10_01_00_04\source\kernel\freertos\lib\</path>
         <kind>archive</kind>
         <file>freertos.awr294x.r5f.ti-arm-clang.debug.lib</file>
         <name>PmuP_armv7r.obj</name>
      </input_file>
      <input_file id="fl-2f">
         <path>C:\ti\mmwave_mcuplus_sdk_04_07_01_04\mcu_plus_sdk_awr294x_10_01_00_04\source\kernel\freertos\lib\</path>
         <kind>archive</kind>
         <file>freertos.awr294x.r5f.ti-arm-clang.debug.lib</file>
         <name>ClockP_freertos.obj</name>
      </input_file>
      <input_file id="fl-30">
         <path>C:\ti\mmwave_mcuplus_sdk_04_07_01_04\mcu_plus_sdk_awr294x_10_01_00_04\source\kernel\freertos\lib\</path>
         <kind>archive</kind>
         <file>freertos.awr294x.r5f.ti-arm-clang.debug.lib</file>
         <name>ClockP_freertos_r5.obj</name>
      </input_file>
      <input_file id="fl-31">
         <path>C:\ti\mmwave_mcuplus_sdk_04_07_01_04\mcu_plus_sdk_awr294x_10_01_00_04\source\kernel\freertos\lib\</path>
         <kind>archive</kind>
         <file>freertos.awr294x.r5f.ti-arm-clang.debug.lib</file>
         <name>DebugP_freertos.obj</name>
      </input_file>
      <input_file id="fl-32">
         <path>C:\ti\mmwave_mcuplus_sdk_04_07_01_04\mcu_plus_sdk_awr294x_10_01_00_04\source\kernel\freertos\lib\</path>
         <kind>archive</kind>
         <file>freertos.awr294x.r5f.ti-arm-clang.debug.lib</file>
         <name>HeapP_freertos.obj</name>
      </input_file>
      <input_file id="fl-33">
         <path>C:\ti\mmwave_mcuplus_sdk_04_07_01_04\mcu_plus_sdk_awr294x_10_01_00_04\source\kernel\freertos\lib\</path>
         <kind>archive</kind>
         <file>freertos.awr294x.r5f.ti-arm-clang.debug.lib</file>
         <name>HwiP_armv7r_handlers_freertos.obj</name>
      </input_file>
      <input_file id="fl-34">
         <path>C:\ti\mmwave_mcuplus_sdk_04_07_01_04\mcu_plus_sdk_awr294x_10_01_00_04\source\kernel\freertos\lib\</path>
         <kind>archive</kind>
         <file>freertos.awr294x.r5f.ti-arm-clang.debug.lib</file>
         <name>SemaphoreP_freertos.obj</name>
      </input_file>
      <input_file id="fl-35">
         <path>C:\ti\mmwave_mcuplus_sdk_04_07_01_04\mcu_plus_sdk_awr294x_10_01_00_04\source\kernel\freertos\lib\</path>
         <kind>archive</kind>
         <file>freertos.awr294x.r5f.ti-arm-clang.debug.lib</file>
         <name>tasks.obj</name>
      </input_file>
      <input_file id="fl-36">
         <path>C:\ti\mmwave_mcuplus_sdk_04_07_01_04\mcu_plus_sdk_awr294x_10_01_00_04\source\kernel\freertos\lib\</path>
         <kind>archive</kind>
         <file>freertos.awr294x.r5f.ti-arm-clang.debug.lib</file>
         <name>timers.obj</name>
      </input_file>
      <input_file id="fl-37">
         <path>C:\ti\mmwave_mcuplus_sdk_04_07_01_04\mcu_plus_sdk_awr294x_10_01_00_04\source\kernel\freertos\lib\</path>
         <kind>archive</kind>
         <file>freertos.awr294x.r5f.ti-arm-clang.debug.lib</file>
         <name>queue.obj</name>
      </input_file>
      <input_file id="fl-38">
         <path>C:\ti\mmwave_mcuplus_sdk_04_07_01_04\mcu_plus_sdk_awr294x_10_01_00_04\source\kernel\freertos\lib\</path>
         <kind>archive</kind>
         <file>freertos.awr294x.r5f.ti-arm-clang.debug.lib</file>
         <name>list.obj</name>
      </input_file>
      <input_file id="fl-39">
         <path>C:\ti\mmwave_mcuplus_sdk_04_07_01_04\mcu_plus_sdk_awr294x_10_01_00_04\source\kernel\freertos\lib\</path>
         <kind>archive</kind>
         <file>freertos.awr294x.r5f.ti-arm-clang.debug.lib</file>
         <name>heap_3.obj</name>
      </input_file>
      <input_file id="fl-3a">
         <path>C:\ti\mmwave_mcuplus_sdk_04_07_01_04\mcu_plus_sdk_awr294x_10_01_00_04\source\kernel\freertos\lib\</path>
         <kind>archive</kind>
         <file>freertos.awr294x.r5f.ti-arm-clang.debug.lib</file>
         <name>port.obj</name>
      </input_file>
      <input_file id="fl-3b">
         <path>C:\ti\mmwave_mcuplus_sdk_04_07_01_04\mcu_plus_sdk_awr294x_10_01_00_04\source\kernel\freertos\lib\</path>
         <kind>archive</kind>
         <file>freertos.awr294x.r5f.ti-arm-clang.debug.lib</file>
         <name>HwiP_armv7r_asm.obj</name>
      </input_file>
      <input_file id="fl-3c">
         <path>C:\ti\mmwave_mcuplus_sdk_04_07_01_04\mcu_plus_sdk_awr294x_10_01_00_04\source\kernel\freertos\lib\</path>
         <kind>archive</kind>
         <file>freertos.awr294x.r5f.ti-arm-clang.debug.lib</file>
         <name>MpuP_armv7r_asm.obj</name>
      </input_file>
      <input_file id="fl-3d">
         <path>C:\ti\mmwave_mcuplus_sdk_04_07_01_04\mcu_plus_sdk_awr294x_10_01_00_04\source\kernel\freertos\lib\</path>
         <kind>archive</kind>
         <file>freertos.awr294x.r5f.ti-arm-clang.debug.lib</file>
         <name>CacheP_armv7r_asm.obj</name>
      </input_file>
      <input_file id="fl-3e">
         <path>C:\ti\mmwave_mcuplus_sdk_04_07_01_04\mcu_plus_sdk_awr294x_10_01_00_04\source\kernel\freertos\lib\</path>
         <kind>archive</kind>
         <file>freertos.awr294x.r5f.ti-arm-clang.debug.lib</file>
         <name>PmuP_armv7r_asm.obj</name>
      </input_file>
      <input_file id="fl-3f">
         <path>C:\ti\mmwave_mcuplus_sdk_04_07_01_04\mcu_plus_sdk_awr294x_10_01_00_04\source\kernel\freertos\lib\</path>
         <kind>archive</kind>
         <file>freertos.awr294x.r5f.ti-arm-clang.debug.lib</file>
         <name>HwiP_armv7r_vectors_freertos_asm.obj</name>
      </input_file>
      <input_file id="fl-40">
         <path>C:\ti\mmwave_mcuplus_sdk_04_07_01_04\mcu_plus_sdk_awr294x_10_01_00_04\source\kernel\freertos\lib\</path>
         <kind>archive</kind>
         <file>freertos.awr294x.r5f.ti-arm-clang.debug.lib</file>
         <name>HwiP_armv7r_handlers_freertos_asm.obj</name>
      </input_file>
      <input_file id="fl-41">
         <path>C:\ti\mmwave_mcuplus_sdk_04_07_01_04\mcu_plus_sdk_awr294x_10_01_00_04\source\kernel\freertos\lib\</path>
         <kind>archive</kind>
         <file>freertos.awr294x.r5f.ti-arm-clang.debug.lib</file>
         <name>portASM.obj</name>
      </input_file>
      <input_file id="fl-42">
         <path>C:\ti\mmwave_mcuplus_sdk_04_07_01_04\mcu_plus_sdk_awr294x_10_01_00_04\source\kernel\freertos\lib\</path>
         <kind>archive</kind>
         <file>freertos.awr294x.r5f.ti-arm-clang.debug.lib</file>
         <name>TimerP_rti.obj</name>
      </input_file>
      <input_file id="fl-43">
         <path>C:\ti\mmwave_mcuplus_sdk_04_07_01_04\mcu_plus_sdk_awr294x_10_01_00_04\source\kernel\freertos\lib\</path>
         <kind>archive</kind>
         <file>freertos.awr294x.r5f.ti-arm-clang.debug.lib</file>
         <name>HeapP_internal.obj</name>
      </input_file>
      <input_file id="fl-44">
         <path>C:\ti\mmwave_mcuplus_sdk_04_07_01_04\mcu_plus_sdk_awr294x_10_01_00_04\source\kernel\freertos\lib\</path>
         <kind>archive</kind>
         <file>freertos.awr294x.r5f.ti-arm-clang.debug.lib</file>
         <name>printf.obj</name>
      </input_file>
      <input_file id="fl-45">
         <path>C:\ti\mmwave_mcuplus_sdk_04_07_01_04\mcu_plus_sdk_awr294x_10_01_00_04\source\kernel\freertos\lib\</path>
         <kind>archive</kind>
         <file>freertos.awr294x.r5f.ti-arm-clang.debug.lib</file>
         <name>TaskP_freertos.obj</name>
      </input_file>
      <input_file id="fl-46">
         <path>C:\ti\mmwave_mcuplus_sdk_04_07_01_04\mcu_plus_sdk_awr294x_10_01_00_04\source\kernel\freertos\lib\</path>
         <kind>archive</kind>
         <file>freertos.awr294x.r5f.ti-arm-clang.debug.lib</file>
         <name>boot_armv7r_asm.obj</name>
      </input_file>
      <input_file id="fl-47">
         <path>C:\ti\mmwave_mcuplus_sdk_04_07_01_04\mcu_plus_sdk_awr294x_10_01_00_04\source\kernel\freertos\lib\</path>
         <kind>archive</kind>
         <file>freertos.awr294x.r5f.ti-arm-clang.debug.lib</file>
         <name>boot_armv7r.obj</name>
      </input_file>
      <input_file id="fl-48">
         <path>C:\ti\mmwave_mcuplus_sdk_04_07_01_04\mcu_plus_sdk_awr294x_10_01_00_04\source\drivers\lib\</path>
         <kind>archive</kind>
         <file>drivers.awr294x.r5f.ti-arm-clang.debug.lib</file>
         <name>crc.obj</name>
      </input_file>
      <input_file id="fl-49">
         <path>C:\ti\mmwave_mcuplus_sdk_04_07_01_04\mcu_plus_sdk_awr294x_10_01_00_04\source\drivers\lib\</path>
         <kind>archive</kind>
         <file>drivers.awr294x.r5f.ti-arm-clang.debug.lib</file>
         <name>edma.obj</name>
      </input_file>
      <input_file id="fl-4a">
         <path>C:\ti\mmwave_mcuplus_sdk_04_07_01_04\mcu_plus_sdk_awr294x_10_01_00_04\source\drivers\lib\</path>
         <kind>archive</kind>
         <file>drivers.awr294x.r5f.ti-arm-clang.debug.lib</file>
         <name>ipc_notify_v1.obj</name>
      </input_file>
      <input_file id="fl-4b">
         <path>C:\ti\mmwave_mcuplus_sdk_04_07_01_04\mcu_plus_sdk_awr294x_10_01_00_04\source\drivers\lib\</path>
         <kind>archive</kind>
         <file>drivers.awr294x.r5f.ti-arm-clang.debug.lib</file>
         <name>ipc_notify_v1_cfg.obj</name>
      </input_file>
      <input_file id="fl-4c">
         <path>C:\ti\mmwave_mcuplus_sdk_04_07_01_04\mcu_plus_sdk_awr294x_10_01_00_04\source\drivers\lib\</path>
         <kind>archive</kind>
         <file>drivers.awr294x.r5f.ti-arm-clang.debug.lib</file>
         <name>ipc_rpmsg.obj</name>
      </input_file>
      <input_file id="fl-4d">
         <path>C:\ti\mmwave_mcuplus_sdk_04_07_01_04\mcu_plus_sdk_awr294x_10_01_00_04\source\drivers\lib\</path>
         <kind>archive</kind>
         <file>drivers.awr294x.r5f.ti-arm-clang.debug.lib</file>
         <name>ipc_rpmsg_vring.obj</name>
      </input_file>
      <input_file id="fl-4e">
         <path>C:\ti\mmwave_mcuplus_sdk_04_07_01_04\mcu_plus_sdk_awr294x_10_01_00_04\source\drivers\lib\</path>
         <kind>archive</kind>
         <file>drivers.awr294x.r5f.ti-arm-clang.debug.lib</file>
         <name>mailbox.obj</name>
      </input_file>
      <input_file id="fl-4f">
         <path>C:\ti\mmwave_mcuplus_sdk_04_07_01_04\mcu_plus_sdk_awr294x_10_01_00_04\source\drivers\lib\</path>
         <kind>archive</kind>
         <file>drivers.awr294x.r5f.ti-arm-clang.debug.lib</file>
         <name>mailbox_cfg.obj</name>
      </input_file>
      <input_file id="fl-50">
         <path>C:\ti\mmwave_mcuplus_sdk_04_07_01_04\mcu_plus_sdk_awr294x_10_01_00_04\source\drivers\lib\</path>
         <kind>archive</kind>
         <file>drivers.awr294x.r5f.ti-arm-clang.debug.lib</file>
         <name>pinmux.obj</name>
      </input_file>
      <input_file id="fl-51">
         <path>C:\ti\mmwave_mcuplus_sdk_04_07_01_04\mcu_plus_sdk_awr294x_10_01_00_04\source\drivers\lib\</path>
         <kind>archive</kind>
         <file>drivers.awr294x.r5f.ti-arm-clang.debug.lib</file>
         <name>soc.obj</name>
      </input_file>
      <input_file id="fl-52">
         <path>C:\ti\mmwave_mcuplus_sdk_04_07_01_04\mcu_plus_sdk_awr294x_10_01_00_04\source\drivers\lib\</path>
         <kind>archive</kind>
         <file>drivers.awr294x.r5f.ti-arm-clang.debug.lib</file>
         <name>soc_rcm.obj</name>
      </input_file>
      <input_file id="fl-53">
         <path>C:\ti\mmwave_mcuplus_sdk_04_07_01_04\mcu_plus_sdk_awr294x_10_01_00_04\source\drivers\lib\</path>
         <kind>archive</kind>
         <file>drivers.awr294x.r5f.ti-arm-clang.debug.lib</file>
         <name>uart_sci.obj</name>
      </input_file>
      <input_file id="fl-54">
         <path>C:\ti\mmwave_mcuplus_sdk_04_07_01_04\mcu_plus_sdk_awr294x_10_01_00_04\source\drivers\lib\</path>
         <kind>archive</kind>
         <file>drivers.awr294x.r5f.ti-arm-clang.debug.lib</file>
         <name>uart_sci_edma.obj</name>
      </input_file>
      <input_file id="fl-6b">
         <path>C:\ti\ccs2030\ccs\tools\compiler\ti-cgt-armllvm_4.0.3.LTS\lib\armv7r-ti-none-eabihf\c\</path>
         <kind>archive</kind>
         <file>libc.a</file>
         <name>fprintf.c.obj</name>
      </input_file>
      <input_file id="fl-6c">
         <path>C:\ti\ccs2030\ccs\tools\compiler\ti-cgt-armllvm_4.0.3.LTS\lib\armv7r-ti-none-eabihf\c\</path>
         <kind>archive</kind>
         <file>libc.a</file>
         <name>_printfi.c.obj</name>
      </input_file>
      <input_file id="fl-6d">
         <path>C:\ti\ccs2030\ccs\tools\compiler\ti-cgt-armllvm_4.0.3.LTS\lib\armv7r-ti-none-eabihf\c\</path>
         <kind>archive</kind>
         <file>libc.a</file>
         <name>sprintf.c.obj</name>
      </input_file>
      <input_file id="fl-6e">
         <path>C:\ti\ccs2030\ccs\tools\compiler\ti-cgt-armllvm_4.0.3.LTS\lib\armv7r-ti-none-eabihf\c\</path>
         <kind>archive</kind>
         <file>libc.a</file>
         <name>vsnprintf.c.obj</name>
      </input_file>
      <input_file id="fl-6f">
         <path>C:\ti\ccs2030\ccs\tools\compiler\ti-cgt-armllvm_4.0.3.LTS\lib\armv7r-ti-none-eabihf\c\</path>
         <kind>archive</kind>
         <file>libc.a</file>
         <name>fclose.c.obj</name>
      </input_file>
      <input_file id="fl-70">
         <path>C:\ti\ccs2030\ccs\tools\compiler\ti-cgt-armllvm_4.0.3.LTS\lib\armv7r-ti-none-eabihf\c\</path>
         <kind>archive</kind>
         <file>libc.a</file>
         <name>fflush.c.obj</name>
      </input_file>
      <input_file id="fl-71">
         <path>C:\ti\ccs2030\ccs\tools\compiler\ti-cgt-armllvm_4.0.3.LTS\lib\armv7r-ti-none-eabihf\c\</path>
         <kind>archive</kind>
         <file>libc.a</file>
         <name>fopen.c.obj</name>
      </input_file>
      <input_file id="fl-72">
         <path>C:\ti\ccs2030\ccs\tools\compiler\ti-cgt-armllvm_4.0.3.LTS\lib\armv7r-ti-none-eabihf\c\</path>
         <kind>archive</kind>
         <file>libc.a</file>
         <name>fputc.c.obj</name>
      </input_file>
      <input_file id="fl-73">
         <path>C:\ti\ccs2030\ccs\tools\compiler\ti-cgt-armllvm_4.0.3.LTS\lib\armv7r-ti-none-eabihf\c\</path>
         <kind>archive</kind>
         <file>libc.a</file>
         <name>fputs.c.obj</name>
      </input_file>
      <input_file id="fl-74">
         <path>C:\ti\ccs2030\ccs\tools\compiler\ti-cgt-armllvm_4.0.3.LTS\lib\armv7r-ti-none-eabihf\c\</path>
         <kind>archive</kind>
         <file>libc.a</file>
         <name>_io_perm.c.obj</name>
      </input_file>
      <input_file id="fl-75">
         <path>C:\ti\ccs2030\ccs\tools\compiler\ti-cgt-armllvm_4.0.3.LTS\lib\armv7r-ti-none-eabihf\c\</path>
         <kind>archive</kind>
         <file>libc.a</file>
         <name>setvbuf.c.obj</name>
      </input_file>
      <input_file id="fl-76">
         <path>C:\ti\ccs2030\ccs\tools\compiler\ti-cgt-armllvm_4.0.3.LTS\lib\armv7r-ti-none-eabihf\c\</path>
         <kind>archive</kind>
         <file>libc.a</file>
         <name>s_frexp.c.obj</name>
      </input_file>
      <input_file id="fl-77">
         <path>C:\ti\ccs2030\ccs\tools\compiler\ti-cgt-armllvm_4.0.3.LTS\lib\armv7r-ti-none-eabihf\c\</path>
         <kind>archive</kind>
         <file>libc.a</file>
         <name>s_scalbn.c.obj</name>
      </input_file>
      <input_file id="fl-78">
         <path>C:\ti\ccs2030\ccs\tools\compiler\ti-cgt-armllvm_4.0.3.LTS\lib\armv7r-ti-none-eabihf\c\</path>
         <kind>archive</kind>
         <file>libc.a</file>
         <name>wcslen.c.obj</name>
      </input_file>
      <input_file id="fl-79">
         <path>C:\ti\ccs2030\ccs\tools\compiler\ti-cgt-armllvm_4.0.3.LTS\lib\armv7r-ti-none-eabihf\c\</path>
         <kind>archive</kind>
         <file>libc.a</file>
         <name>strcmp32.S.obj</name>
      </input_file>
      <input_file id="fl-7a">
         <path>C:\ti\ccs2030\ccs\tools\compiler\ti-cgt-armllvm_4.0.3.LTS\lib\armv7r-ti-none-eabihf\c\</path>
         <kind>archive</kind>
         <file>libc.a</file>
         <name>aeabi_portable.c.obj</name>
      </input_file>
      <input_file id="fl-7b">
         <path>C:\ti\ccs2030\ccs\tools\compiler\ti-cgt-armllvm_4.0.3.LTS\lib\armv7r-ti-none-eabihf\c\</path>
         <kind>archive</kind>
         <file>libc.a</file>
         <name>exit.c.obj</name>
      </input_file>
      <input_file id="fl-7c">
         <path>C:\ti\ccs2030\ccs\tools\compiler\ti-cgt-armllvm_4.0.3.LTS\lib\armv7r-ti-none-eabihf\c\</path>
         <kind>archive</kind>
         <file>libc.a</file>
         <name>_lock.c.obj</name>
      </input_file>
      <input_file id="fl-7d">
         <path>C:\ti\ccs2030\ccs\tools\compiler\ti-cgt-armllvm_4.0.3.LTS\lib\armv7r-ti-none-eabihf\c\</path>
         <kind>archive</kind>
         <file>libc.a</file>
         <name>_ltoa.c.obj</name>
      </input_file>
      <input_file id="fl-7e">
         <path>C:\ti\ccs2030\ccs\tools\compiler\ti-cgt-armllvm_4.0.3.LTS\lib\armv7r-ti-none-eabihf\c\</path>
         <kind>archive</kind>
         <file>libc.a</file>
         <name>assert.c.obj</name>
      </input_file>
      <input_file id="fl-7f">
         <path>C:\ti\ccs2030\ccs\tools\compiler\ti-cgt-armllvm_4.0.3.LTS\lib\armv7r-ti-none-eabihf\c\</path>
         <kind>archive</kind>
         <file>libc.a</file>
         <name>atof.c.obj</name>
      </input_file>
      <input_file id="fl-80">
         <path>C:\ti\ccs2030\ccs\tools\compiler\ti-cgt-armllvm_4.0.3.LTS\lib\armv7r-ti-none-eabihf\c\</path>
         <kind>archive</kind>
         <file>libc.a</file>
         <name>atoi.c.obj</name>
      </input_file>
      <input_file id="fl-81">
         <path>C:\ti\ccs2030\ccs\tools\compiler\ti-cgt-armllvm_4.0.3.LTS\lib\armv7r-ti-none-eabihf\c\</path>
         <kind>archive</kind>
         <file>libc.a</file>
         <name>defs.c.obj</name>
      </input_file>
      <input_file id="fl-82">
         <path>C:\ti\ccs2030\ccs\tools\compiler\ti-cgt-armllvm_4.0.3.LTS\lib\armv7r-ti-none-eabihf\c\</path>
         <kind>archive</kind>
         <file>libc.a</file>
         <name>memccpy.c.obj</name>
      </input_file>
      <input_file id="fl-83">
         <path>C:\ti\ccs2030\ccs\tools\compiler\ti-cgt-armllvm_4.0.3.LTS\lib\armv7r-ti-none-eabihf\c\</path>
         <kind>archive</kind>
         <file>libc.a</file>
         <name>memory.c.obj</name>
      </input_file>
      <input_file id="fl-84">
         <path>C:\ti\ccs2030\ccs\tools\compiler\ti-cgt-armllvm_4.0.3.LTS\lib\armv7r-ti-none-eabihf\c\</path>
         <kind>archive</kind>
         <file>libc.a</file>
         <name>strcpy.c.obj</name>
      </input_file>
      <input_file id="fl-85">
         <path>C:\ti\ccs2030\ccs\tools\compiler\ti-cgt-armllvm_4.0.3.LTS\lib\armv7r-ti-none-eabihf\c\</path>
         <kind>archive</kind>
         <file>libc.a</file>
         <name>strlen.c.obj</name>
      </input_file>
      <input_file id="fl-86">
         <path>C:\ti\ccs2030\ccs\tools\compiler\ti-cgt-armllvm_4.0.3.LTS\lib\armv7r-ti-none-eabihf\c\</path>
         <kind>archive</kind>
         <file>libc.a</file>
         <name>strncpy.c.obj</name>
      </input_file>
      <input_file id="fl-87">
         <path>C:\ti\ccs2030\ccs\tools\compiler\ti-cgt-armllvm_4.0.3.LTS\lib\armv7r-ti-none-eabihf\c\</path>
         <kind>archive</kind>
         <file>libc.a</file>
         <name>strtod.c.obj</name>
      </input_file>
      <input_file id="fl-88">
         <path>C:\ti\ccs2030\ccs\tools\compiler\ti-cgt-armllvm_4.0.3.LTS\lib\armv7r-ti-none-eabihf\c\</path>
         <kind>archive</kind>
         <file>libc.a</file>
         <name>strtok.c.obj</name>
      </input_file>
      <input_file id="fl-89">
         <path>C:\ti\ccs2030\ccs\tools\compiler\ti-cgt-armllvm_4.0.3.LTS\lib\armv7r-ti-none-eabihf\c\</path>
         <kind>archive</kind>
         <file>libc.a</file>
         <name>autoinit.c.obj</name>
      </input_file>
      <input_file id="fl-8a">
         <path>C:\ti\ccs2030\ccs\tools\compiler\ti-cgt-armllvm_4.0.3.LTS\lib\armv7r-ti-none-eabihf\c\</path>
         <kind>archive</kind>
         <file>libc.a</file>
         <name>cpy_tbl.c.obj</name>
      </input_file>
      <input_file id="fl-8b">
         <path>C:\ti\ccs2030\ccs\tools\compiler\ti-cgt-armllvm_4.0.3.LTS\lib\armv7r-ti-none-eabihf\c\</path>
         <kind>archive</kind>
         <file>libc.a</file>
         <name>fseek.c.obj</name>
      </input_file>
      <input_file id="fl-8c">
         <path>C:\ti\ccs2030\ccs\tools\compiler\ti-cgt-armllvm_4.0.3.LTS\lib\armv7r-ti-none-eabihf\c\</path>
         <kind>archive</kind>
         <file>libc.a</file>
         <name>aeabi_ctype.S.obj</name>
      </input_file>
      <input_file id="fl-8d">
         <path>C:\ti\ccs2030\ccs\tools\compiler\ti-cgt-armllvm_4.0.3.LTS\lib\armv7r-ti-none-eabihf\c\</path>
         <kind>archive</kind>
         <file>libc.a</file>
         <name>strcspn.c.obj</name>
      </input_file>
      <input_file id="fl-8e">
         <path>C:\ti\ccs2030\ccs\tools\compiler\ti-cgt-armllvm_4.0.3.LTS\lib\armv7r-ti-none-eabihf\c\</path>
         <kind>archive</kind>
         <file>libc.a</file>
         <name>strspn.c.obj</name>
      </input_file>
      <input_file id="fl-a5">
         <path>C:\ti\ccs2030\ccs\tools\compiler\ti-cgt-armllvm_4.0.3.LTS\lib\armv7r-ti-none-eabihf\c\</path>
         <kind>archive</kind>
         <file>libsysbm.a</file>
         <name>hostexit.c.obj</name>
      </input_file>
      <input_file id="fl-a6">
         <path>C:\ti\ccs2030\ccs\tools\compiler\ti-cgt-armllvm_4.0.3.LTS\lib\armv7r-ti-none-eabihf\c\</path>
         <kind>archive</kind>
         <file>libsysbm.a</file>
         <name>write.c.obj</name>
      </input_file>
      <input_file id="fl-a7">
         <path>C:\ti\ccs2030\ccs\tools\compiler\ti-cgt-armllvm_4.0.3.LTS\lib\armv7r-ti-none-eabihf\c\</path>
         <kind>archive</kind>
         <file>libsysbm.a</file>
         <name>host_device.c.obj</name>
      </input_file>
      <input_file id="fl-a8">
         <path>C:\ti\ccs2030\ccs\tools\compiler\ti-cgt-armllvm_4.0.3.LTS\lib\armv7r-ti-none-eabihf\c\</path>
         <kind>archive</kind>
         <file>libsysbm.a</file>
         <name>remove.c.obj</name>
      </input_file>
      <input_file id="fl-a9">
         <path>C:\ti\ccs2030\ccs\tools\compiler\ti-cgt-armllvm_4.0.3.LTS\lib\armv7r-ti-none-eabihf\c\</path>
         <kind>archive</kind>
         <file>libsysbm.a</file>
         <name>open.c.obj</name>
      </input_file>
      <input_file id="fl-aa">
         <path>C:\ti\ccs2030\ccs\tools\compiler\ti-cgt-armllvm_4.0.3.LTS\lib\armv7r-ti-none-eabihf\c\</path>
         <kind>archive</kind>
         <file>libsysbm.a</file>
         <name>lseek.c.obj</name>
      </input_file>
      <input_file id="fl-ab">
         <path>C:\ti\ccs2030\ccs\tools\compiler\ti-cgt-armllvm_4.0.3.LTS\lib\armv7r-ti-none-eabihf\c\</path>
         <kind>archive</kind>
         <file>libsysbm.a</file>
         <name>close.c.obj</name>
      </input_file>
      <input_file id="fl-ac">
         <path>C:\ti\ccs2030\ccs\tools\compiler\ti-cgt-armllvm_4.0.3.LTS\lib\armv7r-ti-none-eabihf\c\</path>
         <kind>archive</kind>
         <file>libsysbm.a</file>
         <name>unlink.c.obj</name>
      </input_file>
      <input_file id="fl-ad">
         <path>C:\ti\ccs2030\ccs\tools\compiler\ti-cgt-armllvm_4.0.3.LTS\lib\armv7r-ti-none-eabihf\c\</path>
         <kind>archive</kind>
         <file>libsysbm.a</file>
         <name>hostclose.c.obj</name>
      </input_file>
      <input_file id="fl-ae">
         <path>C:\ti\ccs2030\ccs\tools\compiler\ti-cgt-armllvm_4.0.3.LTS\lib\armv7r-ti-none-eabihf\c\</path>
         <kind>archive</kind>
         <file>libsysbm.a</file>
         <name>hostlseek.c.obj</name>
      </input_file>
      <input_file id="fl-af">
         <path>C:\ti\ccs2030\ccs\tools\compiler\ti-cgt-armllvm_4.0.3.LTS\lib\armv7r-ti-none-eabihf\c\</path>
         <kind>archive</kind>
         <file>libsysbm.a</file>
         <name>hostopen.c.obj</name>
      </input_file>
      <input_file id="fl-b0">
         <path>C:\ti\ccs2030\ccs\tools\compiler\ti-cgt-armllvm_4.0.3.LTS\lib\armv7r-ti-none-eabihf\c\</path>
         <kind>archive</kind>
         <file>libsysbm.a</file>
         <name>hostread.c.obj</name>
      </input_file>
      <input_file id="fl-b1">
         <path>C:\ti\ccs2030\ccs\tools\compiler\ti-cgt-armllvm_4.0.3.LTS\lib\armv7r-ti-none-eabihf\c\</path>
         <kind>archive</kind>
         <file>libsysbm.a</file>
         <name>hostrename.c.obj</name>
      </input_file>
      <input_file id="fl-b2">
         <path>C:\ti\ccs2030\ccs\tools\compiler\ti-cgt-armllvm_4.0.3.LTS\lib\armv7r-ti-none-eabihf\c\</path>
         <kind>archive</kind>
         <file>libsysbm.a</file>
         <name>hostunlink.c.obj</name>
      </input_file>
      <input_file id="fl-b3">
         <path>C:\ti\ccs2030\ccs\tools\compiler\ti-cgt-armllvm_4.0.3.LTS\lib\armv7r-ti-none-eabihf\c\</path>
         <kind>archive</kind>
         <file>libsysbm.a</file>
         <name>hostwrite.c.obj</name>
      </input_file>
      <input_file id="fl-b4">
         <path>C:\ti\ccs2030\ccs\tools\compiler\ti-cgt-armllvm_4.0.3.LTS\lib\armv7r-ti-none-eabihf\c\</path>
         <kind>archive</kind>
         <file>libsysbm.a</file>
         <name>trgmsg.c.obj</name>
      </input_file>
      <input_file id="fl-13e">
         <path>C:\ti\ccs2030\ccs\tools\compiler\ti-cgt-armllvm_4.0.3.LTS\lib\armv7r-ti-none-eabihf\c\</path>
         <kind>archive</kind>
         <file>libc.a</file>
         <name>getdevice.c.obj</name>
      </input_file>
      <input_file id="fl-13f">
         <path>C:\ti\ccs2030\ccs\tools\compiler\ti-cgt-armllvm_4.0.3.LTS\lib\armv7r-ti-none-eabihf\</path>
         <kind>archive</kind>
         <file>libclang_rt.builtins.a</file>
         <name>divsi3.S.obj</name>
      </input_file>
      <input_file id="fl-140">
         <path>C:\ti\ccs2030\ccs\tools\compiler\ti-cgt-armllvm_4.0.3.LTS\lib\armv7r-ti-none-eabihf\</path>
         <kind>archive</kind>
         <file>libclang_rt.builtins.a</file>
         <name>udivsi3.S.obj</name>
      </input_file>
      <input_file id="fl-141">
         <path>C:\ti\ccs2030\ccs\tools\compiler\ti-cgt-armllvm_4.0.3.LTS\lib\armv7r-ti-none-eabihf\</path>
         <kind>archive</kind>
         <file>libclang_rt.builtins.a</file>
         <name>aeabi_div0.c.obj</name>
      </input_file>
      <input_file id="fl-142">
         <path>C:\ti\ccs2030\ccs\tools\compiler\ti-cgt-armllvm_4.0.3.LTS\lib\armv7r-ti-none-eabihf\</path>
         <kind>archive</kind>
         <file>libclang_rt.builtins.a</file>
         <name>aeabi_memcpy.S.obj</name>
      </input_file>
      <input_file id="fl-143">
         <path>C:\ti\ccs2030\ccs\tools\compiler\ti-cgt-armllvm_4.0.3.LTS\lib\armv7r-ti-none-eabihf\</path>
         <kind>archive</kind>
         <file>libclang_rt.builtins.a</file>
         <name>aeabi_memset.S.obj</name>
      </input_file>
      <input_file id="fl-144">
         <path>C:\ti\ccs2030\ccs\tools\compiler\ti-cgt-armllvm_4.0.3.LTS\lib\armv7r-ti-none-eabihf\</path>
         <kind>archive</kind>
         <file>libclang_rt.builtins.a</file>
         <name>aeabi_uldivmod.S.obj</name>
      </input_file>
      <input_file id="fl-145">
         <path>C:\ti\ccs2030\ccs\tools\compiler\ti-cgt-armllvm_4.0.3.LTS\lib\armv7r-ti-none-eabihf\</path>
         <kind>archive</kind>
         <file>libclang_rt.builtins.a</file>
         <name>udivmoddi4.S.obj</name>
      </input_file>
      <input_file id="fl-146">
         <path>C:\ti\ccs2030\ccs\tools\compiler\ti-cgt-armllvm_4.0.3.LTS\lib\armv7r-ti-none-eabihf\c\</path>
         <kind>archive</kind>
         <file>libc.a</file>
         <name>memcpy32.S.obj</name>
      </input_file>
      <input_file id="fl-147">
         <path>C:\ti\ccs2030\ccs\tools\compiler\ti-cgt-armllvm_4.0.3.LTS\lib\armv7r-ti-none-eabihf\c\</path>
         <kind>archive</kind>
         <file>libc.a</file>
         <name>memset32.S.obj</name>
      </input_file>
      <input_file id="fl-148">
         <path>C:\ti\mmwave_mcuplus_sdk_04_07_01_04\mcu_plus_sdk_awr294x_10_01_00_04\source\kernel\freertos\lib\</path>
         <kind>archive</kind>
         <file>freertos.awr294x.r5f.ti-arm-clang.debug.lib</file>
         <name>AddrTranslateP_null.obj</name>
      </input_file>
      <input_file id="fl-149">
         <path>C:\ti\mmwave_mcuplus_sdk_04_07_01_04\mcu_plus_sdk_awr294x_10_01_00_04\source\kernel\freertos\lib\</path>
         <kind>archive</kind>
         <file>freertos.awr294x.r5f.ti-arm-clang.debug.lib</file>
         <name>CpuId_armv7r.obj</name>
      </input_file>
      <input_file id="fl-14a">
         <path>C:\ti\mmwave_mcuplus_sdk_04_07_01_04\mcu_plus_sdk_awr294x_10_01_00_04\source\kernel\freertos\lib\</path>
         <kind>archive</kind>
         <file>freertos.awr294x.r5f.ti-arm-clang.debug.lib</file>
         <name>CpuId_armv7r_asm.obj</name>
      </input_file>
   </input_file_list>
   <object_component_list>
      <object_component id="oc-2d">
         <name>.vectors</name>
         <load_address>0x0</load_address>
         <readonly>true</readonly>
         <executable>true</executable>
         <run_address>0x0</run_address>
         <size>0x40</size>
         <alignment>0x4</alignment>
         <input_file_ref idref="fl-3f"/>
      </object_component>
      <object_component id="oc-5e">
         <name>.text.hwi</name>
         <load_address>0x10295400</load_address>
         <readonly>true</readonly>
         <executable>true</executable>
         <run_address>0x10295400</run_address>
         <size>0x5ee</size>
         <alignment>0x10</alignment>
         <input_file_ref idref="fl-33"/>
      </object_component>
      <object_component id="oc-85">
         <name>.text.hwi</name>
         <load_address>0x102959f0</load_address>
         <readonly>true</readonly>
         <executable>true</executable>
         <run_address>0x102959f0</run_address>
         <size>0x5c6</size>
         <alignment>0x10</alignment>
         <input_file_ref idref="fl-2b"/>
      </object_component>
      <object_component id="oc-5a">
         <name>.text.hwi</name>
         <load_address>0x10295fb8</load_address>
         <readonly>true</readonly>
         <executable>true</executable>
         <run_address>0x10295fb8</run_address>
         <size>0x1ec</size>
         <alignment>0x4</alignment>
         <input_file_ref idref="fl-41"/>
      </object_component>
      <object_component id="oc-56">
         <name>.text.hwi</name>
         <load_address>0x102961a4</load_address>
         <readonly>true</readonly>
         <executable>true</executable>
         <run_address>0x102961a4</run_address>
         <size>0x100</size>
         <alignment>0x4</alignment>
         <input_file_ref idref="fl-40"/>
      </object_component>
      <object_component id="oc-8b">
         <name>.text.hwi</name>
         <load_address>0x102962a4</load_address>
         <readonly>true</readonly>
         <executable>true</executable>
         <run_address>0x102962a4</run_address>
         <size>0x70</size>
         <alignment>0x4</alignment>
         <input_file_ref idref="fl-3b"/>
      </object_component>
      <object_component id="oc-f0">
         <name>.text.cache</name>
         <load_address>0x10296320</load_address>
         <readonly>true</readonly>
         <executable>true</executable>
         <run_address>0x10296320</run_address>
         <size>0x340</size>
         <alignment>0x4</alignment>
         <input_file_ref idref="fl-3d"/>
      </object_component>
      <object_component id="oc-97">
         <name>.text.cache</name>
         <load_address>0x10296660</load_address>
         <readonly>true</readonly>
         <executable>true</executable>
         <run_address>0x10296660</run_address>
         <size>0x158</size>
         <alignment>0x10</alignment>
         <input_file_ref idref="fl-2d"/>
      </object_component>
      <object_component id="oc-93">
         <name>.text.mpu</name>
         <load_address>0x102967c0</load_address>
         <readonly>true</readonly>
         <executable>true</executable>
         <run_address>0x102967c0</run_address>
         <size>0x246</size>
         <alignment>0x10</alignment>
         <input_file_ref idref="fl-2c"/>
      </object_component>
      <object_component id="oc-ec">
         <name>.text.mpu</name>
         <load_address>0x10296a08</load_address>
         <readonly>true</readonly>
         <executable>true</executable>
         <run_address>0x10296a08</run_address>
         <size>0x78</size>
         <alignment>0x4</alignment>
         <input_file_ref idref="fl-3c"/>
      </object_component>
      <object_component id="oc-52">
         <name>.text.boot</name>
         <load_address>0x10296a80</load_address>
         <readonly>true</readonly>
         <executable>true</executable>
         <run_address>0x10296a80</run_address>
         <size>0xfc</size>
         <alignment>0x4</alignment>
         <input_file_ref idref="fl-46"/>
      </object_component>
      <object_component id="oc-ca">
         <name>.text.boot</name>
         <load_address>0x10296b80</load_address>
         <readonly>true</readonly>
         <executable>true</executable>
         <run_address>0x10296b80</run_address>
         <size>0x2a</size>
         <alignment>0x10</alignment>
         <input_file_ref idref="fl-2a"/>
      </object_component>
      <object_component id="oc-6d">
         <name>.text.boot</name>
         <load_address>0x10296bb0</load_address>
         <readonly>true</readonly>
         <executable>true</executable>
         <run_address>0x10296bb0</run_address>
         <size>0x24</size>
         <alignment>0x10</alignment>
         <input_file_ref idref="fl-47"/>
      </object_component>
      <object_component id="oc-68">
         <name>.text.boot</name>
         <load_address>0x10296be0</load_address>
         <readonly>true</readonly>
         <executable>true</executable>
         <run_address>0x10296be0</run_address>
         <size>0xc</size>
         <alignment>0x10</alignment>
         <input_file_ref idref="fl-4"/>
      </object_component>
      <object_component id="oc-cd">
         <name>.text:abort</name>
         <load_address>0x10296bf0</load_address>
         <readonly>true</readonly>
         <executable>true</executable>
         <run_address>0x10296bf0</run_address>
         <size>0x8</size>
         <alignment>0x4</alignment>
         <input_file_ref idref="fl-7b"/>
      </object_component>
      <object_component id="oc-50f">
         <name>.text:__TI_printfi</name>
         <load_address>0x10260000</load_address>
         <readonly>true</readonly>
         <executable>true</executable>
         <run_address>0x10260000</run_address>
         <size>0xfc0</size>
         <alignment>0x4</alignment>
         <input_file_ref idref="fl-6c"/>
      </object_component>
      <object_component id="oc-2ef">
         <name>.text._vsnprintf</name>
         <load_address>0x10260fc0</load_address>
         <readonly>true</readonly>
         <executable>true</executable>
         <run_address>0x10260fc0</run_address>
         <size>0xa34</size>
         <alignment>0x10</alignment>
         <input_file_ref idref="fl-44"/>
      </object_component>
      <object_component id="oc-594">
         <name>.text.__aeabi_errno_addr</name>
         <load_address>0x102619f4</load_address>
         <readonly>true</readonly>
         <executable>true</executable>
         <run_address>0x102619f4</run_address>
         <size>0xc</size>
         <alignment>0x4</alignment>
         <input_file_ref idref="fl-7a"/>
      </object_component>
      <object_component id="oc-290">
         <name>.text.SOC_rcmGetClkSrcAndDivValue</name>
         <load_address>0x10261a00</load_address>
         <readonly>true</readonly>
         <executable>true</executable>
         <run_address>0x10261a00</run_address>
         <size>0x740</size>
         <alignment>0x10</alignment>
         <input_file_ref idref="fl-52"/>
      </object_component>
      <object_component id="oc-49b">
         <name>.text.CLI_MMWaveAdvChirpCfg</name>
         <load_address>0x10262140</load_address>
         <readonly>true</readonly>
         <executable>true</executable>
         <run_address>0x10262140</run_address>
         <size>0x664</size>
         <alignment>0x10</alignment>
         <input_file_ref idref="fl-2"/>
      </object_component>
      <object_component id="oc-9d">
         <name>.text.__aeabi_memclr</name>
         <load_address>0x102627a4</load_address>
         <readonly>true</readonly>
         <executable>true</executable>
         <run_address>0x102627a4</run_address>
         <size>0xc</size>
         <alignment>0x4</alignment>
         <input_file_ref idref="fl-143"/>
      </object_component>
      <object_component id="oc-3ac">
         <name>.text._ftoa</name>
         <load_address>0x102627b0</load_address>
         <readonly>true</readonly>
         <executable>true</executable>
         <run_address>0x102627b0</run_address>
         <size>0x51e</size>
         <alignment>0x10</alignment>
         <input_file_ref idref="fl-44"/>
      </object_component>
      <object_component id="oc-119">
         <name>.text.IpcNotify_init</name>
         <load_address>0x10262cd0</load_address>
         <readonly>true</readonly>
         <executable>true</executable>
         <run_address>0x10262cd0</run_address>
         <size>0x518</size>
         <alignment>0x10</alignment>
         <input_file_ref idref="fl-4a"/>
      </object_component>
      <object_component id="oc-5c9">
         <name>.text.strtod</name>
         <load_address>0x102631e8</load_address>
         <readonly>true</readonly>
         <executable>true</executable>
         <run_address>0x102631e8</run_address>
         <size>0x4d4</size>
         <alignment>0x8</alignment>
         <input_file_ref idref="fl-87"/>
      </object_component>
      <object_component id="oc-601">
         <name>.text.__aeabi_idiv0</name>
         <load_address>0x102636bc</load_address>
         <readonly>true</readonly>
         <executable>true</executable>
         <run_address>0x102636bc</run_address>
         <size>0x4</size>
         <alignment>0x4</alignment>
         <input_file_ref idref="fl-141"/>
      </object_component>
      <object_component id="oc-3ad">
         <name>.text._etoa</name>
         <load_address>0x102636c0</load_address>
         <readonly>true</readonly>
         <executable>true</executable>
         <run_address>0x102636c0</run_address>
         <size>0x478</size>
         <alignment>0x10</alignment>
         <input_file_ref idref="fl-44"/>
      </object_component>
      <object_component id="oc-163">
         <name>.text.HOSTexit</name>
         <load_address>0x10263b38</load_address>
         <readonly>true</readonly>
         <executable>true</executable>
         <run_address>0x10263b38</run_address>
         <size>0x8</size>
         <alignment>0x4</alignment>
         <input_file_ref idref="fl-a5"/>
      </object_component>
      <object_component id="oc-49e">
         <name>.text.CLI_MMWaveLUTDataCfg</name>
         <load_address>0x10263b40</load_address>
         <readonly>true</readonly>
         <executable>true</executable>
         <run_address>0x10263b40</run_address>
         <size>0x3dc</size>
         <alignment>0x10</alignment>
         <input_file_ref idref="fl-2"/>
      </object_component>
      <object_component id="oc-2e0">
         <name>.text.__aeabi_ldiv0</name>
         <load_address>0x10263f1c</load_address>
         <readonly>true</readonly>
         <executable>true</executable>
         <run_address>0x10263f1c</run_address>
         <size>0x4</size>
         <alignment>0x4</alignment>
         <input_file_ref idref="fl-141"/>
      </object_component>
      <object_component id="oc-380">
         <name>.text:strcmp</name>
         <load_address>0x10263f20</load_address>
         <readonly>true</readonly>
         <executable>true</executable>
         <run_address>0x10263f20</run_address>
         <size>0x390</size>
         <alignment>0x20</alignment>
         <input_file_ref idref="fl-79"/>
      </object_component>
      <object_component id="oc-3c6">
         <name>.text.SOC_rcmGetClkSrcAndDivReg</name>
         <load_address>0x102642b0</load_address>
         <readonly>true</readonly>
         <executable>true</executable>
         <run_address>0x102642b0</run_address>
         <size>0x370</size>
         <alignment>0x10</alignment>
         <input_file_ref idref="fl-52"/>
      </object_component>
      <object_component id="oc-321">
         <name>.text.IpcNotify_isr</name>
         <load_address>0x10264620</load_address>
         <readonly>true</readonly>
         <executable>true</executable>
         <run_address>0x10264620</run_address>
         <size>0x33c</size>
         <alignment>0x10</alignment>
         <input_file_ref idref="fl-4a"/>
      </object_component>
      <object_component id="oc-179">
         <name>.text.__aeabi_memcpy</name>
         <load_address>0x1026495c</load_address>
         <readonly>true</readonly>
         <executable>true</executable>
         <run_address>0x1026495c</run_address>
         <size>0x4</size>
         <alignment>0x4</alignment>
         <input_file_ref idref="fl-142"/>
      </object_component>
      <object_component id="oc-1e3">
         <name>.text.EDMA_initialize</name>
         <load_address>0x10264960</load_address>
         <readonly>true</readonly>
         <executable>true</executable>
         <run_address>0x10264960</run_address>
         <size>0x336</size>
         <alignment>0x10</alignment>
         <input_file_ref idref="fl-49"/>
      </object_component>
      <object_component id="oc-53b">
         <name>.text.atof</name>
         <load_address>0x10264c98</load_address>
         <readonly>true</readonly>
         <executable>true</executable>
         <run_address>0x10264c98</run_address>
         <size>0x8</size>
         <alignment>0x4</alignment>
         <input_file_ref idref="fl-7f"/>
      </object_component>
      <object_component id="oc-628">
         <name>.text.rlDriverCmdInvoke</name>
         <load_address>0x10264ca0</load_address>
         <readonly>true</readonly>
         <executable>true</executable>
         <run_address>0x10264ca0</run_address>
         <size>0x2e8</size>
         <alignment>0x10</alignment>
         <input_file_ref idref="fl-18"/>
      </object_component>
      <object_component id="oc-23b">
         <name>.text._nop</name>
         <load_address>0x10264f88</load_address>
         <readonly>true</readonly>
         <executable>true</executable>
         <run_address>0x10264f88</run_address>
         <size>0x4</size>
         <alignment>0x4</alignment>
         <input_file_ref idref="fl-7c"/>
      </object_component>
      <object_component id="oc-5eb">
         <name>.text.fseek</name>
         <load_address>0x10264f8c</load_address>
         <readonly>true</readonly>
         <executable>true</executable>
         <run_address>0x10264f8c</run_address>
         <size>0x4</size>
         <alignment>0x4</alignment>
         <input_file_ref idref="fl-8b"/>
      </object_component>
      <object_component id="oc-6f6">
         <name>.text.rlDriverMsgRead</name>
         <load_address>0x10264f90</load_address>
         <readonly>true</readonly>
         <executable>true</executable>
         <run_address>0x10264f90</run_address>
         <size>0x2d2</size>
         <alignment>0x10</alignment>
         <input_file_ref idref="fl-18"/>
      </object_component>
      <object_component id="oc-642">
         <name>.text.malloc</name>
         <load_address>0x10265264</load_address>
         <readonly>true</readonly>
         <executable>true</executable>
         <run_address>0x10265264</run_address>
         <size>0xc</size>
         <alignment>0x4</alignment>
         <input_file_ref idref="fl-83"/>
      </object_component>
      <object_component id="oc-3ef">
         <name>.text.UART_edmaChannelConfig</name>
         <load_address>0x10265270</load_address>
         <readonly>true</readonly>
         <executable>true</executable>
         <run_address>0x10265270</run_address>
         <size>0x2ce</size>
         <alignment>0x10</alignment>
         <input_file_ref idref="fl-54"/>
      </object_component>
      <object_component id="oc-495">
         <name>.text.CLI_MMWaveProfileCfg</name>
         <load_address>0x10265540</load_address>
         <readonly>true</readonly>
         <executable>true</executable>
         <run_address>0x10265540</run_address>
         <size>0x2cc</size>
         <alignment>0x10</alignment>
         <input_file_ref idref="fl-2"/>
      </object_component>
      <object_component id="oc-6b0">
         <name>.text.remove</name>
         <load_address>0x1026580c</load_address>
         <readonly>true</readonly>
         <executable>true</executable>
         <run_address>0x1026580c</run_address>
         <size>0x4</size>
         <alignment>0x4</alignment>
         <input_file_ref idref="fl-a8"/>
      </object_component>
      <object_component id="oc-367">
         <name>.text.UART_open</name>
         <load_address>0x10265810</load_address>
         <readonly>true</readonly>
         <executable>true</executable>
         <run_address>0x10265810</run_address>
         <size>0x29e</size>
         <alignment>0x10</alignment>
         <input_file_ref idref="fl-53"/>
      </object_component>
      <object_component id="oc-362">
         <name>.text.EDMA_open</name>
         <load_address>0x10265ab0</load_address>
         <readonly>true</readonly>
         <executable>true</executable>
         <run_address>0x10265ab0</run_address>
         <size>0x282</size>
         <alignment>0x10</alignment>
         <input_file_ref idref="fl-49"/>
      </object_component>
      <object_component id="oc-59a">
         <name>.text._pconv_a</name>
         <load_address>0x10265d38</load_address>
         <readonly>true</readonly>
         <executable>true</executable>
         <run_address>0x10265d38</run_address>
         <size>0x280</size>
         <alignment>0x8</alignment>
         <input_file_ref idref="fl-6c"/>
      </object_component>
      <object_component id="oc-4f0">
         <name>.text.Alloc_resource</name>
         <load_address>0x10265fc0</load_address>
         <readonly>true</readonly>
         <executable>true</executable>
         <run_address>0x10265fc0</run_address>
         <size>0x250</size>
         <alignment>0x10</alignment>
         <input_file_ref idref="fl-49"/>
      </object_component>
      <object_component id="oc-6fc">
         <name>.text.rlDriverRdVerifyMsg</name>
         <load_address>0x10266210</load_address>
         <readonly>true</readonly>
         <executable>true</executable>
         <run_address>0x10266210</run_address>
         <size>0x24a</size>
         <alignment>0x10</alignment>
         <input_file_ref idref="fl-18"/>
      </object_component>
      <object_component id="oc-3ee">
         <name>.text.UART_controllerIsr</name>
         <load_address>0x10266460</load_address>
         <readonly>true</readonly>
         <executable>true</executable>
         <run_address>0x10266460</run_address>
         <size>0x23e</size>
         <alignment>0x10</alignment>
         <input_file_ref idref="fl-53"/>
      </object_component>
      <object_component id="oc-422">
         <name>.text._ntoa_format</name>
         <load_address>0x102666a0</load_address>
         <readonly>true</readonly>
         <executable>true</executable>
         <run_address>0x102666a0</run_address>
         <size>0x23e</size>
         <alignment>0x10</alignment>
         <input_file_ref idref="fl-44"/>
      </object_component>
      <object_component id="oc-2ed">
         <name>.text.xQueueSemaphoreTake</name>
         <load_address>0x102668e0</load_address>
         <readonly>true</readonly>
         <executable>true</executable>
         <run_address>0x102668e0</run_address>
         <size>0x23c</size>
         <alignment>0x10</alignment>
         <input_file_ref idref="fl-37"/>
      </object_component>
      <object_component id="oc-59b">
         <name>.text._pconv_g</name>
         <load_address>0x10266b20</load_address>
         <readonly>true</readonly>
         <executable>true</executable>
         <run_address>0x10266b20</run_address>
         <size>0x238</size>
         <alignment>0x8</alignment>
         <input_file_ref idref="fl-6c"/>
      </object_component>
      <object_component id="oc-281">
         <name>.text.xQueueGenericSend</name>
         <load_address>0x10266d60</load_address>
         <readonly>true</readonly>
         <executable>true</executable>
         <run_address>0x10266d60</run_address>
         <size>0x226</size>
         <alignment>0x10</alignment>
         <input_file_ref idref="fl-37"/>
      </object_component>
      <object_component id="oc-186">
         <name>.text.SOC_controlModuleUnlockMMR</name>
         <load_address>0x10266f90</load_address>
         <readonly>true</readonly>
         <executable>true</executable>
         <run_address>0x10266f90</run_address>
         <size>0x20c</size>
         <alignment>0x10</alignment>
         <input_file_ref idref="fl-51"/>
      </object_component>
      <object_component id="oc-498">
         <name>.text.CLI_MMWaveChirpCfg</name>
         <load_address>0x102671a0</load_address>
         <readonly>true</readonly>
         <executable>true</executable>
         <run_address>0x102671a0</run_address>
         <size>0x1e4</size>
         <alignment>0x10</alignment>
         <input_file_ref idref="fl-2"/>
      </object_component>
      <object_component id="oc-61b">
         <name>.text</name>
         <load_address>0x10267384</load_address>
         <readonly>true</readonly>
         <executable>true</executable>
         <run_address>0x10267384</run_address>
         <size>0xc</size>
         <alignment>0x4</alignment>
         <input_file_ref idref="fl-14a"/>
      </object_component>
      <object_component id="oc-6d5">
         <name>.text.rlDriverMsgWrite</name>
         <load_address>0x10267390</load_address>
         <readonly>true</readonly>
         <executable>true</executable>
         <run_address>0x10267390</run_address>
         <size>0x1e0</size>
         <alignment>0x10</alignment>
         <input_file_ref idref="fl-18"/>
      </object_component>
      <object_component id="oc-3ba">
         <name>.text.xQueueReceive</name>
         <load_address>0x10267570</load_address>
         <readonly>true</readonly>
         <executable>true</executable>
         <run_address>0x10267570</run_address>
         <size>0x1de</size>
         <alignment>0x10</alignment>
         <input_file_ref idref="fl-37"/>
      </object_component>
      <object_component id="oc-256">
         <name>.text.TimerP_setup</name>
         <load_address>0x10267750</load_address>
         <readonly>true</readonly>
         <executable>true</executable>
         <run_address>0x10267750</run_address>
         <size>0x1d6</size>
         <alignment>0x10</alignment>
         <input_file_ref idref="fl-42"/>
      </object_component>
      <object_component id="oc-487">
         <name>.text.CLI_MMWaveVersion</name>
         <load_address>0x10267930</load_address>
         <readonly>true</readonly>
         <executable>true</executable>
         <run_address>0x10267930</run_address>
         <size>0x1d4</size>
         <alignment>0x10</alignment>
         <input_file_ref idref="fl-2"/>
      </object_component>
      <object_component id="oc-58a">
         <name>.text.__udivsi3</name>
         <load_address>0x10267b04</load_address>
         <readonly>true</readonly>
         <executable>true</executable>
         <run_address>0x10267b04</run_address>
         <size>0x1d0</size>
         <alignment>0x4</alignment>
         <input_file_ref idref="fl-140"/>
      </object_component>
      <object_component id="oc-516">
         <name>.text.SOC_virtToPhy</name>
         <load_address>0x10267ce0</load_address>
         <readonly>true</readonly>
         <executable>true</executable>
         <run_address>0x10267ce0</run_address>
         <size>0x1c8</size>
         <alignment>0x10</alignment>
         <input_file_ref idref="fl-51"/>
      </object_component>
      <object_component id="oc-304">
         <name>.text.prvProcessReceivedCommands</name>
         <load_address>0x10267eb0</load_address>
         <readonly>true</readonly>
         <executable>true</executable>
         <run_address>0x10267eb0</run_address>
         <size>0x1c2</size>
         <alignment>0x10</alignment>
         <input_file_ref idref="fl-36"/>
      </object_component>
      <object_component id="oc-187">
         <name>.text.SOC_controlModuleLockMMR</name>
         <load_address>0x10268080</load_address>
         <readonly>true</readonly>
         <executable>true</executable>
         <run_address>0x10268080</run_address>
         <size>0x1bc</size>
         <alignment>0x10</alignment>
         <input_file_ref idref="fl-51"/>
      </object_component>
      <object_component id="oc-6f1">
         <name>.text.rlDriverMsgCmdReply</name>
         <load_address>0x10268240</load_address>
         <readonly>true</readonly>
         <executable>true</executable>
         <run_address>0x10268240</run_address>
         <size>0x1b6</size>
         <alignment>0x10</alignment>
         <input_file_ref idref="fl-18"/>
      </object_component>
      <object_component id="oc-63d">
         <name>.text.pvHeapMalloc</name>
         <load_address>0x10268400</load_address>
         <readonly>true</readonly>
         <executable>true</executable>
         <run_address>0x10268400</run_address>
         <size>0x1b4</size>
         <alignment>0x10</alignment>
         <input_file_ref idref="fl-43"/>
      </object_component>
      <object_component id="oc-2c2">
         <name>.text.CLI_task</name>
         <load_address>0x102685c0</load_address>
         <readonly>true</readonly>
         <executable>true</executable>
         <run_address>0x102685c0</run_address>
         <size>0x1ae</size>
         <alignment>0x10</alignment>
         <input_file_ref idref="fl-1"/>
      </object_component>
      <object_component id="oc-3e1">
         <name>.text.EDMA_transferCompletionMasterIsrFxn</name>
         <load_address>0x10268770</load_address>
         <readonly>true</readonly>
         <executable>true</executable>
         <run_address>0x10268770</run_address>
         <size>0x1ac</size>
         <alignment>0x10</alignment>
         <input_file_ref idref="fl-49"/>
      </object_component>
      <object_component id="oc-3f5">
         <name>.text.UART_close</name>
         <load_address>0x10268920</load_address>
         <readonly>true</readonly>
         <executable>true</executable>
         <run_address>0x10268920</run_address>
         <size>0x1aa</size>
         <alignment>0x10</alignment>
         <input_file_ref idref="fl-53"/>
      </object_component>
      <object_component id="oc-38e">
         <name>.text.free</name>
         <load_address>0x10268acc</load_address>
         <readonly>true</readonly>
         <executable>true</executable>
         <run_address>0x10268acc</run_address>
         <size>0x1a8</size>
         <alignment>0x4</alignment>
         <input_file_ref idref="fl-83"/>
      </object_component>
      <object_component id="oc-38d">
         <name>.text.xTaskIncrementTick</name>
         <load_address>0x10268c80</load_address>
         <readonly>true</readonly>
         <executable>true</executable>
         <run_address>0x10268c80</run_address>
         <size>0x1a6</size>
         <alignment>0x10</alignment>
         <input_file_ref idref="fl-35"/>
      </object_component>
      <object_component id="oc-676">
         <name>.text.aligned_alloc</name>
         <load_address>0x10268e28</load_address>
         <readonly>true</readonly>
         <executable>true</executable>
         <run_address>0x10268e28</run_address>
         <size>0x1a4</size>
         <alignment>0x4</alignment>
         <input_file_ref idref="fl-83"/>
      </object_component>
      <object_component id="oc-6f9">
         <name>.text.rlDriverRxHdrRead</name>
         <load_address>0x10268fd0</load_address>
         <readonly>true</readonly>
         <executable>true</executable>
         <run_address>0x10268fd0</run_address>
         <size>0x1a2</size>
         <alignment>0x10</alignment>
         <input_file_ref idref="fl-18"/>
      </object_component>
      <object_component id="oc-3ed">
         <name>.text.UART_configInstance</name>
         <load_address>0x10269180</load_address>
         <readonly>true</readonly>
         <executable>true</executable>
         <run_address>0x10269180</run_address>
         <size>0x198</size>
         <alignment>0x10</alignment>
         <input_file_ref idref="fl-53"/>
      </object_component>
      <object_component id="oc-6ff">
         <name>.text.rlDriverReceiveSync</name>
         <load_address>0x10269320</load_address>
         <readonly>true</readonly>
         <executable>true</executable>
         <run_address>0x10269320</run_address>
         <size>0x198</size>
         <alignment>0x10</alignment>
         <input_file_ref idref="fl-18"/>
      </object_component>
      <object_component id="oc-12a">
         <name>.text.RPMessage_init</name>
         <load_address>0x102694c0</load_address>
         <readonly>true</readonly>
         <executable>true</executable>
         <run_address>0x102694c0</run_address>
         <size>0x194</size>
         <alignment>0x10</alignment>
         <input_file_ref idref="fl-4c"/>
      </object_component>
      <object_component id="oc-437">
         <name>.text.SOC_rcmGetHSDIVClkOutMuxClkSrc</name>
         <load_address>0x10269660</load_address>
         <readonly>true</readonly>
         <executable>true</executable>
         <run_address>0x10269660</run_address>
         <size>0x194</size>
         <alignment>0x10</alignment>
         <input_file_ref idref="fl-52"/>
      </object_component>
      <object_component id="oc-188">
         <name>.text.ClockP_init</name>
         <load_address>0x10269800</load_address>
         <readonly>true</readonly>
         <executable>true</executable>
         <run_address>0x10269800</run_address>
         <size>0x18e</size>
         <alignment>0x10</alignment>
         <input_file_ref idref="fl-30"/>
      </object_component>
      <object_component id="oc-1f5">
         <name>.text.CLI_open</name>
         <load_address>0x10269990</load_address>
         <readonly>true</readonly>
         <executable>true</executable>
         <run_address>0x10269990</run_address>
         <size>0x18c</size>
         <alignment>0x10</alignment>
         <input_file_ref idref="fl-1"/>
      </object_component>
      <object_component id="oc-6a3">
         <name>.text.rlDriverCmdWriter</name>
         <load_address>0x10269b20</load_address>
         <readonly>true</readonly>
         <executable>true</executable>
         <run_address>0x10269b20</run_address>
         <size>0x18a</size>
         <alignment>0x10</alignment>
         <input_file_ref idref="fl-18"/>
      </object_component>
      <object_component id="oc-7e">
         <name>.text.vTaskSwitchContext</name>
         <load_address>0x10269cb0</load_address>
         <readonly>true</readonly>
         <executable>true</executable>
         <run_address>0x10269cb0</run_address>
         <size>0x18a</size>
         <alignment>0x10</alignment>
         <input_file_ref idref="fl-35"/>
      </object_component>
      <object_component id="oc-436">
         <name>.text.xQueueGenericSendFromISR</name>
         <load_address>0x10269e40</load_address>
         <readonly>true</readonly>
         <executable>true</executable>
         <run_address>0x10269e40</run_address>
         <size>0x188</size>
         <alignment>0x10</alignment>
         <input_file_ref idref="fl-37"/>
      </object_component>
      <object_component id="oc-4a7">
         <name>.text.CLI_MMWaveSubFrameCfg</name>
         <load_address>0x10269fd0</load_address>
         <readonly>true</readonly>
         <executable>true</executable>
         <run_address>0x10269fd0</run_address>
         <size>0x184</size>
         <alignment>0x10</alignment>
         <input_file_ref idref="fl-2"/>
      </object_component>
      <object_component id="oc-340">
         <name>.text.RPMessage_vringResetInternal</name>
         <load_address>0x1026a160</load_address>
         <readonly>true</readonly>
         <executable>true</executable>
         <run_address>0x1026a160</run_address>
         <size>0x182</size>
         <alignment>0x10</alignment>
         <input_file_ref idref="fl-4d"/>
      </object_component>
      <object_component id="oc-2cd">
         <name>.text.xTaskResumeAll</name>
         <load_address>0x1026a2f0</load_address>
         <readonly>true</readonly>
         <executable>true</executable>
         <run_address>0x1026a2f0</run_address>
         <size>0x17e</size>
         <alignment>0x10</alignment>
         <input_file_ref idref="fl-35"/>
      </object_component>
      <object_component id="oc-3e4">
         <name>.text.EDMA_errorIsrFxn</name>
         <load_address>0x1026a470</load_address>
         <readonly>true</readonly>
         <executable>true</executable>
         <run_address>0x1026a470</run_address>
         <size>0x178</size>
         <alignment>0x10</alignment>
         <input_file_ref idref="fl-49"/>
      </object_component>
      <object_component id="oc-28e">
         <name>.text.RPMessage_recvHandler</name>
         <load_address>0x1026a5f0</load_address>
         <readonly>true</readonly>
         <executable>true</executable>
         <run_address>0x1026a5f0</run_address>
         <size>0x174</size>
         <alignment>0x10</alignment>
         <input_file_ref idref="fl-4c"/>
      </object_component>
      <object_component id="oc-3fd">
         <name>.text.UART_write</name>
         <load_address>0x1026a770</load_address>
         <readonly>true</readonly>
         <executable>true</executable>
         <run_address>0x1026a770</run_address>
         <size>0x172</size>
         <alignment>0x10</alignment>
         <input_file_ref idref="fl-53"/>
      </object_component>
      <object_component id="oc-531">
         <name>.text.MMWave_flushCfg</name>
         <load_address>0x1026a8f0</load_address>
         <readonly>true</readonly>
         <executable>true</executable>
         <run_address>0x1026a8f0</run_address>
         <size>0x162</size>
         <alignment>0x10</alignment>
         <input_file_ref idref="fl-11"/>
      </object_component>
      <object_component id="oc-2f3">
         <name>.text.xQueueGiveFromISR</name>
         <load_address>0x1026aa60</load_address>
         <readonly>true</readonly>
         <executable>true</executable>
         <run_address>0x1026aa60</run_address>
         <size>0x15e</size>
         <alignment>0x10</alignment>
         <input_file_ref idref="fl-37"/>
      </object_component>
      <object_component id="oc-4a1">
         <name>.text.CLI_MMWaveFrameCfg</name>
         <load_address>0x1026abc0</load_address>
         <readonly>true</readonly>
         <executable>true</executable>
         <run_address>0x1026abc0</run_address>
         <size>0x15c</size>
         <alignment>0x10</alignment>
         <input_file_ref idref="fl-2"/>
      </object_component>
      <object_component id="oc-3e0">
         <name>.text.IpcNotify_sendMsg</name>
         <load_address>0x1026ad20</load_address>
         <readonly>true</readonly>
         <executable>true</executable>
         <run_address>0x1026ad20</run_address>
         <size>0x156</size>
         <alignment>0x10</alignment>
         <input_file_ref idref="fl-4a"/>
      </object_component>
      <object_component id="oc-403">
         <name>.text.UART_read</name>
         <load_address>0x1026ae80</load_address>
         <readonly>true</readonly>
         <executable>true</executable>
         <run_address>0x1026ae80</run_address>
         <size>0x156</size>
         <alignment>0x10</alignment>
         <input_file_ref idref="fl-53"/>
      </object_component>
      <object_component id="oc-3d2">
         <name>.text.IpcNotify_trigInterrupt_ack</name>
         <load_address>0x1026afe0</load_address>
         <readonly>true</readonly>
         <executable>true</executable>
         <run_address>0x1026afe0</run_address>
         <size>0x154</size>
         <alignment>0x10</alignment>
         <input_file_ref idref="fl-4b"/>
      </object_component>
      <object_component id="oc-3a5">
         <name>.text.vTaskPriorityDisinheritAfterTimeout</name>
         <load_address>0x1026b140</load_address>
         <readonly>true</readonly>
         <executable>true</executable>
         <run_address>0x1026b140</run_address>
         <size>0x152</size>
         <alignment>0x10</alignment>
         <input_file_ref idref="fl-35"/>
      </object_component>
      <object_component id="oc-60e">
         <name>.text.scalbn</name>
         <load_address>0x1026b298</load_address>
         <readonly>true</readonly>
         <executable>true</executable>
         <run_address>0x1026b298</run_address>
         <size>0x150</size>
         <alignment>0x8</alignment>
         <input_file_ref idref="fl-77"/>
      </object_component>
      <object_component id="oc-13f">
         <name>.text.prvInitialiseNewTask</name>
         <load_address>0x1026b3f0</load_address>
         <readonly>true</readonly>
         <executable>true</executable>
         <run_address>0x1026b3f0</run_address>
         <size>0x14a</size>
         <alignment>0x10</alignment>
         <input_file_ref idref="fl-35"/>
      </object_component>
      <object_component id="oc-27a">
         <name>.text.xQueueGenericCreateStatic</name>
         <load_address>0x1026b540</load_address>
         <readonly>true</readonly>
         <executable>true</executable>
         <run_address>0x1026b540</run_address>
         <size>0x14a</size>
         <alignment>0x10</alignment>
         <input_file_ref idref="fl-37"/>
      </object_component>
      <object_component id="oc-61a">
         <name>.text.fcvt</name>
         <load_address>0x1026b690</load_address>
         <readonly>true</readonly>
         <executable>true</executable>
         <run_address>0x1026b690</run_address>
         <size>0x148</size>
         <alignment>0x8</alignment>
         <input_file_ref idref="fl-6c"/>
      </object_component>
      <object_component id="oc-43d">
         <name>.text.SOC_rcmGetDpllHSDivOutFreq</name>
         <load_address>0x1026b7e0</load_address>
         <readonly>true</readonly>
         <executable>true</executable>
         <run_address>0x1026b7e0</run_address>
         <size>0x146</size>
         <alignment>0x10</alignment>
         <input_file_ref idref="fl-52"/>
      </object_component>
      <object_component id="oc-5f0">
         <name>.text.setvbuf</name>
         <load_address>0x1026b928</load_address>
         <readonly>true</readonly>
         <executable>true</executable>
         <run_address>0x1026b928</run_address>
         <size>0x144</size>
         <alignment>0x4</alignment>
         <input_file_ref idref="fl-75"/>
      </object_component>
      <object_component id="oc-59d">
         <name>.text._pconv_e</name>
         <load_address>0x1026ba70</load_address>
         <readonly>true</readonly>
         <executable>true</executable>
         <run_address>0x1026ba70</run_address>
         <size>0x140</size>
         <alignment>0x8</alignment>
         <input_file_ref idref="fl-6c"/>
      </object_component>
      <object_component id="oc-6d6">
         <name>.text.rlDriverWaitForResponse</name>
         <load_address>0x1026bbb0</load_address>
         <readonly>true</readonly>
         <executable>true</executable>
         <run_address>0x1026bbb0</run_address>
         <size>0x140</size>
         <alignment>0x10</alignment>
         <input_file_ref idref="fl-18"/>
      </object_component>
      <object_component id="oc-4e8">
         <name>.text.IpcNotify_trigInterrupt</name>
         <load_address>0x1026bcf0</load_address>
         <readonly>true</readonly>
         <executable>true</executable>
         <run_address>0x1026bcf0</run_address>
         <size>0x13c</size>
         <alignment>0x10</alignment>
         <input_file_ref idref="fl-4b"/>
      </object_component>
      <object_component id="oc-4bd">
         <name>.text.UART_readDma</name>
[...]
         <value>0x10275271</value>
         <object_component_ref idref="oc-1c5"/>
      </symbol>
      <symbol id="sm-973">
         <name>gMailboxRemoteCoreObj_r5ss0_0_to_rss_r4</name>
         <value>0x10294ebc</value>
         <object_component_ref idref="oc-273"/>
      </symbol>
      <symbol id="sm-974">
         <name>gMailboxRemoteCoreObj_c66ss0_to_rss_r4</name>
         <value>0x10294dfc</value>
         <object_component_ref idref="oc-274"/>
      </symbol>
      <symbol id="sm-980">
         <name>Pinmux_config</name>
         <value>0x10274561</value>
         <object_component_ref idref="oc-1a0"/>
      </symbol>
      <symbol id="sm-996">
         <name>SOC_moduleClockEnable</name>
         <value>0x102772b1</value>
         <object_component_ref idref="oc-263"/>
      </symbol>
      <symbol id="sm-997">
         <name>SOC_moduleSetClockFrequency</name>
         <value>0x10276d11</value>
         <object_component_ref idref="oc-265"/>
      </symbol>
      <symbol id="sm-998">
         <name>SOC_getSelfCpuClk</name>
         <value>0x10277051</value>
         <object_component_ref idref="oc-102"/>
      </symbol>
      <symbol id="sm-999">
         <name>SOC_controlModuleLockMMR</name>
         <value>0x10268081</value>
         <object_component_ref idref="oc-187"/>
      </symbol>
      <symbol id="sm-99a">
         <name>SOC_controlModuleUnlockMMR</name>
         <value>0x10266f91</value>
         <object_component_ref idref="oc-186"/>
      </symbol>
      <symbol id="sm-99b">
         <name>SOC_virtToPhy</name>
         <value>0x10267ce1</value>
         <object_component_ref idref="oc-516"/>
      </symbol>
      <symbol id="sm-99c">
         <name>isMapAvailable</name>
         <value>0x102953dd</value>
         <object_component_ref idref="oc-59f"/>
      </symbol>
      <symbol id="sm-99d">
         <name>virtToPhymap</name>
         <value>0x1028652c</value>
      </symbol>
      <symbol id="sm-a7d">
         <name>SOC_rcmIsR5FInLockStepMode</name>
         <value>0x10275ad1</value>
         <object_component_ref idref="oc-5a6"/>
      </symbol>
      <symbol id="sm-a7e">
         <name>SOC_rcmGetR5Clock</name>
         <value>0x10276551</value>
         <object_component_ref idref="oc-18d"/>
      </symbol>
      <symbol id="sm-a7f">
         <name>SOC_rcmSetPeripheralClock</name>
         <value>0x10270841</value>
         <object_component_ref idref="oc-320"/>
      </symbol>
      <symbol id="sm-a80">
         <name>SOC_rcmGetPeripheralClock</name>
         <value>0x10275361</value>
         <object_component_ref idref="oc-1d8"/>
      </symbol>
      <symbol id="sm-a81">
         <name>SOC_rcmIsPadDisableRequired</name>
         <value>0x10275a91</value>
         <object_component_ref idref="oc-1a5"/>
      </symbol>
      <symbol id="sm-b03">
         <name>UART_init</name>
         <value>0x102708f1</value>
         <object_component_ref idref="oc-1d9"/>
      </symbol>
      <symbol id="sm-b04">
         <name>UART_open</name>
         <value>0x10265811</value>
         <object_component_ref idref="oc-367"/>
      </symbol>
      <symbol id="sm-b05">
         <name>UART_close</name>
         <value>0x10268921</value>
         <object_component_ref idref="oc-3f5"/>
      </symbol>
      <symbol id="sm-b06">
         <name>UART_flushTxFifo</name>
         <value>0x1026ecf1</value>
         <object_component_ref idref="oc-479"/>
      </symbol>
      <symbol id="sm-b07">
         <name>UART_getHandle</name>
         <value>0x10274d81</value>
         <object_component_ref idref="oc-4cb"/>
      </symbol>
      <symbol id="sm-b08">
         <name>UART_write</name>
         <value>0x1026a771</value>
         <object_component_ref idref="oc-3fd"/>
      </symbol>
      <symbol id="sm-b09">
         <name>UART_read</name>
         <value>0x1026ae81</value>
         <object_component_ref idref="oc-403"/>
      </symbol>
      <symbol id="sm-b32">
         <name>UART_edmaChannelConfig</name>
         <value>0x10265271</value>
         <object_component_ref idref="oc-3ef"/>
      </symbol>
      <symbol id="sm-b33">
         <name>UART_readDma</name>
         <value>0x1026be31</value>
         <object_component_ref idref="oc-4bd"/>
      </symbol>
      <symbol id="sm-b34">
         <name>UART_writeDma</name>
         <value>0x1026bf71</value>
         <object_component_ref idref="oc-484"/>
      </symbol>
      <symbol id="sm-b74">
         <name>__TI_printfi</name>
         <value>0x10260000</value>
         <object_component_ref idref="oc-50f"/>
      </symbol>
      <symbol id="sm-b86">
         <name>vsnprintf</name>
         <value>0x10273d64</value>
         <object_component_ref idref="oc-3f7"/>
      </symbol>
      <symbol id="sm-b91">
         <name>__TI_closefile</name>
         <value>0x102709a0</value>
         <object_component_ref idref="oc-677"/>
      </symbol>
      <symbol id="sm-b9b">
         <name>__TI_doflush</name>
         <value>0x102720bc</value>
         <object_component_ref idref="oc-56e"/>
      </symbol>
      <symbol id="sm-ba6">
         <name>__TI_cleanup</name>
         <value>0x10273f4c</value>
         <object_component_ref idref="oc-643"/>
      </symbol>
      <symbol id="sm-bb4">
         <name>fputc</name>
         <value>0x1026de40</value>
         <object_component_ref idref="oc-4c6"/>
      </symbol>
      <symbol id="sm-bb5">
         <name>putchar</name>
         <value>0x10277360</value>
         <object_component_ref idref="oc-41b"/>
      </symbol>
      <symbol id="sm-bc0">
         <name>__TI_wrt_ok</name>
         <value>0x10271920</value>
         <object_component_ref idref="oc-564"/>
      </symbol>
      <symbol id="sm-bca">
         <name>setvbuf</name>
         <value>0x1026b928</value>
         <object_component_ref idref="oc-5f0"/>
      </symbol>
      <symbol id="sm-bd4">
         <name>frexp</name>
         <value>0x10272f50</value>
         <object_component_ref idref="oc-60a"/>
      </symbol>
      <symbol id="sm-bd5">
         <name>frexpl</name>
         <value>0x10272f50</value>
         <object_component_ref idref="oc-60a"/>
      </symbol>
      <symbol id="sm-bdf">
         <name>scalbn</name>
         <value>0x1026b298</value>
         <object_component_ref idref="oc-60e"/>
      </symbol>
      <symbol id="sm-be0">
         <name>ldexp</name>
         <value>0x1026b298</value>
         <object_component_ref idref="oc-60e"/>
      </symbol>
      <symbol id="sm-be1">
         <name>scalbnl</name>
         <value>0x1026b298</value>
         <object_component_ref idref="oc-60e"/>
      </symbol>
      <symbol id="sm-be2">
         <name>ldexpl</name>
         <value>0x1026b298</value>
         <object_component_ref idref="oc-60e"/>
      </symbol>
      <symbol id="sm-beb">
         <name>wcslen</name>
         <value>0x10276cf0</value>
         <object_component_ref idref="oc-590"/>
      </symbol>
      <symbol id="sm-bf6">
         <name>strcmp</name>
         <value>0x10263f20</value>
         <object_component_ref idref="oc-380"/>
      </symbol>
      <symbol id="sm-c01">
         <name>__aeabi_errno_addr</name>
         <value>0x102619f4</value>
         <object_component_ref idref="oc-594"/>
      </symbol>
      <symbol id="sm-c02">
         <name>__aeabi_errno</name>
         <value>0x10295358</value>
         <object_component_ref idref="oc-606"/>
      </symbol>
      <symbol id="sm-c10">
         <name>abort</name>
         <value>0x10296bf0</value>
         <object_component_ref idref="oc-cd"/>
      </symbol>
      <symbol id="sm-c11">
         <name>__TI_cleanup_ptr</name>
         <value>0x10295310</value>
         <object_component_ref idref="oc-16b"/>
      </symbol>
      <symbol id="sm-c12">
         <name>__TI_dtors_ptr</name>
         <value>0x10295314</value>
         <object_component_ref idref="oc-16b"/>
      </symbol>
      <symbol id="sm-c13">
         <name>exit</name>
         <value>0x102742e4</value>
         <object_component_ref idref="oc-d2"/>
      </symbol>
      <symbol id="sm-c1c">
         <name>_nop</name>
         <value>0x10264f88</value>
         <object_component_ref idref="oc-23b"/>
      </symbol>
      <symbol id="sm-c1d">
         <name>_lock</name>
         <value>0x1029535c</value>
         <object_component_ref idref="oc-169"/>
      </symbol>
      <symbol id="sm-c1e">
         <name>_unlock</name>
         <value>0x10295360</value>
         <object_component_ref idref="oc-16c"/>
      </symbol>
      <symbol id="sm-c27">
         <name>__TI_ltoa</name>
         <value>0x10272144</value>
         <object_component_ref idref="oc-612"/>
      </symbol>
      <symbol id="sm-c30">
         <name>atof</name>
         <value>0x10264c98</value>
         <object_component_ref idref="oc-53b"/>
      </symbol>
      <symbol id="sm-c3a">
         <name>atoi</name>
         <value>0x10273938</value>
         <object_component_ref idref="oc-2b2"/>
      </symbol>
      <symbol id="sm-c3f">
         <name>_ftable</name>
         <value>0x10294c28</value>
         <object_component_ref idref="oc-4c7"/>
      </symbol>
      <symbol id="sm-c40">
         <name>__TI_ft_end</name>
         <value>0x10295354</value>
         <object_component_ref idref="oc-67d"/>
      </symbol>
      <symbol id="sm-c41">
         <name>__TI_tmpnams</name>
         <value>0x10285ee0</value>
         <object_component_ref idref="oc-6b4"/>
      </symbol>
      <symbol id="sm-c4a">
         <name>memccpy</name>
         <value>0x10274dcc</value>
         <object_component_ref idref="oc-585"/>
      </symbol>
      <symbol id="sm-c6a">
         <name>malloc</name>
         <value>0x10265264</value>
         <object_component_ref idref="oc-642"/>
      </symbol>
      <symbol id="sm-c6b">
         <name>aligned_alloc</name>
         <value>0x10268e28</value>
         <object_component_ref idref="oc-676"/>
      </symbol>
      <symbol id="sm-c6c">
         <name>free</name>
         <value>0x10268acc</value>
         <object_component_ref idref="oc-38e"/>
      </symbol>
      <symbol id="sm-c6d">
         <name>_sys_memory</name>
         <value>0x10286580</value>
         <object_component_ref idref="oc-4c"/>
      </symbol>
      <symbol id="sm-c6e">
         <name>memalign</name>
         <value>0x10268e28</value>
         <object_component_ref idref="oc-676"/>
      </symbol>
      <symbol id="sm-c80">
         <name>strtod</name>
         <value>0x102631e8</value>
         <object_component_ref idref="oc-5c9"/>
      </symbol>
      <symbol id="sm-c81">
         <name>strtold</name>
         <value>0x102631e8</value>
         <object_component_ref idref="oc-5c9"/>
      </symbol>
      <symbol id="sm-c8d">
         <name>strtok</name>
         <value>0x102731c8</value>
         <object_component_ref idref="oc-37c"/>
      </symbol>
      <symbol id="sm-c98">
         <name>__TI_auto_init_nobinit_nopinit</name>
         <value>0x10274444</value>
         <object_component_ref idref="oc-a4"/>
      </symbol>
      <symbol id="sm-ca6">
         <name>fseek</name>
         <value>0x10264f8c</value>
         <object_component_ref idref="oc-5eb"/>
      </symbol>
      <symbol id="sm-ca7">
         <name>fseeko</name>
         <value>0x10270558</value>
         <object_component_ref idref="oc-63e"/>
      </symbol>
      <symbol id="sm-ca8">
         <name>__aeabi_ctype_table_</name>
         <value>0x10277820</value>
         <object_component_ref idref="oc-36b"/>
      </symbol>
      <symbol id="sm-ca9">
         <name>__aeabi_ctype_table_C</name>
         <value>0x10277820</value>
         <object_component_ref idref="oc-36b"/>
      </symbol>
      <symbol id="sm-cb2">
         <name>strcspn</name>
         <value>0x10275098</value>
         <object_component_ref idref="oc-408"/>
      </symbol>
      <symbol id="sm-cbc">
         <name>strspn</name>
         <value>0x10275714</value>
         <object_component_ref idref="oc-404"/>
      </symbol>
      <symbol id="sm-cc4">
         <name>HOSTexit</name>
         <value>0x10263b38</value>
         <object_component_ref idref="oc-163"/>
      </symbol>
      <symbol id="sm-cc5">
         <name>C$$EXIT</name>
         <value>0x10263b38</value>
         <object_component_ref idref="oc-163"/>
      </symbol>
      <symbol id="sm-ccf">
         <name>write</name>
         <value>0x102760a4</value>
         <object_component_ref idref="oc-56a"/>
      </symbol>
      <symbol id="sm-cd4">
         <name>_device</name>
         <value>0x10295128</value>
         <object_component_ref idref="oc-64c"/>
      </symbol>
      <symbol id="sm-cd5">
         <name>_stream</name>
         <value>0x10295210</value>
         <object_component_ref idref="oc-5f6"/>
      </symbol>
      <symbol id="sm-cdd">
         <name>remove</name>
         <value>0x1026580c</value>
         <object_component_ref idref="oc-6b0"/>
      </symbol>
      <symbol id="sm-ce8">
         <name>lseek</name>
         <value>0x10275ff8</value>
         <object_component_ref idref="oc-672"/>
      </symbol>
      <symbol id="sm-cf2">
         <name>close</name>
         <value>0x10271f9c</value>
         <object_component_ref idref="oc-6ac"/>
      </symbol>
      <symbol id="sm-cfc">
         <name>unlink</name>
         <value>0x102750e0</value>
         <object_component_ref idref="oc-6da"/>
      </symbol>
      <symbol id="sm-d06">
         <name>HOSTclose</name>
         <value>0x10273ca4</value>
         <object_component_ref idref="oc-684"/>
      </symbol>
      <symbol id="sm-d10">
         <name>HOSTlseek</name>
         <value>0x102719bc</value>
         <object_component_ref idref="oc-690"/>
      </symbol>
      <symbol id="sm-d1a">
         <name>HOSTopen</name>
         <value>0x10271af8</value>
         <object_component_ref idref="oc-680"/>
      </symbol>
      <symbol id="sm-d1b">
         <name>parmbuf</name>
         <value>0x1028653c</value>
         <object_component_ref idref="oc-6be"/>
      </symbol>
      <symbol id="sm-d25">
         <name>HOSTread</name>
         <value>0x102725b8</value>
         <object_component_ref idref="oc-688"/>
      </symbol>
      <symbol id="sm-d36">
         <name>HOSTrename</name>
         <value>0x10271694</value>
         <object_component_ref idref="oc-698"/>
      </symbol>
      <symbol id="sm-d40">
         <name>HOSTunlink</name>
         <value>0x102736a0</value>
         <object_component_ref idref="oc-694"/>
      </symbol>
      <symbol id="sm-d4a">
         <name>HOSTwrite</name>
         <value>0x1027263c</value>
         <object_component_ref idref="oc-68c"/>
      </symbol>
      <symbol id="sm-d58">
         <name>C$$IO$$</name>
         <value>0x10274048</value>
         <object_component_ref idref="oc-6b7"/>
      </symbol>
      <symbol id="sm-d59">
         <name>__TI_writemsg</name>
         <value>0x10273ffc</value>
         <object_component_ref idref="oc-6b7"/>
      </symbol>
      <symbol id="sm-d5a">
         <name>__CIOBUF_</name>
         <value>0x10285aec</value>
         <object_component_ref idref="oc-6e0"/>
      </symbol>
      <symbol id="sm-d5b">
         <name>__TI_readmsg</name>
         <value>0x10273fa4</value>
         <object_component_ref idref="oc-6bd"/>
      </symbol>
      <symbol id="sm-d5c">
         <name>_CIOBUF_</name>
         <value>0x10285aec</value>
         <object_component_ref idref="oc-6e0"/>
      </symbol>
      <symbol id="sm-d6a">
         <name>finddevice</name>
         <value>0x10274338</value>
         <object_component_ref idref="oc-6f3"/>
      </symbol>
      <symbol id="sm-d6b">
         <name>getdevice</name>
         <value>0x1026f82c</value>
         <object_component_ref idref="oc-6e8"/>
      </symbol>
      <symbol id="sm-d71">
         <name>__aeabi_idiv</name>
         <value>0x102765b0</value>
         <object_component_ref idref="oc-656"/>
      </symbol>
      <symbol id="sm-d72">
         <name>__divsi3</name>
         <value>0x102765b0</value>
         <object_component_ref idref="oc-656"/>
      </symbol>
      <symbol id="sm-d78">
         <name>__aeabi_uidiv</name>
         <value>0x10267b04</value>
         <object_component_ref idref="oc-58a"/>
      </symbol>
      <symbol id="sm-d79">
         <name>__udivsi3</name>
         <value>0x10267b04</value>
         <object_component_ref idref="oc-58a"/>
      </symbol>
      <symbol id="sm-d85">
         <name>__aeabi_idiv0</name>
         <value>0x102636bc</value>
         <object_component_ref idref="oc-601"/>
      </symbol>
      <symbol id="sm-d86">
         <name>__aeabi_ldiv0</name>
         <value>0x10263f1c</value>
         <object_component_ref idref="oc-2e0"/>
      </symbol>
      <symbol id="sm-d8c">
         <name>__aeabi_memcpy</name>
         <value>0x1026495c</value>
         <object_component_ref idref="oc-179"/>
      </symbol>
      <symbol id="sm-d8d">
         <name>__aeabi_memcpy4</name>
         <value>0x1026495c</value>
         <object_component_ref idref="oc-179"/>
      </symbol>
      <symbol id="sm-d8e">
         <name>__aeabi_memcpy8</name>
         <value>0x1026495c</value>
         <object_component_ref idref="oc-179"/>
      </symbol>
      <symbol id="sm-d97">
         <name>__aeabi_memset</name>
         <value>0x10277340</value>
         <object_component_ref idref="oc-20d"/>
      </symbol>
      <symbol id="sm-d98">
         <name>__aeabi_memset4</name>
         <value>0x10277340</value>
         <object_component_ref idref="oc-20d"/>
      </symbol>
      <symbol id="sm-d99">
         <name>__aeabi_memset8</name>
         <value>0x10277340</value>
         <object_component_ref idref="oc-20d"/>
      </symbol>
      <symbol id="sm-d9a">
         <name>__aeabi_memclr</name>
         <value>0x102627a4</value>
         <object_component_ref idref="oc-9d"/>
      </symbol>
      <symbol id="sm-d9b">
         <name>__aeabi_memclr4</name>
         <value>0x102627a4</value>
         <object_component_ref idref="oc-9d"/>
      </symbol>
      <symbol id="sm-d9c">
         <name>__aeabi_memclr8</name>
         <value>0x102627a4</value>
         <object_component_ref idref="oc-9d"/>
      </symbol>
      <symbol id="sm-da2">
         <name>__aeabi_uldivmod</name>
         <value>0x10276b64</value>
         <object_component_ref idref="oc-146"/>
      </symbol>
      <symbol id="sm-da8">
         <name>__udivmoddi4</name>
         <value>0x1026cd98</value>
         <object_component_ref idref="oc-217"/>
      </symbol>
      <symbol id="sm-db0">
         <name>TI_memcpy_small</name>
         <value>0x10276ebc</value>
         <object_component_ref idref="oc-305"/>
      </symbol>
      <symbol id="sm-db8">
         <name>TI_memset_small</name>
         <value>0x10276ff8</value>
         <object_component_ref idref="oc-173"/>
      </symbol>
      <symbol id="sm-dc1">
         <name>AddrTranslateP_getLocalAddr</name>
         <value>0x10277231</value>
         <object_component_ref idref="oc-297"/>
      </symbol>
      <symbol id="sm-dca">
         <name>CSL_armR5GetCpuID</name>
         <value>0x10276791</value>
         <object_component_ref idref="oc-5a1"/>
      </symbol>
      <symbol id="sm-dd0">
         <name>CSL_armR5ReadMpidrReg</name>
         <value>0x10267384</value>
         <object_component_ref idref="oc-61b"/>
      </symbol>
      <symbol id="sm-dd1">
         <name>_system_post_cinit</name>
         <value>0x0</value>
      </symbol>
      <symbol id="sm-dd2">
         <name>__TI_Handler_Table_Limit</name>
         <value>0x0</value>
      </symbol>
      <symbol id="sm-dd3">
         <name>__TI_Handler_Table_Base</name>
         <value>0x0</value>
      </symbol>
      <symbol id="sm-dd4">
         <name>__TI_CINIT_Base</name>
         <value>0x0</value>
      </symbol>
      <symbol id="sm-dd5">
         <name>__TI_CINIT_Limit</name>
         <value>0x0</value>
      </symbol>
   </symbol_table>
   <title>Link successful</title>
</link_info>
